V "4.8.4.10272 Dec 20 2018"
R
U 0
U 0
U 0
U 0
C 348
R
U 0
U 0
U 0
U 0
C 348
R
C 349
M "SimpleExample"
R
P 0000000000000000
C 7
= 0000021830F6B988
R
P 0000021830F6B988
U 2
C 335
R
P 0000021830F6B988
C 345
R
P 0000021830F6B988
C 8
R
C 3
= 0000021830F31E08
R
P 0000021830F31E08
S "model"
S "true"
C 5
R
P 0000021830F31E08
C 7
= 0000021830F39F78
R
P 0000021830F31E08
C 4
R
P 0000021830F39F78
U 2
C 335
R
P 0000021830F39F78
C 345
R
P 0000021830F39F78
C 549
= 00000218310056B8
R
P 0000021830F39F78
C 345
R
P 0000021830F39F78
P 00000218310056B8
C 550
R
P 0000021830F39F78
C 345
R
P 0000021830F39F78
C 33
= 0000021830FC6738
R
P 0000021830F39F78
C 345
R
P 0000021830F39F78
P 0000021830FC6738
C 259
R
P 0000021830F39F78
C 345
R
P 0000021830F39F78
P 0000021830FC6738
C 9
R
P 0000021830F39F78
C 345
R
P 0000021830F39F78
S "x"
C 30
R
P 0000021830F39F78
C 345
R
P 0000021830F39F78
$ |x|
C 204
R
P 0000021830F39F78
C 345
R
P 0000021830F39F78
$ |x|
P 0000021830FC6738
C 51
= 0000021830FC7058
R
P 0000021830F39F78
C 345
R
P 0000021830F39F78
P 0000021830FC7058
C 259
R
P 0000021830F39F78
C 345
R
P 0000021830F39F78
P 0000021830FC7058
C 256
= 0000021830FC6738
R
P 0000021830F39F78
C 345
R
P 0000021830F39F78
P 0000021830FC6738
C 211
R
P 0000021830F39F78
C 345
R
P 0000021830F39F78
P 0000021830FC7058
C 262
R
P 0000021830F39F78
C 345
R
P 0000021830F39F78
P 0000021830FC7058
C 261
R
P 0000021830F39F78
C 345
R
P 0000021830F39F78
P 0000021830FC7058
C 260
R
P 0000021830F39F78
C 345
R
P 0000021830F39F78
P 0000021830FC7058
C 9
R
P 0000021830F39F78
C 345
R
P 0000021830F39F78
S "y"
C 30
R
P 0000021830F39F78
C 345
R
P 0000021830F39F78
$ |y|
C 204
R
P 0000021830F39F78
C 345
R
P 0000021830F39F78
$ |y|
P 0000021830FC6738
C 51
= 0000021830FC7078
R
P 0000021830F39F78
C 345
R
P 0000021830F39F78
P 0000021830FC7078
C 259
R
P 0000021830F39F78
C 345
R
P 0000021830F39F78
P 0000021830FC7078
C 256
= 0000021830FC6738
R
P 0000021830F39F78
C 345
R
P 0000021830F39F78
P 0000021830FC6738
C 211
R
P 0000021830F39F78
C 345
R
P 0000021830F39F78
P 0000021830FC7078
C 262
R
P 0000021830F39F78
C 345
R
P 0000021830F39F78
P 0000021830FC7078
C 261
R
P 0000021830F39F78
C 345
R
P 0000021830F39F78
P 0000021830FC7078
C 260
R
P 0000021830F39F78
C 345
R
P 0000021830F39F78
P 0000021830FC7078
C 9
R
P 0000021830F39F78
C 345
R
P 0000021830F39F78
U 2
P 0000021830FC7058
P 0000021830FC7078
p 2
C 67
= 0000021830FC2B28
R
P 0000021830F39F78
C 345
R
P 0000021830F39F78
P 0000021830FC2B28
C 259
R
P 0000021830F39F78
C 345
R
P 0000021830F39F78
P 0000021830FC2B28
C 256
= 0000021830FC6738
R
P 0000021830F39F78
C 345
R
P 0000021830F39F78
P 0000021830FC6738
C 211
R
P 0000021830F39F78
C 345
R
P 0000021830F39F78
P 0000021830FC2B28
C 262
R
P 0000021830F39F78
C 345
R
P 0000021830F39F78
P 0000021830FC2B28
C 261
R
P 0000021830F39F78
C 345
R
P 0000021830F39F78
P 0000021830FC2B28
C 260
R
P 0000021830F39F78
C 345
R
P 0000021830F39F78
P 0000021830FC2B28
C 9
R
P 0000021830F39F78
C 345
R
P 0000021830F39F78
I 10
P 0000021830FC6738
C 152
= 0000021830FC7098
R
P 0000021830F39F78
C 345
R
P 0000021830F39F78
P 0000021830FC7098
C 260
R
P 0000021830F39F78
C 345
R
P 0000021830F39F78
P 0000021830FC7098
C 9
R
P 0000021830F39F78
C 345
R
P 0000021830F39F78
P 0000021830FC2B28
P 0000021830FC7098
C 58
= 0000021830FC2B60
R
P 0000021830F39F78
C 345
R
P 0000021830F39F78
P 0000021830FC2B60
C 260
R
P 0000021830F39F78
C 345
R
P 0000021830F39F78
P 0000021830FC2B60
C 9
R
P 0000021830F39F78
C 345
R
P 0000021830F39F78
I 0
P 0000021830FC6738
C 152
= 0000021830FC70B8
R
P 0000021830F39F78
C 345
R
P 0000021830F39F78
P 0000021830FC70B8
C 260
R
P 0000021830F39F78
C 345
R
P 0000021830F39F78
P 0000021830FC70B8
C 9
R
P 0000021830F39F78
C 345
R
P 0000021830F39F78
P 0000021830FC7058
P 0000021830FC70B8
C 78
= 0000021830FC2B98
R
P 0000021830F39F78
C 345
R
P 0000021830F39F78
P 0000021830FC2B98
C 260
R
P 0000021830F39F78
C 345
R
P 0000021830F39F78
P 0000021830FC2B98
C 9
R
P 0000021830F39F78
C 345
R
P 0000021830F39F78
I 0
P 0000021830FC6738
C 152
= 0000021830FC70B8
R
P 0000021830F39F78
C 345
R
P 0000021830F39F78
P 0000021830FC70B8
C 260
R
P 0000021830F39F78
C 345
R
P 0000021830F39F78
P 0000021830FC70B8
C 9
R
P 0000021830F39F78
C 345
R
P 0000021830F39F78
P 0000021830FC7078
P 0000021830FC70B8
C 78
= 0000021830FC2BD0
R
P 0000021830F39F78
C 345
R
P 0000021830F39F78
P 0000021830FC2BD0
C 260
R
P 0000021830F39F78
C 345
R
P 0000021830F39F78
P 0000021830FC2BD0
C 9
R
P 0000021830F39F78
C 345
R
P 0000021830F39F78
P 00000218310056B8
P 0000021830FC2B60
C 552
R
P 0000021830F39F78
C 345
R
P 0000021830F39F78
P 00000218310056B8
P 0000021830FC2B98
C 552
R
P 0000021830F39F78
C 345
R
P 0000021830F39F78
P 00000218310056B8
P 0000021830FC2BD0
C 552
R
P 0000021830F39F78
C 345
R
P 0000021830F39F78
P 00000218310056B8
P 0000021830FC7058
C 554
R
P 0000021830F39F78
C 345
R
P 0000021830F39F78
P 00000218310056B8
P 0000021830FC7078
C 554
R
P 0000021830F39F78
C 345
R
P 0000021830F39F78
P 00000218310056B8
U 0
p 0
C 558
R
P 0000021830F39F78
C 345
R
P 0000021830F39F78
P 00000218310056B8
U 0
C 564
= 0000021830FC7098
R
P 0000021830F39F78
C 345
R
P 0000021830F39F78
P 0000021830FC7098
C 259
R
P 0000021830F39F78
C 345
R
P 0000021830F39F78
P 0000021830FC7098
C 256
= 0000021830FC6738
R
P 0000021830F39F78
C 345
R
P 0000021830F39F78
P 0000021830FC6738
C 211
R
P 0000021830F39F78
C 345
R
P 0000021830F39F78
P 0000021830FC7098
C 262
R
P 0000021830F39F78
C 345
R
P 0000021830F39F78
P 0000021830FC7098
C 261
R
P 0000021830F39F78
C 345
R
P 0000021830F39F78
P 0000021830FC7098
C 260
R
P 0000021830F39F78
C 345
R
P 0000021830F39F78
P 0000021830FC7098
C 9
R
P 0000021830F39F78
C 345
R
P 0000021830F39F78
P 0000021830FC7098
C 265
R
P 0000021830F39F78
C 345
R
P 0000021830F39F78
P 00000218310056B8
U 1
C 564
= 0000021830FC70B8
R
P 0000021830F39F78
C 345
R
P 0000021830F39F78
P 0000021830FC70B8
C 259
R
P 0000021830F39F78
C 345
R
P 0000021830F39F78
P 0000021830FC70B8
C 256
= 0000021830FC6738
R
P 0000021830F39F78
C 345
R
P 0000021830F39F78
P 0000021830FC6738
C 211
R
P 0000021830F39F78
C 345
R
P 0000021830F39F78
P 0000021830FC70B8
C 262
R
P 0000021830F39F78
C 345
R
P 0000021830F39F78
P 0000021830FC70B8
C 261
R
P 0000021830F39F78
C 345
R
P 0000021830F39F78
P 0000021830FC70B8
C 260
R
P 0000021830F39F78
C 345
R
P 0000021830F39F78
P 0000021830FC70B8
C 9
R
P 0000021830F39F78
C 345
R
P 0000021830F39F78
P 0000021830FC70B8
C 265
R
P 0000021830F39F78
C 345
R
P 0000021830F39F78
S "f"
C 30
R
P 0000021830F39F78
C 345
R
P 0000021830F39F78
$ |f|
C 204
R
P 0000021830F39F78
C 345
R
P 0000021830F39F78
S "x"
C 30
R
P 0000021830F39F78
C 345
R
P 0000021830F39F78
$ |x|
C 204
R
P 0000021830F39F78
C 345
R
P 0000021830F39F78
S "y"
C 30
R
P 0000021830F39F78
C 345
R
P 0000021830F39F78
$ |y|
C 204
R
P 0000021830F39F78
C 345
R
P 0000021830F39F78
C 32
= 0000021830FC6678
R
P 0000021830F39F78
C 345
R
P 0000021830F39F78
P 0000021830FC6678
C 259
R
P 0000021830F39F78
C 345
R
P 0000021830F39F78
P 0000021830FC6678
C 9
R
P 0000021830F39F78
C 345
R
P 0000021830F39F78
$ |f|
U 2
P 0000021830FC6678
P 0000021830FC6678
p 2
P 0000021830FC6678
C 49
= 0000021830FBAF18
R
P 0000021830F39F78
C 345
R
P 0000021830F39F78
P 0000021830FBAF18
C 259
R
P 0000021830F39F78
C 345
R
P 0000021830F39F78
P 0000021830FBAF18
C 9
R
P 0000021830F39F78
C 345
R
P 0000021830F39F78
$ |x|
P 0000021830FC6678
C 51
= 0000021830FC7478
R
P 0000021830F39F78
C 345
R
P 0000021830F39F78
P 0000021830FC7478
C 259
R
P 0000021830F39F78
C 345
R
P 0000021830F39F78
P 0000021830FC7478
C 256
= 0000021830FC6678
R
P 0000021830F39F78
C 345
R
P 0000021830F39F78
P 0000021830FC6678
C 211
R
P 0000021830F39F78
C 345
R
P 0000021830F39F78
P 0000021830FC7478
C 262
R
P 0000021830F39F78
C 345
R
P 0000021830F39F78
P 0000021830FC7478
C 261
R
P 0000021830F39F78
C 345
R
P 0000021830F39F78
P 0000021830FC7478
C 260
R
P 0000021830F39F78
C 345
R
P 0000021830F39F78
P 0000021830FC7478
C 9
R
P 0000021830F39F78
C 345
R
P 0000021830F39F78
$ |y|
P 0000021830FC6678
C 51
= 0000021830FC7458
R
P 0000021830F39F78
C 345
R
P 0000021830F39F78
P 0000021830FC7458
C 259
R
P 0000021830F39F78
C 345
R
P 0000021830F39F78
P 0000021830FC7458
C 256
= 0000021830FC6678
R
P 0000021830F39F78
C 345
R
P 0000021830F39F78
P 0000021830FC6678
C 211
R
P 0000021830F39F78
C 345
R
P 0000021830F39F78
P 0000021830FC7458
C 262
R
P 0000021830F39F78
C 345
R
P 0000021830F39F78
P 0000021830FC7458
C 261
R
P 0000021830F39F78
C 345
R
P 0000021830F39F78
P 0000021830FC7458
C 260
R
P 0000021830F39F78
C 345
R
P 0000021830F39F78
P 0000021830FC7458
C 9
R
P 0000021830F39F78
C 345
R
P 0000021830F39F78
P 0000021830FBAF18
U 2
P 0000021830FC7478
P 0000021830FC7458
p 2
C 50
= 0000021830FC2F88
R
P 0000021830F39F78
C 345
R
P 0000021830F39F78
P 0000021830FC2F88
C 259
R
P 0000021830F39F78
C 345
R
P 0000021830F39F78
P 0000021830FC2F88
C 256
= 0000021830FC6678
R
P 0000021830F39F78
C 345
R
P 0000021830F39F78
P 0000021830FC6678
C 211
R
P 0000021830F39F78
C 345
R
P 0000021830F39F78
P 0000021830FC2F88
C 262
R
P 0000021830F39F78
C 345
R
P 0000021830F39F78
P 0000021830FC2F88
C 261
R
P 0000021830F39F78
C 345
R
P 0000021830F39F78
P 0000021830FC2F88
C 260
R
P 0000021830F39F78
C 345
R
P 0000021830F39F78
P 0000021830FC2F88
C 9
R
P 0000021830F39F78
C 345
R
P 0000021830F39F78
S "cp"
P 0000021830FC6678
C 53
= 0000021830FC7498
R
P 0000021830F39F78
C 345
R
P 0000021830F39F78
P 0000021830FC7498
C 259
R
P 0000021830F39F78
C 345
R
P 0000021830F39F78
P 0000021830FC7498
C 256
= 0000021830FC6678
R
P 0000021830F39F78
C 345
R
P 0000021830F39F78
P 0000021830FC6678
C 211
R
P 0000021830F39F78
C 345
R
P 0000021830F39F78
P 0000021830FC7498
C 262
R
P 0000021830F39F78
C 345
R
P 0000021830F39F78
P 0000021830FC7498
C 261
R
P 0000021830F39F78
C 345
R
P 0000021830F39F78
P 0000021830FC7498
C 260
R
P 0000021830F39F78
C 345
R
P 0000021830F39F78
P 0000021830FC7498
C 9
R
P 0000021830F39F78
C 345
R
P 0000021830F39F78
S "fp"
U 1
P 0000021830FC6678
p 1
P 0000021830FC6678
C 52
= 0000021830FC2FC0
R
P 0000021830F39F78
C 345
R
P 0000021830F39F78
P 0000021830FC2FC0
C 259
R
P 0000021830F39F78
C 345
R
P 0000021830F39F78
P 0000021830FC2FC0
C 9
R
P 0000021830F39F78
C 345
R
P 0000021830F39F78
P 0000021830FC2FC0
U 1
P 0000021830FC7498
p 1
C 50
= 0000021830FBC928
R
P 0000021830F39F78
C 345
R
P 0000021830F39F78
P 0000021830FBC928
C 259
R
P 0000021830F39F78
C 345
R
P 0000021830F39F78
P 0000021830FBC928
C 256
= 0000021830FC6678
R
P 0000021830F39F78
C 345
R
P 0000021830F39F78
P 0000021830FC6678
C 211
R
P 0000021830F39F78
C 345
R
P 0000021830F39F78
P 0000021830FBC928
C 262
R
P 0000021830F39F78
C 345
R
P 0000021830F39F78
P 0000021830FBC928
C 261
R
P 0000021830F39F78
C 345
R
P 0000021830F39F78
P 0000021830FBC928
C 260
R
P 0000021830F39F78
C 345
R
P 0000021830F39F78
P 0000021830FBC928
C 9
R
P 0000021830F39F78
C 345
R
P 0000021830F39F78
P 0000021830FC2F88
P 0000021830FC2F88
C 58
= 0000021830FC2FF8
R
P 0000021830F39F78
C 345
R
P 0000021830F39F78
P 0000021830FC2FF8
C 260
R
P 0000021830F39F78
C 345
R
P 0000021830F39F78
P 0000021830FC2FF8
C 9
R
P 0000021830F39F78
C 345
R
P 0000021830F39F78
P 0000021830FC2F88
P 0000021830FBC928
C 58
= 0000021830FC3030
R
P 0000021830F39F78
C 345
R
P 0000021830F39F78
P 0000021830FC3030
C 260
R
P 0000021830F39F78
C 345
R
P 0000021830F39F78
P 0000021830FC3030
C 9
R
P 0000021830F39F78
C 345
R
P 0000021830F39F78
I 1
I 0
I 0
C 354
= 00000218310089B8
R
P 0000021830F39F78
C 345
R
P 0000021830F39F78
P 00000218310089B8
C 355
R
P 0000021830F39F78
C 345
R
P 0000021830F39F78
P 00000218310089B8
P 0000021830FC2FF8
C 358
R
P 0000021830F39F78
C 345
R
P 0000021830F39F78
P 00000218310089B8
P 0000021830FC3030
C 358
R
P 0000021830F39F78
C 345
R
P 0000021830F39F78
P 00000218310089B8
C 369
R
P 0000021830F39F78
C 345
R
P 0000021830F39F78
C 415
= 0000021831022E18
R
P 0000021830F39F78
C 345
R
P 0000021830F39F78
P 0000021831022E18
C 424
R
P 0000021830F39F78
C 345
R
P 0000021830F39F78
P 00000218310089B8
C 362
R
P 0000021830F39F78
C 345
R
P 0000021830F39F78
P 00000218310089B8
U 0
C 363
= 0000021830FC2FF8
R
P 0000021830F39F78
C 345
R
P 0000021830F39F78
P 0000021830FC2FF8
C 259
R
P 0000021830F39F78
C 345
R
P 0000021830F39F78
P 0000021830FC2FF8
C 256
= 0000021830FC6678
R
P 0000021830F39F78
C 345
R
P 0000021830F39F78
P 0000021830FC6678
C 211
R
P 0000021830F39F78
C 345
R
P 0000021830F39F78
P 0000021830FC2FF8
C 262
R
P 0000021830F39F78
C 345
R
P 0000021830F39F78
P 0000021830FC2FF8
C 261
R
P 0000021830F39F78
C 345
R
P 0000021830F39F78
P 0000021830FC2FF8
C 260
R
P 0000021830F39F78
C 345
R
P 0000021830F39F78
P 0000021830FC2FF8
C 9
R
P 0000021830F39F78
C 345
R
P 0000021830F39F78
P 00000218310089B8
U 1
C 363
= 0000021830FC3030
R
P 0000021830F39F78
C 345
R
P 0000021830F39F78
P 0000021830FC3030
C 259
R
P 0000021830F39F78
C 345
R
P 0000021830F39F78
P 0000021830FC3030
C 256
= 0000021830FC6678
R
P 0000021830F39F78
C 345
R
P 0000021830F39F78
P 0000021830FC6678
C 211
R
P 0000021830F39F78
C 345
R
P 0000021830F39F78
P 0000021830FC3030
C 262
R
P 0000021830F39F78
C 345
R
P 0000021830F39F78
P 0000021830FC3030
C 261
R
P 0000021830F39F78
C 345
R
P 0000021830F39F78
P 0000021830FC3030
C 260
R
P 0000021830F39F78
C 345
R
P 0000021830F39F78
P 0000021830FC3030
C 9
R
P 0000021830F39F78
C 345
R
P 0000021830F39F78
P 0000021831022E18
P 0000021830FC2FF8
C 430
R
P 0000021830F39F78
C 345
R
P 0000021830F39F78
P 0000021831022E18
P 0000021830FC3030
C 430
R
P 0000021830F39F78
C 345
R
P 0000021830F39F78
P 0000021831022E18
C 437
R
P 0000021830F39F78
C 345
R
P 0000021830F39F78
S "simplify"
C 371
= 000002183125CA58
R
P 0000021830F39F78
C 345
R
P 0000021830F39F78
P 000002183125CA58
C 372
R
P 0000021830F39F78
C 345
R
P 0000021830F39F78
P 00000218310089B8
C 369
R
P 0000021830F39F78
C 345
R
P 0000021830F39F78
P 000002183125CA58
P 00000218310089B8
C 408
= 000002183141D588
R
P 0000021830F39F78
C 345
R
P 0000021830F39F78
P 000002183141D588
C 410
R
P 0000021830F39F78
C 345
R
P 0000021830F39F78
P 000002183141D588
C 412
R
P 0000021830F39F78
C 345
R
P 0000021830F39F78
P 000002183141D588
C 413
R
P 0000021830F39F78
C 345
R
P 0000021830F39F78
P 000002183141D588
U 0
C 414
= 000002183125CC08
R
P 0000021830F39F78
C 345
R
P 0000021830F39F78
P 000002183125CC08
C 355
R
P 0000021830F39F78
C 345
R
P 0000021830F39F78
P 000002183125CC08
C 365
R
P 0000021830F39F78
C 345
R
P 0000021830F39F78
P 000002183125CC08
C 366
R
P 0000021830F39F78
C 345
R
P 0000021830F39F78
P 000002183141D588
C 413
R
P 0000021830F39F78
C 345
R
P 0000021830F39F78
P 000002183141D588
C 413
R
P 0000021830F39F78
C 345
R
P 0000021830F39F78
P 000002183141D588
U 0
C 414
= 000002183125C428
R
P 0000021830F39F78
C 345
R
P 0000021830F39F78
P 000002183125C428
C 355
R
P 0000021830F39F78
C 345
R
P 0000021830F39F78
P 000002183125C428
C 365
R
P 0000021830F39F78
C 345
R
P 0000021830F39F78
P 000002183141D588
C 413
R
P 0000021830F39F78
C 345
R
P 0000021830F39F78
P 000002183141D588
U 0
C 414
= 000002183125CE48
R
P 0000021830F39F78
C 345
R
P 0000021830F39F78
P 000002183125CE48
C 355
R
P 0000021830F39F78
C 345
R
P 0000021830F39F78
P 000002183125CE48
C 366
R
P 0000021830F39F78
C 345
R
P 0000021830F39F78
S "smt"
C 371
= 000002183125CA88
R
P 0000021830F39F78
C 345
R
P 0000021830F39F78
P 000002183125CA88
C 372
R
P 0000021830F39F78
C 345
R
P 0000021830F39F78
P 00000218310089B8
C 369
R
P 0000021830F39F78
C 345
R
P 0000021830F39F78
P 000002183125CA88
P 00000218310089B8
C 408
= 000002183141D998
R
P 0000021830F39F78
C 345
R
P 0000021830F39F78
P 000002183141D998
C 410
R
P 0000021830F39F78
C 345
R
P 0000021830F39F78
P 000002183141D998
C 412
R
P 0000021830F39F78
C 345
R
P 0000021830F39F78
P 000002183141D998
C 413
R
P 0000021830F39F78
C 345
R
P 0000021830F39F78
P 000002183141D998
U 0
C 414
= 000002183125C458
R
P 0000021830F39F78
C 345
R
P 0000021830F39F78
P 000002183125C458
C 355
R
P 0000021830F39F78
C 345
R
P 0000021830F39F78
P 000002183125C458
C 365
R
P 0000021830F39F78
C 345
R
P 0000021830F39F78
P 000002183141D998
C 413
R
P 0000021830F39F78
C 345
R
P 0000021830F39F78
P 000002183141D998
C 413
R
P 0000021830F39F78
C 345
R
P 0000021830F39F78
P 000002183141D998
U 0
C 414
= 000002183125C5D8
R
P 0000021830F39F78
C 345
R
P 0000021830F39F78
P 000002183125C5D8
C 355
R
P 0000021830F39F78
C 345
R
P 0000021830F39F78
P 000002183125C5D8
C 365
R
P 0000021830F39F78
C 345
R
P 0000021830F39F78
U 32
C 35
= 0000021830FC6B78
R
P 0000021830F39F78
C 345
R
P 0000021830F39F78
P 0000021830FC6B78
C 259
R
P 0000021830F39F78
C 345
R
P 0000021830F39F78
P 0000021830FC6B78
C 9
R
P 0000021830F39F78
C 345
R
P 0000021830F39F78
I 1
P 0000021830FC6B78
C 152
= 0000021830FC7518
R
P 0000021830F39F78
C 345
R
P 0000021830F39F78
P 0000021830FC7518
C 259
R
P 0000021830F39F78
C 345
R
P 0000021830F39F78
P 0000021830FC7518
C 256
= 0000021830FC6B78
R
P 0000021830F39F78
C 345
R
P 0000021830F39F78
P 0000021830FC6B78
C 211
R
P 0000021830F39F78
C 345
R
P 0000021830F39F78
P 0000021830FC7518
C 262
R
P 0000021830F39F78
C 345
R
P 0000021830F39F78
P 0000021830FC7518
C 261
R
P 0000021830F39F78
C 345
R
P 0000021830F39F78
P 0000021830FC7518
C 260
R
P 0000021830F39F78
C 345
R
P 0000021830F39F78
P 0000021830FC7518
C 9
R
P 0000021830F39F78
C 345
R
P 0000021830F39F78
U 32
C 35
= 0000021830FC6B78
R
P 0000021830F39F78
C 345
R
P 0000021830F39F78
P 0000021830FC6B78
C 259
R
P 0000021830F39F78
C 345
R
P 0000021830F39F78
P 0000021830FC6B78
C 9
R
P 0000021830F39F78
C 345
R
P 0000021830F39F78
I 2
P 0000021830FC6B78
C 152
= 0000021830FC7538
R
P 0000021830F39F78
C 345
R
P 0000021830F39F78
P 0000021830FC7538
C 259
R
P 0000021830F39F78
C 345
R
P 0000021830F39F78
P 0000021830FC7538
C 256
= 0000021830FC6B78
R
P 0000021830F39F78
C 345
R
P 0000021830F39F78
P 0000021830FC6B78
C 211
R
P 0000021830F39F78
C 345
R
P 0000021830F39F78
P 0000021830FC7538
C 262
R
P 0000021830F39F78
C 345
R
P 0000021830F39F78
P 0000021830FC7538
C 261
R
P 0000021830F39F78
C 345
R
P 0000021830F39F78
P 0000021830FC7538
C 260
R
P 0000021830F39F78
C 345
R
P 0000021830F39F78
P 0000021830FC7538
C 9
R
P 0000021830F39F78
C 345
R
P 0000021830F39F78
P 0000021830FC7518
P 0000021830FC7538
C 58
= 0000021830FC3068
R
P 0000021830F39F78
C 345
R
P 0000021830F39F78
P 0000021830FC3068
C 260
R
P 0000021830F39F78
C 345
R
P 0000021830F39F78
P 0000021830FC3068
C 9
R
P 0000021830F39F78
C 345
R
P 0000021830F39F78
P 00000218310089B8
P 0000021830FC3068
C 358
R
P 0000021830F39F78
C 345
R
P 0000021830F39F78
S "smt"
C 371
= 000002183125C818
R
P 0000021830F39F78
C 345
R
P 0000021830F39F78
P 000002183125C818
C 372
R
P 0000021830F39F78
C 345
R
P 0000021830F39F78
P 00000218310089B8
C 369
R
P 0000021830F39F78
C 345
R
P 0000021830F39F78
P 000002183125C818
P 00000218310089B8
C 408
= 000002183141D0A8
R
P 0000021830F39F78
C 345
R
P 0000021830F39F78
P 000002183141D0A8
C 410
R
P 0000021830F39F78
C 345
R
P 0000021830F39F78
P 000002183141D0A8
C 412
R
P 0000021830F39F78
C 345
R
P 0000021830F39F78
P 000002183141D0A8
C 413
R
P 0000021830F39F78
C 345
R
P 0000021830F39F78
P 000002183141D0A8
U 0
C 414
= 000002183125D4D8
R
P 0000021830F39F78
C 345
R
P 0000021830F39F78
P 000002183125D4D8
C 355
R
P 0000021830F39F78
C 345
R
P 0000021830F39F78
P 000002183125D4D8
C 365
R
P 0000021830F39F78
C 345
R
P 0000021830F39F78
P 000002183125D4D8
C 366
R
P 0000021830F39F78
C 345
R
P 0000021830F39F78
P 000002183141D0A8
C 413
R
P 0000021830F39F78
C 345
R
P 0000021830F39F78
P 000002183141D0A8
C 413
R
P 0000021830F39F78
C 345
R
P 0000021830F39F78
P 000002183141D0A8
U 0
C 414
= 000002183125D418
R
P 0000021830F39F78
C 345
R
P 0000021830F39F78
P 000002183125D418
C 355
R
P 0000021830F39F78
C 345
R
P 0000021830F39F78
P 000002183125D418
C 366
R
P 0000021830F39F78
C 345
R
P 0000021830F39F78
I 1
I 1
I 0
C 354
= 000002183125D088
R
P 0000021830F39F78
C 345
R
P 0000021830F39F78
P 000002183125D088
C 355
R
P 0000021830F39F78
C 345
R
P 0000021830F39F78
S "smt"
C 371
= 000002183125CFC8
R
P 0000021830F39F78
C 345
R
P 0000021830F39F78
P 000002183125CFC8
C 372
R
P 0000021830F39F78
C 345
R
P 0000021830F39F78
P 000002183125D088
C 369
R
P 0000021830F39F78
C 345
R
P 0000021830F39F78
P 000002183125CFC8
P 000002183125D088
C 408
= 000002183141D3E8
R
P 0000021830F39F78
C 345
R
P 0000021830F39F78
P 000002183141D3E8
C 410
R
P 0000021830F39F78
C 345
R
P 0000021830F39F78
P 000002183141D3E8
C 412
R
P 0000021830F39F78
C 345
R
P 0000021830F39F78
P 000002183141D3E8
C 413
R
P 0000021830F39F78
C 345
R
P 0000021830F39F78
P 000002183141D3E8
U 0
C 414
= 000002183125D448
R
P 0000021830F39F78
C 345
R
P 0000021830F39F78
P 000002183125D448
C 355
R
P 0000021830F39F78
C 345
R
P 0000021830F39F78
P 000002183125D448
C 365
R
P 0000021830F39F78
C 345
R
P 0000021830F39F78
P 000002183141D3E8
C 413
R
P 0000021830F39F78
C 345
R
P 0000021830F39F78
P 000002183141D3E8
C 413
R
P 0000021830F39F78
C 345
R
P 0000021830F39F78
P 000002183141D3E8
U 0
C 414
= 000002183125D2C8
R
P 0000021830F39F78
C 345
R
P 0000021830F39F78
P 000002183125D2C8
C 355
R
P 0000021830F39F78
C 345
R
P 0000021830F39F78
P 000002183125D2C8
C 365
R
P 0000021830F39F78
C 345
R
P 0000021830F39F78
I 1
I 1
I 0
C 354
= 000002183125D3B8
R
P 0000021830F39F78
C 345
R
P 0000021830F39F78
P 000002183125D3B8
C 355
R
P 0000021830F39F78
C 345
R
P 0000021830F39F78
C 57
= 0000021830FC66F8
R
P 0000021830F39F78
C 345
R
P 0000021830F39F78
P 0000021830FC66F8
C 260
R
P 0000021830F39F78
C 345
R
P 0000021830F39F78
P 0000021830FC66F8
C 9
R
P 0000021830F39F78
C 345
R
P 0000021830F39F78
P 000002183125D3B8
P 0000021830FC66F8
C 358
R
P 0000021830F39F78
C 345
R
P 0000021830F39F78
S "smt"
C 371
= 000002183125D268
R
P 0000021830F39F78
C 345
R
P 0000021830F39F78
P 000002183125D268
C 372
R
P 0000021830F39F78
C 345
R
P 0000021830F39F78
P 000002183125D3B8
C 369
R
P 0000021830F39F78
C 345
R
P 0000021830F39F78
P 000002183125D268
P 000002183125D3B8
C 408
= 000002183141D178
R
P 0000021830F39F78
C 345
R
P 0000021830F39F78
P 000002183141D178
C 410
R
P 0000021830F39F78
C 345
R
P 0000021830F39F78
P 000002183141D178
C 412
R
P 0000021830F39F78
C 345
R
P 0000021830F39F78
P 000002183141D178
C 413
R
P 0000021830F39F78
C 345
R
P 0000021830F39F78
P 000002183141D178
U 0
C 414
= 000002183125D688
R
P 0000021830F39F78
C 345
R
P 0000021830F39F78
P 000002183125D688
C 355
R
P 0000021830F39F78
C 345
R
P 0000021830F39F78
P 000002183125D688
C 365
R
P 0000021830F39F78
C 345
R
P 0000021830F39F78
P 000002183125D688
C 366
R
P 0000021830F39F78
C 345
R
P 0000021830F39F78
P 000002183141D178
C 413
R
P 0000021830F39F78
C 345
R
P 0000021830F39F78
P 000002183141D178
C 413
R
P 0000021830F39F78
C 345
R
P 0000021830F39F78
P 000002183141D178
U 0
C 414
= 000002183125D0E8
R
P 0000021830F39F78
C 345
R
P 0000021830F39F78
P 000002183125D0E8
C 355
R
P 0000021830F39F78
C 345
R
P 0000021830F39F78
P 000002183125D0E8
C 366
R
P 0000021830F39F78
C 345
R
P 0000021830F39F78
I 1
I 1
I 0
C 354
= 000002183125D2F8
R
P 0000021830F39F78
C 345
R
P 0000021830F39F78
P 000002183125D2F8
C 355
R
P 0000021830F39F78
C 345
R
P 0000021830F39F78
S "x"
C 30
R
P 0000021830F39F78
C 345
R
P 0000021830F39F78
$ |x|
C 204
R
P 0000021830F39F78
C 345
R
P 0000021830F39F78
$ |x|
P 0000021830FC6738
C 51
= 0000021830FC7058
R
P 0000021830F39F78
C 345
R
P 0000021830F39F78
P 0000021830FC7058
C 259
R
P 0000021830F39F78
C 345
R
P 0000021830F39F78
P 0000021830FC7058
C 256
= 0000021830FC6738
R
P 0000021830F39F78
C 345
R
P 0000021830F39F78
P 0000021830FC6738
C 211
R
P 0000021830F39F78
C 345
R
P 0000021830F39F78
P 0000021830FC7058
C 262
R
P 0000021830F39F78
C 345
R
P 0000021830F39F78
P 0000021830FC7058
C 261
R
P 0000021830F39F78
C 345
R
P 0000021830F39F78
P 0000021830FC7058
C 260
R
P 0000021830F39F78
C 345
R
P 0000021830F39F78
P 0000021830FC7058
C 9
R
P 0000021830F39F78
C 345
R
P 0000021830F39F78
S "y"
C 30
R
P 0000021830F39F78
C 345
R
P 0000021830F39F78
$ |y|
C 204
R
P 0000021830F39F78
C 345
R
P 0000021830F39F78
$ |y|
P 0000021830FC6738
C 51
= 0000021830FC7078
R
P 0000021830F39F78
C 345
R
P 0000021830F39F78
P 0000021830FC7078
C 259
R
P 0000021830F39F78
C 345
R
P 0000021830F39F78
P 0000021830FC7078
C 256
= 0000021830FC6738
R
P 0000021830F39F78
C 345
R
P 0000021830F39F78
P 0000021830FC6738
C 211
R
P 0000021830F39F78
C 345
R
P 0000021830F39F78
P 0000021830FC7078
C 262
R
P 0000021830F39F78
C 345
R
P 0000021830F39F78
P 0000021830FC7078
C 261
R
P 0000021830F39F78
C 345
R
P 0000021830F39F78
P 0000021830FC7078
C 260
R
P 0000021830F39F78
C 345
R
P 0000021830F39F78
P 0000021830FC7078
C 9
R
P 0000021830F39F78
C 345
R
P 0000021830F39F78
I 1
P 0000021830FC6738
C 152
= 0000021830FC7318
R
P 0000021830F39F78
C 345
R
P 0000021830F39F78
P 0000021830FC7318
C 259
R
P 0000021830F39F78
C 345
R
P 0000021830F39F78
P 0000021830FC7318
C 256
= 0000021830FC6738
R
P 0000021830F39F78
C 345
R
P 0000021830F39F78
P 0000021830FC6738
C 211
R
P 0000021830F39F78
C 345
R
P 0000021830F39F78
P 0000021830FC7318
C 262
R
P 0000021830F39F78
C 345
R
P 0000021830F39F78
P 0000021830FC7318
C 261
R
P 0000021830F39F78
C 345
R
P 0000021830F39F78
P 0000021830FC7318
C 260
R
P 0000021830F39F78
C 345
R
P 0000021830F39F78
P 0000021830FC7318
C 9
R
P 0000021830F39F78
C 345
R
P 0000021830F39F78
P 0000021830FC7058
P 0000021830FC7318
C 58
= 0000021830FC30A0
R
P 0000021830F39F78
C 345
R
P 0000021830F39F78
P 0000021830FC30A0
C 260
R
P 0000021830F39F78
C 345
R
P 0000021830F39F78
P 0000021830FC30A0
C 9
R
P 0000021830F39F78
C 345
R
P 0000021830F39F78
P 000002183125D2F8
P 0000021830FC30A0
C 358
R
P 0000021830F39F78
C 345
R
P 0000021830F39F78
I 2
P 0000021830FC6738
C 152
= 0000021830FC7558
R
P 0000021830F39F78
C 345
R
P 0000021830F39F78
P 0000021830FC7558
C 259
R
P 0000021830F39F78
C 345
R
P 0000021830F39F78
P 0000021830FC7558
C 256
= 0000021830FC6738
R
P 0000021830F39F78
C 345
R
P 0000021830F39F78
P 0000021830FC6738
C 211
R
P 0000021830F39F78
C 345
R
P 0000021830F39F78
P 0000021830FC7558
C 262
R
P 0000021830F39F78
C 345
R
P 0000021830F39F78
P 0000021830FC7558
C 261
R
P 0000021830F39F78
C 345
R
P 0000021830F39F78
P 0000021830FC7558
C 260
R
P 0000021830F39F78
C 345
R
P 0000021830F39F78
P 0000021830FC7558
C 9
R
P 0000021830F39F78
C 345
R
P 0000021830F39F78
P 0000021830FC7078
P 0000021830FC7558
C 58
= 0000021830FC30D8
R
P 0000021830F39F78
C 345
R
P 0000021830F39F78
P 0000021830FC30D8
C 260
R
P 0000021830F39F78
C 345
R
P 0000021830F39F78
P 0000021830FC30D8
C 9
R
P 0000021830F39F78
C 345
R
P 0000021830F39F78
P 000002183125D2F8
P 0000021830FC30D8
C 358
R
P 0000021830F39F78
C 345
R
P 0000021830F39F78
P 0000021830FC7058
P 0000021830FC7078
C 58
= 0000021830FC3110
R
P 0000021830F39F78
C 345
R
P 0000021830F39F78
P 0000021830FC3110
C 260
R
P 0000021830F39F78
C 345
R
P 0000021830F39F78
P 0000021830FC3110
C 9
R
P 0000021830F39F78
C 345
R
P 0000021830F39F78
P 000002183125D2F8
P 0000021830FC3110
C 358
R
P 0000021830F39F78
C 345
R
P 0000021830F39F78
S "smt"
C 371
= 000002183125D568
R
P 0000021830F39F78
C 345
R
P 0000021830F39F78
P 000002183125D568
C 372
R
P 0000021830F39F78
C 345
R
P 0000021830F39F78
P 000002183125D2F8
C 369
R
P 0000021830F39F78
C 345
R
P 0000021830F39F78
P 000002183125D568
P 000002183125D2F8
C 408
= 000002183141D658
R
P 0000021830F39F78
C 345
R
P 0000021830F39F78
P 000002183141D658
C 410
R
P 0000021830F39F78
C 345
R
P 0000021830F39F78
P 000002183141D658
C 412
R
P 0000021830F39F78
C 345
R
P 0000021830F39F78
P 000002183141D658
C 413
R
P 0000021830F39F78
C 345
R
P 0000021830F39F78
P 000002183141D658
U 0
C 414
= 000002183125D508
R
P 0000021830F39F78
C 345
R
P 0000021830F39F78
P 000002183125D508
C 355
R
P 0000021830F39F78
C 345
R
P 0000021830F39F78
P 000002183125D508
C 365
R
P 0000021830F39F78
C 345
R
P 0000021830F39F78
P 000002183125D508
C 366
R
P 0000021830F39F78
C 345
R
P 0000021830F39F78
P 000002183141D658
C 413
R
P 0000021830F39F78
C 345
R
P 0000021830F39F78
P 000002183141D658
C 413
R
P 0000021830F39F78
C 345
R
P 0000021830F39F78
P 000002183141D658
U 0
C 414
= 000002183125D7D8
R
P 0000021830F39F78
C 345
R
P 0000021830F39F78
P 000002183125D7D8
C 355
R
P 0000021830F39F78
C 345
R
P 0000021830F39F78
P 000002183125D7D8
C 366
R
P 0000021830F39F78
C 345
R
P 0000021830F39F78
S "x"
C 30
R
P 0000021830F39F78
C 345
R
P 0000021830F39F78
$ |x|
C 204
R
P 0000021830F39F78
C 345
R
P 0000021830F39F78
C 34
= 0000021830FC6718
R
P 0000021830F39F78
C 345
R
P 0000021830F39F78
P 0000021830FC6718
C 259
R
P 0000021830F39F78
C 345
R
P 0000021830F39F78
P 0000021830FC6718
C 9
R
P 0000021830F39F78
C 345
R
P 0000021830F39F78
$ |x|
P 0000021830FC6718
C 51
= 0000021830FC75B8
R
P 0000021830F39F78
C 345
R
P 0000021830F39F78
P 0000021830FC75B8
C 259
R
P 0000021830F39F78
C 345
R
P 0000021830F39F78
P 0000021830FC75B8
C 256
= 0000021830FC6718
R
P 0000021830F39F78
C 345
R
P 0000021830F39F78
P 0000021830FC6718
C 211
R
P 0000021830F39F78
C 345
R
P 0000021830F39F78
P 0000021830FC75B8
C 262
R
P 0000021830F39F78
C 345
R
P 0000021830F39F78
P 0000021830FC75B8
C 261
R
P 0000021830F39F78
C 345
R
P 0000021830F39F78
P 0000021830FC75B8
C 260
R
P 0000021830F39F78
C 345
R
P 0000021830F39F78
P 0000021830FC75B8
C 9
R
P 0000021830F39F78
C 345
R
P 0000021830F39F78
S "y"
C 30
R
P 0000021830F39F78
C 345
R
P 0000021830F39F78
$ |y|
C 204
R
P 0000021830F39F78
C 345
R
P 0000021830F39F78
C 34
= 0000021830FC6718
R
P 0000021830F39F78
C 345
R
P 0000021830F39F78
P 0000021830FC6718
C 259
R
P 0000021830F39F78
C 345
R
P 0000021830F39F78
P 0000021830FC6718
C 9
R
P 0000021830F39F78
C 345
R
P 0000021830F39F78
$ |y|
P 0000021830FC6718
C 51
= 0000021830FC75D8
R
P 0000021830F39F78
C 345
R
P 0000021830F39F78
P 0000021830FC75D8
C 259
R
P 0000021830F39F78
C 345
R
P 0000021830F39F78
P 0000021830FC75D8
C 256
= 0000021830FC6718
R
P 0000021830F39F78
C 345
R
P 0000021830F39F78
P 0000021830FC6718
C 211
R
P 0000021830F39F78
C 345
R
P 0000021830F39F78
P 0000021830FC75D8
C 262
R
P 0000021830F39F78
C 345
R
P 0000021830F39F78
P 0000021830FC75D8
C 261
R
P 0000021830F39F78
C 345
R
P 0000021830F39F78
P 0000021830FC75D8
C 260
R
P 0000021830F39F78
C 345
R
P 0000021830F39F78
P 0000021830FC75D8
C 9
R
P 0000021830F39F78
C 345
R
P 0000021830F39F78
I 1
I 0
I 0
C 354
= 000002183125D208
R
P 0000021830F39F78
C 345
R
P 0000021830F39F78
P 000002183125D208
C 355
R
P 0000021830F39F78
C 345
R
P 0000021830F39F78
I 10
I 1
C 151
= 0000021830FC75F8
R
P 0000021830F39F78
C 345
R
P 0000021830F39F78
P 0000021830FC75F8
C 260
R
P 0000021830F39F78
C 345
R
P 0000021830F39F78
P 0000021830FC75F8
C 9
R
P 0000021830F39F78
C 345
R
P 0000021830F39F78
P 0000021830FC75B8
P 0000021830FC75F8
C 77
= 0000021830FC3148
R
P 0000021830F39F78
C 345
R
P 0000021830F39F78
P 0000021830FC3148
C 260
R
P 0000021830F39F78
C 345
R
P 0000021830F39F78
P 0000021830FC3148
C 9
R
P 0000021830F39F78
C 345
R
P 0000021830F39F78
P 000002183125D208
P 0000021830FC3148
C 358
R
P 0000021830F39F78
C 345
R
P 0000021830F39F78
I 1
I 1
C 151
= 0000021830FC7618
R
P 0000021830F39F78
C 345
R
P 0000021830F39F78
P 0000021830FC7618
C 260
R
P 0000021830F39F78
C 345
R
P 0000021830F39F78
P 0000021830FC7618
C 9
R
P 0000021830F39F78
C 345
R
P 0000021830F39F78
U 2
P 0000021830FC75B8
P 0000021830FC7618
p 2
C 67
= 0000021830FC3180
R
P 0000021830F39F78
C 345
R
P 0000021830F39F78
P 0000021830FC3180
C 259
R
P 0000021830F39F78
C 345
R
P 0000021830F39F78
P 0000021830FC3180
C 256
= 0000021830FC6718
R
P 0000021830F39F78
C 345
R
P 0000021830F39F78
P 0000021830FC6718
C 211
R
P 0000021830F39F78
C 345
R
P 0000021830F39F78
P 0000021830FC3180
C 262
R
P 0000021830F39F78
C 345
R
P 0000021830F39F78
P 0000021830FC3180
C 261
R
P 0000021830F39F78
C 345
R
P 0000021830F39F78
P 0000021830FC3180
C 260
R
P 0000021830F39F78
C 345
R
P 0000021830F39F78
P 0000021830FC3180
C 9
R
P 0000021830F39F78
C 345
R
P 0000021830F39F78
P 0000021830FC75D8
P 0000021830FC3180
C 58
= 0000021830FC2F18
R
P 0000021830F39F78
C 345
R
P 0000021830F39F78
P 0000021830FC2F18
C 260
R
P 0000021830F39F78
C 345
R
P 0000021830F39F78
P 0000021830FC2F18
C 9
R
P 0000021830F39F78
C 345
R
P 0000021830F39F78
P 000002183125D208
P 0000021830FC2F18
C 358
R
P 0000021830F39F78
C 345
R
P 0000021830F39F78
I 1
I 1
C 151
= 0000021830FC7618
R
P 0000021830F39F78
C 345
R
P 0000021830F39F78
P 0000021830FC7618
C 260
R
P 0000021830F39F78
C 345
R
P 0000021830F39F78
P 0000021830FC7618
C 9
R
P 0000021830F39F78
C 345
R
P 0000021830F39F78
P 0000021830FC75D8
P 0000021830FC7618
C 77
= 0000021830FC2CB0
R
P 0000021830F39F78
C 345
R
P 0000021830F39F78
P 0000021830FC2CB0
C 260
R
P 0000021830F39F78
C 345
R
P 0000021830F39F78
P 0000021830FC2CB0
C 9
R
P 0000021830F39F78
C 345
R
P 0000021830F39F78
P 000002183125D208
P 0000021830FC2CB0
C 358
R
P 0000021830F39F78
C 345
R
P 0000021830F39F78
S "simplify"
C 371
= 000002183125D388
R
P 0000021830F39F78
C 345
R
P 0000021830F39F78
P 000002183125D388
C 372
R
P 0000021830F39F78
C 345
R
P 0000021830F39F78
P 000002183125D208
C 369
R
P 0000021830F39F78
C 345
R
P 0000021830F39F78
P 000002183125D388
P 000002183125D208
C 408
= 000002183141DA68
R
P 0000021830F39F78
C 345
R
P 0000021830F39F78
P 000002183141DA68
C 410
R
P 0000021830F39F78
C 345
R
P 0000021830F39F78
P 000002183141DA68
C 412
R
P 0000021830F39F78
C 345
R
P 0000021830F39F78
P 000002183141DA68
C 413
R
P 0000021830F39F78
C 345
R
P 0000021830F39F78
P 000002183141DA68
U 0
C 414
= 000002183125DA78
R
P 0000021830F39F78
C 345
R
P 0000021830F39F78
P 000002183125DA78
C 355
R
P 0000021830F39F78
C 345
R
P 0000021830F39F78
P 000002183125DA78
C 365
R
P 0000021830F39F78
C 345
R
P 0000021830F39F78
P 000002183125DA78
C 366
R
P 0000021830F39F78
C 345
R
P 0000021830F39F78
P 000002183141DA68
C 413
R
P 0000021830F39F78
C 345
R
P 0000021830F39F78
P 000002183141DA68
C 413
R
P 0000021830F39F78
C 345
R
P 0000021830F39F78
P 000002183141DA68
U 0
C 414
= 000002183125D988
R
P 0000021830F39F78
C 345
R
P 0000021830F39F78
P 000002183125D988
C 355
R
P 0000021830F39F78
C 345
R
P 0000021830F39F78
P 000002183125D988
C 365
R
P 0000021830F39F78
C 345
R
P 0000021830F39F78
P 000002183141DA68
C 413
R
P 0000021830F39F78
C 345
R
P 0000021830F39F78
P 000002183141DA68
U 0
C 414
= 000002183125D148
R
P 0000021830F39F78
C 345
R
P 0000021830F39F78
P 000002183125D148
C 355
R
P 0000021830F39F78
C 345
R
P 0000021830F39F78
P 000002183125D148
C 366
R
P 0000021830F39F78
C 345
R
P 0000021830F39F78
S "simplify"
C 371
= 000002183125D478
R
P 0000021830F39F78
C 345
R
P 0000021830F39F78
P 000002183125D478
C 372
R
P 0000021830F39F78
C 345
R
P 0000021830F39F78
S "solve-eqs"
C 371
= 000002183125D7A8
R
P 0000021830F39F78
C 345
R
P 0000021830F39F78
P 000002183125D7A8
C 372
R
P 0000021830F39F78
C 345
R
P 0000021830F39F78
P 000002183125D478
P 000002183125D7A8
C 377
= 000002183125D868
R
P 0000021830F39F78
C 345
R
P 0000021830F39F78
P 000002183125D868
C 372
R
P 0000021830F39F78
C 345
R
P 0000021830F39F78
P 000002183125D208
C 369
R
P 0000021830F39F78
C 345
R
P 0000021830F39F78
P 000002183125D868
P 000002183125D208
C 408
= 000002183141DB38
R
P 0000021830F39F78
C 345
R
P 0000021830F39F78
P 000002183141DB38
C 410
R
P 0000021830F39F78
C 345
R
P 0000021830F39F78
P 000002183141DB38
C 412
R
P 0000021830F39F78
C 345
R
P 0000021830F39F78
P 000002183141DB38
C 413
R
P 0000021830F39F78
C 345
R
P 0000021830F39F78
P 000002183141DB38
U 0
C 414
= 000002183125D898
R
P 0000021830F39F78
C 345
R
P 0000021830F39F78
P 000002183125D898
C 355
R
P 0000021830F39F78
C 345
R
P 0000021830F39F78
P 000002183125D898
C 365
R
P 0000021830F39F78
C 345
R
P 0000021830F39F78
P 000002183125D898
C 366
R
P 0000021830F39F78
C 345
R
P 0000021830F39F78
P 000002183141DB38
C 413
R
P 0000021830F39F78
C 345
R
P 0000021830F39F78
P 000002183141DB38
C 413
R
P 0000021830F39F78
C 345
R
P 0000021830F39F78
P 000002183141DB38
U 0
C 414
= 000002183125DA18
R
P 0000021830F39F78
C 345
R
P 0000021830F39F78
P 000002183125DA18
C 355
R
P 0000021830F39F78
C 345
R
P 0000021830F39F78
P 000002183125DA18
C 365
R
P 0000021830F39F78
C 345
R
P 0000021830F39F78
P 000002183141DB38
C 413
R
P 0000021830F39F78
C 345
R
P 0000021830F39F78
P 000002183141DB38
U 0
C 414
= 000002183125D8C8
R
P 0000021830F39F78
C 345
R
P 0000021830F39F78
P 000002183125D8C8
C 355
R
P 0000021830F39F78
C 345
R
P 0000021830F39F78
P 000002183125D8C8
C 366
R
P 0000021830F39F78
C 345
R
P 0000021830F39F78
C 415
= 00000218313CACE8
R
P 0000021830F39F78
C 345
R
P 0000021830F39F78
P 00000218313CACE8
C 424
R
P 0000021830F39F78
C 345
R
P 0000021830F39F78
P 000002183141DB38
C 413
R
P 0000021830F39F78
C 345
R
P 0000021830F39F78
P 000002183141DB38
U 0
C 414
= 000002183125D928
R
P 0000021830F39F78
C 345
R
P 0000021830F39F78
P 000002183125D928
C 355
R
P 0000021830F39F78
C 345
R
P 0000021830F39F78
P 000002183125D928
C 362
R
P 0000021830F39F78
C 345
R
P 0000021830F39F78
P 000002183125D928
U 0
C 363
= 0000021830FBCEC8
R
P 0000021830F39F78
C 345
R
P 0000021830F39F78
P 0000021830FBCEC8
C 259
R
P 0000021830F39F78
C 345
R
P 0000021830F39F78
P 0000021830FBCEC8
C 256
= 0000021830FC6678
R
P 0000021830F39F78
C 345
R
P 0000021830F39F78
P 0000021830FC6678
C 211
R
P 0000021830F39F78
C 345
R
P 0000021830F39F78
P 0000021830FBCEC8
C 262
R
P 0000021830F39F78
C 345
R
P 0000021830F39F78
P 0000021830FBCEC8
C 261
R
P 0000021830F39F78
C 345
R
P 0000021830F39F78
P 0000021830FBCEC8
C 260
R
P 0000021830F39F78
C 345
R
P 0000021830F39F78
P 0000021830FBCEC8
C 9
R
P 0000021830F39F78
C 345
R
P 0000021830F39F78
P 000002183125D928
U 1
C 363
= 0000021830FBCF58
R
P 0000021830F39F78
C 345
R
P 0000021830F39F78
P 0000021830FBCF58
C 259
R
P 0000021830F39F78
C 345
R
P 0000021830F39F78
P 0000021830FBCF58
C 256
= 0000021830FC6678
R
P 0000021830F39F78
C 345
R
P 0000021830F39F78
P 0000021830FC6678
C 211
R
P 0000021830F39F78
C 345
R
P 0000021830F39F78
P 0000021830FBCF58
C 262
R
P 0000021830F39F78
C 345
R
P 0000021830F39F78
P 0000021830FBCF58
C 261
R
P 0000021830F39F78
C 345
R
P 0000021830F39F78
P 0000021830FBCF58
C 260
R
P 0000021830F39F78
C 345
R
P 0000021830F39F78
P 0000021830FBCF58
C 9
R
P 0000021830F39F78
C 345
R
P 0000021830F39F78
P 00000218313CACE8
P 0000021830FBCEC8
C 430
R
P 0000021830F39F78
C 345
R
P 0000021830F39F78
P 00000218313CACE8
P 0000021830FBCF58
C 430
R
P 0000021830F39F78
C 345
R
P 0000021830F39F78
P 00000218313CACE8
C 437
R
P 0000021830F39F78
C 345
R
P 0000021830F39F78
P 00000218313CACE8
C 442
= 0000021831475B48
R
P 0000021830F39F78
C 345
R
P 0000021830F39F78
P 0000021831475B48
C 303
R
P 0000021830F39F78
C 345
R
P 0000021830F39F78
P 0000021831475B48
C 340
R
P 0000021830F39F78
C 345
R
P 0000021830F39F78
I 42
I 43
C 151
= 0000021830FC7698
R
P 0000021830F39F78
C 345
R
P 0000021830F39F78
P 0000021830FC7698
C 260
R
P 0000021830F39F78
C 345
R
P 0000021830F39F78
P 0000021830FC7698
C 9
R
P 0000021830F39F78
C 345
R
P 0000021830F39F78
P 0000021830FC7698
C 268
= 0000021830FC76B8
R
P 0000021830F39F78
C 345
R
P 0000021830F39F78
P 0000021830FC76B8
C 260
R
P 0000021830F39F78
C 345
R
P 0000021830F39F78
P 0000021830FC76B8
C 9
R
P 0000021830F39F78
C 345
R
P 0000021830F39F78
P 0000021830FC7698
C 269
= 0000021830FC76D8
R
P 0000021830F39F78
C 345
R
P 0000021830F39F78
P 0000021830FC76D8
C 260
R
P 0000021830F39F78
C 345
R
P 0000021830F39F78
P 0000021830FC76D8
C 9
R
P 0000021830F39F78
C 345
R
P 0000021830F39F78
P 0000021830FC76B8
C 265
R
P 0000021830F39F78
C 345
R
P 0000021830F39F78
P 0000021830FC76D8
C 265
R
P 0000021830F39F78
C 345
R
P 0000021830F39F78
P 0000021830FC76B8
C 265
R
P 0000021830F39F78
C 345
R
P 0000021830F39F78
P 0000021830FC76D8
C 265
R
P 0000021830F39F78
C 345
R
P 0000021830F39F78
P 0000021830FC7698
U 3
C 266
R
P 0000021830F39F78
C 345
R
P 0000021830F39F78
C 34
= 0000021830FC6718
R
P 0000021830F39F78
C 345
R
P 0000021830F39F78
P 0000021830FC6718
C 259
R
P 0000021830F39F78
C 345
R
P 0000021830F39F78
P 0000021830FC6718
C 9
R
P 0000021830F39F78
C 345
R
P 0000021830F39F78
S "-1231231232/234234333"
P 0000021830FC6718
C 150
= 0000021830FC76F8
R
P 0000021830F39F78
C 345
R
P 0000021830F39F78
P 0000021830FC76F8
C 260
R
P 0000021830F39F78
C 345
R
P 0000021830F39F78
P 0000021830FC76F8
C 9
R
P 0000021830F39F78
C 345
R
P 0000021830F39F78
P 0000021830FC76F8
C 268
= 0000021830FC7718
R
P 0000021830F39F78
C 345
R
P 0000021830F39F78
P 0000021830FC7718
C 260
R
P 0000021830F39F78
C 345
R
P 0000021830F39F78
P 0000021830FC7718
C 9
R
P 0000021830F39F78
C 345
R
P 0000021830F39F78
P 0000021830FC7718
C 265
R
P 0000021830F39F78
C 345
R
P 0000021830F39F78
P 0000021830FC76F8
C 269
= 0000021830FC7738
R
P 0000021830F39F78
C 345
R
P 0000021830F39F78
P 0000021830FC7738
C 260
R
P 0000021830F39F78
C 345
R
P 0000021830F39F78
P 0000021830FC7738
C 9
R
P 0000021830F39F78
C 345
R
P 0000021830F39F78
P 0000021830FC7738
C 265
R
P 0000021830F39F78
C 345
R
P 0000021830F39F78
S "-123123234234234234231232/234234333"
P 0000021830FC6718
C 150
= 0000021830FC7758
R
P 0000021830F39F78
C 345
R
P 0000021830F39F78
P 0000021830FC7758
C 260
R
P 0000021830F39F78
C 345
R
P 0000021830F39F78
P 0000021830FC7758
C 9
R
P 0000021830F39F78
C 345
R
P 0000021830F39F78
P 0000021830FC7758
C 268
= 0000021830FC7778
R
P 0000021830F39F78
C 345
R
P 0000021830F39F78
P 0000021830FC7778
C 260
R
P 0000021830F39F78
C 345
R
P 0000021830F39F78
P 0000021830FC7778
C 9
R
P 0000021830F39F78
C 345
R
P 0000021830F39F78
P 0000021830FC7778
C 265
R
P 0000021830F39F78
C 345
R
P 0000021830F39F78
P 0000021830FC7758
C 269
= 0000021830FC7738
R
P 0000021830F39F78
C 345
R
P 0000021830F39F78
P 0000021830FC7738
C 260
R
P 0000021830F39F78
C 345
R
P 0000021830F39F78
P 0000021830FC7738
C 9
R
P 0000021830F39F78
C 345
R
P 0000021830F39F78
P 0000021830FC7738
C 265
R
P 0000021830F39F78
C 345
R
P 0000021830F39F78
S "-234234333"
P 0000021830FC6718
C 150
= 0000021830FC7798
R
P 0000021830F39F78
C 345
R
P 0000021830F39F78
P 0000021830FC7798
C 260
R
P 0000021830F39F78
C 345
R
P 0000021830F39F78
P 0000021830FC7798
C 9
R
P 0000021830F39F78
C 345
R
P 0000021830F39F78
P 0000021830FC7798
C 268
= 0000021830FC77B8
R
P 0000021830F39F78
C 345
R
P 0000021830F39F78
P 0000021830FC77B8
C 260
R
P 0000021830F39F78
C 345
R
P 0000021830F39F78
P 0000021830FC77B8
C 9
R
P 0000021830F39F78
C 345
R
P 0000021830F39F78
P 0000021830FC77B8
C 265
R
P 0000021830F39F78
C 345
R
P 0000021830F39F78
P 0000021830FC7798
C 269
= 0000021830FC7318
R
P 0000021830F39F78
C 345
R
P 0000021830F39F78
P 0000021830FC7318
C 260
R
P 0000021830F39F78
C 345
R
P 0000021830F39F78
P 0000021830FC7318
C 9
R
P 0000021830F39F78
C 345
R
P 0000021830F39F78
P 0000021830FC7318
C 265
R
P 0000021830F39F78
C 345
R
P 0000021830F39F78
S "234234333/2"
P 0000021830FC6718
C 150
= 0000021830FC77D8
R
P 0000021830F39F78
C 345
R
P 0000021830F39F78
P 0000021830FC77D8
C 260
R
P 0000021830F39F78
C 345
R
P 0000021830F39F78
P 0000021830FC77D8
C 9
R
P 0000021830F39F78
C 345
R
P 0000021830F39F78
P 0000021830FC77D8
C 268
= 0000021830FC7738
R
P 0000021830F39F78
C 345
R
P 0000021830F39F78
P 0000021830FC7738
C 260
R
P 0000021830F39F78
C 345
R
P 0000021830F39F78
P 0000021830FC7738
C 9
R
P 0000021830F39F78
C 345
R
P 0000021830F39F78
P 0000021830FC7738
C 265
R
P 0000021830F39F78
C 345
R
P 0000021830F39F78
P 0000021830FC77D8
C 269
= 0000021830FC7558
R
P 0000021830F39F78
C 345
R
P 0000021830F39F78
P 0000021830FC7558
C 260
R
P 0000021830F39F78
C 345
R
P 0000021830F39F78
P 0000021830FC7558
C 9
R
P 0000021830F39F78
C 345
R
P 0000021830F39F78
P 0000021830FC7558
C 265
R
P 0000021830F39F78
C 345
R
P 0000021830F39F78
S "1234567890987654321"
P 0000021830FC6738
C 150
= 0000021830FC77F8
R
P 0000021830F39F78
C 345
R
P 0000021830F39F78
P 0000021830FC77F8
C 260
R
P 0000021830F39F78
C 345
R
P 0000021830F39F78
P 0000021830FC77F8
C 9
R
P 0000021830F39F78
C 345
R
P 0000021830F39F78
P 0000021830FC77F8
C 265
R
P 0000021830F39F78
C 345
R
P 0000021830F39F78
U 128
C 35
= 0000021830FC7818
R
P 0000021830F39F78
C 345
R
P 0000021830F39F78
P 0000021830FC7818
C 259
R
P 0000021830F39F78
C 345
R
P 0000021830F39F78
P 0000021830FC7818
C 9
R
P 0000021830F39F78
C 345
R
P 0000021830F39F78
S "1234567890987654321"
P 0000021830FC7818
C 150
= 0000021830FC7838
R
P 0000021830F39F78
C 345
R
P 0000021830F39F78
P 0000021830FC7838
C 259
R
P 0000021830F39F78
C 345
R
P 0000021830F39F78
P 0000021830FC7838
C 256
= 0000021830FC7818
R
P 0000021830F39F78
C 345
R
P 0000021830F39F78
P 0000021830FC7818
C 211
R
P 0000021830F39F78
C 345
R
P 0000021830F39F78
P 0000021830FC7838
C 262
R
P 0000021830F39F78
C 345
R
P 0000021830F39F78
P 0000021830FC7838
C 261
R
P 0000021830F39F78
C 345
R
P 0000021830F39F78
P 0000021830FC7838
C 260
R
P 0000021830F39F78
C 345
R
P 0000021830F39F78
P 0000021830FC7838
C 9
R
P 0000021830F39F78
C 345
R
P 0000021830F39F78
P 0000021830FC7838
C 265
R
P 0000021830F39F78
C 345
R
P 0000021830F39F78
U 32
C 35
= 0000021830FC6B78
R
P 0000021830F39F78
C 345
R
P 0000021830F39F78
P 0000021830FC6B78
C 259
R
P 0000021830F39F78
C 345
R
P 0000021830F39F78
P 0000021830FC6B78
C 9
R
P 0000021830F39F78
C 345
R
P 0000021830F39F78
S "1234567890987654321"
P 0000021830FC6B78
C 150
= 0000021830FC7858
R
P 0000021830F39F78
C 345
R
P 0000021830F39F78
P 0000021830FC7858
C 259
R
P 0000021830F39F78
C 345
R
P 0000021830F39F78
P 0000021830FC7858
C 256
= 0000021830FC6B78
R
P 0000021830F39F78
C 345
R
P 0000021830F39F78
P 0000021830FC6B78
C 211
R
P 0000021830F39F78
C 345
R
P 0000021830F39F78
P 0000021830FC7858
C 262
R
P 0000021830F39F78
C 345
R
P 0000021830F39F78
P 0000021830FC7858
C 261
R
P 0000021830F39F78
C 345
R
P 0000021830F39F78
P 0000021830FC7858
C 260
R
P 0000021830F39F78
C 345
R
P 0000021830F39F78
P 0000021830FC7858
C 9
R
P 0000021830F39F78
C 345
R
P 0000021830F39F78
P 0000021830FC7858
C 265
R
P 0000021830F39F78
C 345
R
P 0000021830F39F78
S "1/2"
P 0000021830FC6738
C 150
R
P 0000021830F39F78
C 345
R
P 0000021830F39F78
U 12
C 347
R
P 0000021830F39F78
C 32
= 0000021830FC6678
R
P 0000021830F39F78
C 345
R
P 0000021830F39F78
P 0000021830FC6678
C 259
R
P 0000021830F39F78
C 345
R
P 0000021830F39F78
P 0000021830FC6678
C 9
R
P 0000021830F39F78
C 345
R
P 0000021830F39F78
S "f"
C 30
R
P 0000021830F39F78
C 345
R
P 0000021830F39F78
$ |f|
C 204
R
P 0000021830F39F78
C 345
R
P 0000021830F39F78
$ |f|
U 2
P 0000021830FC6678
P 0000021830FC6678
p 2
P 0000021830FC6678
C 49
= 0000021830FBAF18
R
P 0000021830F39F78
C 345
R
P 0000021830F39F78
P 0000021830FBAF18
C 259
R
P 0000021830F39F78
C 345
R
P 0000021830F39F78
P 0000021830FBAF18
C 9
R
P 0000021830F39F78
C 345
R
P 0000021830F39F78
S "q"
C 30
R
P 0000021830F39F78
C 345
R
P 0000021830F39F78
$ |q|
C 204
R
P 0000021830F39F78
C 345
R
P 0000021830F39F78
$ |q|
U 2
P 0000021830FC6678
P 0000021830FC6678
p 2
P 0000021830FC6678
C 49
= 0000021830FBB018
R
P 0000021830F39F78
C 345
R
P 0000021830F39F78
P 0000021830FBB018
C 259
R
P 0000021830F39F78
C 345
R
P 0000021830F39F78
P 0000021830FBB018
C 9
R
P 0000021830F39F78
C 345
R
P 0000021830F39F78
I 42
C 29
R
P 0000021830F39F78
C 345
R
P 0000021830F39F78
# 42
C 204
R
P 0000021830F39F78
C 345
R
P 0000021830F39F78
S "abc"
C 30
R
P 0000021830F39F78
C 345
R
P 0000021830F39F78
$ |abc|
C 204
R
P 0000021830F39F78
C 345
R
P 0000021830F39F78
U 32
C 35
= 0000021830FC6B78
R
P 0000021830F39F78
C 345
R
P 0000021830F39F78
P 0000021830FC6B78
C 259
R
P 0000021830F39F78
C 345
R
P 0000021830F39F78
P 0000021830FC6B78
C 9
R
P 0000021830F39F78
C 345
R
P 0000021830F39F78
P 0000021830FC6B78
C 212
R
P 0000021830F39F78
C 345
R
P 0000021830F39F78
I 1
P 0000021830FC6738
C 152
= 0000021830FC7318
R
P 0000021830F39F78
C 345
R
P 0000021830F39F78
P 0000021830FC7318
C 260
R
P 0000021830F39F78
C 345
R
P 0000021830F39F78
P 0000021830FC7318
C 9
R
P 0000021830F39F78
C 345
R
P 0000021830F39F78
I 2
P 0000021830FC6738
C 152
= 0000021830FC7558
R
P 0000021830F39F78
C 345
R
P 0000021830F39F78
P 0000021830FC7558
C 260
R
P 0000021830F39F78
C 345
R
P 0000021830F39F78
P 0000021830FC7558
C 9
R
P 0000021830F39F78
C 345
R
P 0000021830F39F78
U 2
P 0000021830FC7318
P 0000021830FC7558
p 2
C 67
= 0000021830FC32D0
R
P 0000021830F39F78
C 345
R
P 0000021830F39F78
P 0000021830FC32D0
C 259
R
P 0000021830F39F78
C 345
R
P 0000021830F39F78
P 0000021830FC32D0
C 256
= 0000021830FC6738
R
P 0000021830F39F78
C 345
R
P 0000021830F39F78
P 0000021830FC6738
C 211
R
P 0000021830F39F78
C 345
R
P 0000021830F39F78
P 0000021830FC32D0
C 262
R
P 0000021830F39F78
C 345
R
P 0000021830F39F78
P 0000021830FC32D0
C 261
R
P 0000021830F39F78
C 345
R
P 0000021830F39F78
P 0000021830FC32D0
C 260
R
P 0000021830F39F78
C 345
R
P 0000021830F39F78
P 0000021830FC32D0
C 9
R
P 0000021830F39F78
C 345
R
P 0000021830F39F78
P 0000021830FC32D0
C 251
R
P 0000021830F39F78
C 345
R
P 0000021830F39F78
P 0000021830FC32D0
U 0
C 252
= 0000021830FC7318
R
P 0000021830F39F78
C 345
R
P 0000021830F39F78
P 0000021830FC7318
C 259
R
P 0000021830F39F78
C 345
R
P 0000021830F39F78
P 0000021830FC7318
C 256
= 0000021830FC6738
R
P 0000021830F39F78
C 345
R
P 0000021830F39F78
P 0000021830FC6738
C 211
R
P 0000021830F39F78
C 345
R
P 0000021830F39F78
P 0000021830FC7318
C 262
R
P 0000021830F39F78
C 345
R
P 0000021830F39F78
P 0000021830FC7318
C 261
R
P 0000021830F39F78
C 345
R
P 0000021830F39F78
P 0000021830FC7318
C 260
R
P 0000021830F39F78
C 345
R
P 0000021830F39F78
P 0000021830FC7318
C 9
R
P 0000021830F39F78
C 345
R
P 0000021830F39F78
P 0000021830FC32D0
U 1
C 252
= 0000021830FC7558
R
P 0000021830F39F78
C 345
R
P 0000021830F39F78
P 0000021830FC7558
C 259
R
P 0000021830F39F78
C 345
R
P 0000021830F39F78
P 0000021830FC7558
C 256
= 0000021830FC6738
R
P 0000021830F39F78
C 345
R
P 0000021830F39F78
P 0000021830FC6738
C 211
R
P 0000021830F39F78
C 345
R
P 0000021830F39F78
P 0000021830FC7558
C 262
R
P 0000021830F39F78
C 345
R
P 0000021830F39F78
P 0000021830FC7558
C 261
R
P 0000021830F39F78
C 345
R
P 0000021830F39F78
P 0000021830FC7558
C 260
R
P 0000021830F39F78
C 345
R
P 0000021830F39F78
P 0000021830FC7558
C 9
R
P 0000021830F39F78
C 345
R
P 0000021830F39F78
P 0000021830FC7558
C 256
= 0000021830FC6738
R
P 0000021830F39F78
C 345
R
P 0000021830F39F78
P 0000021830FC6738
C 211
R
P 0000021830F39F78
C 345
R
P 0000021830F39F78
P 0000021830FC6738
C 259
R
P 0000021830F39F78
C 345
R
P 0000021830F39F78
P 0000021830FC6738
C 9
R
P 0000021830F39F78
C 345
R
P 0000021830F39F78
I 42
P 0000021830FC6738
C 152
= 0000021830FC76B8
R
P 0000021830F39F78
C 345
R
P 0000021830F39F78
P 0000021830FC76B8
C 260
R
P 0000021830F39F78
C 345
R
P 0000021830F39F78
P 0000021830FC76B8
C 9
R
P 0000021830F39F78
C 345
R
P 0000021830F39F78
C 56
= 0000021830FC66D8
R
P 0000021830F39F78
C 345
R
P 0000021830F39F78
P 0000021830FC66D8
C 260
R
P 0000021830F39F78
C 345
R
P 0000021830F39F78
P 0000021830FC66D8
C 9
R
P 0000021830F39F78
C 345
R
P 0000021830F39F78
C 56
= 0000021830FC66D8
R
P 0000021830F39F78
C 345
R
P 0000021830F39F78
P 0000021830FC66D8
C 260
R
P 0000021830F39F78
C 345
R
P 0000021830F39F78
P 0000021830FC66D8
C 9
R
P 0000021830F39F78
C 345
R
P 0000021830F39F78
C 57
= 0000021830FC66F8
R
P 0000021830F39F78
C 345
R
P 0000021830F39F78
P 0000021830FC66F8
C 260
R
P 0000021830F39F78
C 345
R
P 0000021830F39F78
P 0000021830FC66F8
C 9
R
P 0000021830F39F78
C 345
R
P 0000021830F39F78
C 57
= 0000021830FC66F8
R
P 0000021830F39F78
C 345
R
P 0000021830F39F78
P 0000021830FC66F8
C 260
R
P 0000021830F39F78
C 345
R
P 0000021830F39F78
P 0000021830FC66F8
C 9
R
P 0000021830F39F78
C 345
R
P 0000021830F39F78
P 0000021830FC66D8
C 60
= 0000021830FBD258
R
P 0000021830F39F78
C 345
R
P 0000021830F39F78
P 0000021830FBD258
C 260
R
P 0000021830F39F78
C 345
R
P 0000021830F39F78
P 0000021830FBD258
C 9
R
P 0000021830F39F78
C 345
R
P 0000021830F39F78
P 0000021830FC66D8
C 60
= 0000021830FBD258
R
P 0000021830F39F78
C 345
R
P 0000021830F39F78
P 0000021830FBD258
C 260
R
P 0000021830F39F78
C 345
R
P 0000021830F39F78
P 0000021830FBD258
C 9
R
P 0000021830F39F78
C 345
R
P 0000021830F39F78
P 0000021830FC66F8
C 60
= 0000021830FBD288
R
P 0000021830F39F78
C 345
R
P 0000021830F39F78
P 0000021830FBD288
C 260
R
P 0000021830F39F78
C 345
R
P 0000021830F39F78
P 0000021830FBD288
C 9
R
P 0000021830F39F78
C 345
R
P 0000021830F39F78
P 0000021830FC66F8
C 60
= 0000021830FBD288
R
P 0000021830F39F78
C 345
R
P 0000021830F39F78
P 0000021830FBD288
C 260
R
P 0000021830F39F78
C 345
R
P 0000021830F39F78
P 0000021830FBD288
C 9
R
P 0000021830F39F78
C 345
M "SudokuExample"
R
P 0000021830F39F78
S "x_1_1"
C 30
R
P 0000021830F39F78
C 345
R
P 0000021830F39F78
$ |x_1_1|
C 204
R
P 0000021830F39F78
C 345
R
P 0000021830F39F78
$ |x_1_1|
P 0000021830FC6738
C 51
= 0000021830FC7878
R
P 0000021830F39F78
C 345
R
P 0000021830F39F78
P 0000021830FC7878
C 259
R
P 0000021830F39F78
C 345
R
P 0000021830F39F78
P 0000021830FC7878
C 256
= 0000021830FC6738
R
P 0000021830F39F78
C 345
R
P 0000021830F39F78
P 0000021830FC6738
C 211
R
P 0000021830F39F78
C 345
R
P 0000021830F39F78
P 0000021830FC7878
C 262
R
P 0000021830F39F78
C 345
R
P 0000021830F39F78
P 0000021830FC7878
C 261
R
P 0000021830F39F78
C 345
R
P 0000021830F39F78
P 0000021830FC7878
C 260
R
P 0000021830F39F78
C 345
R
P 0000021830F39F78
P 0000021830FC7878
C 9
R
P 0000021830F39F78
C 345
R
P 0000021830F39F78
S "x_1_2"
C 30
R
P 0000021830F39F78
C 345
R
P 0000021830F39F78
$ |x_1_2|
C 204
R
P 0000021830F39F78
C 345
R
P 0000021830F39F78
$ |x_1_2|
P 0000021830FC6738
C 51
= 0000021830FC7898
R
P 0000021830F39F78
C 345
R
P 0000021830F39F78
P 0000021830FC7898
C 259
R
P 0000021830F39F78
C 345
R
P 0000021830F39F78
P 0000021830FC7898
C 256
= 0000021830FC6738
R
P 0000021830F39F78
C 345
R
P 0000021830F39F78
P 0000021830FC6738
C 211
R
P 0000021830F39F78
C 345
R
P 0000021830F39F78
P 0000021830FC7898
C 262
R
P 0000021830F39F78
C 345
R
P 0000021830F39F78
P 0000021830FC7898
C 261
R
P 0000021830F39F78
C 345
R
P 0000021830F39F78
P 0000021830FC7898
C 260
R
P 0000021830F39F78
C 345
R
P 0000021830F39F78
P 0000021830FC7898
C 9
R
P 0000021830F39F78
C 345
R
P 0000021830F39F78
S "x_1_3"
C 30
R
P 0000021830F39F78
C 345
R
P 0000021830F39F78
$ |x_1_3|
C 204
R
P 0000021830F39F78
C 345
R
P 0000021830F39F78
$ |x_1_3|
P 0000021830FC6738
C 51
= 0000021830FC78B8
R
P 0000021830F39F78
C 345
R
P 0000021830F39F78
P 0000021830FC78B8
C 259
R
P 0000021830F39F78
C 345
R
P 0000021830F39F78
P 0000021830FC78B8
C 256
= 0000021830FC6738
R
P 0000021830F39F78
C 345
R
P 0000021830F39F78
P 0000021830FC6738
C 211
R
P 0000021830F39F78
C 345
R
P 0000021830F39F78
P 0000021830FC78B8
C 262
R
P 0000021830F39F78
C 345
R
P 0000021830F39F78
P 0000021830FC78B8
C 261
R
P 0000021830F39F78
C 345
R
P 0000021830F39F78
P 0000021830FC78B8
C 260
R
P 0000021830F39F78
C 345
R
P 0000021830F39F78
P 0000021830FC78B8
C 9
R
P 0000021830F39F78
C 345
R
P 0000021830F39F78
S "x_1_4"
C 30
R
P 0000021830F39F78
C 345
R
P 0000021830F39F78
$ |x_1_4|
C 204
R
P 0000021830F39F78
C 345
R
P 0000021830F39F78
$ |x_1_4|
P 0000021830FC6738
C 51
= 0000021830FC78D8
R
P 0000021830F39F78
C 345
R
P 0000021830F39F78
P 0000021830FC78D8
C 259
R
P 0000021830F39F78
C 345
R
P 0000021830F39F78
P 0000021830FC78D8
C 256
= 0000021830FC6738
R
P 0000021830F39F78
C 345
R
P 0000021830F39F78
P 0000021830FC6738
C 211
R
P 0000021830F39F78
C 345
R
P 0000021830F39F78
P 0000021830FC78D8
C 262
R
P 0000021830F39F78
C 345
R
P 0000021830F39F78
P 0000021830FC78D8
C 261
R
P 0000021830F39F78
C 345
R
P 0000021830F39F78
P 0000021830FC78D8
C 260
R
P 0000021830F39F78
C 345
R
P 0000021830F39F78
P 0000021830FC78D8
C 9
R
P 0000021830F39F78
C 345
R
P 0000021830F39F78
S "x_1_5"
C 30
R
P 0000021830F39F78
C 345
R
P 0000021830F39F78
$ |x_1_5|
C 204
R
P 0000021830F39F78
C 345
R
P 0000021830F39F78
$ |x_1_5|
P 0000021830FC6738
C 51
= 0000021830FC78F8
R
P 0000021830F39F78
C 345
R
P 0000021830F39F78
P 0000021830FC78F8
C 259
R
P 0000021830F39F78
C 345
R
P 0000021830F39F78
P 0000021830FC78F8
C 256
= 0000021830FC6738
R
P 0000021830F39F78
C 345
R
P 0000021830F39F78
P 0000021830FC6738
C 211
R
P 0000021830F39F78
C 345
R
P 0000021830F39F78
P 0000021830FC78F8
C 262
R
P 0000021830F39F78
C 345
R
P 0000021830F39F78
P 0000021830FC78F8
C 261
R
P 0000021830F39F78
C 345
R
P 0000021830F39F78
P 0000021830FC78F8
C 260
R
P 0000021830F39F78
C 345
R
P 0000021830F39F78
P 0000021830FC78F8
C 9
R
P 0000021830F39F78
C 345
R
P 0000021830F39F78
S "x_1_6"
C 30
R
P 0000021830F39F78
C 345
R
P 0000021830F39F78
$ |x_1_6|
C 204
R
P 0000021830F39F78
C 345
R
P 0000021830F39F78
$ |x_1_6|
P 0000021830FC6738
C 51
= 0000021830FC7918
R
P 0000021830F39F78
C 345
R
P 0000021830F39F78
P 0000021830FC7918
C 259
R
P 0000021830F39F78
C 345
R
P 0000021830F39F78
P 0000021830FC7918
C 256
= 0000021830FC6738
R
P 0000021830F39F78
C 345
R
P 0000021830F39F78
P 0000021830FC6738
C 211
R
P 0000021830F39F78
C 345
R
P 0000021830F39F78
P 0000021830FC7918
C 262
R
P 0000021830F39F78
C 345
R
P 0000021830F39F78
P 0000021830FC7918
C 261
R
P 0000021830F39F78
C 345
R
P 0000021830F39F78
P 0000021830FC7918
C 260
R
P 0000021830F39F78
C 345
R
P 0000021830F39F78
P 0000021830FC7918
C 9
R
P 0000021830F39F78
C 345
R
P 0000021830F39F78
S "x_1_7"
C 30
R
P 0000021830F39F78
C 345
R
P 0000021830F39F78
$ |x_1_7|
C 204
R
P 0000021830F39F78
C 345
R
P 0000021830F39F78
$ |x_1_7|
P 0000021830FC6738
C 51
= 0000021830FC7938
R
P 0000021830F39F78
C 345
R
P 0000021830F39F78
P 0000021830FC7938
C 259
R
P 0000021830F39F78
C 345
R
P 0000021830F39F78
P 0000021830FC7938
C 256
= 0000021830FC6738
R
P 0000021830F39F78
C 345
R
P 0000021830F39F78
P 0000021830FC6738
C 211
R
P 0000021830F39F78
C 345
R
P 0000021830F39F78
P 0000021830FC7938
C 262
R
P 0000021830F39F78
C 345
R
P 0000021830F39F78
P 0000021830FC7938
C 261
R
P 0000021830F39F78
C 345
R
P 0000021830F39F78
P 0000021830FC7938
C 260
R
P 0000021830F39F78
C 345
R
P 0000021830F39F78
P 0000021830FC7938
C 9
R
P 0000021830F39F78
C 345
R
P 0000021830F39F78
S "x_1_8"
C 30
R
P 0000021830F39F78
C 345
R
P 0000021830F39F78
$ |x_1_8|
C 204
R
P 0000021830F39F78
C 345
R
P 0000021830F39F78
$ |x_1_8|
P 0000021830FC6738
C 51
= 0000021830FC7958
R
P 0000021830F39F78
C 345
R
P 0000021830F39F78
P 0000021830FC7958
C 259
R
P 0000021830F39F78
C 345
R
P 0000021830F39F78
P 0000021830FC7958
C 256
= 0000021830FC6738
R
P 0000021830F39F78
C 345
R
P 0000021830F39F78
P 0000021830FC6738
C 211
R
P 0000021830F39F78
C 345
R
P 0000021830F39F78
P 0000021830FC7958
C 262
R
P 0000021830F39F78
C 345
R
P 0000021830F39F78
P 0000021830FC7958
C 261
R
P 0000021830F39F78
C 345
R
P 0000021830F39F78
P 0000021830FC7958
C 260
R
P 0000021830F39F78
C 345
R
P 0000021830F39F78
P 0000021830FC7958
C 9
R
P 0000021830F39F78
C 345
R
P 0000021830F39F78
S "x_1_9"
C 30
R
P 0000021830F39F78
C 345
R
P 0000021830F39F78
$ |x_1_9|
C 204
R
P 0000021830F39F78
C 345
R
P 0000021830F39F78
$ |x_1_9|
P 0000021830FC6738
C 51
= 0000021830FC7978
R
P 0000021830F39F78
C 345
R
P 0000021830F39F78
P 0000021830FC7978
C 259
R
P 0000021830F39F78
C 345
R
P 0000021830F39F78
P 0000021830FC7978
C 256
= 0000021830FC6738
R
P 0000021830F39F78
C 345
R
P 0000021830F39F78
P 0000021830FC6738
C 211
R
P 0000021830F39F78
C 345
R
P 0000021830F39F78
P 0000021830FC7978
C 262
R
P 0000021830F39F78
C 345
R
P 0000021830F39F78
P 0000021830FC7978
C 261
R
P 0000021830F39F78
C 345
R
P 0000021830F39F78
P 0000021830FC7978
C 260
R
P 0000021830F39F78
C 345
R
P 0000021830F39F78
P 0000021830FC7978
C 9
R
P 0000021830F39F78
C 345
R
P 0000021830F39F78
S "x_2_1"
C 30
R
P 0000021830F39F78
C 345
R
P 0000021830F39F78
$ |x_2_1|
C 204
R
P 0000021830F39F78
C 345
R
P 0000021830F39F78
$ |x_2_1|
P 0000021830FC6738
C 51
= 0000021830FC7998
R
P 0000021830F39F78
C 345
R
P 0000021830F39F78
P 0000021830FC7998
C 259
R
P 0000021830F39F78
C 345
R
P 0000021830F39F78
P 0000021830FC7998
C 256
= 0000021830FC6738
R
P 0000021830F39F78
C 345
R
P 0000021830F39F78
P 0000021830FC6738
C 211
R
P 0000021830F39F78
C 345
R
P 0000021830F39F78
P 0000021830FC7998
C 262
R
P 0000021830F39F78
C 345
R
P 0000021830F39F78
P 0000021830FC7998
C 261
R
P 0000021830F39F78
C 345
R
P 0000021830F39F78
P 0000021830FC7998
C 260
R
P 0000021830F39F78
C 345
R
P 0000021830F39F78
P 0000021830FC7998
C 9
R
P 0000021830F39F78
C 345
R
P 0000021830F39F78
S "x_2_2"
C 30
R
P 0000021830F39F78
C 345
R
P 0000021830F39F78
$ |x_2_2|
C 204
R
P 0000021830F39F78
C 345
R
P 0000021830F39F78
$ |x_2_2|
P 0000021830FC6738
C 51
= 0000021830FC79B8
R
P 0000021830F39F78
C 345
R
P 0000021830F39F78
P 0000021830FC79B8
C 259
R
P 0000021830F39F78
C 345
R
P 0000021830F39F78
P 0000021830FC79B8
C 256
= 0000021830FC6738
R
P 0000021830F39F78
C 345
R
P 0000021830F39F78
P 0000021830FC6738
C 211
R
P 0000021830F39F78
C 345
R
P 0000021830F39F78
P 0000021830FC79B8
C 262
R
P 0000021830F39F78
C 345
R
P 0000021830F39F78
P 0000021830FC79B8
C 261
R
P 0000021830F39F78
C 345
R
P 0000021830F39F78
P 0000021830FC79B8
C 260
R
P 0000021830F39F78
C 345
R
P 0000021830F39F78
P 0000021830FC79B8
C 9
R
P 0000021830F39F78
C 345
R
P 0000021830F39F78
S "x_2_3"
C 30
R
P 0000021830F39F78
C 345
R
P 0000021830F39F78
$ |x_2_3|
C 204
R
P 0000021830F39F78
C 345
R
P 0000021830F39F78
$ |x_2_3|
P 0000021830FC6738
C 51
= 0000021830FC79D8
R
P 0000021830F39F78
C 345
R
P 0000021830F39F78
P 0000021830FC79D8
C 259
R
P 0000021830F39F78
C 345
R
P 0000021830F39F78
P 0000021830FC79D8
C 256
= 0000021830FC6738
R
P 0000021830F39F78
C 345
R
P 0000021830F39F78
P 0000021830FC6738
C 211
R
P 0000021830F39F78
C 345
R
P 0000021830F39F78
P 0000021830FC79D8
C 262
R
P 0000021830F39F78
C 345
R
P 0000021830F39F78
P 0000021830FC79D8
C 261
R
P 0000021830F39F78
C 345
R
P 0000021830F39F78
P 0000021830FC79D8
C 260
R
P 0000021830F39F78
C 345
R
P 0000021830F39F78
P 0000021830FC79D8
C 9
R
P 0000021830F39F78
C 345
R
P 0000021830F39F78
S "x_2_4"
C 30
R
P 0000021830F39F78
C 345
R
P 0000021830F39F78
$ |x_2_4|
C 204
R
P 0000021830F39F78
C 345
R
P 0000021830F39F78
$ |x_2_4|
P 0000021830FC6738
C 51
= 0000021830FC79F8
R
P 0000021830F39F78
C 345
R
P 0000021830F39F78
P 0000021830FC79F8
C 259
R
P 0000021830F39F78
C 345
R
P 0000021830F39F78
P 0000021830FC79F8
C 256
= 0000021830FC6738
R
P 0000021830F39F78
C 345
R
P 0000021830F39F78
P 0000021830FC6738
C 211
R
P 0000021830F39F78
C 345
R
P 0000021830F39F78
P 0000021830FC79F8
C 262
R
P 0000021830F39F78
C 345
R
P 0000021830F39F78
P 0000021830FC79F8
C 261
R
P 0000021830F39F78
C 345
R
P 0000021830F39F78
P 0000021830FC79F8
C 260
R
P 0000021830F39F78
C 345
R
P 0000021830F39F78
P 0000021830FC79F8
C 9
R
P 0000021830F39F78
C 345
R
P 0000021830F39F78
S "x_2_5"
C 30
R
P 0000021830F39F78
C 345
R
P 0000021830F39F78
$ |x_2_5|
C 204
R
P 0000021830F39F78
C 345
R
P 0000021830F39F78
$ |x_2_5|
P 0000021830FC6738
C 51
= 0000021830FC7A18
R
P 0000021830F39F78
C 345
R
P 0000021830F39F78
P 0000021830FC7A18
C 259
R
P 0000021830F39F78
C 345
R
P 0000021830F39F78
P 0000021830FC7A18
C 256
= 0000021830FC6738
R
P 0000021830F39F78
C 345
R
P 0000021830F39F78
P 0000021830FC6738
C 211
R
P 0000021830F39F78
C 345
R
P 0000021830F39F78
P 0000021830FC7A18
C 262
R
P 0000021830F39F78
C 345
R
P 0000021830F39F78
P 0000021830FC7A18
C 261
R
P 0000021830F39F78
C 345
R
P 0000021830F39F78
P 0000021830FC7A18
C 260
R
P 0000021830F39F78
C 345
R
P 0000021830F39F78
P 0000021830FC7A18
C 9
R
P 0000021830F39F78
C 345
R
P 0000021830F39F78
S "x_2_6"
C 30
R
P 0000021830F39F78
C 345
R
P 0000021830F39F78
$ |x_2_6|
C 204
R
P 0000021830F39F78
C 345
R
P 0000021830F39F78
$ |x_2_6|
P 0000021830FC6738
C 51
= 0000021830FC7A38
R
P 0000021830F39F78
C 345
R
P 0000021830F39F78
P 0000021830FC7A38
C 259
R
P 0000021830F39F78
C 345
R
P 0000021830F39F78
P 0000021830FC7A38
C 256
= 0000021830FC6738
R
P 0000021830F39F78
C 345
R
P 0000021830F39F78
P 0000021830FC6738
C 211
R
P 0000021830F39F78
C 345
R
P 0000021830F39F78
P 0000021830FC7A38
C 262
R
P 0000021830F39F78
C 345
R
P 0000021830F39F78
P 0000021830FC7A38
C 261
R
P 0000021830F39F78
C 345
R
P 0000021830F39F78
P 0000021830FC7A38
C 260
R
P 0000021830F39F78
C 345
R
P 0000021830F39F78
P 0000021830FC7A38
C 9
R
P 0000021830F39F78
C 345
R
P 0000021830F39F78
S "x_2_7"
C 30
R
P 0000021830F39F78
C 345
R
P 0000021830F39F78
$ |x_2_7|
C 204
R
P 0000021830F39F78
C 345
R
P 0000021830F39F78
$ |x_2_7|
P 0000021830FC6738
C 51
= 0000021830FC7A58
R
P 0000021830F39F78
C 345
R
P 0000021830F39F78
P 0000021830FC7A58
C 259
R
P 0000021830F39F78
C 345
R
P 0000021830F39F78
P 0000021830FC7A58
C 256
= 0000021830FC6738
R
P 0000021830F39F78
C 345
R
P 0000021830F39F78
P 0000021830FC6738
C 211
R
P 0000021830F39F78
C 345
R
P 0000021830F39F78
P 0000021830FC7A58
C 262
R
P 0000021830F39F78
C 345
R
P 0000021830F39F78
P 0000021830FC7A58
C 261
R
P 0000021830F39F78
C 345
R
P 0000021830F39F78
P 0000021830FC7A58
C 260
R
P 0000021830F39F78
C 345
R
P 0000021830F39F78
P 0000021830FC7A58
C 9
R
P 0000021830F39F78
C 345
R
P 0000021830F39F78
S "x_2_8"
C 30
R
P 0000021830F39F78
C 345
R
P 0000021830F39F78
$ |x_2_8|
C 204
R
P 0000021830F39F78
C 345
R
P 0000021830F39F78
$ |x_2_8|
P 0000021830FC6738
C 51
= 0000021830FC7A78
R
P 0000021830F39F78
C 345
R
P 0000021830F39F78
P 0000021830FC7A78
C 259
R
P 0000021830F39F78
C 345
R
P 0000021830F39F78
P 0000021830FC7A78
C 256
= 0000021830FC6738
R
P 0000021830F39F78
C 345
R
P 0000021830F39F78
P 0000021830FC6738
C 211
R
P 0000021830F39F78
C 345
R
P 0000021830F39F78
P 0000021830FC7A78
C 262
R
P 0000021830F39F78
C 345
R
P 0000021830F39F78
P 0000021830FC7A78
C 261
R
P 0000021830F39F78
C 345
R
P 0000021830F39F78
P 0000021830FC7A78
C 260
R
P 0000021830F39F78
C 345
R
P 0000021830F39F78
P 0000021830FC7A78
C 9
R
P 0000021830F39F78
C 345
R
P 0000021830F39F78
S "x_2_9"
C 30
R
P 0000021830F39F78
C 345
R
P 0000021830F39F78
$ |x_2_9|
C 204
R
P 0000021830F39F78
C 345
R
P 0000021830F39F78
$ |x_2_9|
P 0000021830FC6738
C 51
= 0000021830FC7A98
R
P 0000021830F39F78
C 345
R
P 0000021830F39F78
P 0000021830FC7A98
C 259
R
P 0000021830F39F78
C 345
R
P 0000021830F39F78
P 0000021830FC7A98
C 256
= 0000021830FC6738
R
P 0000021830F39F78
C 345
R
P 0000021830F39F78
P 0000021830FC6738
C 211
R
P 0000021830F39F78
C 345
R
P 0000021830F39F78
P 0000021830FC7A98
C 262
R
P 0000021830F39F78
C 345
R
P 0000021830F39F78
P 0000021830FC7A98
C 261
R
P 0000021830F39F78
C 345
R
P 0000021830F39F78
P 0000021830FC7A98
C 260
R
P 0000021830F39F78
C 345
R
P 0000021830F39F78
P 0000021830FC7A98
C 9
R
P 0000021830F39F78
C 345
R
P 0000021830F39F78
S "x_3_1"
C 30
R
P 0000021830F39F78
C 345
R
P 0000021830F39F78
$ |x_3_1|
C 204
R
P 0000021830F39F78
C 345
R
P 0000021830F39F78
$ |x_3_1|
P 0000021830FC6738
C 51
= 0000021830FC7AB8
R
P 0000021830F39F78
C 345
R
P 0000021830F39F78
P 0000021830FC7AB8
C 259
R
P 0000021830F39F78
C 345
R
P 0000021830F39F78
P 0000021830FC7AB8
C 256
= 0000021830FC6738
R
P 0000021830F39F78
C 345
R
P 0000021830F39F78
P 0000021830FC6738
C 211
R
P 0000021830F39F78
C 345
R
P 0000021830F39F78
P 0000021830FC7AB8
C 262
R
P 0000021830F39F78
C 345
R
P 0000021830F39F78
P 0000021830FC7AB8
C 261
R
P 0000021830F39F78
C 345
R
P 0000021830F39F78
P 0000021830FC7AB8
C 260
R
P 0000021830F39F78
C 345
R
P 0000021830F39F78
P 0000021830FC7AB8
C 9
R
P 0000021830F39F78
C 345
R
P 0000021830F39F78
S "x_3_2"
C 30
R
P 0000021830F39F78
C 345
R
P 0000021830F39F78
$ |x_3_2|
C 204
R
P 0000021830F39F78
C 345
R
P 0000021830F39F78
$ |x_3_2|
P 0000021830FC6738
C 51
= 0000021830FC7AD8
R
P 0000021830F39F78
C 345
R
P 0000021830F39F78
P 0000021830FC7AD8
C 259
R
P 0000021830F39F78
C 345
R
P 0000021830F39F78
P 0000021830FC7AD8
C 256
= 0000021830FC6738
R
P 0000021830F39F78
C 345
R
P 0000021830F39F78
P 0000021830FC6738
C 211
R
P 0000021830F39F78
C 345
R
P 0000021830F39F78
P 0000021830FC7AD8
C 262
R
P 0000021830F39F78
C 345
R
P 0000021830F39F78
P 0000021830FC7AD8
C 261
R
P 0000021830F39F78
C 345
R
P 0000021830F39F78
P 0000021830FC7AD8
C 260
R
P 0000021830F39F78
C 345
R
P 0000021830F39F78
P 0000021830FC7AD8
C 9
R
P 0000021830F39F78
C 345
R
P 0000021830F39F78
S "x_3_3"
C 30
R
P 0000021830F39F78
C 345
R
P 0000021830F39F78
$ |x_3_3|
C 204
R
P 0000021830F39F78
C 345
R
P 0000021830F39F78
$ |x_3_3|
P 0000021830FC6738
C 51
= 0000021830FC7AF8
R
P 0000021830F39F78
C 345
R
P 0000021830F39F78
P 0000021830FC7AF8
C 259
R
P 0000021830F39F78
C 345
R
P 0000021830F39F78
P 0000021830FC7AF8
C 256
= 0000021830FC6738
R
P 0000021830F39F78
C 345
R
P 0000021830F39F78
P 0000021830FC6738
C 211
R
P 0000021830F39F78
C 345
R
P 0000021830F39F78
P 0000021830FC7AF8
C 262
R
P 0000021830F39F78
C 345
R
P 0000021830F39F78
P 0000021830FC7AF8
C 261
R
P 0000021830F39F78
C 345
R
P 0000021830F39F78
P 0000021830FC7AF8
C 260
R
P 0000021830F39F78
C 345
R
P 0000021830F39F78
P 0000021830FC7AF8
C 9
R
P 0000021830F39F78
C 345
R
P 0000021830F39F78
S "x_3_4"
C 30
R
P 0000021830F39F78
C 345
R
P 0000021830F39F78
$ |x_3_4|
C 204
R
P 0000021830F39F78
C 345
R
P 0000021830F39F78
$ |x_3_4|
P 0000021830FC6738
C 51
= 0000021830FC7B18
R
P 0000021830F39F78
C 345
R
P 0000021830F39F78
P 0000021830FC7B18
C 259
R
P 0000021830F39F78
C 345
R
P 0000021830F39F78
P 0000021830FC7B18
C 256
= 0000021830FC6738
R
P 0000021830F39F78
C 345
R
P 0000021830F39F78
P 0000021830FC6738
C 211
R
P 0000021830F39F78
C 345
R
P 0000021830F39F78
P 0000021830FC7B18
C 262
R
P 0000021830F39F78
C 345
R
P 0000021830F39F78
P 0000021830FC7B18
C 261
R
P 0000021830F39F78
C 345
R
P 0000021830F39F78
P 0000021830FC7B18
C 260
R
P 0000021830F39F78
C 345
R
P 0000021830F39F78
P 0000021830FC7B18
C 9
R
P 0000021830F39F78
C 345
R
P 0000021830F39F78
S "x_3_5"
C 30
R
P 0000021830F39F78
C 345
R
P 0000021830F39F78
$ |x_3_5|
C 204
R
P 0000021830F39F78
C 345
R
P 0000021830F39F78
$ |x_3_5|
P 0000021830FC6738
C 51
= 0000021830FC7B38
R
P 0000021830F39F78
C 345
R
P 0000021830F39F78
P 0000021830FC7B38
C 259
R
P 0000021830F39F78
C 345
R
P 0000021830F39F78
P 0000021830FC7B38
C 256
= 0000021830FC6738
R
P 0000021830F39F78
C 345
R
P 0000021830F39F78
P 0000021830FC6738
C 211
R
P 0000021830F39F78
C 345
R
P 0000021830F39F78
P 0000021830FC7B38
C 262
R
P 0000021830F39F78
C 345
R
P 0000021830F39F78
P 0000021830FC7B38
C 261
R
P 0000021830F39F78
C 345
R
P 0000021830F39F78
P 0000021830FC7B38
C 260
R
P 0000021830F39F78
C 345
R
P 0000021830F39F78
P 0000021830FC7B38
C 9
R
P 0000021830F39F78
C 345
R
P 0000021830F39F78
S "x_3_6"
C 30
R
P 0000021830F39F78
C 345
R
P 0000021830F39F78
$ |x_3_6|
C 204
R
P 0000021830F39F78
C 345
R
P 0000021830F39F78
$ |x_3_6|
P 0000021830FC6738
C 51
= 0000021830FC7B58
R
P 0000021830F39F78
C 345
R
P 0000021830F39F78
P 0000021830FC7B58
C 259
R
P 0000021830F39F78
C 345
R
P 0000021830F39F78
P 0000021830FC7B58
C 256
= 0000021830FC6738
R
P 0000021830F39F78
C 345
R
P 0000021830F39F78
P 0000021830FC6738
C 211
R
P 0000021830F39F78
C 345
R
P 0000021830F39F78
P 0000021830FC7B58
C 262
R
P 0000021830F39F78
C 345
R
P 0000021830F39F78
P 0000021830FC7B58
C 261
R
P 0000021830F39F78
C 345
R
P 0000021830F39F78
P 0000021830FC7B58
C 260
R
P 0000021830F39F78
C 345
R
P 0000021830F39F78
P 0000021830FC7B58
C 9
R
P 0000021830F39F78
C 345
R
P 0000021830F39F78
S "x_3_7"
C 30
R
P 0000021830F39F78
C 345
R
P 0000021830F39F78
$ |x_3_7|
C 204
R
P 0000021830F39F78
C 345
R
P 0000021830F39F78
$ |x_3_7|
P 0000021830FC6738
C 51
= 0000021830FC7B78
R
P 0000021830F39F78
C 345
R
P 0000021830F39F78
P 0000021830FC7B78
C 259
R
P 0000021830F39F78
C 345
R
P 0000021830F39F78
P 0000021830FC7B78
C 256
= 0000021830FC6738
R
P 0000021830F39F78
C 345
R
P 0000021830F39F78
P 0000021830FC6738
C 211
R
P 0000021830F39F78
C 345
R
P 0000021830F39F78
P 0000021830FC7B78
C 262
R
P 0000021830F39F78
C 345
R
P 0000021830F39F78
P 0000021830FC7B78
C 261
R
P 0000021830F39F78
C 345
R
P 0000021830F39F78
P 0000021830FC7B78
C 260
R
P 0000021830F39F78
C 345
R
P 0000021830F39F78
P 0000021830FC7B78
C 9
R
P 0000021830F39F78
C 345
R
P 0000021830F39F78
S "x_3_8"
C 30
R
P 0000021830F39F78
C 345
R
P 0000021830F39F78
$ |x_3_8|
C 204
R
P 0000021830F39F78
C 345
R
P 0000021830F39F78
$ |x_3_8|
P 0000021830FC6738
C 51
= 0000021830FC7B98
R
P 0000021830F39F78
C 345
R
P 0000021830F39F78
P 0000021830FC7B98
C 259
R
P 0000021830F39F78
C 345
R
P 0000021830F39F78
P 0000021830FC7B98
C 256
= 0000021830FC6738
R
P 0000021830F39F78
C 345
R
P 0000021830F39F78
P 0000021830FC6738
C 211
R
P 0000021830F39F78
C 345
R
P 0000021830F39F78
P 0000021830FC7B98
C 262
R
P 0000021830F39F78
C 345
R
P 0000021830F39F78
P 0000021830FC7B98
C 261
R
P 0000021830F39F78
C 345
R
P 0000021830F39F78
P 0000021830FC7B98
C 260
R
P 0000021830F39F78
C 345
R
P 0000021830F39F78
P 0000021830FC7B98
C 9
R
P 0000021830F39F78
C 345
R
P 0000021830F39F78
S "x_3_9"
C 30
R
P 0000021830F39F78
C 345
R
P 0000021830F39F78
$ |x_3_9|
C 204
R
P 0000021830F39F78
C 345
R
P 0000021830F39F78
$ |x_3_9|
P 0000021830FC6738
C 51
= 0000021830FC7BB8
R
P 0000021830F39F78
C 345
R
P 0000021830F39F78
P 0000021830FC7BB8
C 259
R
P 0000021830F39F78
C 345
R
P 0000021830F39F78
P 0000021830FC7BB8
C 256
= 0000021830FC6738
R
P 0000021830F39F78
C 345
R
P 0000021830F39F78
P 0000021830FC6738
C 211
R
P 0000021830F39F78
C 345
R
P 0000021830F39F78
P 0000021830FC7BB8
C 262
R
P 0000021830F39F78
C 345
R
P 0000021830F39F78
P 0000021830FC7BB8
C 261
R
P 0000021830F39F78
C 345
R
P 0000021830F39F78
P 0000021830FC7BB8
C 260
R
P 0000021830F39F78
C 345
R
P 0000021830F39F78
P 0000021830FC7BB8
C 9
R
P 0000021830F39F78
C 345
R
P 0000021830F39F78
S "x_4_1"
C 30
R
P 0000021830F39F78
C 345
R
P 0000021830F39F78
$ |x_4_1|
C 204
R
P 0000021830F39F78
C 345
R
P 0000021830F39F78
$ |x_4_1|
P 0000021830FC6738
C 51
= 0000021830FC7BD8
R
P 0000021830F39F78
C 345
R
P 0000021830F39F78
P 0000021830FC7BD8
C 259
R
P 0000021830F39F78
C 345
R
P 0000021830F39F78
P 0000021830FC7BD8
C 256
= 0000021830FC6738
R
P 0000021830F39F78
C 345
R
P 0000021830F39F78
P 0000021830FC6738
C 211
R
P 0000021830F39F78
C 345
R
P 0000021830F39F78
P 0000021830FC7BD8
C 262
R
P 0000021830F39F78
C 345
R
P 0000021830F39F78
P 0000021830FC7BD8
C 261
R
P 0000021830F39F78
C 345
R
P 0000021830F39F78
P 0000021830FC7BD8
C 260
R
P 0000021830F39F78
C 345
R
P 0000021830F39F78
P 0000021830FC7BD8
C 9
R
P 0000021830F39F78
C 345
R
P 0000021830F39F78
S "x_4_2"
C 30
R
P 0000021830F39F78
C 345
R
P 0000021830F39F78
$ |x_4_2|
C 204
R
P 0000021830F39F78
C 345
R
P 0000021830F39F78
$ |x_4_2|
P 0000021830FC6738
C 51
= 0000021830FC7BF8
R
P 0000021830F39F78
C 345
R
P 0000021830F39F78
P 0000021830FC7BF8
C 259
R
P 0000021830F39F78
C 345
R
P 0000021830F39F78
P 0000021830FC7BF8
C 256
= 0000021830FC6738
R
P 0000021830F39F78
C 345
R
P 0000021830F39F78
P 0000021830FC6738
C 211
R
P 0000021830F39F78
C 345
R
P 0000021830F39F78
P 0000021830FC7BF8
C 262
R
P 0000021830F39F78
C 345
R
P 0000021830F39F78
P 0000021830FC7BF8
C 261
R
P 0000021830F39F78
C 345
R
P 0000021830F39F78
P 0000021830FC7BF8
C 260
R
P 0000021830F39F78
C 345
R
P 0000021830F39F78
P 0000021830FC7BF8
C 9
R
P 0000021830F39F78
C 345
R
P 0000021830F39F78
S "x_4_3"
C 30
R
P 0000021830F39F78
C 345
R
P 0000021830F39F78
$ |x_4_3|
C 204
R
P 0000021830F39F78
C 345
R
P 0000021830F39F78
$ |x_4_3|
P 0000021830FC6738
C 51
= 0000021830FC7C18
R
P 0000021830F39F78
C 345
R
P 0000021830F39F78
P 0000021830FC7C18
C 259
R
P 0000021830F39F78
C 345
R
P 0000021830F39F78
P 0000021830FC7C18
C 256
= 0000021830FC6738
R
P 0000021830F39F78
C 345
R
P 0000021830F39F78
P 0000021830FC6738
C 211
R
P 0000021830F39F78
C 345
R
P 0000021830F39F78
P 0000021830FC7C18
C 262
R
P 0000021830F39F78
C 345
R
P 0000021830F39F78
P 0000021830FC7C18
C 261
R
P 0000021830F39F78
C 345
R
P 0000021830F39F78
P 0000021830FC7C18
C 260
R
P 0000021830F39F78
C 345
R
P 0000021830F39F78
P 0000021830FC7C18
C 9
R
P 0000021830F39F78
C 345
R
P 0000021830F39F78
S "x_4_4"
C 30
R
P 0000021830F39F78
C 345
R
P 0000021830F39F78
$ |x_4_4|
C 204
R
P 0000021830F39F78
C 345
R
P 0000021830F39F78
$ |x_4_4|
P 0000021830FC6738
C 51
= 0000021830FC7C38
R
P 0000021830F39F78
C 345
R
P 0000021830F39F78
P 0000021830FC7C38
C 259
R
P 0000021830F39F78
C 345
R
P 0000021830F39F78
P 0000021830FC7C38
C 256
= 0000021830FC6738
R
P 0000021830F39F78
C 345
R
P 0000021830F39F78
P 0000021830FC6738
C 211
R
P 0000021830F39F78
C 345
R
P 0000021830F39F78
P 0000021830FC7C38
C 262
R
P 0000021830F39F78
C 345
R
P 0000021830F39F78
P 0000021830FC7C38
C 261
R
P 0000021830F39F78
C 345
R
P 0000021830F39F78
P 0000021830FC7C38
C 260
R
P 0000021830F39F78
C 345
R
P 0000021830F39F78
P 0000021830FC7C38
C 9
R
P 0000021830F39F78
C 345
R
P 0000021830F39F78
S "x_4_5"
C 30
R
P 0000021830F39F78
C 345
R
P 0000021830F39F78
$ |x_4_5|
C 204
R
P 0000021830F39F78
C 345
R
P 0000021830F39F78
$ |x_4_5|
P 0000021830FC6738
C 51
= 0000021830FC7C58
R
P 0000021830F39F78
C 345
R
P 0000021830F39F78
P 0000021830FC7C58
C 259
R
P 0000021830F39F78
C 345
R
P 0000021830F39F78
P 0000021830FC7C58
C 256
= 0000021830FC6738
R
P 0000021830F39F78
C 345
R
P 0000021830F39F78
P 0000021830FC6738
C 211
R
P 0000021830F39F78
C 345
R
P 0000021830F39F78
P 0000021830FC7C58
C 262
R
P 0000021830F39F78
C 345
R
P 0000021830F39F78
P 0000021830FC7C58
C 261
R
P 0000021830F39F78
C 345
R
P 0000021830F39F78
P 0000021830FC7C58
C 260
R
P 0000021830F39F78
C 345
R
P 0000021830F39F78
P 0000021830FC7C58
C 9
R
P 0000021830F39F78
C 345
R
P 0000021830F39F78
S "x_4_6"
C 30
R
P 0000021830F39F78
C 345
R
P 0000021830F39F78
$ |x_4_6|
C 204
R
P 0000021830F39F78
C 345
R
P 0000021830F39F78
$ |x_4_6|
P 0000021830FC6738
C 51
= 0000021830FC7C78
R
P 0000021830F39F78
C 345
R
P 0000021830F39F78
P 0000021830FC7C78
C 259
R
P 0000021830F39F78
C 345
R
P 0000021830F39F78
P 0000021830FC7C78
C 256
= 0000021830FC6738
R
P 0000021830F39F78
C 345
R
P 0000021830F39F78
P 0000021830FC6738
C 211
R
P 0000021830F39F78
C 345
R
P 0000021830F39F78
P 0000021830FC7C78
C 262
R
P 0000021830F39F78
C 345
R
P 0000021830F39F78
P 0000021830FC7C78
C 261
R
P 0000021830F39F78
C 345
R
P 0000021830F39F78
P 0000021830FC7C78
C 260
R
P 0000021830F39F78
C 345
R
P 0000021830F39F78
P 0000021830FC7C78
C 9
R
P 0000021830F39F78
C 345
R
P 0000021830F39F78
S "x_4_7"
C 30
R
P 0000021830F39F78
C 345
R
P 0000021830F39F78
$ |x_4_7|
C 204
R
P 0000021830F39F78
C 345
R
P 0000021830F39F78
$ |x_4_7|
P 0000021830FC6738
C 51
= 0000021830FC7C98
R
P 0000021830F39F78
C 345
R
P 0000021830F39F78
P 0000021830FC7C98
C 259
R
P 0000021830F39F78
C 345
R
P 0000021830F39F78
P 0000021830FC7C98
C 256
= 0000021830FC6738
R
P 0000021830F39F78
C 345
R
P 0000021830F39F78
P 0000021830FC6738
C 211
R
P 0000021830F39F78
C 345
R
P 0000021830F39F78
P 0000021830FC7C98
C 262
R
P 0000021830F39F78
C 345
R
P 0000021830F39F78
P 0000021830FC7C98
C 261
R
P 0000021830F39F78
C 345
R
P 0000021830F39F78
P 0000021830FC7C98
C 260
R
P 0000021830F39F78
C 345
R
P 0000021830F39F78
P 0000021830FC7C98
C 9
R
P 0000021830F39F78
C 345
R
P 0000021830F39F78
S "x_4_8"
C 30
R
P 0000021830F39F78
C 345
R
P 0000021830F39F78
$ |x_4_8|
C 204
R
P 0000021830F39F78
C 345
R
P 0000021830F39F78
$ |x_4_8|
P 0000021830FC6738
C 51
= 0000021830FC7CB8
R
P 0000021830F39F78
C 345
R
P 0000021830F39F78
P 0000021830FC7CB8
C 259
R
P 0000021830F39F78
C 345
R
P 0000021830F39F78
P 0000021830FC7CB8
C 256
= 0000021830FC6738
R
P 0000021830F39F78
C 345
R
P 0000021830F39F78
P 0000021830FC6738
C 211
R
P 0000021830F39F78
C 345
R
P 0000021830F39F78
P 0000021830FC7CB8
C 262
R
P 0000021830F39F78
C 345
R
P 0000021830F39F78
P 0000021830FC7CB8
C 261
R
P 0000021830F39F78
C 345
R
P 0000021830F39F78
P 0000021830FC7CB8
C 260
R
P 0000021830F39F78
C 345
R
P 0000021830F39F78
P 0000021830FC7CB8
C 9
R
P 0000021830F39F78
C 345
R
P 0000021830F39F78
S "x_4_9"
C 30
R
P 0000021830F39F78
C 345
R
P 0000021830F39F78
$ |x_4_9|
C 204
R
P 0000021830F39F78
C 345
R
P 0000021830F39F78
$ |x_4_9|
P 0000021830FC6738
C 51
= 0000021830FC7CD8
R
P 0000021830F39F78
C 345
R
P 0000021830F39F78
P 0000021830FC7CD8
C 259
R
P 0000021830F39F78
C 345
R
P 0000021830F39F78
P 0000021830FC7CD8
C 256
= 0000021830FC6738
R
P 0000021830F39F78
C 345
R
P 0000021830F39F78
P 0000021830FC6738
C 211
R
P 0000021830F39F78
C 345
R
P 0000021830F39F78
P 0000021830FC7CD8
C 262
R
P 0000021830F39F78
C 345
R
P 0000021830F39F78
P 0000021830FC7CD8
C 261
R
P 0000021830F39F78
C 345
R
P 0000021830F39F78
P 0000021830FC7CD8
C 260
R
P 0000021830F39F78
C 345
R
P 0000021830F39F78
P 0000021830FC7CD8
C 9
R
P 0000021830F39F78
C 345
R
P 0000021830F39F78
S "x_5_1"
C 30
R
P 0000021830F39F78
C 345
R
P 0000021830F39F78
$ |x_5_1|
C 204
R
P 0000021830F39F78
C 345
R
P 0000021830F39F78
$ |x_5_1|
P 0000021830FC6738
C 51
= 0000021830FC7CF8
R
P 0000021830F39F78
C 345
R
P 0000021830F39F78
P 0000021830FC7CF8
C 259
R
P 0000021830F39F78
C 345
R
P 0000021830F39F78
P 0000021830FC7CF8
C 256
= 0000021830FC6738
R
P 0000021830F39F78
C 345
R
P 0000021830F39F78
P 0000021830FC6738
C 211
R
P 0000021830F39F78
C 345
R
P 0000021830F39F78
P 0000021830FC7CF8
C 262
R
P 0000021830F39F78
C 345
R
P 0000021830F39F78
P 0000021830FC7CF8
C 261
R
P 0000021830F39F78
C 345
R
P 0000021830F39F78
P 0000021830FC7CF8
C 260
R
P 0000021830F39F78
C 345
R
P 0000021830F39F78
P 0000021830FC7CF8
C 9
R
P 0000021830F39F78
C 345
R
P 0000021830F39F78
S "x_5_2"
C 30
R
P 0000021830F39F78
C 345
R
P 0000021830F39F78
$ |x_5_2|
C 204
R
P 0000021830F39F78
C 345
R
P 0000021830F39F78
$ |x_5_2|
P 0000021830FC6738
C 51
= 0000021830FC7D18
R
P 0000021830F39F78
C 345
R
P 0000021830F39F78
P 0000021830FC7D18
C 259
R
P 0000021830F39F78
C 345
R
P 0000021830F39F78
P 0000021830FC7D18
C 256
= 0000021830FC6738
R
P 0000021830F39F78
C 345
R
P 0000021830F39F78
P 0000021830FC6738
C 211
R
P 0000021830F39F78
C 345
R
P 0000021830F39F78
P 0000021830FC7D18
C 262
R
P 0000021830F39F78
C 345
R
P 0000021830F39F78
P 0000021830FC7D18
C 261
R
P 0000021830F39F78
C 345
R
P 0000021830F39F78
P 0000021830FC7D18
C 260
R
P 0000021830F39F78
C 345
R
P 0000021830F39F78
P 0000021830FC7D18
C 9
R
P 0000021830F39F78
C 345
R
P 0000021830F39F78
S "x_5_3"
C 30
R
P 0000021830F39F78
C 345
R
P 0000021830F39F78
$ |x_5_3|
C 204
R
P 0000021830F39F78
C 345
R
P 0000021830F39F78
$ |x_5_3|
P 0000021830FC6738
C 51
= 0000021830FC7D38
R
P 0000021830F39F78
C 345
R
P 0000021830F39F78
P 0000021830FC7D38
C 259
R
P 0000021830F39F78
C 345
R
P 0000021830F39F78
P 0000021830FC7D38
C 256
= 0000021830FC6738
R
P 0000021830F39F78
C 345
R
P 0000021830F39F78
P 0000021830FC6738
C 211
R
P 0000021830F39F78
C 345
R
P 0000021830F39F78
P 0000021830FC7D38
C 262
R
P 0000021830F39F78
C 345
R
P 0000021830F39F78
P 0000021830FC7D38
C 261
R
P 0000021830F39F78
C 345
R
P 0000021830F39F78
P 0000021830FC7D38
C 260
R
P 0000021830F39F78
C 345
R
P 0000021830F39F78
P 0000021830FC7D38
C 9
R
P 0000021830F39F78
C 345
R
P 0000021830F39F78
S "x_5_4"
C 30
R
P 0000021830F39F78
C 345
R
P 0000021830F39F78
$ |x_5_4|
C 204
R
P 0000021830F39F78
C 345
R
P 0000021830F39F78
$ |x_5_4|
P 0000021830FC6738
C 51
= 0000021830FC7D58
R
P 0000021830F39F78
C 345
R
P 0000021830F39F78
P 0000021830FC7D58
C 259
R
P 0000021830F39F78
C 345
R
P 0000021830F39F78
P 0000021830FC7D58
C 256
= 0000021830FC6738
R
P 0000021830F39F78
C 345
R
P 0000021830F39F78
P 0000021830FC6738
C 211
R
P 0000021830F39F78
C 345
R
P 0000021830F39F78
P 0000021830FC7D58
C 262
R
P 0000021830F39F78
C 345
R
P 0000021830F39F78
P 0000021830FC7D58
C 261
R
P 0000021830F39F78
C 345
R
P 0000021830F39F78
P 0000021830FC7D58
C 260
R
P 0000021830F39F78
C 345
R
P 0000021830F39F78
P 0000021830FC7D58
C 9
R
P 0000021830F39F78
C 345
R
P 0000021830F39F78
S "x_5_5"
C 30
R
P 0000021830F39F78
C 345
R
P 0000021830F39F78
$ |x_5_5|
C 204
R
P 0000021830F39F78
C 345
R
P 0000021830F39F78
$ |x_5_5|
P 0000021830FC6738
C 51
= 0000021830FC7D78
R
P 0000021830F39F78
C 345
R
P 0000021830F39F78
P 0000021830FC7D78
C 259
R
P 0000021830F39F78
C 345
R
P 0000021830F39F78
P 0000021830FC7D78
C 256
= 0000021830FC6738
R
P 0000021830F39F78
C 345
R
P 0000021830F39F78
P 0000021830FC6738
C 211
R
P 0000021830F39F78
C 345
R
P 0000021830F39F78
P 0000021830FC7D78
C 262
R
P 0000021830F39F78
C 345
R
P 0000021830F39F78
P 0000021830FC7D78
C 261
R
P 0000021830F39F78
C 345
R
P 0000021830F39F78
P 0000021830FC7D78
C 260
R
P 0000021830F39F78
C 345
R
P 0000021830F39F78
P 0000021830FC7D78
C 9
R
P 0000021830F39F78
C 345
R
P 0000021830F39F78
S "x_5_6"
C 30
R
P 0000021830F39F78
C 345
R
P 0000021830F39F78
$ |x_5_6|
C 204
R
P 0000021830F39F78
C 345
R
P 0000021830F39F78
$ |x_5_6|
P 0000021830FC6738
C 51
= 0000021830FC7D98
R
P 0000021830F39F78
C 345
R
P 0000021830F39F78
P 0000021830FC7D98
C 259
R
P 0000021830F39F78
C 345
R
P 0000021830F39F78
P 0000021830FC7D98
C 256
= 0000021830FC6738
R
P 0000021830F39F78
C 345
R
P 0000021830F39F78
P 0000021830FC6738
C 211
R
P 0000021830F39F78
C 345
R
P 0000021830F39F78
P 0000021830FC7D98
C 262
R
P 0000021830F39F78
C 345
R
P 0000021830F39F78
P 0000021830FC7D98
C 261
R
P 0000021830F39F78
C 345
R
P 0000021830F39F78
P 0000021830FC7D98
C 260
R
P 0000021830F39F78
C 345
R
P 0000021830F39F78
P 0000021830FC7D98
C 9
R
P 0000021830F39F78
C 345
R
P 0000021830F39F78
S "x_5_7"
C 30
R
P 0000021830F39F78
C 345
R
P 0000021830F39F78
$ |x_5_7|
C 204
R
P 0000021830F39F78
C 345
R
P 0000021830F39F78
$ |x_5_7|
P 0000021830FC6738
C 51
= 0000021830FC7DB8
R
P 0000021830F39F78
C 345
R
P 0000021830F39F78
P 0000021830FC7DB8
C 259
R
P 0000021830F39F78
C 345
R
P 0000021830F39F78
P 0000021830FC7DB8
C 256
= 0000021830FC6738
R
P 0000021830F39F78
C 345
R
P 0000021830F39F78
P 0000021830FC6738
C 211
R
P 0000021830F39F78
C 345
R
P 0000021830F39F78
P 0000021830FC7DB8
C 262
R
P 0000021830F39F78
C 345
R
P 0000021830F39F78
P 0000021830FC7DB8
C 261
R
P 0000021830F39F78
C 345
R
P 0000021830F39F78
P 0000021830FC7DB8
C 260
R
P 0000021830F39F78
C 345
R
P 0000021830F39F78
P 0000021830FC7DB8
C 9
R
P 0000021830F39F78
C 345
R
P 0000021830F39F78
S "x_5_8"
C 30
R
P 0000021830F39F78
C 345
R
P 0000021830F39F78
$ |x_5_8|
C 204
R
P 0000021830F39F78
C 345
R
P 0000021830F39F78
$ |x_5_8|
P 0000021830FC6738
C 51
= 0000021830FC7DD8
R
P 0000021830F39F78
C 345
R
P 0000021830F39F78
P 0000021830FC7DD8
C 259
R
P 0000021830F39F78
C 345
R
P 0000021830F39F78
P 0000021830FC7DD8
C 256
= 0000021830FC6738
R
P 0000021830F39F78
C 345
R
P 0000021830F39F78
P 0000021830FC6738
C 211
R
P 0000021830F39F78
C 345
R
P 0000021830F39F78
P 0000021830FC7DD8
C 262
R
P 0000021830F39F78
C 345
R
P 0000021830F39F78
P 0000021830FC7DD8
C 261
R
P 0000021830F39F78
C 345
R
P 0000021830F39F78
P 0000021830FC7DD8
C 260
R
P 0000021830F39F78
C 345
R
P 0000021830F39F78
P 0000021830FC7DD8
C 9
R
P 0000021830F39F78
C 345
R
P 0000021830F39F78
S "x_5_9"
C 30
R
P 0000021830F39F78
C 345
R
P 0000021830F39F78
$ |x_5_9|
C 204
R
P 0000021830F39F78
C 345
R
P 0000021830F39F78
$ |x_5_9|
P 0000021830FC6738
C 51
= 0000021830FC7DF8
R
P 0000021830F39F78
C 345
R
P 0000021830F39F78
P 0000021830FC7DF8
C 259
R
P 0000021830F39F78
C 345
R
P 0000021830F39F78
P 0000021830FC7DF8
C 256
= 0000021830FC6738
R
P 0000021830F39F78
C 345
R
P 0000021830F39F78
P 0000021830FC6738
C 211
R
P 0000021830F39F78
C 345
R
P 0000021830F39F78
P 0000021830FC7DF8
C 262
R
P 0000021830F39F78
C 345
R
P 0000021830F39F78
P 0000021830FC7DF8
C 261
R
P 0000021830F39F78
C 345
R
P 0000021830F39F78
P 0000021830FC7DF8
C 260
R
P 0000021830F39F78
C 345
R
P 0000021830F39F78
P 0000021830FC7DF8
C 9
R
P 0000021830F39F78
C 345
R
P 0000021830F39F78
S "x_6_1"
C 30
R
P 0000021830F39F78
C 345
R
P 0000021830F39F78
$ |x_6_1|
C 204
R
P 0000021830F39F78
C 345
R
P 0000021830F39F78
$ |x_6_1|
P 0000021830FC6738
C 51
= 0000021830FC7E18
R
P 0000021830F39F78
C 345
R
P 0000021830F39F78
P 0000021830FC7E18
C 259
R
P 0000021830F39F78
C 345
R
P 0000021830F39F78
P 0000021830FC7E18
C 256
= 0000021830FC6738
R
P 0000021830F39F78
C 345
R
P 0000021830F39F78
P 0000021830FC6738
C 211
R
P 0000021830F39F78
C 345
R
P 0000021830F39F78
P 0000021830FC7E18
C 262
R
P 0000021830F39F78
C 345
R
P 0000021830F39F78
P 0000021830FC7E18
C 261
R
P 0000021830F39F78
C 345
R
P 0000021830F39F78
P 0000021830FC7E18
C 260
R
P 0000021830F39F78
C 345
R
P 0000021830F39F78
P 0000021830FC7E18
C 9
R
P 0000021830F39F78
C 345
R
P 0000021830F39F78
S "x_6_2"
C 30
R
P 0000021830F39F78
C 345
R
P 0000021830F39F78
$ |x_6_2|
C 204
R
P 0000021830F39F78
C 345
R
P 0000021830F39F78
$ |x_6_2|
P 0000021830FC6738
C 51
= 0000021830FC7E38
R
P 0000021830F39F78
C 345
R
P 0000021830F39F78
P 0000021830FC7E38
C 259
R
P 0000021830F39F78
C 345
R
P 0000021830F39F78
P 0000021830FC7E38
C 256
= 0000021830FC6738
R
P 0000021830F39F78
C 345
R
P 0000021830F39F78
P 0000021830FC6738
C 211
R
P 0000021830F39F78
C 345
R
P 0000021830F39F78
P 0000021830FC7E38
C 262
R
P 0000021830F39F78
C 345
R
P 0000021830F39F78
P 0000021830FC7E38
C 261
R
P 0000021830F39F78
C 345
R
P 0000021830F39F78
P 0000021830FC7E38
C 260
R
P 0000021830F39F78
C 345
R
P 0000021830F39F78
P 0000021830FC7E38
C 9
R
P 0000021830F39F78
C 345
R
P 0000021830F39F78
S "x_6_3"
C 30
R
P 0000021830F39F78
C 345
R
P 0000021830F39F78
$ |x_6_3|
C 204
R
P 0000021830F39F78
C 345
R
P 0000021830F39F78
$ |x_6_3|
P 0000021830FC6738
C 51
= 0000021830FC7E58
R
P 0000021830F39F78
C 345
R
P 0000021830F39F78
P 0000021830FC7E58
C 259
R
P 0000021830F39F78
C 345
R
P 0000021830F39F78
P 0000021830FC7E58
C 256
= 0000021830FC6738
R
P 0000021830F39F78
C 345
R
P 0000021830F39F78
P 0000021830FC6738
C 211
R
P 0000021830F39F78
C 345
R
P 0000021830F39F78
P 0000021830FC7E58
C 262
R
P 0000021830F39F78
C 345
R
P 0000021830F39F78
P 0000021830FC7E58
C 261
R
P 0000021830F39F78
C 345
R
P 0000021830F39F78
P 0000021830FC7E58
C 260
R
P 0000021830F39F78
C 345
R
P 0000021830F39F78
P 0000021830FC7E58
C 9
R
P 0000021830F39F78
C 345
R
P 0000021830F39F78
S "x_6_4"
C 30
R
P 0000021830F39F78
C 345
R
P 0000021830F39F78
$ |x_6_4|
C 204
R
P 0000021830F39F78
C 345
R
P 0000021830F39F78
$ |x_6_4|
P 0000021830FC6738
C 51
= 0000021830FC7E78
R
P 0000021830F39F78
C 345
R
P 0000021830F39F78
P 0000021830FC7E78
C 259
R
P 0000021830F39F78
C 345
R
P 0000021830F39F78
P 0000021830FC7E78
C 256
= 0000021830FC6738
R
P 0000021830F39F78
C 345
R
P 0000021830F39F78
P 0000021830FC6738
C 211
R
P 0000021830F39F78
C 345
R
P 0000021830F39F78
P 0000021830FC7E78
C 262
R
P 0000021830F39F78
C 345
R
P 0000021830F39F78
P 0000021830FC7E78
C 261
R
P 0000021830F39F78
C 345
R
P 0000021830F39F78
P 0000021830FC7E78
C 260
R
P 0000021830F39F78
C 345
R
P 0000021830F39F78
P 0000021830FC7E78
C 9
R
P 0000021830F39F78
C 345
R
P 0000021830F39F78
S "x_6_5"
C 30
R
P 0000021830F39F78
C 345
R
P 0000021830F39F78
$ |x_6_5|
C 204
R
P 0000021830F39F78
C 345
R
P 0000021830F39F78
$ |x_6_5|
P 0000021830FC6738
C 51
= 0000021830FC7E98
R
P 0000021830F39F78
C 345
R
P 0000021830F39F78
P 0000021830FC7E98
C 259
R
P 0000021830F39F78
C 345
R
P 0000021830F39F78
P 0000021830FC7E98
C 256
= 0000021830FC6738
R
P 0000021830F39F78
C 345
R
P 0000021830F39F78
P 0000021830FC6738
C 211
R
P 0000021830F39F78
C 345
R
P 0000021830F39F78
P 0000021830FC7E98
C 262
R
P 0000021830F39F78
C 345
R
P 0000021830F39F78
P 0000021830FC7E98
C 261
R
P 0000021830F39F78
C 345
R
P 0000021830F39F78
P 0000021830FC7E98
C 260
R
P 0000021830F39F78
C 345
R
P 0000021830F39F78
P 0000021830FC7E98
C 9
R
P 0000021830F39F78
C 345
R
P 0000021830F39F78
S "x_6_6"
C 30
R
P 0000021830F39F78
C 345
R
P 0000021830F39F78
$ |x_6_6|
C 204
R
P 0000021830F39F78
C 345
R
P 0000021830F39F78
$ |x_6_6|
P 0000021830FC6738
C 51
= 0000021830FC7EB8
R
P 0000021830F39F78
C 345
R
P 0000021830F39F78
P 0000021830FC7EB8
C 259
R
P 0000021830F39F78
C 345
R
P 0000021830F39F78
P 0000021830FC7EB8
C 256
= 0000021830FC6738
R
P 0000021830F39F78
C 345
R
P 0000021830F39F78
P 0000021830FC6738
C 211
R
P 0000021830F39F78
C 345
R
P 0000021830F39F78
P 0000021830FC7EB8
C 262
R
P 0000021830F39F78
C 345
R
P 0000021830F39F78
P 0000021830FC7EB8
C 261
R
P 0000021830F39F78
C 345
R
P 0000021830F39F78
P 0000021830FC7EB8
C 260
R
P 0000021830F39F78
C 345
R
P 0000021830F39F78
P 0000021830FC7EB8
C 9
R
P 0000021830F39F78
C 345
R
P 0000021830F39F78
S "x_6_7"
C 30
R
P 0000021830F39F78
C 345
R
P 0000021830F39F78
$ |x_6_7|
C 204
R
P 0000021830F39F78
C 345
R
P 0000021830F39F78
$ |x_6_7|
P 0000021830FC6738
C 51
= 0000021830FC7ED8
R
P 0000021830F39F78
C 345
R
P 0000021830F39F78
P 0000021830FC7ED8
C 259
R
P 0000021830F39F78
C 345
R
P 0000021830F39F78
P 0000021830FC7ED8
C 256
= 0000021830FC6738
R
P 0000021830F39F78
C 345
R
P 0000021830F39F78
P 0000021830FC6738
C 211
R
P 0000021830F39F78
C 345
R
P 0000021830F39F78
P 0000021830FC7ED8
C 262
R
P 0000021830F39F78
C 345
R
P 0000021830F39F78
P 0000021830FC7ED8
C 261
R
P 0000021830F39F78
C 345
R
P 0000021830F39F78
P 0000021830FC7ED8
C 260
R
P 0000021830F39F78
C 345
R
P 0000021830F39F78
P 0000021830FC7ED8
C 9
R
P 0000021830F39F78
C 345
R
P 0000021830F39F78
S "x_6_8"
C 30
R
P 0000021830F39F78
C 345
R
P 0000021830F39F78
$ |x_6_8|
C 204
R
P 0000021830F39F78
C 345
R
P 0000021830F39F78
$ |x_6_8|
P 0000021830FC6738
C 51
= 0000021830FC7EF8
R
P 0000021830F39F78
C 345
R
P 0000021830F39F78
P 0000021830FC7EF8
C 259
R
P 0000021830F39F78
C 345
R
P 0000021830F39F78
P 0000021830FC7EF8
C 256
= 0000021830FC6738
R
P 0000021830F39F78
C 345
R
P 0000021830F39F78
P 0000021830FC6738
C 211
R
P 0000021830F39F78
C 345
R
P 0000021830F39F78
P 0000021830FC7EF8
C 262
R
P 0000021830F39F78
C 345
R
P 0000021830F39F78
P 0000021830FC7EF8
C 261
R
P 0000021830F39F78
C 345
R
P 0000021830F39F78
P 0000021830FC7EF8
C 260
R
P 0000021830F39F78
C 345
R
P 0000021830F39F78
P 0000021830FC7EF8
C 9
R
P 0000021830F39F78
C 345
R
P 0000021830F39F78
S "x_6_9"
C 30
R
P 0000021830F39F78
C 345
R
P 0000021830F39F78
$ |x_6_9|
C 204
R
P 0000021830F39F78
C 345
R
P 0000021830F39F78
$ |x_6_9|
P 0000021830FC6738
C 51
= 0000021830FC7F18
R
P 0000021830F39F78
C 345
R
P 0000021830F39F78
P 0000021830FC7F18
C 259
R
P 0000021830F39F78
C 345
R
P 0000021830F39F78
P 0000021830FC7F18
C 256
= 0000021830FC6738
R
P 0000021830F39F78
C 345
R
P 0000021830F39F78
P 0000021830FC6738
C 211
R
P 0000021830F39F78
C 345
R
P 0000021830F39F78
P 0000021830FC7F18
C 262
R
P 0000021830F39F78
C 345
R
P 0000021830F39F78
P 0000021830FC7F18
C 261
R
P 0000021830F39F78
C 345
R
P 0000021830F39F78
P 0000021830FC7F18
C 260
R
P 0000021830F39F78
C 345
R
P 0000021830F39F78
P 0000021830FC7F18
C 9
R
P 0000021830F39F78
C 345
R
P 0000021830F39F78
S "x_7_1"
C 30
R
P 0000021830F39F78
C 345
R
P 0000021830F39F78
$ |x_7_1|
C 204
R
P 0000021830F39F78
C 345
R
P 0000021830F39F78
$ |x_7_1|
P 0000021830FC6738
C 51
= 0000021830FC7F38
R
P 0000021830F39F78
C 345
R
P 0000021830F39F78
P 0000021830FC7F38
C 259
R
P 0000021830F39F78
C 345
R
P 0000021830F39F78
P 0000021830FC7F38
C 256
= 0000021830FC6738
R
P 0000021830F39F78
C 345
R
P 0000021830F39F78
P 0000021830FC6738
C 211
R
P 0000021830F39F78
C 345
R
P 0000021830F39F78
P 0000021830FC7F38
C 262
R
P 0000021830F39F78
C 345
R
P 0000021830F39F78
P 0000021830FC7F38
C 261
R
P 0000021830F39F78
C 345
R
P 0000021830F39F78
P 0000021830FC7F38
C 260
R
P 0000021830F39F78
C 345
R
P 0000021830F39F78
P 0000021830FC7F38
C 9
R
P 0000021830F39F78
C 345
R
P 0000021830F39F78
S "x_7_2"
C 30
R
P 0000021830F39F78
C 345
R
P 0000021830F39F78
$ |x_7_2|
C 204
R
P 0000021830F39F78
C 345
R
P 0000021830F39F78
$ |x_7_2|
P 0000021830FC6738
C 51
= 0000021830FC7F58
R
P 0000021830F39F78
C 345
R
P 0000021830F39F78
P 0000021830FC7F58
C 259
R
P 0000021830F39F78
C 345
R
P 0000021830F39F78
P 0000021830FC7F58
C 256
= 0000021830FC6738
R
P 0000021830F39F78
C 345
R
P 0000021830F39F78
P 0000021830FC6738
C 211
R
P 0000021830F39F78
C 345
R
P 0000021830F39F78
P 0000021830FC7F58
C 262
R
P 0000021830F39F78
C 345
R
P 0000021830F39F78
P 0000021830FC7F58
C 261
R
P 0000021830F39F78
C 345
R
P 0000021830F39F78
P 0000021830FC7F58
C 260
R
P 0000021830F39F78
C 345
R
P 0000021830F39F78
P 0000021830FC7F58
C 9
R
P 0000021830F39F78
C 345
R
P 0000021830F39F78
S "x_7_3"
C 30
R
P 0000021830F39F78
C 345
R
P 0000021830F39F78
$ |x_7_3|
C 204
R
P 0000021830F39F78
C 345
R
P 0000021830F39F78
$ |x_7_3|
P 0000021830FC6738
C 51
= 0000021830FC7F78
R
P 0000021830F39F78
C 345
R
P 0000021830F39F78
P 0000021830FC7F78
C 259
R
P 0000021830F39F78
C 345
R
P 0000021830F39F78
P 0000021830FC7F78
C 256
= 0000021830FC6738
R
P 0000021830F39F78
C 345
R
P 0000021830F39F78
P 0000021830FC6738
C 211
R
P 0000021830F39F78
C 345
R
P 0000021830F39F78
P 0000021830FC7F78
C 262
R
P 0000021830F39F78
C 345
R
P 0000021830F39F78
P 0000021830FC7F78
C 261
R
P 0000021830F39F78
C 345
R
P 0000021830F39F78
P 0000021830FC7F78
C 260
R
P 0000021830F39F78
C 345
R
P 0000021830F39F78
P 0000021830FC7F78
C 9
R
P 0000021830F39F78
C 345
R
P 0000021830F39F78
S "x_7_4"
C 30
R
P 0000021830F39F78
C 345
R
P 0000021830F39F78
$ |x_7_4|
C 204
R
P 0000021830F39F78
C 345
R
P 0000021830F39F78
$ |x_7_4|
P 0000021830FC6738
C 51
= 0000021830FC7F98
R
P 0000021830F39F78
C 345
R
P 0000021830F39F78
P 0000021830FC7F98
C 259
R
P 0000021830F39F78
C 345
R
P 0000021830F39F78
P 0000021830FC7F98
C 256
= 0000021830FC6738
R
P 0000021830F39F78
C 345
R
P 0000021830F39F78
P 0000021830FC6738
C 211
R
P 0000021830F39F78
C 345
R
P 0000021830F39F78
P 0000021830FC7F98
C 262
R
P 0000021830F39F78
C 345
R
P 0000021830F39F78
P 0000021830FC7F98
C 261
R
P 0000021830F39F78
C 345
R
P 0000021830F39F78
P 0000021830FC7F98
C 260
R
P 0000021830F39F78
C 345
R
P 0000021830F39F78
P 0000021830FC7F98
C 9
R
P 0000021830F39F78
C 345
R
P 0000021830F39F78
S "x_7_5"
C 30
R
P 0000021830F39F78
C 345
R
P 0000021830F39F78
$ |x_7_5|
C 204
R
P 0000021830F39F78
C 345
R
P 0000021830F39F78
$ |x_7_5|
P 0000021830FC6738
C 51
= 0000021830FC7FB8
R
P 0000021830F39F78
C 345
R
P 0000021830F39F78
P 0000021830FC7FB8
C 259
R
P 0000021830F39F78
C 345
R
P 0000021830F39F78
P 0000021830FC7FB8
C 256
= 0000021830FC6738
R
P 0000021830F39F78
C 345
R
P 0000021830F39F78
P 0000021830FC6738
C 211
R
P 0000021830F39F78
C 345
R
P 0000021830F39F78
P 0000021830FC7FB8
C 262
R
P 0000021830F39F78
C 345
R
P 0000021830F39F78
P 0000021830FC7FB8
C 261
R
P 0000021830F39F78
C 345
R
P 0000021830F39F78
P 0000021830FC7FB8
C 260
R
P 0000021830F39F78
C 345
R
P 0000021830F39F78
P 0000021830FC7FB8
C 9
R
P 0000021830F39F78
C 345
R
P 0000021830F39F78
S "x_7_6"
C 30
R
P 0000021830F39F78
C 345
R
P 0000021830F39F78
$ |x_7_6|
C 204
R
P 0000021830F39F78
C 345
R
P 0000021830F39F78
$ |x_7_6|
P 0000021830FC6738
C 51
= 0000021830FC7FD8
R
P 0000021830F39F78
C 345
R
P 0000021830F39F78
P 0000021830FC7FD8
C 259
R
P 0000021830F39F78
C 345
R
P 0000021830F39F78
P 0000021830FC7FD8
C 256
= 0000021830FC6738
R
P 0000021830F39F78
C 345
R
P 0000021830F39F78
P 0000021830FC6738
C 211
R
P 0000021830F39F78
C 345
R
P 0000021830F39F78
P 0000021830FC7FD8
C 262
R
P 0000021830F39F78
C 345
R
P 0000021830F39F78
P 0000021830FC7FD8
C 261
R
P 0000021830F39F78
C 345
R
P 0000021830F39F78
P 0000021830FC7FD8
C 260
R
P 0000021830F39F78
C 345
R
P 0000021830F39F78
P 0000021830FC7FD8
C 9
R
P 0000021830F39F78
C 345
R
P 0000021830F39F78
S "x_7_7"
C 30
R
P 0000021830F39F78
C 345
R
P 0000021830F39F78
$ |x_7_7|
C 204
R
P 0000021830F39F78
C 345
R
P 0000021830F39F78
$ |x_7_7|
P 0000021830FC6738
C 51
= 0000021830FC7FF8
R
P 0000021830F39F78
C 345
R
P 0000021830F39F78
P 0000021830FC7FF8
C 259
R
P 0000021830F39F78
C 345
R
P 0000021830F39F78
P 0000021830FC7FF8
C 256
= 0000021830FC6738
R
P 0000021830F39F78
C 345
R
P 0000021830F39F78
P 0000021830FC6738
C 211
R
P 0000021830F39F78
C 345
R
P 0000021830F39F78
P 0000021830FC7FF8
C 262
R
P 0000021830F39F78
C 345
R
P 0000021830F39F78
P 0000021830FC7FF8
C 261
R
P 0000021830F39F78
C 345
R
P 0000021830F39F78
P 0000021830FC7FF8
C 260
R
P 0000021830F39F78
C 345
R
P 0000021830F39F78
P 0000021830FC7FF8
C 9
R
P 0000021830F39F78
C 345
R
P 0000021830F39F78
S "x_7_8"
C 30
R
P 0000021830F39F78
C 345
R
P 0000021830F39F78
$ |x_7_8|
C 204
R
P 0000021830F39F78
C 345
R
P 0000021830F39F78
$ |x_7_8|
P 0000021830FC6738
C 51
= 0000021830FC8018
R
P 0000021830F39F78
C 345
R
P 0000021830F39F78
P 0000021830FC8018
C 259
R
P 0000021830F39F78
C 345
R
P 0000021830F39F78
P 0000021830FC8018
C 256
= 0000021830FC6738
R
P 0000021830F39F78
C 345
R
P 0000021830F39F78
P 0000021830FC6738
C 211
R
P 0000021830F39F78
C 345
R
P 0000021830F39F78
P 0000021830FC8018
C 262
R
P 0000021830F39F78
C 345
R
P 0000021830F39F78
P 0000021830FC8018
C 261
R
P 0000021830F39F78
C 345
R
P 0000021830F39F78
P 0000021830FC8018
C 260
R
P 0000021830F39F78
C 345
R
P 0000021830F39F78
P 0000021830FC8018
C 9
R
P 0000021830F39F78
C 345
R
P 0000021830F39F78
S "x_7_9"
C 30
R
P 0000021830F39F78
C 345
R
P 0000021830F39F78
$ |x_7_9|
C 204
R
P 0000021830F39F78
C 345
R
P 0000021830F39F78
$ |x_7_9|
P 0000021830FC6738
C 51
= 0000021830FC8038
R
P 0000021830F39F78
C 345
R
P 0000021830F39F78
P 0000021830FC8038
C 259
R
P 0000021830F39F78
C 345
R
P 0000021830F39F78
P 0000021830FC8038
C 256
= 0000021830FC6738
R
P 0000021830F39F78
C 345
R
P 0000021830F39F78
P 0000021830FC6738
C 211
R
P 0000021830F39F78
C 345
R
P 0000021830F39F78
P 0000021830FC8038
C 262
R
P 0000021830F39F78
C 345
R
P 0000021830F39F78
P 0000021830FC8038
C 261
R
P 0000021830F39F78
C 345
R
P 0000021830F39F78
P 0000021830FC8038
C 260
R
P 0000021830F39F78
C 345
R
P 0000021830F39F78
P 0000021830FC8038
C 9
R
P 0000021830F39F78
C 345
R
P 0000021830F39F78
S "x_8_1"
C 30
R
P 0000021830F39F78
C 345
R
P 0000021830F39F78
$ |x_8_1|
C 204
R
P 0000021830F39F78
C 345
R
P 0000021830F39F78
$ |x_8_1|
P 0000021830FC6738
C 51
= 0000021830FC8058
R
P 0000021830F39F78
C 345
R
P 0000021830F39F78
P 0000021830FC8058
C 259
R
P 0000021830F39F78
C 345
R
P 0000021830F39F78
P 0000021830FC8058
C 256
= 0000021830FC6738
R
P 0000021830F39F78
C 345
R
P 0000021830F39F78
P 0000021830FC6738
C 211
R
P 0000021830F39F78
C 345
R
P 0000021830F39F78
P 0000021830FC8058
C 262
R
P 0000021830F39F78
C 345
R
P 0000021830F39F78
P 0000021830FC8058
C 261
R
P 0000021830F39F78
C 345
R
P 0000021830F39F78
P 0000021830FC8058
C 260
R
P 0000021830F39F78
C 345
R
P 0000021830F39F78
P 0000021830FC8058
C 9
R
P 0000021830F39F78
C 345
R
P 0000021830F39F78
S "x_8_2"
C 30
R
P 0000021830F39F78
C 345
R
P 0000021830F39F78
$ |x_8_2|
C 204
R
P 0000021830F39F78
C 345
R
P 0000021830F39F78
$ |x_8_2|
P 0000021830FC6738
C 51
= 0000021830FC8078
R
P 0000021830F39F78
C 345
R
P 0000021830F39F78
P 0000021830FC8078
C 259
R
P 0000021830F39F78
C 345
R
P 0000021830F39F78
P 0000021830FC8078
C 256
= 0000021830FC6738
R
P 0000021830F39F78
C 345
R
P 0000021830F39F78
P 0000021830FC6738
C 211
R
P 0000021830F39F78
C 345
R
P 0000021830F39F78
P 0000021830FC8078
C 262
R
P 0000021830F39F78
C 345
R
P 0000021830F39F78
P 0000021830FC8078
C 261
R
P 0000021830F39F78
C 345
R
P 0000021830F39F78
P 0000021830FC8078
C 260
R
P 0000021830F39F78
C 345
R
P 0000021830F39F78
P 0000021830FC8078
C 9
R
P 0000021830F39F78
C 345
R
P 0000021830F39F78
S "x_8_3"
C 30
R
P 0000021830F39F78
C 345
R
P 0000021830F39F78
$ |x_8_3|
C 204
R
P 0000021830F39F78
C 345
R
P 0000021830F39F78
$ |x_8_3|
P 0000021830FC6738
C 51
= 0000021830FC8098
R
P 0000021830F39F78
C 345
R
P 0000021830F39F78
P 0000021830FC8098
C 259
R
P 0000021830F39F78
C 345
R
P 0000021830F39F78
P 0000021830FC8098
C 256
= 0000021830FC6738
R
P 0000021830F39F78
C 345
R
P 0000021830F39F78
P 0000021830FC6738
C 211
R
P 0000021830F39F78
C 345
R
P 0000021830F39F78
P 0000021830FC8098
C 262
R
P 0000021830F39F78
C 345
R
P 0000021830F39F78
P 0000021830FC8098
C 261
R
P 0000021830F39F78
C 345
R
P 0000021830F39F78
P 0000021830FC8098
C 260
R
P 0000021830F39F78
C 345
R
P 0000021830F39F78
P 0000021830FC8098
C 9
R
P 0000021830F39F78
C 345
R
P 0000021830F39F78
S "x_8_4"
C 30
R
P 0000021830F39F78
C 345
R
P 0000021830F39F78
$ |x_8_4|
C 204
R
P 0000021830F39F78
C 345
R
P 0000021830F39F78
$ |x_8_4|
P 0000021830FC6738
C 51
= 0000021830FC80B8
R
P 0000021830F39F78
C 345
R
P 0000021830F39F78
P 0000021830FC80B8
C 259
R
P 0000021830F39F78
C 345
R
P 0000021830F39F78
P 0000021830FC80B8
C 256
= 0000021830FC6738
R
P 0000021830F39F78
C 345
R
P 0000021830F39F78
P 0000021830FC6738
C 211
R
P 0000021830F39F78
C 345
R
P 0000021830F39F78
P 0000021830FC80B8
C 262
R
P 0000021830F39F78
C 345
R
P 0000021830F39F78
P 0000021830FC80B8
C 261
R
P 0000021830F39F78
C 345
R
P 0000021830F39F78
P 0000021830FC80B8
C 260
R
P 0000021830F39F78
C 345
R
P 0000021830F39F78
P 0000021830FC80B8
C 9
R
P 0000021830F39F78
C 345
R
P 0000021830F39F78
S "x_8_5"
C 30
R
P 0000021830F39F78
C 345
R
P 0000021830F39F78
$ |x_8_5|
C 204
R
P 0000021830F39F78
C 345
R
P 0000021830F39F78
$ |x_8_5|
P 0000021830FC6738
C 51
= 0000021830FC80D8
R
P 0000021830F39F78
C 345
R
P 0000021830F39F78
P 0000021830FC80D8
C 259
R
P 0000021830F39F78
C 345
R
P 0000021830F39F78
P 0000021830FC80D8
C 256
= 0000021830FC6738
R
P 0000021830F39F78
C 345
R
P 0000021830F39F78
P 0000021830FC6738
C 211
R
P 0000021830F39F78
C 345
R
P 0000021830F39F78
P 0000021830FC80D8
C 262
R
P 0000021830F39F78
C 345
R
P 0000021830F39F78
P 0000021830FC80D8
C 261
R
P 0000021830F39F78
C 345
R
P 0000021830F39F78
P 0000021830FC80D8
C 260
R
P 0000021830F39F78
C 345
R
P 0000021830F39F78
P 0000021830FC80D8
C 9
R
P 0000021830F39F78
C 345
R
P 0000021830F39F78
S "x_8_6"
C 30
R
P 0000021830F39F78
C 345
R
P 0000021830F39F78
$ |x_8_6|
C 204
R
P 0000021830F39F78
C 345
R
P 0000021830F39F78
$ |x_8_6|
P 0000021830FC6738
C 51
= 0000021830FC80F8
R
P 0000021830F39F78
C 345
R
P 0000021830F39F78
P 0000021830FC80F8
C 259
R
P 0000021830F39F78
C 345
R
P 0000021830F39F78
P 0000021830FC80F8
C 256
= 0000021830FC6738
R
P 0000021830F39F78
C 345
R
P 0000021830F39F78
P 0000021830FC6738
C 211
R
P 0000021830F39F78
C 345
R
P 0000021830F39F78
P 0000021830FC80F8
C 262
R
P 0000021830F39F78
C 345
R
P 0000021830F39F78
P 0000021830FC80F8
C 261
R
P 0000021830F39F78
C 345
R
P 0000021830F39F78
P 0000021830FC80F8
C 260
R
P 0000021830F39F78
C 345
R
P 0000021830F39F78
P 0000021830FC80F8
C 9
R
P 0000021830F39F78
C 345
R
P 0000021830F39F78
S "x_8_7"
C 30
R
P 0000021830F39F78
C 345
R
P 0000021830F39F78
$ |x_8_7|
C 204
R
P 0000021830F39F78
C 345
R
P 0000021830F39F78
$ |x_8_7|
P 0000021830FC6738
C 51
= 0000021830FC8118
R
P 0000021830F39F78
C 345
R
P 0000021830F39F78
P 0000021830FC8118
C 259
R
P 0000021830F39F78
C 345
R
P 0000021830F39F78
P 0000021830FC8118
C 256
= 0000021830FC6738
R
P 0000021830F39F78
C 345
R
P 0000021830F39F78
P 0000021830FC6738
C 211
R
P 0000021830F39F78
C 345
R
P 0000021830F39F78
P 0000021830FC8118
C 262
R
P 0000021830F39F78
C 345
R
P 0000021830F39F78
P 0000021830FC8118
C 261
R
P 0000021830F39F78
C 345
R
P 0000021830F39F78
P 0000021830FC8118
C 260
R
P 0000021830F39F78
C 345
R
P 0000021830F39F78
P 0000021830FC8118
C 9
R
P 0000021830F39F78
C 345
R
P 0000021830F39F78
S "x_8_8"
C 30
R
P 0000021830F39F78
C 345
R
P 0000021830F39F78
$ |x_8_8|
C 204
R
P 0000021830F39F78
C 345
R
P 0000021830F39F78
$ |x_8_8|
P 0000021830FC6738
C 51
= 0000021830FC8138
R
P 0000021830F39F78
C 345
R
P 0000021830F39F78
P 0000021830FC8138
C 259
R
P 0000021830F39F78
C 345
R
P 0000021830F39F78
P 0000021830FC8138
C 256
= 0000021830FC6738
R
P 0000021830F39F78
C 345
R
P 0000021830F39F78
P 0000021830FC6738
C 211
R
P 0000021830F39F78
C 345
R
P 0000021830F39F78
P 0000021830FC8138
C 262
R
P 0000021830F39F78
C 345
R
P 0000021830F39F78
P 0000021830FC8138
C 261
R
P 0000021830F39F78
C 345
R
P 0000021830F39F78
P 0000021830FC8138
C 260
R
P 0000021830F39F78
C 345
R
P 0000021830F39F78
P 0000021830FC8138
C 9
R
P 0000021830F39F78
C 345
R
P 0000021830F39F78
S "x_8_9"
C 30
R
P 0000021830F39F78
C 345
R
P 0000021830F39F78
$ |x_8_9|
C 204
R
P 0000021830F39F78
C 345
R
P 0000021830F39F78
$ |x_8_9|
P 0000021830FC6738
C 51
= 0000021830FC8158
R
P 0000021830F39F78
C 345
R
P 0000021830F39F78
P 0000021830FC8158
C 259
R
P 0000021830F39F78
C 345
R
P 0000021830F39F78
P 0000021830FC8158
C 256
= 0000021830FC6738
R
P 0000021830F39F78
C 345
R
P 0000021830F39F78
P 0000021830FC6738
C 211
R
P 0000021830F39F78
C 345
R
P 0000021830F39F78
P 0000021830FC8158
C 262
R
P 0000021830F39F78
C 345
R
P 0000021830F39F78
P 0000021830FC8158
C 261
R
P 0000021830F39F78
C 345
R
P 0000021830F39F78
P 0000021830FC8158
C 260
R
P 0000021830F39F78
C 345
R
P 0000021830F39F78
P 0000021830FC8158
C 9
R
P 0000021830F39F78
C 345
R
P 0000021830F39F78
S "x_9_1"
C 30
R
P 0000021830F39F78
C 345
R
P 0000021830F39F78
$ |x_9_1|
C 204
R
P 0000021830F39F78
C 345
R
P 0000021830F39F78
$ |x_9_1|
P 0000021830FC6738
C 51
= 0000021830FC8178
R
P 0000021830F39F78
C 345
R
P 0000021830F39F78
P 0000021830FC8178
C 259
R
P 0000021830F39F78
C 345
R
P 0000021830F39F78
P 0000021830FC8178
C 256
= 0000021830FC6738
R
P 0000021830F39F78
C 345
R
P 0000021830F39F78
P 0000021830FC6738
C 211
R
P 0000021830F39F78
C 345
R
P 0000021830F39F78
P 0000021830FC8178
C 262
R
P 0000021830F39F78
C 345
R
P 0000021830F39F78
P 0000021830FC8178
C 261
R
P 0000021830F39F78
C 345
R
P 0000021830F39F78
P 0000021830FC8178
C 260
R
P 0000021830F39F78
C 345
R
P 0000021830F39F78
P 0000021830FC8178
C 9
R
P 0000021830F39F78
C 345
R
P 0000021830F39F78
S "x_9_2"
C 30
R
P 0000021830F39F78
C 345
R
P 0000021830F39F78
$ |x_9_2|
C 204
R
P 0000021830F39F78
C 345
R
P 0000021830F39F78
$ |x_9_2|
P 0000021830FC6738
C 51
= 0000021830FC8198
R
P 0000021830F39F78
C 345
R
P 0000021830F39F78
P 0000021830FC8198
C 259
R
P 0000021830F39F78
C 345
R
P 0000021830F39F78
P 0000021830FC8198
C 256
= 0000021830FC6738
R
P 0000021830F39F78
C 345
R
P 0000021830F39F78
P 0000021830FC6738
C 211
R
P 0000021830F39F78
C 345
R
P 0000021830F39F78
P 0000021830FC8198
C 262
R
P 0000021830F39F78
C 345
R
P 0000021830F39F78
P 0000021830FC8198
C 261
R
P 0000021830F39F78
C 345
R
P 0000021830F39F78
P 0000021830FC8198
C 260
R
P 0000021830F39F78
C 345
R
P 0000021830F39F78
P 0000021830FC8198
C 9
R
P 0000021830F39F78
C 345
R
P 0000021830F39F78
S "x_9_3"
C 30
R
P 0000021830F39F78
C 345
R
P 0000021830F39F78
$ |x_9_3|
C 204
R
P 0000021830F39F78
C 345
R
P 0000021830F39F78
$ |x_9_3|
P 0000021830FC6738
C 51
= 0000021830FC81B8
R
P 0000021830F39F78
C 345
R
P 0000021830F39F78
P 0000021830FC81B8
C 259
R
P 0000021830F39F78
C 345
R
P 0000021830F39F78
P 0000021830FC81B8
C 256
= 0000021830FC6738
R
P 0000021830F39F78
C 345
R
P 0000021830F39F78
P 0000021830FC6738
C 211
R
P 0000021830F39F78
C 345
R
P 0000021830F39F78
P 0000021830FC81B8
C 262
R
P 0000021830F39F78
C 345
R
P 0000021830F39F78
P 0000021830FC81B8
C 261
R
P 0000021830F39F78
C 345
R
P 0000021830F39F78
P 0000021830FC81B8
C 260
R
P 0000021830F39F78
C 345
R
P 0000021830F39F78
P 0000021830FC81B8
C 9
R
P 0000021830F39F78
C 345
R
P 0000021830F39F78
S "x_9_4"
C 30
R
P 0000021830F39F78
C 345
R
P 0000021830F39F78
$ |x_9_4|
C 204
R
P 0000021830F39F78
C 345
R
P 0000021830F39F78
$ |x_9_4|
P 0000021830FC6738
C 51
= 0000021830FC81D8
R
P 0000021830F39F78
C 345
R
P 0000021830F39F78
P 0000021830FC81D8
C 259
R
P 0000021830F39F78
C 345
R
P 0000021830F39F78
P 0000021830FC81D8
C 256
= 0000021830FC6738
R
P 0000021830F39F78
C 345
R
P 0000021830F39F78
P 0000021830FC6738
C 211
R
P 0000021830F39F78
C 345
R
P 0000021830F39F78
P 0000021830FC81D8
C 262
R
P 0000021830F39F78
C 345
R
P 0000021830F39F78
P 0000021830FC81D8
C 261
R
P 0000021830F39F78
C 345
R
P 0000021830F39F78
P 0000021830FC81D8
C 260
R
P 0000021830F39F78
C 345
R
P 0000021830F39F78
P 0000021830FC81D8
C 9
R
P 0000021830F39F78
C 345
R
P 0000021830F39F78
S "x_9_5"
C 30
R
P 0000021830F39F78
C 345
R
P 0000021830F39F78
$ |x_9_5|
C 204
R
P 0000021830F39F78
C 345
R
P 0000021830F39F78
$ |x_9_5|
P 0000021830FC6738
C 51
= 0000021830FC81F8
R
P 0000021830F39F78
C 345
R
P 0000021830F39F78
P 0000021830FC81F8
C 259
R
P 0000021830F39F78
C 345
R
P 0000021830F39F78
P 0000021830FC81F8
C 256
= 0000021830FC6738
R
P 0000021830F39F78
C 345
R
P 0000021830F39F78
P 0000021830FC6738
C 211
R
P 0000021830F39F78
C 345
R
P 0000021830F39F78
P 0000021830FC81F8
C 262
R
P 0000021830F39F78
C 345
R
P 0000021830F39F78
P 0000021830FC81F8
C 261
R
P 0000021830F39F78
C 345
R
P 0000021830F39F78
P 0000021830FC81F8
C 260
R
P 0000021830F39F78
C 345
R
P 0000021830F39F78
P 0000021830FC81F8
C 9
R
P 0000021830F39F78
C 345
R
P 0000021830F39F78
S "x_9_6"
C 30
R
P 0000021830F39F78
C 345
R
P 0000021830F39F78
$ |x_9_6|
C 204
R
P 0000021830F39F78
C 345
R
P 0000021830F39F78
$ |x_9_6|
P 0000021830FC6738
C 51
= 0000021830FC8218
R
P 0000021830F39F78
C 345
R
P 0000021830F39F78
P 0000021830FC8218
C 259
R
P 0000021830F39F78
C 345
R
P 0000021830F39F78
P 0000021830FC8218
C 256
= 0000021830FC6738
R
P 0000021830F39F78
C 345
R
P 0000021830F39F78
P 0000021830FC6738
C 211
R
P 0000021830F39F78
C 345
R
P 0000021830F39F78
P 0000021830FC8218
C 262
R
P 0000021830F39F78
C 345
R
P 0000021830F39F78
P 0000021830FC8218
C 261
R
P 0000021830F39F78
C 345
R
P 0000021830F39F78
P 0000021830FC8218
C 260
R
P 0000021830F39F78
C 345
R
P 0000021830F39F78
P 0000021830FC8218
C 9
R
P 0000021830F39F78
C 345
R
P 0000021830F39F78
S "x_9_7"
C 30
R
P 0000021830F39F78
C 345
R
P 0000021830F39F78
$ |x_9_7|
C 204
R
P 0000021830F39F78
C 345
R
P 0000021830F39F78
$ |x_9_7|
P 0000021830FC6738
C 51
= 0000021830FC8238
R
P 0000021830F39F78
C 345
R
P 0000021830F39F78
P 0000021830FC8238
C 259
R
P 0000021830F39F78
C 345
R
P 0000021830F39F78
P 0000021830FC8238
C 256
= 0000021830FC6738
R
P 0000021830F39F78
C 345
R
P 0000021830F39F78
P 0000021830FC6738
C 211
R
P 0000021830F39F78
C 345
R
P 0000021830F39F78
P 0000021830FC8238
C 262
R
P 0000021830F39F78
C 345
R
P 0000021830F39F78
P 0000021830FC8238
C 261
R
P 0000021830F39F78
C 345
R
P 0000021830F39F78
P 0000021830FC8238
C 260
R
P 0000021830F39F78
C 345
R
P 0000021830F39F78
P 0000021830FC8238
C 9
R
P 0000021830F39F78
C 345
R
P 0000021830F39F78
S "x_9_8"
C 30
R
P 0000021830F39F78
C 345
R
P 0000021830F39F78
$ |x_9_8|
C 204
R
P 0000021830F39F78
C 345
R
P 0000021830F39F78
$ |x_9_8|
P 0000021830FC6738
C 51
= 0000021830FC8258
R
P 0000021830F39F78
C 345
R
P 0000021830F39F78
P 0000021830FC8258
C 259
R
P 0000021830F39F78
C 345
R
P 0000021830F39F78
P 0000021830FC8258
C 256
= 0000021830FC6738
R
P 0000021830F39F78
C 345
R
P 0000021830F39F78
P 0000021830FC6738
C 211
R
P 0000021830F39F78
C 345
R
P 0000021830F39F78
P 0000021830FC8258
C 262
R
P 0000021830F39F78
C 345
R
P 0000021830F39F78
P 0000021830FC8258
C 261
R
P 0000021830F39F78
C 345
R
P 0000021830F39F78
P 0000021830FC8258
C 260
R
P 0000021830F39F78
C 345
R
P 0000021830F39F78
P 0000021830FC8258
C 9
R
P 0000021830F39F78
C 345
R
P 0000021830F39F78
S "x_9_9"
C 30
R
P 0000021830F39F78
C 345
R
P 0000021830F39F78
$ |x_9_9|
C 204
R
P 0000021830F39F78
C 345
R
P 0000021830F39F78
$ |x_9_9|
P 0000021830FC6738
C 51
= 0000021830FC8278
R
P 0000021830F39F78
C 345
R
P 0000021830F39F78
P 0000021830FC8278
C 259
R
P 0000021830F39F78
C 345
R
P 0000021830F39F78
P 0000021830FC8278
C 256
= 0000021830FC6738
R
P 0000021830F39F78
C 345
R
P 0000021830F39F78
P 0000021830FC6738
C 211
R
P 0000021830F39F78
C 345
R
P 0000021830F39F78
P 0000021830FC8278
C 262
R
P 0000021830F39F78
C 345
R
P 0000021830F39F78
P 0000021830FC8278
C 261
R
P 0000021830F39F78
C 345
R
P 0000021830F39F78
P 0000021830FC8278
C 260
R
P 0000021830F39F78
C 345
R
P 0000021830F39F78
P 0000021830FC8278
C 9
R
P 0000021830F39F78
C 345
R
P 0000021830F39F78
I 1
P 0000021830FC6738
C 152
= 0000021830FC7318
R
P 0000021830F39F78
C 345
R
P 0000021830F39F78
P 0000021830FC7318
C 260
R
P 0000021830F39F78
C 345
R
P 0000021830F39F78
P 0000021830FC7318
C 9
R
P 0000021830F39F78
C 345
R
P 0000021830F39F78
P 0000021830FC7318
P 0000021830FC7878
C 76
= 0000021830FC3308
R
P 0000021830F39F78
C 345
R
P 0000021830F39F78
P 0000021830FC3308
C 260
R
P 0000021830F39F78
C 345
R
P 0000021830F39F78
P 0000021830FC3308
C 9
R
P 0000021830F39F78
C 345
R
P 0000021830F39F78
I 9
P 0000021830FC6738
C 152
= 0000021830FC8298
R
P 0000021830F39F78
C 345
R
P 0000021830F39F78
P 0000021830FC8298
C 260
R
P 0000021830F39F78
C 345
R
P 0000021830F39F78
P 0000021830FC8298
C 9
R
P 0000021830F39F78
C 345
R
P 0000021830F39F78
P 0000021830FC7878
P 0000021830FC8298
C 76
= 0000021830FC3340
R
P 0000021830F39F78
C 345
R
P 0000021830F39F78
P 0000021830FC3340
C 260
R
P 0000021830F39F78
C 345
R
P 0000021830F39F78
P 0000021830FC3340
C 9
R
P 0000021830F39F78
C 345
R
P 0000021830F39F78
U 2
P 0000021830FC3308
P 0000021830FC3340
p 2
C 65
= 0000021830FC3378
R
P 0000021830F39F78
C 345
R
P 0000021830F39F78
P 0000021830FC3378
C 260
R
P 0000021830F39F78
C 345
R
P 0000021830F39F78
P 0000021830FC3378
C 9
R
P 0000021830F39F78
C 345
R
P 0000021830F39F78
I 1
P 0000021830FC6738
C 152
= 0000021830FC7318
R
P 0000021830F39F78
C 345
R
P 0000021830F39F78
P 0000021830FC7318
C 260
R
P 0000021830F39F78
C 345
R
P 0000021830F39F78
P 0000021830FC7318
C 9
R
P 0000021830F39F78
C 345
R
P 0000021830F39F78
P 0000021830FC7318
P 0000021830FC7898
C 76
= 0000021830FC33B0
R
P 0000021830F39F78
C 345
R
P 0000021830F39F78
P 0000021830FC33B0
C 260
R
P 0000021830F39F78
C 345
R
P 0000021830F39F78
P 0000021830FC33B0
C 9
R
P 0000021830F39F78
C 345
R
P 0000021830F39F78
I 9
P 0000021830FC6738
C 152
= 0000021830FC8298
R
P 0000021830F39F78
C 345
R
P 0000021830F39F78
P 0000021830FC8298
C 260
R
P 0000021830F39F78
C 345
R
P 0000021830F39F78
P 0000021830FC8298
C 9
R
P 0000021830F39F78
C 345
R
P 0000021830F39F78
P 0000021830FC7898
P 0000021830FC8298
C 76
= 0000021830FC33E8
R
P 0000021830F39F78
C 345
R
P 0000021830F39F78
P 0000021830FC33E8
C 260
R
P 0000021830F39F78
C 345
R
P 0000021830F39F78
P 0000021830FC33E8
C 9
R
P 0000021830F39F78
C 345
R
P 0000021830F39F78
U 2
P 0000021830FC33B0
P 0000021830FC33E8
p 2
C 65
= 0000021830FC3420
R
P 0000021830F39F78
C 345
R
P 0000021830F39F78
P 0000021830FC3420
C 260
R
P 0000021830F39F78
C 345
R
P 0000021830F39F78
P 0000021830FC3420
C 9
R
P 0000021830F39F78
C 345
R
P 0000021830F39F78
I 1
P 0000021830FC6738
C 152
= 0000021830FC7318
R
P 0000021830F39F78
C 345
R
P 0000021830F39F78
P 0000021830FC7318
C 260
R
P 0000021830F39F78
C 345
R
P 0000021830F39F78
P 0000021830FC7318
C 9
R
P 0000021830F39F78
C 345
R
P 0000021830F39F78
P 0000021830FC7318
P 0000021830FC78B8
C 76
= 0000021830FC3458
R
P 0000021830F39F78
C 345
R
P 0000021830F39F78
P 0000021830FC3458
C 260
R
P 0000021830F39F78
C 345
R
P 0000021830F39F78
P 0000021830FC3458
C 9
R
P 0000021830F39F78
C 345
R
P 0000021830F39F78
I 9
P 0000021830FC6738
C 152
= 0000021830FC8298
R
P 0000021830F39F78
C 345
R
P 0000021830F39F78
P 0000021830FC8298
C 260
R
P 0000021830F39F78
C 345
R
P 0000021830F39F78
P 0000021830FC8298
C 9
R
P 0000021830F39F78
C 345
R
P 0000021830F39F78
P 0000021830FC78B8
P 0000021830FC8298
C 76
= 0000021830FC3490
R
P 0000021830F39F78
C 345
R
P 0000021830F39F78
P 0000021830FC3490
C 260
R
P 0000021830F39F78
C 345
R
P 0000021830F39F78
P 0000021830FC3490
C 9
R
P 0000021830F39F78
C 345
R
P 0000021830F39F78
U 2
P 0000021830FC3458
P 0000021830FC3490
p 2
C 65
= 0000021830FC34C8
R
P 0000021830F39F78
C 345
R
P 0000021830F39F78
P 0000021830FC34C8
C 260
R
P 0000021830F39F78
C 345
R
P 0000021830F39F78
P 0000021830FC34C8
C 9
R
P 0000021830F39F78
C 345
R
P 0000021830F39F78
I 1
P 0000021830FC6738
C 152
= 0000021830FC7318
R
P 0000021830F39F78
C 345
R
P 0000021830F39F78
P 0000021830FC7318
C 260
R
P 0000021830F39F78
C 345
R
P 0000021830F39F78
P 0000021830FC7318
C 9
R
P 0000021830F39F78
C 345
R
P 0000021830F39F78
P 0000021830FC7318
P 0000021830FC78D8
C 76
= 0000021830FC3500
R
P 0000021830F39F78
C 345
R
P 0000021830F39F78
P 0000021830FC3500
C 260
R
P 0000021830F39F78
C 345
R
P 0000021830F39F78
P 0000021830FC3500
C 9
R
P 0000021830F39F78
C 345
R
P 0000021830F39F78
I 9
P 0000021830FC6738
C 152
= 0000021830FC8298
R
P 0000021830F39F78
C 345
R
P 0000021830F39F78
P 0000021830FC8298
C 260
R
P 0000021830F39F78
C 345
R
P 0000021830F39F78
P 0000021830FC8298
C 9
R
P 0000021830F39F78
C 345
R
P 0000021830F39F78
P 0000021830FC78D8
P 0000021830FC8298
C 76
= 0000021830FC3538
R
P 0000021830F39F78
C 345
R
P 0000021830F39F78
P 0000021830FC3538
C 260
R
P 0000021830F39F78
C 345
R
P 0000021830F39F78
P 0000021830FC3538
C 9
R
P 0000021830F39F78
C 345
R
P 0000021830F39F78
U 2
P 0000021830FC3500
P 0000021830FC3538
p 2
C 65
= 0000021830FC3570
R
P 0000021830F39F78
C 345
R
P 0000021830F39F78
P 0000021830FC3570
C 260
R
P 0000021830F39F78
C 345
R
P 0000021830F39F78
P 0000021830FC3570
C 9
R
P 0000021830F39F78
C 345
R
P 0000021830F39F78
I 1
P 0000021830FC6738
C 152
= 0000021830FC7318
R
P 0000021830F39F78
C 345
R
P 0000021830F39F78
P 0000021830FC7318
C 260
R
P 0000021830F39F78
C 345
R
P 0000021830F39F78
P 0000021830FC7318
C 9
R
P 0000021830F39F78
C 345
R
P 0000021830F39F78
P 0000021830FC7318
P 0000021830FC78F8
C 76
= 0000021830FC35A8
R
P 0000021830F39F78
C 345
R
P 0000021830F39F78
P 0000021830FC35A8
C 260
R
P 0000021830F39F78
C 345
R
P 0000021830F39F78
P 0000021830FC35A8
C 9
R
P 0000021830F39F78
C 345
R
P 0000021830F39F78
I 9
P 0000021830FC6738
C 152
= 0000021830FC8298
R
P 0000021830F39F78
C 345
R
P 0000021830F39F78
P 0000021830FC8298
C 260
R
P 0000021830F39F78
C 345
R
P 0000021830F39F78
P 0000021830FC8298
C 9
R
P 0000021830F39F78
C 345
R
P 0000021830F39F78
P 0000021830FC78F8
P 0000021830FC8298
C 76
= 0000021830FC35E0
R
P 0000021830F39F78
C 345
R
P 0000021830F39F78
P 0000021830FC35E0
C 260
R
P 0000021830F39F78
C 345
R
P 0000021830F39F78
P 0000021830FC35E0
C 9
R
P 0000021830F39F78
C 345
R
P 0000021830F39F78
U 2
P 0000021830FC35A8
P 0000021830FC35E0
p 2
C 65
= 0000021830FC3618
R
P 0000021830F39F78
C 345
R
P 0000021830F39F78
P 0000021830FC3618
C 260
R
P 0000021830F39F78
C 345
R
P 0000021830F39F78
P 0000021830FC3618
C 9
R
P 0000021830F39F78
C 345
R
P 0000021830F39F78
I 1
P 0000021830FC6738
C 152
= 0000021830FC7318
R
P 0000021830F39F78
C 345
R
P 0000021830F39F78
P 0000021830FC7318
C 260
R
P 0000021830F39F78
C 345
R
P 0000021830F39F78
P 0000021830FC7318
C 9
R
P 0000021830F39F78
C 345
R
P 0000021830F39F78
P 0000021830FC7318
P 0000021830FC7918
C 76
= 0000021830FC3650
R
P 0000021830F39F78
C 345
R
P 0000021830F39F78
P 0000021830FC3650
C 260
R
P 0000021830F39F78
C 345
R
P 0000021830F39F78
P 0000021830FC3650
C 9
R
P 0000021830F39F78
C 345
R
P 0000021830F39F78
I 9
P 0000021830FC6738
C 152
= 0000021830FC8298
R
P 0000021830F39F78
C 345
R
P 0000021830F39F78
P 0000021830FC8298
C 260
R
P 0000021830F39F78
C 345
R
P 0000021830F39F78
P 0000021830FC8298
C 9
R
P 0000021830F39F78
C 345
R
P 0000021830F39F78
P 0000021830FC7918
P 0000021830FC8298
C 76
= 0000021830FC3688
R
P 0000021830F39F78
C 345
R
P 0000021830F39F78
P 0000021830FC3688
C 260
R
P 0000021830F39F78
C 345
R
P 0000021830F39F78
P 0000021830FC3688
C 9
R
P 0000021830F39F78
C 345
R
P 0000021830F39F78
U 2
P 0000021830FC3650
P 0000021830FC3688
p 2
C 65
= 0000021830FC36C0
R
P 0000021830F39F78
C 345
R
P 0000021830F39F78
P 0000021830FC36C0
C 260
R
P 0000021830F39F78
C 345
R
P 0000021830F39F78
P 0000021830FC36C0
C 9
R
P 0000021830F39F78
C 345
R
P 0000021830F39F78
I 1
P 0000021830FC6738
C 152
= 0000021830FC7318
R
P 0000021830F39F78
C 345
R
P 0000021830F39F78
P 0000021830FC7318
C 260
R
P 0000021830F39F78
C 345
R
P 0000021830F39F78
P 0000021830FC7318
C 9
R
P 0000021830F39F78
C 345
R
P 0000021830F39F78
P 0000021830FC7318
P 0000021830FC7938
C 76
= 0000021830FC36F8
R
P 0000021830F39F78
C 345
R
P 0000021830F39F78
P 0000021830FC36F8
C 260
R
P 0000021830F39F78
C 345
R
P 0000021830F39F78
P 0000021830FC36F8
C 9
R
P 0000021830F39F78
C 345
R
P 0000021830F39F78
I 9
P 0000021830FC6738
C 152
= 0000021830FC8298
R
P 0000021830F39F78
C 345
R
P 0000021830F39F78
P 0000021830FC8298
C 260
R
P 0000021830F39F78
C 345
R
P 0000021830F39F78
P 0000021830FC8298
C 9
R
P 0000021830F39F78
C 345
R
P 0000021830F39F78
P 0000021830FC7938
P 0000021830FC8298
C 76
= 0000021830FC3730
R
P 0000021830F39F78
C 345
R
P 0000021830F39F78
P 0000021830FC3730
C 260
R
P 0000021830F39F78
C 345
R
P 0000021830F39F78
P 0000021830FC3730
C 9
R
P 0000021830F39F78
C 345
R
P 0000021830F39F78
U 2
P 0000021830FC36F8
P 0000021830FC3730
p 2
C 65
= 0000021830FC3768
R
P 0000021830F39F78
C 345
R
P 0000021830F39F78
P 0000021830FC3768
C 260
R
P 0000021830F39F78
C 345
R
P 0000021830F39F78
P 0000021830FC3768
C 9
R
P 0000021830F39F78
C 345
R
P 0000021830F39F78
I 1
P 0000021830FC6738
C 152
= 0000021830FC7318
R
P 0000021830F39F78
C 345
R
P 0000021830F39F78
P 0000021830FC7318
C 260
R
P 0000021830F39F78
C 345
R
P 0000021830F39F78
P 0000021830FC7318
C 9
R
P 0000021830F39F78
C 345
R
P 0000021830F39F78
P 0000021830FC7318
P 0000021830FC7958
C 76
= 0000021830FC37A0
R
P 0000021830F39F78
C 345
R
P 0000021830F39F78
P 0000021830FC37A0
C 260
R
P 0000021830F39F78
C 345
R
P 0000021830F39F78
P 0000021830FC37A0
C 9
R
P 0000021830F39F78
C 345
R
P 0000021830F39F78
I 9
P 0000021830FC6738
C 152
= 0000021830FC8298
R
P 0000021830F39F78
C 345
R
P 0000021830F39F78
P 0000021830FC8298
C 260
R
P 0000021830F39F78
C 345
R
P 0000021830F39F78
P 0000021830FC8298
C 9
R
P 0000021830F39F78
C 345
R
P 0000021830F39F78
P 0000021830FC7958
P 0000021830FC8298
C 76
= 0000021830FC37D8
R
P 0000021830F39F78
C 345
R
P 0000021830F39F78
P 0000021830FC37D8
C 260
R
P 0000021830F39F78
C 345
R
P 0000021830F39F78
P 0000021830FC37D8
C 9
R
P 0000021830F39F78
C 345
R
P 0000021830F39F78
U 2
P 0000021830FC37A0
P 0000021830FC37D8
p 2
C 65
= 0000021830FC3810
R
P 0000021830F39F78
C 345
R
P 0000021830F39F78
P 0000021830FC3810
C 260
R
P 0000021830F39F78
C 345
R
P 0000021830F39F78
P 0000021830FC3810
C 9
R
P 0000021830F39F78
C 345
R
P 0000021830F39F78
I 1
P 0000021830FC6738
C 152
= 0000021830FC7318
R
P 0000021830F39F78
C 345
R
P 0000021830F39F78
P 0000021830FC7318
C 260
R
P 0000021830F39F78
C 345
R
P 0000021830F39F78
P 0000021830FC7318
C 9
R
P 0000021830F39F78
C 345
R
P 0000021830F39F78
P 0000021830FC7318
P 0000021830FC7978
C 76
= 0000021830FC3848
R
P 0000021830F39F78
C 345
R
P 0000021830F39F78
P 0000021830FC3848
C 260
R
P 0000021830F39F78
C 345
R
P 0000021830F39F78
P 0000021830FC3848
C 9
R
P 0000021830F39F78
C 345
R
P 0000021830F39F78
I 9
P 0000021830FC6738
C 152
= 0000021830FC8298
R
P 0000021830F39F78
C 345
R
P 0000021830F39F78
P 0000021830FC8298
C 260
R
P 0000021830F39F78
C 345
R
P 0000021830F39F78
P 0000021830FC8298
C 9
R
P 0000021830F39F78
C 345
R
P 0000021830F39F78
P 0000021830FC7978
P 0000021830FC8298
C 76
= 0000021830FC3880
R
P 0000021830F39F78
C 345
R
P 0000021830F39F78
P 0000021830FC3880
C 260
R
P 0000021830F39F78
C 345
R
P 0000021830F39F78
P 0000021830FC3880
C 9
R
P 0000021830F39F78
C 345
R
P 0000021830F39F78
U 2
P 0000021830FC3848
P 0000021830FC3880
p 2
C 65
= 0000021830FC38B8
R
P 0000021830F39F78
C 345
R
P 0000021830F39F78
P 0000021830FC38B8
C 260
R
P 0000021830F39F78
C 345
R
P 0000021830F39F78
P 0000021830FC38B8
C 9
R
P 0000021830F39F78
C 345
R
P 0000021830F39F78
I 1
P 0000021830FC6738
C 152
= 0000021830FC7318
R
P 0000021830F39F78
C 345
R
P 0000021830F39F78
P 0000021830FC7318
C 260
R
P 0000021830F39F78
C 345
R
P 0000021830F39F78
P 0000021830FC7318
C 9
R
P 0000021830F39F78
C 345
R
P 0000021830F39F78
P 0000021830FC7318
P 0000021830FC7998
C 76
= 0000021830FC38F0
R
P 0000021830F39F78
C 345
R
P 0000021830F39F78
P 0000021830FC38F0
C 260
R
P 0000021830F39F78
C 345
R
P 0000021830F39F78
P 0000021830FC38F0
C 9
R
P 0000021830F39F78
C 345
R
P 0000021830F39F78
I 9
P 0000021830FC6738
C 152
= 0000021830FC8298
R
P 0000021830F39F78
C 345
R
P 0000021830F39F78
P 0000021830FC8298
C 260
R
P 0000021830F39F78
C 345
R
P 0000021830F39F78
P 0000021830FC8298
C 9
R
P 0000021830F39F78
C 345
R
P 0000021830F39F78
P 0000021830FC7998
P 0000021830FC8298
C 76
= 0000021830FC3928
R
P 0000021830F39F78
C 345
R
P 0000021830F39F78
P 0000021830FC3928
C 260
R
P 0000021830F39F78
C 345
R
P 0000021830F39F78
P 0000021830FC3928
C 9
R
P 0000021830F39F78
C 345
R
P 0000021830F39F78
U 2
P 0000021830FC38F0
P 0000021830FC3928
p 2
C 65
= 0000021830FC3960
R
P 0000021830F39F78
C 345
R
P 0000021830F39F78
P 0000021830FC3960
C 260
R
P 0000021830F39F78
C 345
R
P 0000021830F39F78
P 0000021830FC3960
C 9
R
P 0000021830F39F78
C 345
R
P 0000021830F39F78
I 1
P 0000021830FC6738
C 152
= 0000021830FC7318
R
P 0000021830F39F78
C 345
R
P 0000021830F39F78
P 0000021830FC7318
C 260
R
P 0000021830F39F78
C 345
R
P 0000021830F39F78
P 0000021830FC7318
C 9
R
P 0000021830F39F78
C 345
R
P 0000021830F39F78
P 0000021830FC7318
P 0000021830FC79B8
C 76
= 0000021830FC3998
R
P 0000021830F39F78
C 345
R
P 0000021830F39F78
P 0000021830FC3998
C 260
R
P 0000021830F39F78
C 345
R
P 0000021830F39F78
P 0000021830FC3998
C 9
R
P 0000021830F39F78
C 345
R
P 0000021830F39F78
I 9
P 0000021830FC6738
C 152
= 0000021830FC8298
R
P 0000021830F39F78
C 345
R
P 0000021830F39F78
P 0000021830FC8298
C 260
R
P 0000021830F39F78
C 345
R
P 0000021830F39F78
P 0000021830FC8298
C 9
R
P 0000021830F39F78
C 345
R
P 0000021830F39F78
P 0000021830FC79B8
P 0000021830FC8298
C 76
= 0000021830FC39D0
R
P 0000021830F39F78
C 345
R
P 0000021830F39F78
P 0000021830FC39D0
C 260
R
P 0000021830F39F78
C 345
R
P 0000021830F39F78
P 0000021830FC39D0
C 9
R
P 0000021830F39F78
C 345
R
P 0000021830F39F78
U 2
P 0000021830FC3998
P 0000021830FC39D0
p 2
C 65
= 0000021830FC3A08
R
P 0000021830F39F78
C 345
R
P 0000021830F39F78
P 0000021830FC3A08
C 260
R
P 0000021830F39F78
C 345
R
P 0000021830F39F78
P 0000021830FC3A08
C 9
R
P 0000021830F39F78
C 345
R
P 0000021830F39F78
I 1
P 0000021830FC6738
C 152
= 0000021830FC7318
R
P 0000021830F39F78
C 345
R
P 0000021830F39F78
P 0000021830FC7318
C 260
R
P 0000021830F39F78
C 345
R
P 0000021830F39F78
P 0000021830FC7318
C 9
R
P 0000021830F39F78
C 345
R
P 0000021830F39F78
P 0000021830FC7318
P 0000021830FC79D8
C 76
= 0000021830FC3A40
R
P 0000021830F39F78
C 345
R
P 0000021830F39F78
P 0000021830FC3A40
C 260
R
P 0000021830F39F78
C 345
R
P 0000021830F39F78
P 0000021830FC3A40
C 9
R
P 0000021830F39F78
C 345
R
P 0000021830F39F78
I 9
P 0000021830FC6738
C 152
= 0000021830FC8298
R
P 0000021830F39F78
C 345
R
P 0000021830F39F78
P 0000021830FC8298
C 260
R
P 0000021830F39F78
C 345
R
P 0000021830F39F78
P 0000021830FC8298
C 9
R
P 0000021830F39F78
C 345
R
P 0000021830F39F78
P 0000021830FC79D8
P 0000021830FC8298
C 76
= 0000021830FC3A78
R
P 0000021830F39F78
C 345
R
P 0000021830F39F78
P 0000021830FC3A78
C 260
R
P 0000021830F39F78
C 345
R
P 0000021830F39F78
P 0000021830FC3A78
C 9
R
P 0000021830F39F78
C 345
R
P 0000021830F39F78
U 2
P 0000021830FC3A40
P 0000021830FC3A78
p 2
C 65
= 0000021830FC3AB0
R
P 0000021830F39F78
C 345
R
P 0000021830F39F78
P 0000021830FC3AB0
C 260
R
P 0000021830F39F78
C 345
R
P 0000021830F39F78
P 0000021830FC3AB0
C 9
R
P 0000021830F39F78
C 345
R
P 0000021830F39F78
I 1
P 0000021830FC6738
C 152
= 0000021830FC7318
R
P 0000021830F39F78
C 345
R
P 0000021830F39F78
P 0000021830FC7318
C 260
R
P 0000021830F39F78
C 345
R
P 0000021830F39F78
P 0000021830FC7318
C 9
R
P 0000021830F39F78
C 345
R
P 0000021830F39F78
P 0000021830FC7318
P 0000021830FC79F8
C 76
= 0000021830FC3AE8
R
P 0000021830F39F78
C 345
R
P 0000021830F39F78
P 0000021830FC3AE8
C 260
R
P 0000021830F39F78
C 345
R
P 0000021830F39F78
P 0000021830FC3AE8
C 9
R
P 0000021830F39F78
C 345
R
P 0000021830F39F78
I 9
P 0000021830FC6738
C 152
= 0000021830FC8298
R
P 0000021830F39F78
C 345
R
P 0000021830F39F78
P 0000021830FC8298
C 260
R
P 0000021830F39F78
C 345
R
P 0000021830F39F78
P 0000021830FC8298
C 9
R
P 0000021830F39F78
C 345
R
P 0000021830F39F78
P 0000021830FC79F8
P 0000021830FC8298
C 76
= 0000021830FC3B20
R
P 0000021830F39F78
C 345
R
P 0000021830F39F78
P 0000021830FC3B20
C 260
R
P 0000021830F39F78
C 345
R
P 0000021830F39F78
P 0000021830FC3B20
C 9
R
P 0000021830F39F78
C 345
R
P 0000021830F39F78
U 2
P 0000021830FC3AE8
P 0000021830FC3B20
p 2
C 65
= 0000021830FC3B58
R
P 0000021830F39F78
C 345
R
P 0000021830F39F78
P 0000021830FC3B58
C 260
R
P 0000021830F39F78
C 345
R
P 0000021830F39F78
P 0000021830FC3B58
C 9
R
P 0000021830F39F78
C 345
R
P 0000021830F39F78
I 1
P 0000021830FC6738
C 152
= 0000021830FC7318
R
P 0000021830F39F78
C 345
R
P 0000021830F39F78
P 0000021830FC7318
C 260
R
P 0000021830F39F78
C 345
R
P 0000021830F39F78
P 0000021830FC7318
C 9
R
P 0000021830F39F78
C 345
R
P 0000021830F39F78
P 0000021830FC7318
P 0000021830FC7A18
C 76
= 0000021830FC3B90
R
P 0000021830F39F78
C 345
R
P 0000021830F39F78
P 0000021830FC3B90
C 260
R
P 0000021830F39F78
C 345
R
P 0000021830F39F78
P 0000021830FC3B90
C 9
R
P 0000021830F39F78
C 345
R
P 0000021830F39F78
I 9
P 0000021830FC6738
C 152
= 0000021830FC8298
R
P 0000021830F39F78
C 345
R
P 0000021830F39F78
P 0000021830FC8298
C 260
R
P 0000021830F39F78
C 345
R
P 0000021830F39F78
P 0000021830FC8298
C 9
R
P 0000021830F39F78
C 345
R
P 0000021830F39F78
P 0000021830FC7A18
P 0000021830FC8298
C 76
= 0000021830FC3BC8
R
P 0000021830F39F78
C 345
R
P 0000021830F39F78
P 0000021830FC3BC8
C 260
R
P 0000021830F39F78
C 345
R
P 0000021830F39F78
P 0000021830FC3BC8
C 9
R
P 0000021830F39F78
C 345
R
P 0000021830F39F78
U 2
P 0000021830FC3B90
P 0000021830FC3BC8
p 2
C 65
= 0000021830FC3C00
R
P 0000021830F39F78
C 345
R
P 0000021830F39F78
P 0000021830FC3C00
C 260
R
P 0000021830F39F78
C 345
R
P 0000021830F39F78
P 0000021830FC3C00
C 9
R
P 0000021830F39F78
C 345
R
P 0000021830F39F78
I 1
P 0000021830FC6738
C 152
= 0000021830FC7318
R
P 0000021830F39F78
C 345
R
P 0000021830F39F78
P 0000021830FC7318
C 260
R
P 0000021830F39F78
C 345
R
P 0000021830F39F78
P 0000021830FC7318
C 9
R
P 0000021830F39F78
C 345
R
P 0000021830F39F78
P 0000021830FC7318
P 0000021830FC7A38
C 76
= 0000021830FC3C38
R
P 0000021830F39F78
C 345
R
P 0000021830F39F78
P 0000021830FC3C38
C 260
R
P 0000021830F39F78
C 345
R
P 0000021830F39F78
P 0000021830FC3C38
C 9
R
P 0000021830F39F78
C 345
R
P 0000021830F39F78
I 9
P 0000021830FC6738
C 152
= 0000021830FC8298
R
P 0000021830F39F78
C 345
R
P 0000021830F39F78
P 0000021830FC8298
C 260
R
P 0000021830F39F78
C 345
R
P 0000021830F39F78
P 0000021830FC8298
C 9
R
P 0000021830F39F78
C 345
R
P 0000021830F39F78
P 0000021830FC7A38
P 0000021830FC8298
C 76
= 0000021830FC3C70
R
P 0000021830F39F78
C 345
R
P 0000021830F39F78
P 0000021830FC3C70
C 260
R
P 0000021830F39F78
C 345
R
P 0000021830F39F78
P 0000021830FC3C70
C 9
R
P 0000021830F39F78
C 345
R
P 0000021830F39F78
U 2
P 0000021830FC3C38
P 0000021830FC3C70
p 2
C 65
= 0000021830FC3CA8
R
P 0000021830F39F78
C 345
R
P 0000021830F39F78
P 0000021830FC3CA8
C 260
R
P 0000021830F39F78
C 345
R
P 0000021830F39F78
P 0000021830FC3CA8
C 9
R
P 0000021830F39F78
C 345
R
P 0000021830F39F78
I 1
P 0000021830FC6738
C 152
= 0000021830FC7318
R
P 0000021830F39F78
C 345
R
P 0000021830F39F78
P 0000021830FC7318
C 260
R
P 0000021830F39F78
C 345
R
P 0000021830F39F78
P 0000021830FC7318
C 9
R
P 0000021830F39F78
C 345
R
P 0000021830F39F78
P 0000021830FC7318
P 0000021830FC7A58
C 76
= 0000021830FC3CE0
R
P 0000021830F39F78
C 345
R
P 0000021830F39F78
P 0000021830FC3CE0
C 260
R
P 0000021830F39F78
C 345
R
P 0000021830F39F78
P 0000021830FC3CE0
C 9
R
P 0000021830F39F78
C 345
R
P 0000021830F39F78
I 9
P 0000021830FC6738
C 152
= 0000021830FC8298
R
P 0000021830F39F78
C 345
R
P 0000021830F39F78
P 0000021830FC8298
C 260
R
P 0000021830F39F78
C 345
R
P 0000021830F39F78
P 0000021830FC8298
C 9
R
P 0000021830F39F78
C 345
R
P 0000021830F39F78
P 0000021830FC7A58
P 0000021830FC8298
C 76
= 0000021830FC3D18
R
P 0000021830F39F78
C 345
R
P 0000021830F39F78
P 0000021830FC3D18
C 260
R
P 0000021830F39F78
C 345
R
P 0000021830F39F78
P 0000021830FC3D18
C 9
R
P 0000021830F39F78
C 345
R
P 0000021830F39F78
U 2
P 0000021830FC3CE0
P 0000021830FC3D18
p 2
C 65
= 0000021830FC3D50
R
P 0000021830F39F78
C 345
R
P 0000021830F39F78
P 0000021830FC3D50
C 260
R
P 0000021830F39F78
C 345
R
P 0000021830F39F78
P 0000021830FC3D50
C 9
R
P 0000021830F39F78
C 345
R
P 0000021830F39F78
I 1
P 0000021830FC6738
C 152
= 0000021830FC7318
R
P 0000021830F39F78
C 345
R
P 0000021830F39F78
P 0000021830FC7318
C 260
R
P 0000021830F39F78
C 345
R
P 0000021830F39F78
P 0000021830FC7318
C 9
R
P 0000021830F39F78
C 345
R
P 0000021830F39F78
P 0000021830FC7318
P 0000021830FC7A78
C 76
= 0000021830FC3D88
R
P 0000021830F39F78
C 345
R
P 0000021830F39F78
P 0000021830FC3D88
C 260
R
P 0000021830F39F78
C 345
R
P 0000021830F39F78
P 0000021830FC3D88
C 9
R
P 0000021830F39F78
C 345
R
P 0000021830F39F78
I 9
P 0000021830FC6738
C 152
= 0000021830FC8298
R
P 0000021830F39F78
C 345
R
P 0000021830F39F78
P 0000021830FC8298
C 260
R
P 0000021830F39F78
C 345
R
P 0000021830F39F78
P 0000021830FC8298
C 9
R
P 0000021830F39F78
C 345
R
P 0000021830F39F78
P 0000021830FC7A78
P 0000021830FC8298
C 76
= 0000021830FC3DC0
R
P 0000021830F39F78
C 345
R
P 0000021830F39F78
P 0000021830FC3DC0
C 260
R
P 0000021830F39F78
C 345
R
P 0000021830F39F78
P 0000021830FC3DC0
C 9
R
P 0000021830F39F78
C 345
R
P 0000021830F39F78
U 2
P 0000021830FC3D88
P 0000021830FC3DC0
p 2
C 65
= 0000021830FC3DF8
R
P 0000021830F39F78
C 345
R
P 0000021830F39F78
P 0000021830FC3DF8
C 260
R
P 0000021830F39F78
C 345
R
P 0000021830F39F78
P 0000021830FC3DF8
C 9
R
P 0000021830F39F78
C 345
R
P 0000021830F39F78
I 1
P 0000021830FC6738
C 152
= 0000021830FC7318
R
P 0000021830F39F78
C 345
R
P 0000021830F39F78
P 0000021830FC7318
C 260
R
P 0000021830F39F78
C 345
R
P 0000021830F39F78
P 0000021830FC7318
C 9
R
P 0000021830F39F78
C 345
R
P 0000021830F39F78
P 0000021830FC7318
P 0000021830FC7A98
C 76
= 0000021830FC3E30
R
P 0000021830F39F78
C 345
R
P 0000021830F39F78
P 0000021830FC3E30
C 260
R
P 0000021830F39F78
C 345
R
P 0000021830F39F78
P 0000021830FC3E30
C 9
R
P 0000021830F39F78
C 345
R
P 0000021830F39F78
I 9
P 0000021830FC6738
C 152
= 0000021830FC8298
R
P 0000021830F39F78
C 345
R
P 0000021830F39F78
P 0000021830FC8298
C 260
R
P 0000021830F39F78
C 345
R
P 0000021830F39F78
P 0000021830FC8298
C 9
R
P 0000021830F39F78
C 345
R
P 0000021830F39F78
P 0000021830FC7A98
P 0000021830FC8298
C 76
= 0000021830FC3E68
R
P 0000021830F39F78
C 345
R
P 0000021830F39F78
P 0000021830FC3E68
C 260
R
P 0000021830F39F78
C 345
R
P 0000021830F39F78
P 0000021830FC3E68
C 9
R
P 0000021830F39F78
C 345
R
P 0000021830F39F78
U 2
P 0000021830FC3E30
P 0000021830FC3E68
p 2
C 65
= 0000021830FC3EA0
R
P 0000021830F39F78
C 345
R
P 0000021830F39F78
P 0000021830FC3EA0
C 260
R
P 0000021830F39F78
C 345
R
P 0000021830F39F78
P 0000021830FC3EA0
C 9
R
P 0000021830F39F78
C 345
R
P 0000021830F39F78
I 1
P 0000021830FC6738
C 152
= 0000021830FC7318
R
P 0000021830F39F78
C 345
R
P 0000021830F39F78
P 0000021830FC7318
C 260
R
P 0000021830F39F78
C 345
R
P 0000021830F39F78
P 0000021830FC7318
C 9
R
P 0000021830F39F78
C 345
R
P 0000021830F39F78
P 0000021830FC7318
P 0000021830FC7AB8
C 76
= 0000021830FC3ED8
R
P 0000021830F39F78
C 345
R
P 0000021830F39F78
P 0000021830FC3ED8
C 260
R
P 0000021830F39F78
C 345
R
P 0000021830F39F78
P 0000021830FC3ED8
C 9
R
P 0000021830F39F78
C 345
R
P 0000021830F39F78
I 9
P 0000021830FC6738
C 152
= 0000021830FC8298
R
P 0000021830F39F78
C 345
R
P 0000021830F39F78
P 0000021830FC8298
C 260
R
P 0000021830F39F78
C 345
R
P 0000021830F39F78
P 0000021830FC8298
C 9
R
P 0000021830F39F78
C 345
R
P 0000021830F39F78
P 0000021830FC7AB8
P 0000021830FC8298
C 76
= 0000021830FC3F10
R
P 0000021830F39F78
C 345
R
P 0000021830F39F78
P 0000021830FC3F10
C 260
R
P 0000021830F39F78
C 345
R
P 0000021830F39F78
P 0000021830FC3F10
C 9
R
P 0000021830F39F78
C 345
R
P 0000021830F39F78
U 2
P 0000021830FC3ED8
P 0000021830FC3F10
p 2
C 65
= 0000021830FC3F48
R
P 0000021830F39F78
C 345
R
P 0000021830F39F78
P 0000021830FC3F48
C 260
R
P 0000021830F39F78
C 345
R
P 0000021830F39F78
P 0000021830FC3F48
C 9
R
P 0000021830F39F78
C 345
R
P 0000021830F39F78
I 1
P 0000021830FC6738
C 152
= 0000021830FC7318
R
P 0000021830F39F78
C 345
R
P 0000021830F39F78
P 0000021830FC7318
C 260
R
P 0000021830F39F78
C 345
R
P 0000021830F39F78
P 0000021830FC7318
C 9
R
P 0000021830F39F78
C 345
R
P 0000021830F39F78
P 0000021830FC7318
P 0000021830FC7AD8
C 76
= 0000021830FC3F80
R
P 0000021830F39F78
C 345
R
P 0000021830F39F78
P 0000021830FC3F80
C 260
R
P 0000021830F39F78
C 345
R
P 0000021830F39F78
P 0000021830FC3F80
C 9
R
P 0000021830F39F78
C 345
R
P 0000021830F39F78
I 9
P 0000021830FC6738
C 152
= 0000021830FC8298
R
P 0000021830F39F78
C 345
R
P 0000021830F39F78
P 0000021830FC8298
C 260
R
P 0000021830F39F78
C 345
R
P 0000021830F39F78
P 0000021830FC8298
C 9
R
P 0000021830F39F78
C 345
R
P 0000021830F39F78
P 0000021830FC7AD8
P 0000021830FC8298
C 76
= 0000021830FC3FB8
R
P 0000021830F39F78
C 345
R
P 0000021830F39F78
P 0000021830FC3FB8
C 260
R
P 0000021830F39F78
C 345
R
P 0000021830F39F78
P 0000021830FC3FB8
C 9
R
P 0000021830F39F78
C 345
R
P 0000021830F39F78
U 2
P 0000021830FC3F80
P 0000021830FC3FB8
p 2
C 65
= 0000021830FC3FF0
R
P 0000021830F39F78
C 345
R
P 0000021830F39F78
P 0000021830FC3FF0
C 260
R
P 0000021830F39F78
C 345
R
P 0000021830F39F78
P 0000021830FC3FF0
C 9
R
P 0000021830F39F78
C 345
R
P 0000021830F39F78
I 1
P 0000021830FC6738
C 152
= 0000021830FC7318
R
P 0000021830F39F78
C 345
R
P 0000021830F39F78
P 0000021830FC7318
C 260
R
P 0000021830F39F78
C 345
R
P 0000021830F39F78
P 0000021830FC7318
C 9
R
P 0000021830F39F78
C 345
R
P 0000021830F39F78
P 0000021830FC7318
P 0000021830FC7AF8
C 76
= 0000021830FC4028
R
P 0000021830F39F78
C 345
R
P 0000021830F39F78
P 0000021830FC4028
C 260
R
P 0000021830F39F78
C 345
R
P 0000021830F39F78
P 0000021830FC4028
C 9
R
P 0000021830F39F78
C 345
R
P 0000021830F39F78
I 9
P 0000021830FC6738
C 152
= 0000021830FC8298
R
P 0000021830F39F78
C 345
R
P 0000021830F39F78
P 0000021830FC8298
C 260
R
P 0000021830F39F78
C 345
R
P 0000021830F39F78
P 0000021830FC8298
C 9
R
P 0000021830F39F78
C 345
R
P 0000021830F39F78
P 0000021830FC7AF8
P 0000021830FC8298
C 76
= 0000021830FC4060
R
P 0000021830F39F78
C 345
R
P 0000021830F39F78
P 0000021830FC4060
C 260
R
P 0000021830F39F78
C 345
R
P 0000021830F39F78
P 0000021830FC4060
C 9
R
P 0000021830F39F78
C 345
R
P 0000021830F39F78
U 2
P 0000021830FC4028
P 0000021830FC4060
p 2
C 65
= 0000021830FC4098
R
P 0000021830F39F78
C 345
R
P 0000021830F39F78
P 0000021830FC4098
C 260
R
P 0000021830F39F78
C 345
R
P 0000021830F39F78
P 0000021830FC4098
C 9
R
P 0000021830F39F78
C 345
R
P 0000021830F39F78
I 1
P 0000021830FC6738
C 152
= 0000021830FC7318
R
P 0000021830F39F78
C 345
R
P 0000021830F39F78
P 0000021830FC7318
C 260
R
P 0000021830F39F78
C 345
R
P 0000021830F39F78
P 0000021830FC7318
C 9
R
P 0000021830F39F78
C 345
R
P 0000021830F39F78
P 0000021830FC7318
P 0000021830FC7B18
C 76
= 0000021830FC40D0
R
P 0000021830F39F78
C 345
R
P 0000021830F39F78
P 0000021830FC40D0
C 260
R
P 0000021830F39F78
C 345
R
P 0000021830F39F78
P 0000021830FC40D0
C 9
R
P 0000021830F39F78
C 345
R
P 0000021830F39F78
I 9
P 0000021830FC6738
C 152
= 0000021830FC8298
R
P 0000021830F39F78
C 345
R
P 0000021830F39F78
P 0000021830FC8298
C 260
R
P 0000021830F39F78
C 345
R
P 0000021830F39F78
P 0000021830FC8298
C 9
R
P 0000021830F39F78
C 345
R
P 0000021830F39F78
P 0000021830FC7B18
P 0000021830FC8298
C 76
= 0000021830FC4108
R
P 0000021830F39F78
C 345
R
P 0000021830F39F78
P 0000021830FC4108
C 260
R
P 0000021830F39F78
C 345
R
P 0000021830F39F78
P 0000021830FC4108
C 9
R
P 0000021830F39F78
C 345
R
P 0000021830F39F78
U 2
P 0000021830FC40D0
P 0000021830FC4108
p 2
C 65
= 0000021830FC4140
R
P 0000021830F39F78
C 345
R
P 0000021830F39F78
P 0000021830FC4140
C 260
R
P 0000021830F39F78
C 345
R
P 0000021830F39F78
P 0000021830FC4140
C 9
R
P 0000021830F39F78
C 345
R
P 0000021830F39F78
I 1
P 0000021830FC6738
C 152
= 0000021830FC7318
R
P 0000021830F39F78
C 345
R
P 0000021830F39F78
P 0000021830FC7318
C 260
R
P 0000021830F39F78
C 345
R
P 0000021830F39F78
P 0000021830FC7318
C 9
R
P 0000021830F39F78
C 345
R
P 0000021830F39F78
P 0000021830FC7318
P 0000021830FC7B38
C 76
= 0000021830FC4178
R
P 0000021830F39F78
C 345
R
P 0000021830F39F78
P 0000021830FC4178
C 260
R
P 0000021830F39F78
C 345
R
P 0000021830F39F78
P 0000021830FC4178
C 9
R
P 0000021830F39F78
C 345
R
P 0000021830F39F78
I 9
P 0000021830FC6738
C 152
= 0000021830FC8298
R
P 0000021830F39F78
C 345
R
P 0000021830F39F78
P 0000021830FC8298
C 260
R
P 0000021830F39F78
C 345
R
P 0000021830F39F78
P 0000021830FC8298
C 9
R
P 0000021830F39F78
C 345
R
P 0000021830F39F78
P 0000021830FC7B38
P 0000021830FC8298
C 76
= 0000021830FC41B0
R
P 0000021830F39F78
C 345
R
P 0000021830F39F78
P 0000021830FC41B0
C 260
R
P 0000021830F39F78
C 345
R
P 0000021830F39F78
P 0000021830FC41B0
C 9
R
P 0000021830F39F78
C 345
R
P 0000021830F39F78
U 2
P 0000021830FC4178
P 0000021830FC41B0
p 2
C 65
= 0000021830FC41E8
R
P 0000021830F39F78
C 345
R
P 0000021830F39F78
P 0000021830FC41E8
C 260
R
P 0000021830F39F78
C 345
R
P 0000021830F39F78
P 0000021830FC41E8
C 9
R
P 0000021830F39F78
C 345
R
P 0000021830F39F78
I 1
P 0000021830FC6738
C 152
= 0000021830FC7318
R
P 0000021830F39F78
C 345
R
P 0000021830F39F78
P 0000021830FC7318
C 260
R
P 0000021830F39F78
C 345
R
P 0000021830F39F78
P 0000021830FC7318
C 9
R
P 0000021830F39F78
C 345
R
P 0000021830F39F78
P 0000021830FC7318
P 0000021830FC7B58
C 76
= 0000021830FC4220
R
P 0000021830F39F78
C 345
R
P 0000021830F39F78
P 0000021830FC4220
C 260
R
P 0000021830F39F78
C 345
R
P 0000021830F39F78
P 0000021830FC4220
C 9
R
P 0000021830F39F78
C 345
R
P 0000021830F39F78
I 9
P 0000021830FC6738
C 152
= 0000021830FC8298
R
P 0000021830F39F78
C 345
R
P 0000021830F39F78
P 0000021830FC8298
C 260
R
P 0000021830F39F78
C 345
R
P 0000021830F39F78
P 0000021830FC8298
C 9
R
P 0000021830F39F78
C 345
R
P 0000021830F39F78
P 0000021830FC7B58
P 0000021830FC8298
C 76
= 0000021830FC4258
R
P 0000021830F39F78
C 345
R
P 0000021830F39F78
P 0000021830FC4258
C 260
R
P 0000021830F39F78
C 345
R
P 0000021830F39F78
P 0000021830FC4258
C 9
R
P 0000021830F39F78
C 345
R
P 0000021830F39F78
U 2
P 0000021830FC4220
P 0000021830FC4258
p 2
C 65
= 0000021830FC4290
R
P 0000021830F39F78
C 345
R
P 0000021830F39F78
P 0000021830FC4290
C 260
R
P 0000021830F39F78
C 345
R
P 0000021830F39F78
P 0000021830FC4290
C 9
R
P 0000021830F39F78
C 345
R
P 0000021830F39F78
I 1
P 0000021830FC6738
C 152
= 0000021830FC7318
R
P 0000021830F39F78
C 345
R
P 0000021830F39F78
P 0000021830FC7318
C 260
R
P 0000021830F39F78
C 345
R
P 0000021830F39F78
P 0000021830FC7318
C 9
R
P 0000021830F39F78
C 345
R
P 0000021830F39F78
P 0000021830FC7318
P 0000021830FC7B78
C 76
= 0000021830FC42C8
R
P 0000021830F39F78
C 345
R
P 0000021830F39F78
P 0000021830FC42C8
C 260
R
P 0000021830F39F78
C 345
R
P 0000021830F39F78
P 0000021830FC42C8
C 9
R
P 0000021830F39F78
C 345
R
P 0000021830F39F78
I 9
P 0000021830FC6738
C 152
= 0000021830FC8298
R
P 0000021830F39F78
C 345
R
P 0000021830F39F78
P 0000021830FC8298
C 260
R
P 0000021830F39F78
C 345
R
P 0000021830F39F78
P 0000021830FC8298
C 9
R
P 0000021830F39F78
C 345
R
P 0000021830F39F78
P 0000021830FC7B78
P 0000021830FC8298
C 76
= 0000021830FC4300
R
P 0000021830F39F78
C 345
R
P 0000021830F39F78
P 0000021830FC4300
C 260
R
P 0000021830F39F78
C 345
R
P 0000021830F39F78
P 0000021830FC4300
C 9
R
P 0000021830F39F78
C 345
R
P 0000021830F39F78
U 2
P 0000021830FC42C8
P 0000021830FC4300
p 2
C 65
= 0000021830FC4338
R
P 0000021830F39F78
C 345
R
P 0000021830F39F78
P 0000021830FC4338
C 260
R
P 0000021830F39F78
C 345
R
P 0000021830F39F78
P 0000021830FC4338
C 9
R
P 0000021830F39F78
C 345
R
P 0000021830F39F78
I 1
P 0000021830FC6738
C 152
= 0000021830FC7318
R
P 0000021830F39F78
C 345
R
P 0000021830F39F78
P 0000021830FC7318
C 260
R
P 0000021830F39F78
C 345
R
P 0000021830F39F78
P 0000021830FC7318
C 9
R
P 0000021830F39F78
C 345
R
P 0000021830F39F78
P 0000021830FC7318
P 0000021830FC7B98
C 76
= 0000021830FC4370
R
P 0000021830F39F78
C 345
R
P 0000021830F39F78
P 0000021830FC4370
C 260
R
P 0000021830F39F78
C 345
R
P 0000021830F39F78
P 0000021830FC4370
C 9
R
P 0000021830F39F78
C 345
R
P 0000021830F39F78
I 9
P 0000021830FC6738
C 152
= 0000021830FC8298
R
P 0000021830F39F78
C 345
R
P 0000021830F39F78
P 0000021830FC8298
C 260
R
P 0000021830F39F78
C 345
R
P 0000021830F39F78
P 0000021830FC8298
C 9
R
P 0000021830F39F78
C 345
R
P 0000021830F39F78
P 0000021830FC7B98
P 0000021830FC8298
C 76
= 0000021830FC43A8
R
P 0000021830F39F78
C 345
R
P 0000021830F39F78
P 0000021830FC43A8
C 260
R
P 0000021830F39F78
C 345
R
P 0000021830F39F78
P 0000021830FC43A8
C 9
R
P 0000021830F39F78
C 345
R
P 0000021830F39F78
U 2
P 0000021830FC4370
P 0000021830FC43A8
p 2
C 65
= 0000021830FC43E0
R
P 0000021830F39F78
C 345
R
P 0000021830F39F78
P 0000021830FC43E0
C 260
R
P 0000021830F39F78
C 345
R
P 0000021830F39F78
P 0000021830FC43E0
C 9
R
P 0000021830F39F78
C 345
R
P 0000021830F39F78
I 1
P 0000021830FC6738
C 152
= 0000021830FC7318
R
P 0000021830F39F78
C 345
R
P 0000021830F39F78
P 0000021830FC7318
C 260
R
P 0000021830F39F78
C 345
R
P 0000021830F39F78
P 0000021830FC7318
C 9
R
P 0000021830F39F78
C 345
R
P 0000021830F39F78
P 0000021830FC7318
P 0000021830FC7BB8
C 76
= 0000021830FC4418
R
P 0000021830F39F78
C 345
R
P 0000021830F39F78
P 0000021830FC4418
C 260
R
P 0000021830F39F78
C 345
R
P 0000021830F39F78
P 0000021830FC4418
C 9
R
P 0000021830F39F78
C 345
R
P 0000021830F39F78
I 9
P 0000021830FC6738
C 152
= 0000021830FC8298
R
P 0000021830F39F78
C 345
R
P 0000021830F39F78
P 0000021830FC8298
C 260
R
P 0000021830F39F78
C 345
R
P 0000021830F39F78
P 0000021830FC8298
C 9
R
P 0000021830F39F78
C 345
R
P 0000021830F39F78
P 0000021830FC7BB8
P 0000021830FC8298
C 76
= 0000021830FC4450
R
P 0000021830F39F78
C 345
R
P 0000021830F39F78
P 0000021830FC4450
C 260
R
P 0000021830F39F78
C 345
R
P 0000021830F39F78
P 0000021830FC4450
C 9
R
P 0000021830F39F78
C 345
R
P 0000021830F39F78
U 2
P 0000021830FC4418
P 0000021830FC4450
p 2
C 65
= 0000021830FC4488
R
P 0000021830F39F78
C 345
R
P 0000021830F39F78
P 0000021830FC4488
C 260
R
P 0000021830F39F78
C 345
R
P 0000021830F39F78
P 0000021830FC4488
C 9
R
P 0000021830F39F78
C 345
R
P 0000021830F39F78
I 1
P 0000021830FC6738
C 152
= 0000021830FC7318
R
P 0000021830F39F78
C 345
R
P 0000021830F39F78
P 0000021830FC7318
C 260
R
P 0000021830F39F78
C 345
R
P 0000021830F39F78
P 0000021830FC7318
C 9
R
P 0000021830F39F78
C 345
R
P 0000021830F39F78
P 0000021830FC7318
P 0000021830FC7BD8
C 76
= 0000021830FC44C0
R
P 0000021830F39F78
C 345
R
P 0000021830F39F78
P 0000021830FC44C0
C 260
R
P 0000021830F39F78
C 345
R
P 0000021830F39F78
P 0000021830FC44C0
C 9
R
P 0000021830F39F78
C 345
R
P 0000021830F39F78
I 9
P 0000021830FC6738
C 152
= 0000021830FC8298
R
P 0000021830F39F78
C 345
R
P 0000021830F39F78
P 0000021830FC8298
C 260
R
P 0000021830F39F78
C 345
R
P 0000021830F39F78
P 0000021830FC8298
C 9
R
P 0000021830F39F78
C 345
R
P 0000021830F39F78
P 0000021830FC7BD8
P 0000021830FC8298
C 76
= 0000021830FC44F8
R
P 0000021830F39F78
C 345
R
P 0000021830F39F78
P 0000021830FC44F8
C 260
R
P 0000021830F39F78
C 345
R
P 0000021830F39F78
P 0000021830FC44F8
C 9
R
P 0000021830F39F78
C 345
R
P 0000021830F39F78
U 2
P 0000021830FC44C0
P 0000021830FC44F8
p 2
C 65
= 0000021830FC4530
R
P 0000021830F39F78
C 345
R
P 0000021830F39F78
P 0000021830FC4530
C 260
R
P 0000021830F39F78
C 345
R
P 0000021830F39F78
P 0000021830FC4530
C 9
R
P 0000021830F39F78
C 345
R
P 0000021830F39F78
I 1
P 0000021830FC6738
C 152
= 0000021830FC7318
R
P 0000021830F39F78
C 345
R
P 0000021830F39F78
P 0000021830FC7318
C 260
R
P 0000021830F39F78
C 345
R
P 0000021830F39F78
P 0000021830FC7318
C 9
R
P 0000021830F39F78
C 345
R
P 0000021830F39F78
P 0000021830FC7318
P 0000021830FC7BF8
C 76
= 0000021830FC4568
R
P 0000021830F39F78
C 345
R
P 0000021830F39F78
P 0000021830FC4568
C 260
R
P 0000021830F39F78
C 345
R
P 0000021830F39F78
P 0000021830FC4568
C 9
R
P 0000021830F39F78
C 345
R
P 0000021830F39F78
I 9
P 0000021830FC6738
C 152
= 0000021830FC8298
R
P 0000021830F39F78
C 345
R
P 0000021830F39F78
P 0000021830FC8298
C 260
R
P 0000021830F39F78
C 345
R
P 0000021830F39F78
P 0000021830FC8298
C 9
R
P 0000021830F39F78
C 345
R
P 0000021830F39F78
P 0000021830FC7BF8
P 0000021830FC8298
C 76
= 0000021830FC45A0
R
P 0000021830F39F78
C 345
R
P 0000021830F39F78
P 0000021830FC45A0
C 260
R
P 0000021830F39F78
C 345
R
P 0000021830F39F78
P 0000021830FC45A0
C 9
R
P 0000021830F39F78
C 345
R
P 0000021830F39F78
U 2
P 0000021830FC4568
P 0000021830FC45A0
p 2
C 65
= 0000021830FC45D8
R
P 0000021830F39F78
C 345
R
P 0000021830F39F78
P 0000021830FC45D8
C 260
R
P 0000021830F39F78
C 345
R
P 0000021830F39F78
P 0000021830FC45D8
C 9
R
P 0000021830F39F78
C 345
R
P 0000021830F39F78
I 1
P 0000021830FC6738
C 152
= 0000021830FC7318
R
P 0000021830F39F78
C 345
R
P 0000021830F39F78
P 0000021830FC7318
C 260
R
P 0000021830F39F78
C 345
R
P 0000021830F39F78
P 0000021830FC7318
C 9
R
P 0000021830F39F78
C 345
R
P 0000021830F39F78
P 0000021830FC7318
P 0000021830FC7C18
C 76
= 00000218315AD758
R
P 0000021830F39F78
C 345
R
P 0000021830F39F78
P 00000218315AD758
C 260
R
P 0000021830F39F78
C 345
R
P 0000021830F39F78
P 00000218315AD758
C 9
R
P 0000021830F39F78
C 345
R
P 0000021830F39F78
I 9
P 0000021830FC6738
C 152
= 0000021830FC8298
R
P 0000021830F39F78
C 345
R
P 0000021830F39F78
P 0000021830FC8298
C 260
R
P 0000021830F39F78
C 345
R
P 0000021830F39F78
P 0000021830FC8298
C 9
R
P 0000021830F39F78
C 345
R
P 0000021830F39F78
P 0000021830FC7C18
P 0000021830FC8298
C 76
= 00000218315AD790
R
P 0000021830F39F78
C 345
R
P 0000021830F39F78
P 00000218315AD790
C 260
R
P 0000021830F39F78
C 345
R
P 0000021830F39F78
P 00000218315AD790
C 9
R
P 0000021830F39F78
C 345
R
P 0000021830F39F78
U 2
P 00000218315AD758
P 00000218315AD790
p 2
C 65
= 00000218315AD7C8
R
P 0000021830F39F78
C 345
R
P 0000021830F39F78
P 00000218315AD7C8
C 260
R
P 0000021830F39F78
C 345
R
P 0000021830F39F78
P 00000218315AD7C8
C 9
R
P 0000021830F39F78
C 345
R
P 0000021830F39F78
I 1
P 0000021830FC6738
C 152
= 0000021830FC7318
R
P 0000021830F39F78
C 345
R
P 0000021830F39F78
P 0000021830FC7318
C 260
R
P 0000021830F39F78
C 345
R
P 0000021830F39F78
P 0000021830FC7318
C 9
R
P 0000021830F39F78
C 345
R
P 0000021830F39F78
P 0000021830FC7318
P 0000021830FC7C38
C 76
= 00000218315AD800
R
P 0000021830F39F78
C 345
R
P 0000021830F39F78
P 00000218315AD800
C 260
R
P 0000021830F39F78
C 345
R
P 0000021830F39F78
P 00000218315AD800
C 9
R
P 0000021830F39F78
C 345
R
P 0000021830F39F78
I 9
P 0000021830FC6738
C 152
= 0000021830FC8298
R
P 0000021830F39F78
C 345
R
P 0000021830F39F78
P 0000021830FC8298
C 260
R
P 0000021830F39F78
C 345
R
P 0000021830F39F78
P 0000021830FC8298
C 9
R
P 0000021830F39F78
C 345
R
P 0000021830F39F78
P 0000021830FC7C38
P 0000021830FC8298
C 76
= 00000218315AD838
R
P 0000021830F39F78
C 345
R
P 0000021830F39F78
P 00000218315AD838
C 260
R
P 0000021830F39F78
C 345
R
P 0000021830F39F78
P 00000218315AD838
C 9
R
P 0000021830F39F78
C 345
R
P 0000021830F39F78
U 2
P 00000218315AD800
P 00000218315AD838
p 2
C 65
= 00000218315AD870
R
P 0000021830F39F78
C 345
R
P 0000021830F39F78
P 00000218315AD870
C 260
R
P 0000021830F39F78
C 345
R
P 0000021830F39F78
P 00000218315AD870
C 9
R
P 0000021830F39F78
C 345
R
P 0000021830F39F78
I 1
P 0000021830FC6738
C 152
= 0000021830FC7318
R
P 0000021830F39F78
C 345
R
P 0000021830F39F78
P 0000021830FC7318
C 260
R
P 0000021830F39F78
C 345
R
P 0000021830F39F78
P 0000021830FC7318
C 9
R
P 0000021830F39F78
C 345
R
P 0000021830F39F78
P 0000021830FC7318
P 0000021830FC7C58
C 76
= 00000218315AD8A8
R
P 0000021830F39F78
C 345
R
P 0000021830F39F78
P 00000218315AD8A8
C 260
R
P 0000021830F39F78
C 345
R
P 0000021830F39F78
P 00000218315AD8A8
C 9
R
P 0000021830F39F78
C 345
R
P 0000021830F39F78
I 9
P 0000021830FC6738
C 152
= 0000021830FC8298
R
P 0000021830F39F78
C 345
R
P 0000021830F39F78
P 0000021830FC8298
C 260
R
P 0000021830F39F78
C 345
R
P 0000021830F39F78
P 0000021830FC8298
C 9
R
P 0000021830F39F78
C 345
R
P 0000021830F39F78
P 0000021830FC7C58
P 0000021830FC8298
C 76
= 00000218315AD8E0
R
P 0000021830F39F78
C 345
R
P 0000021830F39F78
P 00000218315AD8E0
C 260
R
P 0000021830F39F78
C 345
R
P 0000021830F39F78
P 00000218315AD8E0
C 9
R
P 0000021830F39F78
C 345
R
P 0000021830F39F78
U 2
P 00000218315AD8A8
P 00000218315AD8E0
p 2
C 65
= 00000218315AD918
R
P 0000021830F39F78
C 345
R
P 0000021830F39F78
P 00000218315AD918
C 260
R
P 0000021830F39F78
C 345
R
P 0000021830F39F78
P 00000218315AD918
C 9
R
P 0000021830F39F78
C 345
R
P 0000021830F39F78
I 1
P 0000021830FC6738
C 152
= 0000021830FC7318
R
P 0000021830F39F78
C 345
R
P 0000021830F39F78
P 0000021830FC7318
C 260
R
P 0000021830F39F78
C 345
R
P 0000021830F39F78
P 0000021830FC7318
C 9
R
P 0000021830F39F78
C 345
R
P 0000021830F39F78
P 0000021830FC7318
P 0000021830FC7C78
C 76
= 00000218315AD950
R
P 0000021830F39F78
C 345
R
P 0000021830F39F78
P 00000218315AD950
C 260
R
P 0000021830F39F78
C 345
R
P 0000021830F39F78
P 00000218315AD950
C 9
R
P 0000021830F39F78
C 345
R
P 0000021830F39F78
I 9
P 0000021830FC6738
C 152
= 0000021830FC8298
R
P 0000021830F39F78
C 345
R
P 0000021830F39F78
P 0000021830FC8298
C 260
R
P 0000021830F39F78
C 345
R
P 0000021830F39F78
P 0000021830FC8298
C 9
R
P 0000021830F39F78
C 345
R
P 0000021830F39F78
P 0000021830FC7C78
P 0000021830FC8298
C 76
= 00000218315AD988
R
P 0000021830F39F78
C 345
R
P 0000021830F39F78
P 00000218315AD988
C 260
R
P 0000021830F39F78
C 345
R
P 0000021830F39F78
P 00000218315AD988
C 9
R
P 0000021830F39F78
C 345
R
P 0000021830F39F78
U 2
P 00000218315AD950
P 00000218315AD988
p 2
C 65
= 00000218315AD9C0
R
P 0000021830F39F78
C 345
R
P 0000021830F39F78
P 00000218315AD9C0
C 260
R
P 0000021830F39F78
C 345
R
P 0000021830F39F78
P 00000218315AD9C0
C 9
R
P 0000021830F39F78
C 345
R
P 0000021830F39F78
I 1
P 0000021830FC6738
C 152
= 0000021830FC7318
R
P 0000021830F39F78
C 345
R
P 0000021830F39F78
P 0000021830FC7318
C 260
R
P 0000021830F39F78
C 345
R
P 0000021830F39F78
P 0000021830FC7318
C 9
R
P 0000021830F39F78
C 345
R
P 0000021830F39F78
P 0000021830FC7318
P 0000021830FC7C98
C 76
= 00000218315AD9F8
R
P 0000021830F39F78
C 345
R
P 0000021830F39F78
P 00000218315AD9F8
C 260
R
P 0000021830F39F78
C 345
R
P 0000021830F39F78
P 00000218315AD9F8
C 9
R
P 0000021830F39F78
C 345
R
P 0000021830F39F78
I 9
P 0000021830FC6738
C 152
= 0000021830FC8298
R
P 0000021830F39F78
C 345
R
P 0000021830F39F78
P 0000021830FC8298
C 260
R
P 0000021830F39F78
C 345
R
P 0000021830F39F78
P 0000021830FC8298
C 9
R
P 0000021830F39F78
C 345
R
P 0000021830F39F78
P 0000021830FC7C98
P 0000021830FC8298
C 76
= 00000218315ADA30
R
P 0000021830F39F78
C 345
R
P 0000021830F39F78
P 00000218315ADA30
C 260
R
P 0000021830F39F78
C 345
R
P 0000021830F39F78
P 00000218315ADA30
C 9
R
P 0000021830F39F78
C 345
R
P 0000021830F39F78
U 2
P 00000218315AD9F8
P 00000218315ADA30
p 2
C 65
= 00000218315ADA68
R
P 0000021830F39F78
C 345
R
P 0000021830F39F78
P 00000218315ADA68
C 260
R
P 0000021830F39F78
C 345
R
P 0000021830F39F78
P 00000218315ADA68
C 9
R
P 0000021830F39F78
C 345
R
P 0000021830F39F78
I 1
P 0000021830FC6738
C 152
= 0000021830FC7318
R
P 0000021830F39F78
C 345
R
P 0000021830F39F78
P 0000021830FC7318
C 260
R
P 0000021830F39F78
C 345
R
P 0000021830F39F78
P 0000021830FC7318
C 9
R
P 0000021830F39F78
C 345
R
P 0000021830F39F78
P 0000021830FC7318
P 0000021830FC7CB8
C 76
= 00000218315ADAA0
R
P 0000021830F39F78
C 345
R
P 0000021830F39F78
P 00000218315ADAA0
C 260
R
P 0000021830F39F78
C 345
R
P 0000021830F39F78
P 00000218315ADAA0
C 9
R
P 0000021830F39F78
C 345
R
P 0000021830F39F78
I 9
P 0000021830FC6738
C 152
= 0000021830FC8298
R
P 0000021830F39F78
C 345
R
P 0000021830F39F78
P 0000021830FC8298
C 260
R
P 0000021830F39F78
C 345
R
P 0000021830F39F78
P 0000021830FC8298
C 9
R
P 0000021830F39F78
C 345
R
P 0000021830F39F78
P 0000021830FC7CB8
P 0000021830FC8298
C 76
= 00000218315ADAD8
R
P 0000021830F39F78
C 345
R
P 0000021830F39F78
P 00000218315ADAD8
C 260
R
P 0000021830F39F78
C 345
R
P 0000021830F39F78
P 00000218315ADAD8
C 9
R
P 0000021830F39F78
C 345
R
P 0000021830F39F78
U 2
P 00000218315ADAA0
P 00000218315ADAD8
p 2
C 65
= 00000218315ADB10
R
P 0000021830F39F78
C 345
R
P 0000021830F39F78
P 00000218315ADB10
C 260
R
P 0000021830F39F78
C 345
R
P 0000021830F39F78
P 00000218315ADB10
C 9
R
P 0000021830F39F78
C 345
R
P 0000021830F39F78
I 1
P 0000021830FC6738
C 152
= 0000021830FC7318
R
P 0000021830F39F78
C 345
R
P 0000021830F39F78
P 0000021830FC7318
C 260
R
P 0000021830F39F78
C 345
R
P 0000021830F39F78
P 0000021830FC7318
C 9
R
P 0000021830F39F78
C 345
R
P 0000021830F39F78
P 0000021830FC7318
P 0000021830FC7CD8
C 76
= 00000218315ADB48
R
P 0000021830F39F78
C 345
R
P 0000021830F39F78
P 00000218315ADB48
C 260
R
P 0000021830F39F78
C 345
R
P 0000021830F39F78
P 00000218315ADB48
C 9
R
P 0000021830F39F78
C 345
R
P 0000021830F39F78
I 9
P 0000021830FC6738
C 152
= 0000021830FC8298
R
P 0000021830F39F78
C 345
R
P 0000021830F39F78
P 0000021830FC8298
C 260
R
P 0000021830F39F78
C 345
R
P 0000021830F39F78
P 0000021830FC8298
C 9
R
P 0000021830F39F78
C 345
R
P 0000021830F39F78
P 0000021830FC7CD8
P 0000021830FC8298
C 76
= 00000218315ADB80
R
P 0000021830F39F78
C 345
R
P 0000021830F39F78
P 00000218315ADB80
C 260
R
P 0000021830F39F78
C 345
R
P 0000021830F39F78
P 00000218315ADB80
C 9
R
P 0000021830F39F78
C 345
R
P 0000021830F39F78
U 2
P 00000218315ADB48
P 00000218315ADB80
p 2
C 65
= 00000218315ADBB8
R
P 0000021830F39F78
C 345
R
P 0000021830F39F78
P 00000218315ADBB8
C 260
R
P 0000021830F39F78
C 345
R
P 0000021830F39F78
P 00000218315ADBB8
C 9
R
P 0000021830F39F78
C 345
R
P 0000021830F39F78
I 1
P 0000021830FC6738
C 152
= 0000021830FC7318
R
P 0000021830F39F78
C 345
R
P 0000021830F39F78
P 0000021830FC7318
C 260
R
P 0000021830F39F78
C 345
R
P 0000021830F39F78
P 0000021830FC7318
C 9
R
P 0000021830F39F78
C 345
R
P 0000021830F39F78
P 0000021830FC7318
P 0000021830FC7CF8
C 76
= 00000218315ADBF0
R
P 0000021830F39F78
C 345
R
P 0000021830F39F78
P 00000218315ADBF0
C 260
R
P 0000021830F39F78
C 345
R
P 0000021830F39F78
P 00000218315ADBF0
C 9
R
P 0000021830F39F78
C 345
R
P 0000021830F39F78
I 9
P 0000021830FC6738
C 152
= 0000021830FC8298
R
P 0000021830F39F78
C 345
R
P 0000021830F39F78
P 0000021830FC8298
C 260
R
P 0000021830F39F78
C 345
R
P 0000021830F39F78
P 0000021830FC8298
C 9
R
P 0000021830F39F78
C 345
R
P 0000021830F39F78
P 0000021830FC7CF8
P 0000021830FC8298
C 76
= 00000218315ADC28
R
P 0000021830F39F78
C 345
R
P 0000021830F39F78
P 00000218315ADC28
C 260
R
P 0000021830F39F78
C 345
R
P 0000021830F39F78
P 00000218315ADC28
C 9
R
P 0000021830F39F78
C 345
R
P 0000021830F39F78
U 2
P 00000218315ADBF0
P 00000218315ADC28
p 2
C 65
= 00000218315ADC60
R
P 0000021830F39F78
C 345
R
P 0000021830F39F78
P 00000218315ADC60
C 260
R
P 0000021830F39F78
C 345
R
P 0000021830F39F78
P 00000218315ADC60
C 9
R
P 0000021830F39F78
C 345
R
P 0000021830F39F78
I 1
P 0000021830FC6738
C 152
= 0000021830FC7318
R
P 0000021830F39F78
C 345
R
P 0000021830F39F78
P 0000021830FC7318
C 260
R
P 0000021830F39F78
C 345
R
P 0000021830F39F78
P 0000021830FC7318
C 9
R
P 0000021830F39F78
C 345
R
P 0000021830F39F78
P 0000021830FC7318
P 0000021830FC7D18
C 76
= 00000218315ADC98
R
P 0000021830F39F78
C 345
R
P 0000021830F39F78
P 00000218315ADC98
C 260
R
P 0000021830F39F78
C 345
R
P 0000021830F39F78
P 00000218315ADC98
C 9
R
P 0000021830F39F78
C 345
R
P 0000021830F39F78
I 9
P 0000021830FC6738
C 152
= 0000021830FC8298
R
P 0000021830F39F78
C 345
R
P 0000021830F39F78
P 0000021830FC8298
C 260
R
P 0000021830F39F78
C 345
R
P 0000021830F39F78
P 0000021830FC8298
C 9
R
P 0000021830F39F78
C 345
R
P 0000021830F39F78
P 0000021830FC7D18
P 0000021830FC8298
C 76
= 00000218315ADCD0
R
P 0000021830F39F78
C 345
R
P 0000021830F39F78
P 00000218315ADCD0
C 260
R
P 0000021830F39F78
C 345
R
P 0000021830F39F78
P 00000218315ADCD0
C 9
R
P 0000021830F39F78
C 345
R
P 0000021830F39F78
U 2
P 00000218315ADC98
P 00000218315ADCD0
p 2
C 65
= 00000218315ADD08
R
P 0000021830F39F78
C 345
R
P 0000021830F39F78
P 00000218315ADD08
C 260
R
P 0000021830F39F78
C 345
R
P 0000021830F39F78
P 00000218315ADD08
C 9
R
P 0000021830F39F78
C 345
R
P 0000021830F39F78
I 1
P 0000021830FC6738
C 152
= 0000021830FC7318
R
P 0000021830F39F78
C 345
R
P 0000021830F39F78
P 0000021830FC7318
C 260
R
P 0000021830F39F78
C 345
R
P 0000021830F39F78
P 0000021830FC7318
C 9
R
P 0000021830F39F78
C 345
R
P 0000021830F39F78
P 0000021830FC7318
P 0000021830FC7D38
C 76
= 00000218315ADD40
R
P 0000021830F39F78
C 345
R
P 0000021830F39F78
P 00000218315ADD40
C 260
R
P 0000021830F39F78
C 345
R
P 0000021830F39F78
P 00000218315ADD40
C 9
R
P 0000021830F39F78
C 345
R
P 0000021830F39F78
I 9
P 0000021830FC6738
C 152
= 0000021830FC8298
R
P 0000021830F39F78
C 345
R
P 0000021830F39F78
P 0000021830FC8298
C 260
R
P 0000021830F39F78
C 345
R
P 0000021830F39F78
P 0000021830FC8298
C 9
R
P 0000021830F39F78
C 345
R
P 0000021830F39F78
P 0000021830FC7D38
P 0000021830FC8298
C 76
= 00000218315ADD78
R
P 0000021830F39F78
C 345
R
P 0000021830F39F78
P 00000218315ADD78
C 260
R
P 0000021830F39F78
C 345
R
P 0000021830F39F78
P 00000218315ADD78
C 9
R
P 0000021830F39F78
C 345
R
P 0000021830F39F78
U 2
P 00000218315ADD40
P 00000218315ADD78
p 2
C 65
= 00000218315ADDB0
R
P 0000021830F39F78
C 345
R
P 0000021830F39F78
P 00000218315ADDB0
C 260
R
P 0000021830F39F78
C 345
R
P 0000021830F39F78
P 00000218315ADDB0
C 9
R
P 0000021830F39F78
C 345
R
P 0000021830F39F78
I 1
P 0000021830FC6738
C 152
= 0000021830FC7318
R
P 0000021830F39F78
C 345
R
P 0000021830F39F78
P 0000021830FC7318
C 260
R
P 0000021830F39F78
C 345
R
P 0000021830F39F78
P 0000021830FC7318
C 9
R
P 0000021830F39F78
C 345
R
P 0000021830F39F78
P 0000021830FC7318
P 0000021830FC7D58
C 76
= 00000218315ADDE8
R
P 0000021830F39F78
C 345
R
P 0000021830F39F78
P 00000218315ADDE8
C 260
R
P 0000021830F39F78
C 345
R
P 0000021830F39F78
P 00000218315ADDE8
C 9
R
P 0000021830F39F78
C 345
R
P 0000021830F39F78
I 9
P 0000021830FC6738
C 152
= 0000021830FC8298
R
P 0000021830F39F78
C 345
R
P 0000021830F39F78
P 0000021830FC8298
C 260
R
P 0000021830F39F78
C 345
R
P 0000021830F39F78
P 0000021830FC8298
C 9
R
P 0000021830F39F78
C 345
R
P 0000021830F39F78
P 0000021830FC7D58
P 0000021830FC8298
C 76
= 00000218315ADE20
R
P 0000021830F39F78
C 345
R
P 0000021830F39F78
P 00000218315ADE20
C 260
R
P 0000021830F39F78
C 345
R
P 0000021830F39F78
P 00000218315ADE20
C 9
R
P 0000021830F39F78
C 345
R
P 0000021830F39F78
U 2
P 00000218315ADDE8
P 00000218315ADE20
p 2
C 65
= 00000218315ADE58
R
P 0000021830F39F78
C 345
R
P 0000021830F39F78
P 00000218315ADE58
C 260
R
P 0000021830F39F78
C 345
R
P 0000021830F39F78
P 00000218315ADE58
C 9
R
P 0000021830F39F78
C 345
R
P 0000021830F39F78
I 1
P 0000021830FC6738
C 152
= 0000021830FC7318
R
P 0000021830F39F78
C 345
R
P 0000021830F39F78
P 0000021830FC7318
C 260
R
P 0000021830F39F78
C 345
R
P 0000021830F39F78
P 0000021830FC7318
C 9
R
P 0000021830F39F78
C 345
R
P 0000021830F39F78
P 0000021830FC7318
P 0000021830FC7D78
C 76
= 00000218315ADE90
R
P 0000021830F39F78
C 345
R
P 0000021830F39F78
P 00000218315ADE90
C 260
R
P 0000021830F39F78
C 345
R
P 0000021830F39F78
P 00000218315ADE90
C 9
R
P 0000021830F39F78
C 345
R
P 0000021830F39F78
I 9
P 0000021830FC6738
C 152
= 0000021830FC8298
R
P 0000021830F39F78
C 345
R
P 0000021830F39F78
P 0000021830FC8298
C 260
R
P 0000021830F39F78
C 345
R
P 0000021830F39F78
P 0000021830FC8298
C 9
R
P 0000021830F39F78
C 345
R
P 0000021830F39F78
P 0000021830FC7D78
P 0000021830FC8298
C 76
= 00000218315ADEC8
R
P 0000021830F39F78
C 345
R
P 0000021830F39F78
P 00000218315ADEC8
C 260
R
P 0000021830F39F78
C 345
R
P 0000021830F39F78
P 00000218315ADEC8
C 9
R
P 0000021830F39F78
C 345
R
P 0000021830F39F78
U 2
P 00000218315ADE90
P 00000218315ADEC8
p 2
C 65
= 00000218315ADF00
R
P 0000021830F39F78
C 345
R
P 0000021830F39F78
P 00000218315ADF00
C 260
R
P 0000021830F39F78
C 345
R
P 0000021830F39F78
P 00000218315ADF00
C 9
R
P 0000021830F39F78
C 345
R
P 0000021830F39F78
I 1
P 0000021830FC6738
C 152
= 0000021830FC7318
R
P 0000021830F39F78
C 345
R
P 0000021830F39F78
P 0000021830FC7318
C 260
R
P 0000021830F39F78
C 345
R
P 0000021830F39F78
P 0000021830FC7318
C 9
R
P 0000021830F39F78
C 345
R
P 0000021830F39F78
P 0000021830FC7318
P 0000021830FC7D98
C 76
= 00000218315ADF38
R
P 0000021830F39F78
C 345
R
P 0000021830F39F78
P 00000218315ADF38
C 260
R
P 0000021830F39F78
C 345
R
P 0000021830F39F78
P 00000218315ADF38
C 9
R
P 0000021830F39F78
C 345
R
P 0000021830F39F78
I 9
P 0000021830FC6738
C 152
= 0000021830FC8298
R
P 0000021830F39F78
C 345
R
P 0000021830F39F78
P 0000021830FC8298
C 260
R
P 0000021830F39F78
C 345
R
P 0000021830F39F78
P 0000021830FC8298
C 9
R
P 0000021830F39F78
C 345
R
P 0000021830F39F78
P 0000021830FC7D98
P 0000021830FC8298
C 76
= 00000218315ADF70
R
P 0000021830F39F78
C 345
R
P 0000021830F39F78
P 00000218315ADF70
C 260
R
P 0000021830F39F78
C 345
R
P 0000021830F39F78
P 00000218315ADF70
C 9
R
P 0000021830F39F78
C 345
R
P 0000021830F39F78
U 2
P 00000218315ADF38
P 00000218315ADF70
p 2
C 65
= 00000218315ADFA8
R
P 0000021830F39F78
C 345
R
P 0000021830F39F78
P 00000218315ADFA8
C 260
R
P 0000021830F39F78
C 345
R
P 0000021830F39F78
P 00000218315ADFA8
C 9
R
P 0000021830F39F78
C 345
R
P 0000021830F39F78
I 1
P 0000021830FC6738
C 152
= 0000021830FC7318
R
P 0000021830F39F78
C 345
R
P 0000021830F39F78
P 0000021830FC7318
C 260
R
P 0000021830F39F78
C 345
R
P 0000021830F39F78
P 0000021830FC7318
C 9
R
P 0000021830F39F78
C 345
R
P 0000021830F39F78
P 0000021830FC7318
P 0000021830FC7DB8
C 76
= 00000218315ADFE0
R
P 0000021830F39F78
C 345
R
P 0000021830F39F78
P 00000218315ADFE0
C 260
R
P 0000021830F39F78
C 345
R
P 0000021830F39F78
P 00000218315ADFE0
C 9
R
P 0000021830F39F78
C 345
R
P 0000021830F39F78
I 9
P 0000021830FC6738
C 152
= 0000021830FC8298
R
P 0000021830F39F78
C 345
R
P 0000021830F39F78
P 0000021830FC8298
C 260
R
P 0000021830F39F78
C 345
R
P 0000021830F39F78
P 0000021830FC8298
C 9
R
P 0000021830F39F78
C 345
R
P 0000021830F39F78
P 0000021830FC7DB8
P 0000021830FC8298
C 76
= 00000218315AE018
R
P 0000021830F39F78
C 345
R
P 0000021830F39F78
P 00000218315AE018
C 260
R
P 0000021830F39F78
C 345
R
P 0000021830F39F78
P 00000218315AE018
C 9
R
P 0000021830F39F78
C 345
R
P 0000021830F39F78
U 2
P 00000218315ADFE0
P 00000218315AE018
p 2
C 65
= 00000218315AE050
R
P 0000021830F39F78
C 345
R
P 0000021830F39F78
P 00000218315AE050
C 260
R
P 0000021830F39F78
C 345
R
P 0000021830F39F78
P 00000218315AE050
C 9
R
P 0000021830F39F78
C 345
R
P 0000021830F39F78
I 1
P 0000021830FC6738
C 152
= 0000021830FC7318
R
P 0000021830F39F78
C 345
R
P 0000021830F39F78
P 0000021830FC7318
C 260
R
P 0000021830F39F78
C 345
R
P 0000021830F39F78
P 0000021830FC7318
C 9
R
P 0000021830F39F78
C 345
R
P 0000021830F39F78
P 0000021830FC7318
P 0000021830FC7DD8
C 76
= 00000218315AE088
R
P 0000021830F39F78
C 345
R
P 0000021830F39F78
P 00000218315AE088
C 260
R
P 0000021830F39F78
C 345
R
P 0000021830F39F78
P 00000218315AE088
C 9
R
P 0000021830F39F78
C 345
R
P 0000021830F39F78
I 9
P 0000021830FC6738
C 152
= 0000021830FC8298
R
P 0000021830F39F78
C 345
R
P 0000021830F39F78
P 0000021830FC8298
C 260
R
P 0000021830F39F78
C 345
R
P 0000021830F39F78
P 0000021830FC8298
C 9
R
P 0000021830F39F78
C 345
R
P 0000021830F39F78
P 0000021830FC7DD8
P 0000021830FC8298
C 76
= 00000218315AE0C0
R
P 0000021830F39F78
C 345
R
P 0000021830F39F78
P 00000218315AE0C0
C 260
R
P 0000021830F39F78
C 345
R
P 0000021830F39F78
P 00000218315AE0C0
C 9
R
P 0000021830F39F78
C 345
R
P 0000021830F39F78
U 2
P 00000218315AE088
P 00000218315AE0C0
p 2
C 65
= 00000218315AE0F8
R
P 0000021830F39F78
C 345
R
P 0000021830F39F78
P 00000218315AE0F8
C 260
R
P 0000021830F39F78
C 345
R
P 0000021830F39F78
P 00000218315AE0F8
C 9
R
P 0000021830F39F78
C 345
R
P 0000021830F39F78
I 1
P 0000021830FC6738
C 152
= 0000021830FC7318
R
P 0000021830F39F78
C 345
R
P 0000021830F39F78
P 0000021830FC7318
C 260
R
P 0000021830F39F78
C 345
R
P 0000021830F39F78
P 0000021830FC7318
C 9
R
P 0000021830F39F78
C 345
R
P 0000021830F39F78
P 0000021830FC7318
P 0000021830FC7DF8
C 76
= 00000218315AE130
R
P 0000021830F39F78
C 345
R
P 0000021830F39F78
P 00000218315AE130
C 260
R
P 0000021830F39F78
C 345
R
P 0000021830F39F78
P 00000218315AE130
C 9
R
P 0000021830F39F78
C 345
R
P 0000021830F39F78
I 9
P 0000021830FC6738
C 152
= 0000021830FC8298
R
P 0000021830F39F78
C 345
R
P 0000021830F39F78
P 0000021830FC8298
C 260
R
P 0000021830F39F78
C 345
R
P 0000021830F39F78
P 0000021830FC8298
C 9
R
P 0000021830F39F78
C 345
R
P 0000021830F39F78
P 0000021830FC7DF8
P 0000021830FC8298
C 76
= 00000218315AE168
R
P 0000021830F39F78
C 345
R
P 0000021830F39F78
P 00000218315AE168
C 260
R
P 0000021830F39F78
C 345
R
P 0000021830F39F78
P 00000218315AE168
C 9
R
P 0000021830F39F78
C 345
R
P 0000021830F39F78
U 2
P 00000218315AE130
P 00000218315AE168
p 2
C 65
= 00000218315AE1A0
R
P 0000021830F39F78
C 345
R
P 0000021830F39F78
P 00000218315AE1A0
C 260
R
P 0000021830F39F78
C 345
R
P 0000021830F39F78
P 00000218315AE1A0
C 9
R
P 0000021830F39F78
C 345
R
P 0000021830F39F78
I 1
P 0000021830FC6738
C 152
= 0000021830FC7318
R
P 0000021830F39F78
C 345
R
P 0000021830F39F78
P 0000021830FC7318
C 260
R
P 0000021830F39F78
C 345
R
P 0000021830F39F78
P 0000021830FC7318
C 9
R
P 0000021830F39F78
C 345
R
P 0000021830F39F78
P 0000021830FC7318
P 0000021830FC7E18
C 76
= 00000218315AE1D8
R
P 0000021830F39F78
C 345
R
P 0000021830F39F78
P 00000218315AE1D8
C 260
R
P 0000021830F39F78
C 345
R
P 0000021830F39F78
P 00000218315AE1D8
C 9
R
P 0000021830F39F78
C 345
R
P 0000021830F39F78
I 9
P 0000021830FC6738
C 152
= 0000021830FC8298
R
P 0000021830F39F78
C 345
R
P 0000021830F39F78
P 0000021830FC8298
C 260
R
P 0000021830F39F78
C 345
R
P 0000021830F39F78
P 0000021830FC8298
C 9
R
P 0000021830F39F78
C 345
R
P 0000021830F39F78
P 0000021830FC7E18
P 0000021830FC8298
C 76
= 00000218315AE210
R
P 0000021830F39F78
C 345
R
P 0000021830F39F78
P 00000218315AE210
C 260
R
P 0000021830F39F78
C 345
R
P 0000021830F39F78
P 00000218315AE210
C 9
R
P 0000021830F39F78
C 345
R
P 0000021830F39F78
U 2
P 00000218315AE1D8
P 00000218315AE210
p 2
C 65
= 00000218315AE248
R
P 0000021830F39F78
C 345
R
P 0000021830F39F78
P 00000218315AE248
C 260
R
P 0000021830F39F78
C 345
R
P 0000021830F39F78
P 00000218315AE248
C 9
R
P 0000021830F39F78
C 345
R
P 0000021830F39F78
I 1
P 0000021830FC6738
C 152
= 0000021830FC7318
R
P 0000021830F39F78
C 345
R
P 0000021830F39F78
P 0000021830FC7318
C 260
R
P 0000021830F39F78
C 345
R
P 0000021830F39F78
P 0000021830FC7318
C 9
R
P 0000021830F39F78
C 345
R
P 0000021830F39F78
P 0000021830FC7318
P 0000021830FC7E38
C 76
= 00000218315AE280
R
P 0000021830F39F78
C 345
R
P 0000021830F39F78
P 00000218315AE280
C 260
R
P 0000021830F39F78
C 345
R
P 0000021830F39F78
P 00000218315AE280
C 9
R
P 0000021830F39F78
C 345
R
P 0000021830F39F78
I 9
P 0000021830FC6738
C 152
= 0000021830FC8298
R
P 0000021830F39F78
C 345
R
P 0000021830F39F78
P 0000021830FC8298
C 260
R
P 0000021830F39F78
C 345
R
P 0000021830F39F78
P 0000021830FC8298
C 9
R
P 0000021830F39F78
C 345
R
P 0000021830F39F78
P 0000021830FC7E38
P 0000021830FC8298
C 76
= 00000218315AE2B8
R
P 0000021830F39F78
C 345
R
P 0000021830F39F78
P 00000218315AE2B8
C 260
R
P 0000021830F39F78
C 345
R
P 0000021830F39F78
P 00000218315AE2B8
C 9
R
P 0000021830F39F78
C 345
R
P 0000021830F39F78
U 2
P 00000218315AE280
P 00000218315AE2B8
p 2
C 65
= 00000218315AE2F0
R
P 0000021830F39F78
C 345
R
P 0000021830F39F78
P 00000218315AE2F0
C 260
R
P 0000021830F39F78
C 345
R
P 0000021830F39F78
P 00000218315AE2F0
C 9
R
P 0000021830F39F78
C 345
R
P 0000021830F39F78
I 1
P 0000021830FC6738
C 152
= 0000021830FC7318
R
P 0000021830F39F78
C 345
R
P 0000021830F39F78
P 0000021830FC7318
C 260
R
P 0000021830F39F78
C 345
R
P 0000021830F39F78
P 0000021830FC7318
C 9
R
P 0000021830F39F78
C 345
R
P 0000021830F39F78
P 0000021830FC7318
P 0000021830FC7E58
C 76
= 00000218315AE328
R
P 0000021830F39F78
C 345
R
P 0000021830F39F78
P 00000218315AE328
C 260
R
P 0000021830F39F78
C 345
R
P 0000021830F39F78
P 00000218315AE328
C 9
R
P 0000021830F39F78
C 345
R
P 0000021830F39F78
I 9
P 0000021830FC6738
C 152
= 0000021830FC8298
R
P 0000021830F39F78
C 345
R
P 0000021830F39F78
P 0000021830FC8298
C 260
R
P 0000021830F39F78
C 345
R
P 0000021830F39F78
P 0000021830FC8298
C 9
R
P 0000021830F39F78
C 345
R
P 0000021830F39F78
P 0000021830FC7E58
P 0000021830FC8298
C 76
= 00000218315AE360
R
P 0000021830F39F78
C 345
R
P 0000021830F39F78
P 00000218315AE360
C 260
R
P 0000021830F39F78
C 345
R
P 0000021830F39F78
P 00000218315AE360
C 9
R
P 0000021830F39F78
C 345
R
P 0000021830F39F78
U 2
P 00000218315AE328
P 00000218315AE360
p 2
C 65
= 00000218315AE398
R
P 0000021830F39F78
C 345
R
P 0000021830F39F78
P 00000218315AE398
C 260
R
P 0000021830F39F78
C 345
R
P 0000021830F39F78
P 00000218315AE398
C 9
R
P 0000021830F39F78
C 345
R
P 0000021830F39F78
I 1
P 0000021830FC6738
C 152
= 0000021830FC7318
R
P 0000021830F39F78
C 345
R
P 0000021830F39F78
P 0000021830FC7318
C 260
R
P 0000021830F39F78
C 345
R
P 0000021830F39F78
P 0000021830FC7318
C 9
R
P 0000021830F39F78
C 345
R
P 0000021830F39F78
P 0000021830FC7318
P 0000021830FC7E78
C 76
= 00000218315AE3D0
R
P 0000021830F39F78
C 345
R
P 0000021830F39F78
P 00000218315AE3D0
C 260
R
P 0000021830F39F78
C 345
R
P 0000021830F39F78
P 00000218315AE3D0
C 9
R
P 0000021830F39F78
C 345
R
P 0000021830F39F78
I 9
P 0000021830FC6738
C 152
= 0000021830FC8298
R
P 0000021830F39F78
C 345
R
P 0000021830F39F78
P 0000021830FC8298
C 260
R
P 0000021830F39F78
C 345
R
P 0000021830F39F78
P 0000021830FC8298
C 9
R
P 0000021830F39F78
C 345
R
P 0000021830F39F78
P 0000021830FC7E78
P 0000021830FC8298
C 76
= 00000218315AE408
R
P 0000021830F39F78
C 345
R
P 0000021830F39F78
P 00000218315AE408
C 260
R
P 0000021830F39F78
C 345
R
P 0000021830F39F78
P 00000218315AE408
C 9
R
P 0000021830F39F78
C 345
R
P 0000021830F39F78
U 2
P 00000218315AE3D0
P 00000218315AE408
p 2
C 65
= 00000218315AE440
R
P 0000021830F39F78
C 345
R
P 0000021830F39F78
P 00000218315AE440
C 260
R
P 0000021830F39F78
C 345
R
P 0000021830F39F78
P 00000218315AE440
C 9
R
P 0000021830F39F78
C 345
R
P 0000021830F39F78
I 1
P 0000021830FC6738
C 152
= 0000021830FC7318
R
P 0000021830F39F78
C 345
R
P 0000021830F39F78
P 0000021830FC7318
C 260
R
P 0000021830F39F78
C 345
R
P 0000021830F39F78
P 0000021830FC7318
C 9
R
P 0000021830F39F78
C 345
R
P 0000021830F39F78
P 0000021830FC7318
P 0000021830FC7E98
C 76
= 00000218315AE478
R
P 0000021830F39F78
C 345
R
P 0000021830F39F78
P 00000218315AE478
C 260
R
P 0000021830F39F78
C 345
R
P 0000021830F39F78
P 00000218315AE478
C 9
R
P 0000021830F39F78
C 345
R
P 0000021830F39F78
I 9
P 0000021830FC6738
C 152
= 0000021830FC8298
R
P 0000021830F39F78
C 345
R
P 0000021830F39F78
P 0000021830FC8298
C 260
R
P 0000021830F39F78
C 345
R
P 0000021830F39F78
P 0000021830FC8298
C 9
R
P 0000021830F39F78
C 345
R
P 0000021830F39F78
P 0000021830FC7E98
P 0000021830FC8298
C 76
= 00000218315AE4B0
R
P 0000021830F39F78
C 345
R
P 0000021830F39F78
P 00000218315AE4B0
C 260
R
P 0000021830F39F78
C 345
R
P 0000021830F39F78
P 00000218315AE4B0
C 9
R
P 0000021830F39F78
C 345
R
P 0000021830F39F78
U 2
P 00000218315AE478
P 00000218315AE4B0
p 2
C 65
= 00000218315AE4E8
R
P 0000021830F39F78
C 345
R
P 0000021830F39F78
P 00000218315AE4E8
C 260
R
P 0000021830F39F78
C 345
R
P 0000021830F39F78
P 00000218315AE4E8
C 9
R
P 0000021830F39F78
C 345
R
P 0000021830F39F78
I 1
P 0000021830FC6738
C 152
= 0000021830FC7318
R
P 0000021830F39F78
C 345
R
P 0000021830F39F78
P 0000021830FC7318
C 260
R
P 0000021830F39F78
C 345
R
P 0000021830F39F78
P 0000021830FC7318
C 9
R
P 0000021830F39F78
C 345
R
P 0000021830F39F78
P 0000021830FC7318
P 0000021830FC7EB8
C 76
= 00000218315AE520
R
P 0000021830F39F78
C 345
R
P 0000021830F39F78
P 00000218315AE520
C 260
R
P 0000021830F39F78
C 345
R
P 0000021830F39F78
P 00000218315AE520
C 9
R
P 0000021830F39F78
C 345
R
P 0000021830F39F78
I 9
P 0000021830FC6738
C 152
= 0000021830FC8298
R
P 0000021830F39F78
C 345
R
P 0000021830F39F78
P 0000021830FC8298
C 260
R
P 0000021830F39F78
C 345
R
P 0000021830F39F78
P 0000021830FC8298
C 9
R
P 0000021830F39F78
C 345
R
P 0000021830F39F78
P 0000021830FC7EB8
P 0000021830FC8298
C 76
= 00000218315AE558
R
P 0000021830F39F78
C 345
R
P 0000021830F39F78
P 00000218315AE558
C 260
R
P 0000021830F39F78
C 345
R
P 0000021830F39F78
P 00000218315AE558
C 9
R
P 0000021830F39F78
C 345
R
P 0000021830F39F78
U 2
P 00000218315AE520
P 00000218315AE558
p 2
C 65
= 00000218315AE590
R
P 0000021830F39F78
C 345
R
P 0000021830F39F78
P 00000218315AE590
C 260
R
P 0000021830F39F78
C 345
R
P 0000021830F39F78
P 00000218315AE590
C 9
R
P 0000021830F39F78
C 345
R
P 0000021830F39F78
I 1
P 0000021830FC6738
C 152
= 0000021830FC7318
R
P 0000021830F39F78
C 345
R
P 0000021830F39F78
P 0000021830FC7318
C 260
R
P 0000021830F39F78
C 345
R
P 0000021830F39F78
P 0000021830FC7318
C 9
R
P 0000021830F39F78
C 345
R
P 0000021830F39F78
P 0000021830FC7318
P 0000021830FC7ED8
C 76
= 00000218315AE5C8
R
P 0000021830F39F78
C 345
R
P 0000021830F39F78
P 00000218315AE5C8
C 260
R
P 0000021830F39F78
C 345
R
P 0000021830F39F78
P 00000218315AE5C8
C 9
R
P 0000021830F39F78
C 345
R
P 0000021830F39F78
I 9
P 0000021830FC6738
C 152
= 0000021830FC8298
R
P 0000021830F39F78
C 345
R
P 0000021830F39F78
P 0000021830FC8298
C 260
R
P 0000021830F39F78
C 345
R
P 0000021830F39F78
P 0000021830FC8298
C 9
R
P 0000021830F39F78
C 345
R
P 0000021830F39F78
P 0000021830FC7ED8
P 0000021830FC8298
C 76
= 00000218315AE600
R
P 0000021830F39F78
C 345
R
P 0000021830F39F78
P 00000218315AE600
C 260
R
P 0000021830F39F78
C 345
R
P 0000021830F39F78
P 00000218315AE600
C 9
R
P 0000021830F39F78
C 345
R
P 0000021830F39F78
U 2
P 00000218315AE5C8
P 00000218315AE600
p 2
C 65
= 00000218315AE638
R
P 0000021830F39F78
C 345
R
P 0000021830F39F78
P 00000218315AE638
C 260
R
P 0000021830F39F78
C 345
R
P 0000021830F39F78
P 00000218315AE638
C 9
R
P 0000021830F39F78
C 345
R
P 0000021830F39F78
I 1
P 0000021830FC6738
C 152
= 0000021830FC7318
R
P 0000021830F39F78
C 345
R
P 0000021830F39F78
P 0000021830FC7318
C 260
R
P 0000021830F39F78
C 345
R
P 0000021830F39F78
P 0000021830FC7318
C 9
R
P 0000021830F39F78
C 345
R
P 0000021830F39F78
P 0000021830FC7318
P 0000021830FC7EF8
C 76
= 00000218315AE670
R
P 0000021830F39F78
C 345
R
P 0000021830F39F78
P 00000218315AE670
C 260
R
P 0000021830F39F78
C 345
R
P 0000021830F39F78
P 00000218315AE670
C 9
R
P 0000021830F39F78
C 345
R
P 0000021830F39F78
I 9
P 0000021830FC6738
C 152
= 0000021830FC8298
R
P 0000021830F39F78
C 345
R
P 0000021830F39F78
P 0000021830FC8298
C 260
R
P 0000021830F39F78
C 345
R
P 0000021830F39F78
P 0000021830FC8298
C 9
R
P 0000021830F39F78
C 345
R
P 0000021830F39F78
P 0000021830FC7EF8
P 0000021830FC8298
C 76
= 00000218315AE6A8
R
P 0000021830F39F78
C 345
R
P 0000021830F39F78
P 00000218315AE6A8
C 260
R
P 0000021830F39F78
C 345
R
P 0000021830F39F78
P 00000218315AE6A8
C 9
R
P 0000021830F39F78
C 345
R
P 0000021830F39F78
U 2
P 00000218315AE670
P 00000218315AE6A8
p 2
C 65
= 00000218315AE6E0
R
P 0000021830F39F78
C 345
R
P 0000021830F39F78
P 00000218315AE6E0
C 260
R
P 0000021830F39F78
C 345
R
P 0000021830F39F78
P 00000218315AE6E0
C 9
R
P 0000021830F39F78
C 345
R
P 0000021830F39F78
I 1
P 0000021830FC6738
C 152
= 0000021830FC7318
R
P 0000021830F39F78
C 345
R
P 0000021830F39F78
P 0000021830FC7318
C 260
R
P 0000021830F39F78
C 345
R
P 0000021830F39F78
P 0000021830FC7318
C 9
R
P 0000021830F39F78
C 345
R
P 0000021830F39F78
P 0000021830FC7318
P 0000021830FC7F18
C 76
= 00000218315AE718
R
P 0000021830F39F78
C 345
R
P 0000021830F39F78
P 00000218315AE718
C 260
R
P 0000021830F39F78
C 345
R
P 0000021830F39F78
P 00000218315AE718
C 9
R
P 0000021830F39F78
C 345
R
P 0000021830F39F78
I 9
P 0000021830FC6738
C 152
= 0000021830FC8298
R
P 0000021830F39F78
C 345
R
P 0000021830F39F78
P 0000021830FC8298
C 260
R
P 0000021830F39F78
C 345
R
P 0000021830F39F78
P 0000021830FC8298
C 9
R
P 0000021830F39F78
C 345
R
P 0000021830F39F78
P 0000021830FC7F18
P 0000021830FC8298
C 76
= 00000218315AE750
R
P 0000021830F39F78
C 345
R
P 0000021830F39F78
P 00000218315AE750
C 260
R
P 0000021830F39F78
C 345
R
P 0000021830F39F78
P 00000218315AE750
C 9
R
P 0000021830F39F78
C 345
R
P 0000021830F39F78
U 2
P 00000218315AE718
P 00000218315AE750
p 2
C 65
= 00000218315AE788
R
P 0000021830F39F78
C 345
R
P 0000021830F39F78
P 00000218315AE788
C 260
R
P 0000021830F39F78
C 345
R
P 0000021830F39F78
P 00000218315AE788
C 9
R
P 0000021830F39F78
C 345
R
P 0000021830F39F78
I 1
P 0000021830FC6738
C 152
= 0000021830FC7318
R
P 0000021830F39F78
C 345
R
P 0000021830F39F78
P 0000021830FC7318
C 260
R
P 0000021830F39F78
C 345
R
P 0000021830F39F78
P 0000021830FC7318
C 9
R
P 0000021830F39F78
C 345
R
P 0000021830F39F78
P 0000021830FC7318
P 0000021830FC7F38
C 76
= 00000218315AE7C0
R
P 0000021830F39F78
C 345
R
P 0000021830F39F78
P 00000218315AE7C0
C 260
R
P 0000021830F39F78
C 345
R
P 0000021830F39F78
P 00000218315AE7C0
C 9
R
P 0000021830F39F78
C 345
R
P 0000021830F39F78
I 9
P 0000021830FC6738
C 152
= 0000021830FC8298
R
P 0000021830F39F78
C 345
R
P 0000021830F39F78
P 0000021830FC8298
C 260
R
P 0000021830F39F78
C 345
R
P 0000021830F39F78
P 0000021830FC8298
C 9
R
P 0000021830F39F78
C 345
R
P 0000021830F39F78
P 0000021830FC7F38
P 0000021830FC8298
C 76
= 00000218315AE7F8
R
P 0000021830F39F78
C 345
R
P 0000021830F39F78
P 00000218315AE7F8
C 260
R
P 0000021830F39F78
C 345
R
P 0000021830F39F78
P 00000218315AE7F8
C 9
R
P 0000021830F39F78
C 345
R
P 0000021830F39F78
U 2
P 00000218315AE7C0
P 00000218315AE7F8
p 2
C 65
= 00000218315AE830
R
P 0000021830F39F78
C 345
R
P 0000021830F39F78
P 00000218315AE830
C 260
R
P 0000021830F39F78
C 345
R
P 0000021830F39F78
P 00000218315AE830
C 9
R
P 0000021830F39F78
C 345
R
P 0000021830F39F78
I 1
P 0000021830FC6738
C 152
= 0000021830FC7318
R
P 0000021830F39F78
C 345
R
P 0000021830F39F78
P 0000021830FC7318
C 260
R
P 0000021830F39F78
C 345
R
P 0000021830F39F78
P 0000021830FC7318
C 9
R
P 0000021830F39F78
C 345
R
P 0000021830F39F78
P 0000021830FC7318
P 0000021830FC7F58
C 76
= 00000218315AE868
R
P 0000021830F39F78
C 345
R
P 0000021830F39F78
P 00000218315AE868
C 260
R
P 0000021830F39F78
C 345
R
P 0000021830F39F78
P 00000218315AE868
C 9
R
P 0000021830F39F78
C 345
R
P 0000021830F39F78
I 9
P 0000021830FC6738
C 152
= 0000021830FC8298
R
P 0000021830F39F78
C 345
R
P 0000021830F39F78
P 0000021830FC8298
C 260
R
P 0000021830F39F78
C 345
R
P 0000021830F39F78
P 0000021830FC8298
C 9
R
P 0000021830F39F78
C 345
R
P 0000021830F39F78
P 0000021830FC7F58
P 0000021830FC8298
C 76
= 00000218315AE8A0
R
P 0000021830F39F78
C 345
R
P 0000021830F39F78
P 00000218315AE8A0
C 260
R
P 0000021830F39F78
C 345
R
P 0000021830F39F78
P 00000218315AE8A0
C 9
R
P 0000021830F39F78
C 345
R
P 0000021830F39F78
U 2
P 00000218315AE868
P 00000218315AE8A0
p 2
C 65
= 00000218315AE8D8
R
P 0000021830F39F78
C 345
R
P 0000021830F39F78
P 00000218315AE8D8
C 260
R
P 0000021830F39F78
C 345
R
P 0000021830F39F78
P 00000218315AE8D8
C 9
R
P 0000021830F39F78
C 345
R
P 0000021830F39F78
I 1
P 0000021830FC6738
C 152
= 0000021830FC7318
R
P 0000021830F39F78
C 345
R
P 0000021830F39F78
P 0000021830FC7318
C 260
R
P 0000021830F39F78
C 345
R
P 0000021830F39F78
P 0000021830FC7318
C 9
R
P 0000021830F39F78
C 345
R
P 0000021830F39F78
P 0000021830FC7318
P 0000021830FC7F78
C 76
= 00000218315AE910
R
P 0000021830F39F78
C 345
R
P 0000021830F39F78
P 00000218315AE910
C 260
R
P 0000021830F39F78
C 345
R
P 0000021830F39F78
P 00000218315AE910
C 9
R
P 0000021830F39F78
C 345
R
P 0000021830F39F78
I 9
P 0000021830FC6738
C 152
= 0000021830FC8298
R
P 0000021830F39F78
C 345
R
P 0000021830F39F78
P 0000021830FC8298
C 260
R
P 0000021830F39F78
C 345
R
P 0000021830F39F78
P 0000021830FC8298
C 9
R
P 0000021830F39F78
C 345
R
P 0000021830F39F78
P 0000021830FC7F78
P 0000021830FC8298
C 76
= 00000218315AE948
R
P 0000021830F39F78
C 345
R
P 0000021830F39F78
P 00000218315AE948
C 260
R
P 0000021830F39F78
C 345
R
P 0000021830F39F78
P 00000218315AE948
C 9
R
P 0000021830F39F78
C 345
R
P 0000021830F39F78
U 2
P 00000218315AE910
P 00000218315AE948
p 2
C 65
= 00000218315AE980
R
P 0000021830F39F78
C 345
R
P 0000021830F39F78
P 00000218315AE980
C 260
R
P 0000021830F39F78
C 345
R
P 0000021830F39F78
P 00000218315AE980
C 9
R
P 0000021830F39F78
C 345
R
P 0000021830F39F78
I 1
P 0000021830FC6738
C 152
= 0000021830FC7318
R
P 0000021830F39F78
C 345
R
P 0000021830F39F78
P 0000021830FC7318
C 260
R
P 0000021830F39F78
C 345
R
P 0000021830F39F78
P 0000021830FC7318
C 9
R
P 0000021830F39F78
C 345
R
P 0000021830F39F78
P 0000021830FC7318
P 0000021830FC7F98
C 76
= 00000218315AE9B8
R
P 0000021830F39F78
C 345
R
P 0000021830F39F78
P 00000218315AE9B8
C 260
R
P 0000021830F39F78
C 345
R
P 0000021830F39F78
P 00000218315AE9B8
C 9
R
P 0000021830F39F78
C 345
R
P 0000021830F39F78
I 9
P 0000021830FC6738
C 152
= 0000021830FC8298
R
P 0000021830F39F78
C 345
R
P 0000021830F39F78
P 0000021830FC8298
C 260
R
P 0000021830F39F78
C 345
R
P 0000021830F39F78
P 0000021830FC8298
C 9
R
P 0000021830F39F78
C 345
R
P 0000021830F39F78
P 0000021830FC7F98
P 0000021830FC8298
C 76
= 00000218315AE9F0
R
P 0000021830F39F78
C 345
R
P 0000021830F39F78
P 00000218315AE9F0
C 260
R
P 0000021830F39F78
C 345
R
P 0000021830F39F78
P 00000218315AE9F0
C 9
R
P 0000021830F39F78
C 345
R
P 0000021830F39F78
U 2
P 00000218315AE9B8
P 00000218315AE9F0
p 2
C 65
= 00000218315AEA28
R
P 0000021830F39F78
C 345
R
P 0000021830F39F78
P 00000218315AEA28
C 260
R
P 0000021830F39F78
C 345
R
P 0000021830F39F78
P 00000218315AEA28
C 9
R
P 0000021830F39F78
C 345
R
P 0000021830F39F78
I 1
P 0000021830FC6738
C 152
= 0000021830FC7318
R
P 0000021830F39F78
C 345
R
P 0000021830F39F78
P 0000021830FC7318
C 260
R
P 0000021830F39F78
C 345
R
P 0000021830F39F78
P 0000021830FC7318
C 9
R
P 0000021830F39F78
C 345
R
P 0000021830F39F78
P 0000021830FC7318
P 0000021830FC7FB8
C 76
= 00000218315AEA60
R
P 0000021830F39F78
C 345
R
P 0000021830F39F78
P 00000218315AEA60
C 260
R
P 0000021830F39F78
C 345
R
P 0000021830F39F78
P 00000218315AEA60
C 9
R
P 0000021830F39F78
C 345
R
P 0000021830F39F78
I 9
P 0000021830FC6738
C 152
= 0000021830FC8298
R
P 0000021830F39F78
C 345
R
P 0000021830F39F78
P 0000021830FC8298
C 260
R
P 0000021830F39F78
C 345
R
P 0000021830F39F78
P 0000021830FC8298
C 9
R
P 0000021830F39F78
C 345
R
P 0000021830F39F78
P 0000021830FC7FB8
P 0000021830FC8298
C 76
= 00000218315AEA98
R
P 0000021830F39F78
C 345
R
P 0000021830F39F78
P 00000218315AEA98
C 260
R
P 0000021830F39F78
C 345
R
P 0000021830F39F78
P 00000218315AEA98
C 9
R
P 0000021830F39F78
C 345
R
P 0000021830F39F78
U 2
P 00000218315AEA60
P 00000218315AEA98
p 2
C 65
= 00000218315AEAD0
R
P 0000021830F39F78
C 345
R
P 0000021830F39F78
P 00000218315AEAD0
C 260
R
P 0000021830F39F78
C 345
R
P 0000021830F39F78
P 00000218315AEAD0
C 9
R
P 0000021830F39F78
C 345
R
P 0000021830F39F78
I 1
P 0000021830FC6738
C 152
= 0000021830FC7318
R
P 0000021830F39F78
C 345
R
P 0000021830F39F78
P 0000021830FC7318
C 260
R
P 0000021830F39F78
C 345
R
P 0000021830F39F78
P 0000021830FC7318
C 9
R
P 0000021830F39F78
C 345
R
P 0000021830F39F78
P 0000021830FC7318
P 0000021830FC7FD8
C 76
= 00000218315AEB08
R
P 0000021830F39F78
C 345
R
P 0000021830F39F78
P 00000218315AEB08
C 260
R
P 0000021830F39F78
C 345
R
P 0000021830F39F78
P 00000218315AEB08
C 9
R
P 0000021830F39F78
C 345
R
P 0000021830F39F78
I 9
P 0000021830FC6738
C 152
= 0000021830FC8298
R
P 0000021830F39F78
C 345
R
P 0000021830F39F78
P 0000021830FC8298
C 260
R
P 0000021830F39F78
C 345
R
P 0000021830F39F78
P 0000021830FC8298
C 9
R
P 0000021830F39F78
C 345
R
P 0000021830F39F78
P 0000021830FC7FD8
P 0000021830FC8298
C 76
= 00000218315AEB40
R
P 0000021830F39F78
C 345
R
P 0000021830F39F78
P 00000218315AEB40
C 260
R
P 0000021830F39F78
C 345
R
P 0000021830F39F78
P 00000218315AEB40
C 9
R
P 0000021830F39F78
C 345
R
P 0000021830F39F78
U 2
P 00000218315AEB08
P 00000218315AEB40
p 2
C 65
= 00000218315AEB78
R
P 0000021830F39F78
C 345
R
P 0000021830F39F78
P 00000218315AEB78
C 260
R
P 0000021830F39F78
C 345
R
P 0000021830F39F78
P 00000218315AEB78
C 9
R
P 0000021830F39F78
C 345
R
P 0000021830F39F78
I 1
P 0000021830FC6738
C 152
= 0000021830FC7318
R
P 0000021830F39F78
C 345
R
P 0000021830F39F78
P 0000021830FC7318
C 260
R
P 0000021830F39F78
C 345
R
P 0000021830F39F78
P 0000021830FC7318
C 9
R
P 0000021830F39F78
C 345
R
P 0000021830F39F78
P 0000021830FC7318
P 0000021830FC7FF8
C 76
= 00000218315AEBB0
R
P 0000021830F39F78
C 345
R
P 0000021830F39F78
P 00000218315AEBB0
C 260
R
P 0000021830F39F78
C 345
R
P 0000021830F39F78
P 00000218315AEBB0
C 9
R
P 0000021830F39F78
C 345
R
P 0000021830F39F78
I 9
P 0000021830FC6738
C 152
= 0000021830FC8298
R
P 0000021830F39F78
C 345
R
P 0000021830F39F78
P 0000021830FC8298
C 260
R
P 0000021830F39F78
C 345
R
P 0000021830F39F78
P 0000021830FC8298
C 9
R
P 0000021830F39F78
C 345
R
P 0000021830F39F78
P 0000021830FC7FF8
P 0000021830FC8298
C 76
= 00000218315AEBE8
R
P 0000021830F39F78
C 345
R
P 0000021830F39F78
P 00000218315AEBE8
C 260
R
P 0000021830F39F78
C 345
R
P 0000021830F39F78
P 00000218315AEBE8
C 9
R
P 0000021830F39F78
C 345
R
P 0000021830F39F78
U 2
P 00000218315AEBB0
P 00000218315AEBE8
p 2
C 65
= 00000218315AEC20
R
P 0000021830F39F78
C 345
R
P 0000021830F39F78
P 00000218315AEC20
C 260
R
P 0000021830F39F78
C 345
R
P 0000021830F39F78
P 00000218315AEC20
C 9
R
P 0000021830F39F78
C 345
R
P 0000021830F39F78
I 1
P 0000021830FC6738
C 152
= 0000021830FC7318
R
P 0000021830F39F78
C 345
R
P 0000021830F39F78
P 0000021830FC7318
C 260
R
P 0000021830F39F78
C 345
R
P 0000021830F39F78
P 0000021830FC7318
C 9
R
P 0000021830F39F78
C 345
R
P 0000021830F39F78
P 0000021830FC7318
P 0000021830FC8018
C 76
= 00000218315AEC58
R
P 0000021830F39F78
C 345
R
P 0000021830F39F78
P 00000218315AEC58
C 260
R
P 0000021830F39F78
C 345
R
P 0000021830F39F78
P 00000218315AEC58
C 9
R
P 0000021830F39F78
C 345
R
P 0000021830F39F78
I 9
P 0000021830FC6738
C 152
= 0000021830FC8298
R
P 0000021830F39F78
C 345
R
P 0000021830F39F78
P 0000021830FC8298
C 260
R
P 0000021830F39F78
C 345
R
P 0000021830F39F78
P 0000021830FC8298
C 9
R
P 0000021830F39F78
C 345
R
P 0000021830F39F78
P 0000021830FC8018
P 0000021830FC8298
C 76
= 00000218315AEC90
R
P 0000021830F39F78
C 345
R
P 0000021830F39F78
P 00000218315AEC90
C 260
R
P 0000021830F39F78
C 345
R
P 0000021830F39F78
P 00000218315AEC90
C 9
R
P 0000021830F39F78
C 345
R
P 0000021830F39F78
U 2
P 00000218315AEC58
P 00000218315AEC90
p 2
C 65
= 00000218315AECC8
R
P 0000021830F39F78
C 345
R
P 0000021830F39F78
P 00000218315AECC8
C 260
R
P 0000021830F39F78
C 345
R
P 0000021830F39F78
P 00000218315AECC8
C 9
R
P 0000021830F39F78
C 345
R
P 0000021830F39F78
I 1
P 0000021830FC6738
C 152
= 0000021830FC7318
R
P 0000021830F39F78
C 345
R
P 0000021830F39F78
P 0000021830FC7318
C 260
R
P 0000021830F39F78
C 345
R
P 0000021830F39F78
P 0000021830FC7318
C 9
R
P 0000021830F39F78
C 345
R
P 0000021830F39F78
P 0000021830FC7318
P 0000021830FC8038
C 76
= 00000218315AED00
R
P 0000021830F39F78
C 345
R
P 0000021830F39F78
P 00000218315AED00
C 260
R
P 0000021830F39F78
C 345
R
P 0000021830F39F78
P 00000218315AED00
C 9
R
P 0000021830F39F78
C 345
R
P 0000021830F39F78
I 9
P 0000021830FC6738
C 152
= 0000021830FC8298
R
P 0000021830F39F78
C 345
R
P 0000021830F39F78
P 0000021830FC8298
C 260
R
P 0000021830F39F78
C 345
R
P 0000021830F39F78
P 0000021830FC8298
C 9
R
P 0000021830F39F78
C 345
R
P 0000021830F39F78
P 0000021830FC8038
P 0000021830FC8298
C 76
= 00000218315AED38
R
P 0000021830F39F78
C 345
R
P 0000021830F39F78
P 00000218315AED38
C 260
R
P 0000021830F39F78
C 345
R
P 0000021830F39F78
P 00000218315AED38
C 9
R
P 0000021830F39F78
C 345
R
P 0000021830F39F78
U 2
P 00000218315AED00
P 00000218315AED38
p 2
C 65
= 00000218315AED70
R
P 0000021830F39F78
C 345
R
P 0000021830F39F78
P 00000218315AED70
C 260
R
P 0000021830F39F78
C 345
R
P 0000021830F39F78
P 00000218315AED70
C 9
R
P 0000021830F39F78
C 345
R
P 0000021830F39F78
I 1
P 0000021830FC6738
C 152
= 0000021830FC7318
R
P 0000021830F39F78
C 345
R
P 0000021830F39F78
P 0000021830FC7318
C 260
R
P 0000021830F39F78
C 345
R
P 0000021830F39F78
P 0000021830FC7318
C 9
R
P 0000021830F39F78
C 345
R
P 0000021830F39F78
P 0000021830FC7318
P 0000021830FC8058
C 76
= 00000218315AEDA8
R
P 0000021830F39F78
C 345
R
P 0000021830F39F78
P 00000218315AEDA8
C 260
R
P 0000021830F39F78
C 345
R
P 0000021830F39F78
P 00000218315AEDA8
C 9
R
P 0000021830F39F78
C 345
R
P 0000021830F39F78
I 9
P 0000021830FC6738
C 152
= 0000021830FC8298
R
P 0000021830F39F78
C 345
R
P 0000021830F39F78
P 0000021830FC8298
C 260
R
P 0000021830F39F78
C 345
R
P 0000021830F39F78
P 0000021830FC8298
C 9
R
P 0000021830F39F78
C 345
R
P 0000021830F39F78
P 0000021830FC8058
P 0000021830FC8298
C 76
= 00000218315AEDE0
R
P 0000021830F39F78
C 345
R
P 0000021830F39F78
P 00000218315AEDE0
C 260
R
P 0000021830F39F78
C 345
R
P 0000021830F39F78
P 00000218315AEDE0
C 9
R
P 0000021830F39F78
C 345
R
P 0000021830F39F78
U 2
P 00000218315AEDA8
P 00000218315AEDE0
p 2
C 65
= 00000218315AEE18
R
P 0000021830F39F78
C 345
R
P 0000021830F39F78
P 00000218315AEE18
C 260
R
P 0000021830F39F78
C 345
R
P 0000021830F39F78
P 00000218315AEE18
C 9
R
P 0000021830F39F78
C 345
R
P 0000021830F39F78
I 1
P 0000021830FC6738
C 152
= 0000021830FC7318
R
P 0000021830F39F78
C 345
R
P 0000021830F39F78
P 0000021830FC7318
C 260
R
P 0000021830F39F78
C 345
R
P 0000021830F39F78
P 0000021830FC7318
C 9
R
P 0000021830F39F78
C 345
R
P 0000021830F39F78
P 0000021830FC7318
P 0000021830FC8078
C 76
= 00000218315AEE50
R
P 0000021830F39F78
C 345
R
P 0000021830F39F78
P 00000218315AEE50
C 260
R
P 0000021830F39F78
C 345
R
P 0000021830F39F78
P 00000218315AEE50
C 9
R
P 0000021830F39F78
C 345
R
P 0000021830F39F78
I 9
P 0000021830FC6738
C 152
= 0000021830FC8298
R
P 0000021830F39F78
C 345
R
P 0000021830F39F78
P 0000021830FC8298
C 260
R
P 0000021830F39F78
C 345
R
P 0000021830F39F78
P 0000021830FC8298
C 9
R
P 0000021830F39F78
C 345
R
P 0000021830F39F78
P 0000021830FC8078
P 0000021830FC8298
C 76
= 00000218315AEE88
R
P 0000021830F39F78
C 345
R
P 0000021830F39F78
P 00000218315AEE88
C 260
R
P 0000021830F39F78
C 345
R
P 0000021830F39F78
P 00000218315AEE88
C 9
R
P 0000021830F39F78
C 345
R
P 0000021830F39F78
U 2
P 00000218315AEE50
P 00000218315AEE88
p 2
C 65
= 00000218315AEEC0
R
P 0000021830F39F78
C 345
R
P 0000021830F39F78
P 00000218315AEEC0
C 260
R
P 0000021830F39F78
C 345
R
P 0000021830F39F78
P 00000218315AEEC0
C 9
R
P 0000021830F39F78
C 345
R
P 0000021830F39F78
I 1
P 0000021830FC6738
C 152
= 0000021830FC7318
R
P 0000021830F39F78
C 345
R
P 0000021830F39F78
P 0000021830FC7318
C 260
R
P 0000021830F39F78
C 345
R
P 0000021830F39F78
P 0000021830FC7318
C 9
R
P 0000021830F39F78
C 345
R
P 0000021830F39F78
P 0000021830FC7318
P 0000021830FC8098
C 76
= 00000218315AEEF8
R
P 0000021830F39F78
C 345
R
P 0000021830F39F78
P 00000218315AEEF8
C 260
R
P 0000021830F39F78
C 345
R
P 0000021830F39F78
P 00000218315AEEF8
C 9
R
P 0000021830F39F78
C 345
R
P 0000021830F39F78
I 9
P 0000021830FC6738
C 152
= 0000021830FC8298
R
P 0000021830F39F78
C 345
R
P 0000021830F39F78
P 0000021830FC8298
C 260
R
P 0000021830F39F78
C 345
R
P 0000021830F39F78
P 0000021830FC8298
C 9
R
P 0000021830F39F78
C 345
R
P 0000021830F39F78
P 0000021830FC8098
P 0000021830FC8298
C 76
= 00000218315AEF30
R
P 0000021830F39F78
C 345
R
P 0000021830F39F78
P 00000218315AEF30
C 260
R
P 0000021830F39F78
C 345
R
P 0000021830F39F78
P 00000218315AEF30
C 9
R
P 0000021830F39F78
C 345
R
P 0000021830F39F78
U 2
P 00000218315AEEF8
P 00000218315AEF30
p 2
C 65
= 00000218315AEF68
R
P 0000021830F39F78
C 345
R
P 0000021830F39F78
P 00000218315AEF68
C 260
R
P 0000021830F39F78
C 345
R
P 0000021830F39F78
P 00000218315AEF68
C 9
R
P 0000021830F39F78
C 345
R
P 0000021830F39F78
I 1
P 0000021830FC6738
C 152
= 0000021830FC7318
R
P 0000021830F39F78
C 345
R
P 0000021830F39F78
P 0000021830FC7318
C 260
R
P 0000021830F39F78
C 345
R
P 0000021830F39F78
P 0000021830FC7318
C 9
R
P 0000021830F39F78
C 345
R
P 0000021830F39F78
P 0000021830FC7318
P 0000021830FC80B8
C 76
= 00000218315AEFA0
R
P 0000021830F39F78
C 345
R
P 0000021830F39F78
P 00000218315AEFA0
C 260
R
P 0000021830F39F78
C 345
R
P 0000021830F39F78
P 00000218315AEFA0
C 9
R
P 0000021830F39F78
C 345
R
P 0000021830F39F78
I 9
P 0000021830FC6738
C 152
= 0000021830FC8298
R
P 0000021830F39F78
C 345
R
P 0000021830F39F78
P 0000021830FC8298
C 260
R
P 0000021830F39F78
C 345
R
P 0000021830F39F78
P 0000021830FC8298
C 9
R
P 0000021830F39F78
C 345
R
P 0000021830F39F78
P 0000021830FC80B8
P 0000021830FC8298
C 76
= 00000218315AEFD8
R
P 0000021830F39F78
C 345
R
P 0000021830F39F78
P 00000218315AEFD8
C 260
R
P 0000021830F39F78
C 345
R
P 0000021830F39F78
P 00000218315AEFD8
C 9
R
P 0000021830F39F78
C 345
R
P 0000021830F39F78
U 2
P 00000218315AEFA0
P 00000218315AEFD8
p 2
C 65
= 00000218315AF010
R
P 0000021830F39F78
C 345
R
P 0000021830F39F78
P 00000218315AF010
C 260
R
P 0000021830F39F78
C 345
R
P 0000021830F39F78
P 00000218315AF010
C 9
R
P 0000021830F39F78
C 345
R
P 0000021830F39F78
I 1
P 0000021830FC6738
C 152
= 0000021830FC7318
R
P 0000021830F39F78
C 345
R
P 0000021830F39F78
P 0000021830FC7318
C 260
R
P 0000021830F39F78
C 345
R
P 0000021830F39F78
P 0000021830FC7318
C 9
R
P 0000021830F39F78
C 345
R
P 0000021830F39F78
P 0000021830FC7318
P 0000021830FC80D8
C 76
= 00000218315AF048
R
P 0000021830F39F78
C 345
R
P 0000021830F39F78
P 00000218315AF048
C 260
R
P 0000021830F39F78
C 345
R
P 0000021830F39F78
P 00000218315AF048
C 9
R
P 0000021830F39F78
C 345
R
P 0000021830F39F78
I 9
P 0000021830FC6738
C 152
= 0000021830FC8298
R
P 0000021830F39F78
C 345
R
P 0000021830F39F78
P 0000021830FC8298
C 260
R
P 0000021830F39F78
C 345
R
P 0000021830F39F78
P 0000021830FC8298
C 9
R
P 0000021830F39F78
C 345
R
P 0000021830F39F78
P 0000021830FC80D8
P 0000021830FC8298
C 76
= 00000218315AF080
R
P 0000021830F39F78
C 345
R
P 0000021830F39F78
P 00000218315AF080
C 260
R
P 0000021830F39F78
C 345
R
P 0000021830F39F78
P 00000218315AF080
C 9
R
P 0000021830F39F78
C 345
R
P 0000021830F39F78
U 2
P 00000218315AF048
P 00000218315AF080
p 2
C 65
= 00000218315AF0B8
R
P 0000021830F39F78
C 345
R
P 0000021830F39F78
P 00000218315AF0B8
C 260
R
P 0000021830F39F78
C 345
R
P 0000021830F39F78
P 00000218315AF0B8
C 9
R
P 0000021830F39F78
C 345
R
P 0000021830F39F78
I 1
P 0000021830FC6738
C 152
= 0000021830FC7318
R
P 0000021830F39F78
C 345
R
P 0000021830F39F78
P 0000021830FC7318
C 260
R
P 0000021830F39F78
C 345
R
P 0000021830F39F78
P 0000021830FC7318
C 9
R
P 0000021830F39F78
C 345
R
P 0000021830F39F78
P 0000021830FC7318
P 0000021830FC80F8
C 76
= 00000218315AF0F0
R
P 0000021830F39F78
C 345
R
P 0000021830F39F78
P 00000218315AF0F0
C 260
R
P 0000021830F39F78
C 345
R
P 0000021830F39F78
P 00000218315AF0F0
C 9
R
P 0000021830F39F78
C 345
R
P 0000021830F39F78
I 9
P 0000021830FC6738
C 152
= 0000021830FC8298
R
P 0000021830F39F78
C 345
R
P 0000021830F39F78
P 0000021830FC8298
C 260
R
P 0000021830F39F78
C 345
R
P 0000021830F39F78
P 0000021830FC8298
C 9
R
P 0000021830F39F78
C 345
R
P 0000021830F39F78
P 0000021830FC80F8
P 0000021830FC8298
C 76
= 00000218315AF128
R
P 0000021830F39F78
C 345
R
P 0000021830F39F78
P 00000218315AF128
C 260
R
P 0000021830F39F78
C 345
R
P 0000021830F39F78
P 00000218315AF128
C 9
R
P 0000021830F39F78
C 345
R
P 0000021830F39F78
U 2
P 00000218315AF0F0
P 00000218315AF128
p 2
C 65
= 00000218315AF160
R
P 0000021830F39F78
C 345
R
P 0000021830F39F78
P 00000218315AF160
C 260
R
P 0000021830F39F78
C 345
R
P 0000021830F39F78
P 00000218315AF160
C 9
R
P 0000021830F39F78
C 345
R
P 0000021830F39F78
I 1
P 0000021830FC6738
C 152
= 0000021830FC7318
R
P 0000021830F39F78
C 345
R
P 0000021830F39F78
P 0000021830FC7318
C 260
R
P 0000021830F39F78
C 345
R
P 0000021830F39F78
P 0000021830FC7318
C 9
R
P 0000021830F39F78
C 345
R
P 0000021830F39F78
P 0000021830FC7318
P 0000021830FC8118
C 76
= 00000218315AF198
R
P 0000021830F39F78
C 345
R
P 0000021830F39F78
P 00000218315AF198
C 260
R
P 0000021830F39F78
C 345
R
P 0000021830F39F78
P 00000218315AF198
C 9
R
P 0000021830F39F78
C 345
R
P 0000021830F39F78
I 9
P 0000021830FC6738
C 152
= 0000021830FC8298
R
P 0000021830F39F78
C 345
R
P 0000021830F39F78
P 0000021830FC8298
C 260
R
P 0000021830F39F78
C 345
R
P 0000021830F39F78
P 0000021830FC8298
C 9
R
P 0000021830F39F78
C 345
R
P 0000021830F39F78
P 0000021830FC8118
P 0000021830FC8298
C 76
= 00000218315AF1D0
R
P 0000021830F39F78
C 345
R
P 0000021830F39F78
P 00000218315AF1D0
C 260
R
P 0000021830F39F78
C 345
R
P 0000021830F39F78
P 00000218315AF1D0
C 9
R
P 0000021830F39F78
C 345
R
P 0000021830F39F78
U 2
P 00000218315AF198
P 00000218315AF1D0
p 2
C 65
= 00000218315AF208
R
P 0000021830F39F78
C 345
R
P 0000021830F39F78
P 00000218315AF208
C 260
R
P 0000021830F39F78
C 345
R
P 0000021830F39F78
P 00000218315AF208
C 9
R
P 0000021830F39F78
C 345
R
P 0000021830F39F78
I 1
P 0000021830FC6738
C 152
= 0000021830FC7318
R
P 0000021830F39F78
C 345
R
P 0000021830F39F78
P 0000021830FC7318
C 260
R
P 0000021830F39F78
C 345
R
P 0000021830F39F78
P 0000021830FC7318
C 9
R
P 0000021830F39F78
C 345
R
P 0000021830F39F78
P 0000021830FC7318
P 0000021830FC8138
C 76
= 00000218315AF240
R
P 0000021830F39F78
C 345
R
P 0000021830F39F78
P 00000218315AF240
C 260
R
P 0000021830F39F78
C 345
R
P 0000021830F39F78
P 00000218315AF240
C 9
R
P 0000021830F39F78
C 345
R
P 0000021830F39F78
I 9
P 0000021830FC6738
C 152
= 0000021830FC8298
R
P 0000021830F39F78
C 345
R
P 0000021830F39F78
P 0000021830FC8298
C 260
R
P 0000021830F39F78
C 345
R
P 0000021830F39F78
P 0000021830FC8298
C 9
R
P 0000021830F39F78
C 345
R
P 0000021830F39F78
P 0000021830FC8138
P 0000021830FC8298
C 76
= 00000218315AF278
R
P 0000021830F39F78
C 345
R
P 0000021830F39F78
P 00000218315AF278
C 260
R
P 0000021830F39F78
C 345
R
P 0000021830F39F78
P 00000218315AF278
C 9
R
P 0000021830F39F78
C 345
R
P 0000021830F39F78
U 2
P 00000218315AF240
P 00000218315AF278
p 2
C 65
= 00000218315AF2B0
R
P 0000021830F39F78
C 345
R
P 0000021830F39F78
P 00000218315AF2B0
C 260
R
P 0000021830F39F78
C 345
R
P 0000021830F39F78
P 00000218315AF2B0
C 9
R
P 0000021830F39F78
C 345
R
P 0000021830F39F78
I 1
P 0000021830FC6738
C 152
= 0000021830FC7318
R
P 0000021830F39F78
C 345
R
P 0000021830F39F78
P 0000021830FC7318
C 260
R
P 0000021830F39F78
C 345
R
P 0000021830F39F78
P 0000021830FC7318
C 9
R
P 0000021830F39F78
C 345
R
P 0000021830F39F78
P 0000021830FC7318
P 0000021830FC8158
C 76
= 00000218315AF2E8
R
P 0000021830F39F78
C 345
R
P 0000021830F39F78
P 00000218315AF2E8
C 260
R
P 0000021830F39F78
C 345
R
P 0000021830F39F78
P 00000218315AF2E8
C 9
R
P 0000021830F39F78
C 345
R
P 0000021830F39F78
I 9
P 0000021830FC6738
C 152
= 0000021830FC8298
R
P 0000021830F39F78
C 345
R
P 0000021830F39F78
P 0000021830FC8298
C 260
R
P 0000021830F39F78
C 345
R
P 0000021830F39F78
P 0000021830FC8298
C 9
R
P 0000021830F39F78
C 345
R
P 0000021830F39F78
P 0000021830FC8158
P 0000021830FC8298
C 76
= 00000218315AF320
R
P 0000021830F39F78
C 345
R
P 0000021830F39F78
P 00000218315AF320
C 260
R
P 0000021830F39F78
C 345
R
P 0000021830F39F78
P 00000218315AF320
C 9
R
P 0000021830F39F78
C 345
R
P 0000021830F39F78
U 2
P 00000218315AF2E8
P 00000218315AF320
p 2
C 65
= 00000218315AF358
R
P 0000021830F39F78
C 345
R
P 0000021830F39F78
P 00000218315AF358
C 260
R
P 0000021830F39F78
C 345
R
P 0000021830F39F78
P 00000218315AF358
C 9
R
P 0000021830F39F78
C 345
R
P 0000021830F39F78
I 1
P 0000021830FC6738
C 152
= 0000021830FC7318
R
P 0000021830F39F78
C 345
R
P 0000021830F39F78
P 0000021830FC7318
C 260
R
P 0000021830F39F78
C 345
R
P 0000021830F39F78
P 0000021830FC7318
C 9
R
P 0000021830F39F78
C 345
R
P 0000021830F39F78
P 0000021830FC7318
P 0000021830FC8178
C 76
= 00000218315AF390
R
P 0000021830F39F78
C 345
R
P 0000021830F39F78
P 00000218315AF390
C 260
R
P 0000021830F39F78
C 345
R
P 0000021830F39F78
P 00000218315AF390
C 9
R
P 0000021830F39F78
C 345
R
P 0000021830F39F78
I 9
P 0000021830FC6738
C 152
= 0000021830FC8298
R
P 0000021830F39F78
C 345
R
P 0000021830F39F78
P 0000021830FC8298
C 260
R
P 0000021830F39F78
C 345
R
P 0000021830F39F78
P 0000021830FC8298
C 9
R
P 0000021830F39F78
C 345
R
P 0000021830F39F78
P 0000021830FC8178
P 0000021830FC8298
C 76
= 00000218315AF3C8
R
P 0000021830F39F78
C 345
R
P 0000021830F39F78
P 00000218315AF3C8
C 260
R
P 0000021830F39F78
C 345
R
P 0000021830F39F78
P 00000218315AF3C8
C 9
R
P 0000021830F39F78
C 345
R
P 0000021830F39F78
U 2
P 00000218315AF390
P 00000218315AF3C8
p 2
C 65
= 00000218315AF400
R
P 0000021830F39F78
C 345
R
P 0000021830F39F78
P 00000218315AF400
C 260
R
P 0000021830F39F78
C 345
R
P 0000021830F39F78
P 00000218315AF400
C 9
R
P 0000021830F39F78
C 345
R
P 0000021830F39F78
I 1
P 0000021830FC6738
C 152
= 0000021830FC7318
R
P 0000021830F39F78
C 345
R
P 0000021830F39F78
P 0000021830FC7318
C 260
R
P 0000021830F39F78
C 345
R
P 0000021830F39F78
P 0000021830FC7318
C 9
R
P 0000021830F39F78
C 345
R
P 0000021830F39F78
P 0000021830FC7318
P 0000021830FC8198
C 76
= 00000218315AF438
R
P 0000021830F39F78
C 345
R
P 0000021830F39F78
P 00000218315AF438
C 260
R
P 0000021830F39F78
C 345
R
P 0000021830F39F78
P 00000218315AF438
C 9
R
P 0000021830F39F78
C 345
R
P 0000021830F39F78
I 9
P 0000021830FC6738
C 152
= 0000021830FC8298
R
P 0000021830F39F78
C 345
R
P 0000021830F39F78
P 0000021830FC8298
C 260
R
P 0000021830F39F78
C 345
R
P 0000021830F39F78
P 0000021830FC8298
C 9
R
P 0000021830F39F78
C 345
R
P 0000021830F39F78
P 0000021830FC8198
P 0000021830FC8298
C 76
= 00000218315AF470
R
P 0000021830F39F78
C 345
R
P 0000021830F39F78
P 00000218315AF470
C 260
R
P 0000021830F39F78
C 345
R
P 0000021830F39F78
P 00000218315AF470
C 9
R
P 0000021830F39F78
C 345
R
P 0000021830F39F78
U 2
P 00000218315AF438
P 00000218315AF470
p 2
C 65
= 00000218315AF4A8
R
P 0000021830F39F78
C 345
R
P 0000021830F39F78
P 00000218315AF4A8
C 260
R
P 0000021830F39F78
C 345
R
P 0000021830F39F78
P 00000218315AF4A8
C 9
R
P 0000021830F39F78
C 345
R
P 0000021830F39F78
I 1
P 0000021830FC6738
C 152
= 0000021830FC7318
R
P 0000021830F39F78
C 345
R
P 0000021830F39F78
P 0000021830FC7318
C 260
R
P 0000021830F39F78
C 345
R
P 0000021830F39F78
P 0000021830FC7318
C 9
R
P 0000021830F39F78
C 345
R
P 0000021830F39F78
P 0000021830FC7318
P 0000021830FC81B8
C 76
= 00000218315AF4E0
R
P 0000021830F39F78
C 345
R
P 0000021830F39F78
P 00000218315AF4E0
C 260
R
P 0000021830F39F78
C 345
R
P 0000021830F39F78
P 00000218315AF4E0
C 9
R
P 0000021830F39F78
C 345
R
P 0000021830F39F78
I 9
P 0000021830FC6738
C 152
= 0000021830FC8298
R
P 0000021830F39F78
C 345
R
P 0000021830F39F78
P 0000021830FC8298
C 260
R
P 0000021830F39F78
C 345
R
P 0000021830F39F78
P 0000021830FC8298
C 9
R
P 0000021830F39F78
C 345
R
P 0000021830F39F78
P 0000021830FC81B8
P 0000021830FC8298
C 76
= 00000218315AF518
R
P 0000021830F39F78
C 345
R
P 0000021830F39F78
P 00000218315AF518
C 260
R
P 0000021830F39F78
C 345
R
P 0000021830F39F78
P 00000218315AF518
C 9
R
P 0000021830F39F78
C 345
R
P 0000021830F39F78
U 2
P 00000218315AF4E0
P 00000218315AF518
p 2
C 65
= 00000218315AF550
R
P 0000021830F39F78
C 345
R
P 0000021830F39F78
P 00000218315AF550
C 260
R
P 0000021830F39F78
C 345
R
P 0000021830F39F78
P 00000218315AF550
C 9
R
P 0000021830F39F78
C 345
R
P 0000021830F39F78
I 1
P 0000021830FC6738
C 152
= 0000021830FC7318
R
P 0000021830F39F78
C 345
R
P 0000021830F39F78
P 0000021830FC7318
C 260
R
P 0000021830F39F78
C 345
R
P 0000021830F39F78
P 0000021830FC7318
C 9
R
P 0000021830F39F78
C 345
R
P 0000021830F39F78
P 0000021830FC7318
P 0000021830FC81D8
C 76
= 00000218315AF588
R
P 0000021830F39F78
C 345
R
P 0000021830F39F78
P 00000218315AF588
C 260
R
P 0000021830F39F78
C 345
R
P 0000021830F39F78
P 00000218315AF588
C 9
R
P 0000021830F39F78
C 345
R
P 0000021830F39F78
I 9
P 0000021830FC6738
C 152
= 0000021830FC8298
R
P 0000021830F39F78
C 345
R
P 0000021830F39F78
P 0000021830FC8298
C 260
R
P 0000021830F39F78
C 345
R
P 0000021830F39F78
P 0000021830FC8298
C 9
R
P 0000021830F39F78
C 345
R
P 0000021830F39F78
P 0000021830FC81D8
P 0000021830FC8298
C 76
= 00000218315AF5C0
R
P 0000021830F39F78
C 345
R
P 0000021830F39F78
P 00000218315AF5C0
C 260
R
P 0000021830F39F78
C 345
R
P 0000021830F39F78
P 00000218315AF5C0
C 9
R
P 0000021830F39F78
C 345
R
P 0000021830F39F78
U 2
P 00000218315AF588
P 00000218315AF5C0
p 2
C 65
= 00000218315AF5F8
R
P 0000021830F39F78
C 345
R
P 0000021830F39F78
P 00000218315AF5F8
C 260
R
P 0000021830F39F78
C 345
R
P 0000021830F39F78
P 00000218315AF5F8
C 9
R
P 0000021830F39F78
C 345
R
P 0000021830F39F78
I 1
P 0000021830FC6738
C 152
= 0000021830FC7318
R
P 0000021830F39F78
C 345
R
P 0000021830F39F78
P 0000021830FC7318
C 260
R
P 0000021830F39F78
C 345
R
P 0000021830F39F78
P 0000021830FC7318
C 9
R
P 0000021830F39F78
C 345
R
P 0000021830F39F78
P 0000021830FC7318
P 0000021830FC81F8
C 76
= 00000218315AF630
R
P 0000021830F39F78
C 345
R
P 0000021830F39F78
P 00000218315AF630
C 260
R
P 0000021830F39F78
C 345
R
P 0000021830F39F78
P 00000218315AF630
C 9
R
P 0000021830F39F78
C 345
R
P 0000021830F39F78
I 9
P 0000021830FC6738
C 152
= 0000021830FC8298
R
P 0000021830F39F78
C 345
R
P 0000021830F39F78
P 0000021830FC8298
C 260
R
P 0000021830F39F78
C 345
R
P 0000021830F39F78
P 0000021830FC8298
C 9
R
P 0000021830F39F78
C 345
R
P 0000021830F39F78
P 0000021830FC81F8
P 0000021830FC8298
C 76
= 00000218315AF668
R
P 0000021830F39F78
C 345
R
P 0000021830F39F78
P 00000218315AF668
C 260
R
P 0000021830F39F78
C 345
R
P 0000021830F39F78
P 00000218315AF668
C 9
R
P 0000021830F39F78
C 345
R
P 0000021830F39F78
U 2
P 00000218315AF630
P 00000218315AF668
p 2
C 65
= 00000218315AF6A0
R
P 0000021830F39F78
C 345
R
P 0000021830F39F78
P 00000218315AF6A0
C 260
R
P 0000021830F39F78
C 345
R
P 0000021830F39F78
P 00000218315AF6A0
C 9
R
P 0000021830F39F78
C 345
R
P 0000021830F39F78
I 1
P 0000021830FC6738
C 152
= 0000021830FC7318
R
P 0000021830F39F78
C 345
R
P 0000021830F39F78
P 0000021830FC7318
C 260
R
P 0000021830F39F78
C 345
R
P 0000021830F39F78
P 0000021830FC7318
C 9
R
P 0000021830F39F78
C 345
R
P 0000021830F39F78
P 0000021830FC7318
P 0000021830FC8218
C 76
= 00000218315AF6D8
R
P 0000021830F39F78
C 345
R
P 0000021830F39F78
P 00000218315AF6D8
C 260
R
P 0000021830F39F78
C 345
R
P 0000021830F39F78
P 00000218315AF6D8
C 9
R
P 0000021830F39F78
C 345
R
P 0000021830F39F78
I 9
P 0000021830FC6738
C 152
= 0000021830FC8298
R
P 0000021830F39F78
C 345
R
P 0000021830F39F78
P 0000021830FC8298
C 260
R
P 0000021830F39F78
C 345
R
P 0000021830F39F78
P 0000021830FC8298
C 9
R
P 0000021830F39F78
C 345
R
P 0000021830F39F78
P 0000021830FC8218
P 0000021830FC8298
C 76
= 00000218313B0F48
R
P 0000021830F39F78
C 345
R
P 0000021830F39F78
P 00000218313B0F48
C 260
R
P 0000021830F39F78
C 345
R
P 0000021830F39F78
P 00000218313B0F48
C 9
R
P 0000021830F39F78
C 345
R
P 0000021830F39F78
U 2
P 00000218315AF6D8
P 00000218313B0F48
p 2
C 65
= 00000218313B0F80
R
P 0000021830F39F78
C 345
R
P 0000021830F39F78
P 00000218313B0F80
C 260
R
P 0000021830F39F78
C 345
R
P 0000021830F39F78
P 00000218313B0F80
C 9
R
P 0000021830F39F78
C 345
R
P 0000021830F39F78
I 1
P 0000021830FC6738
C 152
= 0000021830FC7318
R
P 0000021830F39F78
C 345
R
P 0000021830F39F78
P 0000021830FC7318
C 260
R
P 0000021830F39F78
C 345
R
P 0000021830F39F78
P 0000021830FC7318
C 9
R
P 0000021830F39F78
C 345
R
P 0000021830F39F78
P 0000021830FC7318
P 0000021830FC8238
C 76
= 00000218313B0FB8
R
P 0000021830F39F78
C 345
R
P 0000021830F39F78
P 00000218313B0FB8
C 260
R
P 0000021830F39F78
C 345
R
P 0000021830F39F78
P 00000218313B0FB8
C 9
R
P 0000021830F39F78
C 345
R
P 0000021830F39F78
I 9
P 0000021830FC6738
C 152
= 0000021830FC8298
R
P 0000021830F39F78
C 345
R
P 0000021830F39F78
P 0000021830FC8298
C 260
R
P 0000021830F39F78
C 345
R
P 0000021830F39F78
P 0000021830FC8298
C 9
R
P 0000021830F39F78
C 345
R
P 0000021830F39F78
P 0000021830FC8238
P 0000021830FC8298
C 76
= 00000218313B0FF0
R
P 0000021830F39F78
C 345
R
P 0000021830F39F78
P 00000218313B0FF0
C 260
R
P 0000021830F39F78
C 345
R
P 0000021830F39F78
P 00000218313B0FF0
C 9
R
P 0000021830F39F78
C 345
R
P 0000021830F39F78
U 2
P 00000218313B0FB8
P 00000218313B0FF0
p 2
C 65
= 00000218313B1028
R
P 0000021830F39F78
C 345
R
P 0000021830F39F78
P 00000218313B1028
C 260
R
P 0000021830F39F78
C 345
R
P 0000021830F39F78
P 00000218313B1028
C 9
R
P 0000021830F39F78
C 345
R
P 0000021830F39F78
I 1
P 0000021830FC6738
C 152
= 0000021830FC7318
R
P 0000021830F39F78
C 345
R
P 0000021830F39F78
P 0000021830FC7318
C 260
R
P 0000021830F39F78
C 345
R
P 0000021830F39F78
P 0000021830FC7318
C 9
R
P 0000021830F39F78
C 345
R
P 0000021830F39F78
P 0000021830FC7318
P 0000021830FC8258
C 76
= 00000218313B1060
R
P 0000021830F39F78
C 345
R
P 0000021830F39F78
P 00000218313B1060
C 260
R
P 0000021830F39F78
C 345
R
P 0000021830F39F78
P 00000218313B1060
C 9
R
P 0000021830F39F78
C 345
R
P 0000021830F39F78
I 9
P 0000021830FC6738
C 152
= 0000021830FC8298
R
P 0000021830F39F78
C 345
R
P 0000021830F39F78
P 0000021830FC8298
C 260
R
P 0000021830F39F78
C 345
R
P 0000021830F39F78
P 0000021830FC8298
C 9
R
P 0000021830F39F78
C 345
R
P 0000021830F39F78
P 0000021830FC8258
P 0000021830FC8298
C 76
= 00000218313B1098
R
P 0000021830F39F78
C 345
R
P 0000021830F39F78
P 00000218313B1098
C 260
R
P 0000021830F39F78
C 345
R
P 0000021830F39F78
P 00000218313B1098
C 9
R
P 0000021830F39F78
C 345
R
P 0000021830F39F78
U 2
P 00000218313B1060
P 00000218313B1098
p 2
C 65
= 00000218313B10D0
R
P 0000021830F39F78
C 345
R
P 0000021830F39F78
P 00000218313B10D0
C 260
R
P 0000021830F39F78
C 345
R
P 0000021830F39F78
P 00000218313B10D0
C 9
R
P 0000021830F39F78
C 345
R
P 0000021830F39F78
I 1
P 0000021830FC6738
C 152
= 0000021830FC7318
R
P 0000021830F39F78
C 345
R
P 0000021830F39F78
P 0000021830FC7318
C 260
R
P 0000021830F39F78
C 345
R
P 0000021830F39F78
P 0000021830FC7318
C 9
R
P 0000021830F39F78
C 345
R
P 0000021830F39F78
P 0000021830FC7318
P 0000021830FC8278
C 76
= 00000218313B1108
R
P 0000021830F39F78
C 345
R
P 0000021830F39F78
P 00000218313B1108
C 260
R
P 0000021830F39F78
C 345
R
P 0000021830F39F78
P 00000218313B1108
C 9
R
P 0000021830F39F78
C 345
R
P 0000021830F39F78
I 9
P 0000021830FC6738
C 152
= 0000021830FC8298
R
P 0000021830F39F78
C 345
R
P 0000021830F39F78
P 0000021830FC8298
C 260
R
P 0000021830F39F78
C 345
R
P 0000021830F39F78
P 0000021830FC8298
C 9
R
P 0000021830F39F78
C 345
R
P 0000021830F39F78
P 0000021830FC8278
P 0000021830FC8298
C 76
= 00000218313B1140
R
P 0000021830F39F78
C 345
R
P 0000021830F39F78
P 00000218313B1140
C 260
R
P 0000021830F39F78
C 345
R
P 0000021830F39F78
P 00000218313B1140
C 9
R
P 0000021830F39F78
C 345
R
P 0000021830F39F78
U 2
P 00000218313B1108
P 00000218313B1140
p 2
C 65
= 00000218313B1178
R
P 0000021830F39F78
C 345
R
P 0000021830F39F78
P 00000218313B1178
C 260
R
P 0000021830F39F78
C 345
R
P 0000021830F39F78
P 00000218313B1178
C 9
R
P 0000021830F39F78
C 345
R
P 0000021830F39F78
U 9
P 0000021830FC7878
P 0000021830FC7898
P 0000021830FC78B8
P 0000021830FC78D8
P 0000021830FC78F8
P 0000021830FC7918
P 0000021830FC7938
P 0000021830FC7958
P 0000021830FC7978
p 9
C 59
= 00000218313B6F78
R
P 0000021830F39F78
C 345
R
P 0000021830F39F78
P 00000218313B6F78
C 260
R
P 0000021830F39F78
C 345
R
P 0000021830F39F78
P 00000218313B6F78
C 9
R
P 0000021830F39F78
C 345
R
P 0000021830F39F78
U 9
P 0000021830FC7998
P 0000021830FC79B8
P 0000021830FC79D8
P 0000021830FC79F8
P 0000021830FC7A18
P 0000021830FC7A38
P 0000021830FC7A58
P 0000021830FC7A78
P 0000021830FC7A98
p 9
C 59
= 00000218313B6FE8
R
P 0000021830F39F78
C 345
R
P 0000021830F39F78
P 00000218313B6FE8
C 260
R
P 0000021830F39F78
C 345
R
P 0000021830F39F78
P 00000218313B6FE8
C 9
R
P 0000021830F39F78
C 345
R
P 0000021830F39F78
U 9
P 0000021830FC7AB8
P 0000021830FC7AD8
P 0000021830FC7AF8
P 0000021830FC7B18
P 0000021830FC7B38
P 0000021830FC7B58
P 0000021830FC7B78
P 0000021830FC7B98
P 0000021830FC7BB8
p 9
C 59
= 00000218313B7058
R
P 0000021830F39F78
C 345
R
P 0000021830F39F78
P 00000218313B7058
C 260
R
P 0000021830F39F78
C 345
R
P 0000021830F39F78
P 00000218313B7058
C 9
R
P 0000021830F39F78
C 345
R
P 0000021830F39F78
U 9
P 0000021830FC7BD8
P 0000021830FC7BF8
P 0000021830FC7C18
P 0000021830FC7C38
P 0000021830FC7C58
P 0000021830FC7C78
P 0000021830FC7C98
P 0000021830FC7CB8
P 0000021830FC7CD8
p 9
C 59
= 00000218313B70C8
R
P 0000021830F39F78
C 345
R
P 0000021830F39F78
P 00000218313B70C8
C 260
R
P 0000021830F39F78
C 345
R
P 0000021830F39F78
P 00000218313B70C8
C 9
R
P 0000021830F39F78
C 345
R
P 0000021830F39F78
U 9
P 0000021830FC7CF8
P 0000021830FC7D18
P 0000021830FC7D38
P 0000021830FC7D58
P 0000021830FC7D78
P 0000021830FC7D98
P 0000021830FC7DB8
P 0000021830FC7DD8
P 0000021830FC7DF8
p 9
C 59
= 00000218313B7138
R
P 0000021830F39F78
C 345
R
P 0000021830F39F78
P 00000218313B7138
C 260
R
P 0000021830F39F78
C 345
R
P 0000021830F39F78
P 00000218313B7138
C 9
R
P 0000021830F39F78
C 345
R
P 0000021830F39F78
U 9
P 0000021830FC7E18
P 0000021830FC7E38
P 0000021830FC7E58
P 0000021830FC7E78
P 0000021830FC7E98
P 0000021830FC7EB8
P 0000021830FC7ED8
P 0000021830FC7EF8
P 0000021830FC7F18
p 9
C 59
= 00000218313B71A8
R
P 0000021830F39F78
C 345
R
P 0000021830F39F78
P 00000218313B71A8
C 260
R
P 0000021830F39F78
C 345
R
P 0000021830F39F78
P 00000218313B71A8
C 9
R
P 0000021830F39F78
C 345
R
P 0000021830F39F78
U 9
P 0000021830FC7F38
P 0000021830FC7F58
P 0000021830FC7F78
P 0000021830FC7F98
P 0000021830FC7FB8
P 0000021830FC7FD8
P 0000021830FC7FF8
P 0000021830FC8018
P 0000021830FC8038
p 9
C 59
= 00000218313B7218
R
P 0000021830F39F78
C 345
R
P 0000021830F39F78
P 00000218313B7218
C 260
R
P 0000021830F39F78
C 345
R
P 0000021830F39F78
P 00000218313B7218
C 9
R
P 0000021830F39F78
C 345
R
P 0000021830F39F78
U 9
P 0000021830FC8058
P 0000021830FC8078
P 0000021830FC8098
P 0000021830FC80B8
P 0000021830FC80D8
P 0000021830FC80F8
P 0000021830FC8118
P 0000021830FC8138
P 0000021830FC8158
p 9
C 59
= 00000218313B7288
R
P 0000021830F39F78
C 345
R
P 0000021830F39F78
P 00000218313B7288
C 260
R
P 0000021830F39F78
C 345
R
P 0000021830F39F78
P 00000218313B7288
C 9
R
P 0000021830F39F78
C 345
R
P 0000021830F39F78
U 9
P 0000021830FC8178
P 0000021830FC8198
P 0000021830FC81B8
P 0000021830FC81D8
P 0000021830FC81F8
P 0000021830FC8218
P 0000021830FC8238
P 0000021830FC8258
P 0000021830FC8278
p 9
C 59
= 00000218313B72F8
R
P 0000021830F39F78
C 345
R
P 0000021830F39F78
P 00000218313B72F8
C 260
R
P 0000021830F39F78
C 345
R
P 0000021830F39F78
P 00000218313B72F8
C 9
R
P 0000021830F39F78
C 345
R
P 0000021830F39F78
U 9
P 0000021830FC7878
P 0000021830FC7898
P 0000021830FC78B8
P 0000021830FC78D8
P 0000021830FC78F8
P 0000021830FC7918
P 0000021830FC7938
P 0000021830FC7958
P 0000021830FC7978
p 9
C 59
= 00000218313B6F78
R
P 0000021830F39F78
C 345
R
P 0000021830F39F78
P 00000218313B6F78
C 260
R
P 0000021830F39F78
C 345
R
P 0000021830F39F78
P 00000218313B6F78
C 9
R
P 0000021830F39F78
C 345
R
P 0000021830F39F78
U 9
P 0000021830FC7998
P 0000021830FC79B8
P 0000021830FC79D8
P 0000021830FC79F8
P 0000021830FC7A18
P 0000021830FC7A38
P 0000021830FC7A58
P 0000021830FC7A78
P 0000021830FC7A98
p 9
C 59
= 00000218313B6FE8
R
P 0000021830F39F78
C 345
R
P 0000021830F39F78
P 00000218313B6FE8
C 260
R
P 0000021830F39F78
C 345
R
P 0000021830F39F78
P 00000218313B6FE8
C 9
R
P 0000021830F39F78
C 345
R
P 0000021830F39F78
U 9
P 0000021830FC7AB8
P 0000021830FC7AD8
P 0000021830FC7AF8
P 0000021830FC7B18
P 0000021830FC7B38
P 0000021830FC7B58
P 0000021830FC7B78
P 0000021830FC7B98
P 0000021830FC7BB8
p 9
C 59
= 00000218313B7058
R
P 0000021830F39F78
C 345
R
P 0000021830F39F78
P 00000218313B7058
C 260
R
P 0000021830F39F78
C 345
R
P 0000021830F39F78
P 00000218313B7058
C 9
R
P 0000021830F39F78
C 345
R
P 0000021830F39F78
U 9
P 0000021830FC7BD8
P 0000021830FC7BF8
P 0000021830FC7C18
P 0000021830FC7C38
P 0000021830FC7C58
P 0000021830FC7C78
P 0000021830FC7C98
P 0000021830FC7CB8
P 0000021830FC7CD8
p 9
C 59
= 00000218313B70C8
R
P 0000021830F39F78
C 345
R
P 0000021830F39F78
P 00000218313B70C8
C 260
R
P 0000021830F39F78
C 345
R
P 0000021830F39F78
P 00000218313B70C8
C 9
R
P 0000021830F39F78
C 345
R
P 0000021830F39F78
U 9
P 0000021830FC7CF8
P 0000021830FC7D18
P 0000021830FC7D38
P 0000021830FC7D58
P 0000021830FC7D78
P 0000021830FC7D98
P 0000021830FC7DB8
P 0000021830FC7DD8
P 0000021830FC7DF8
p 9
C 59
= 00000218313B7138
R
P 0000021830F39F78
C 345
R
P 0000021830F39F78
P 00000218313B7138
C 260
R
P 0000021830F39F78
C 345
R
P 0000021830F39F78
P 00000218313B7138
C 9
R
P 0000021830F39F78
C 345
R
P 0000021830F39F78
U 9
P 0000021830FC7E18
P 0000021830FC7E38
P 0000021830FC7E58
P 0000021830FC7E78
P 0000021830FC7E98
P 0000021830FC7EB8
P 0000021830FC7ED8
P 0000021830FC7EF8
P 0000021830FC7F18
p 9
C 59
= 00000218313B71A8
R
P 0000021830F39F78
C 345
R
P 0000021830F39F78
P 00000218313B71A8
C 260
R
P 0000021830F39F78
C 345
R
P 0000021830F39F78
P 00000218313B71A8
C 9
R
P 0000021830F39F78
C 345
R
P 0000021830F39F78
U 9
P 0000021830FC7F38
P 0000021830FC7F58
P 0000021830FC7F78
P 0000021830FC7F98
P 0000021830FC7FB8
P 0000021830FC7FD8
P 0000021830FC7FF8
P 0000021830FC8018
P 0000021830FC8038
p 9
C 59
= 00000218313B7218
R
P 0000021830F39F78
C 345
R
P 0000021830F39F78
P 00000218313B7218
C 260
R
P 0000021830F39F78
C 345
R
P 0000021830F39F78
P 00000218313B7218
C 9
R
P 0000021830F39F78
C 345
R
P 0000021830F39F78
U 9
P 0000021830FC8058
P 0000021830FC8078
P 0000021830FC8098
P 0000021830FC80B8
P 0000021830FC80D8
P 0000021830FC80F8
P 0000021830FC8118
P 0000021830FC8138
P 0000021830FC8158
p 9
C 59
= 00000218313B7288
R
P 0000021830F39F78
C 345
R
P 0000021830F39F78
P 00000218313B7288
C 260
R
P 0000021830F39F78
C 345
R
P 0000021830F39F78
P 00000218313B7288
C 9
R
P 0000021830F39F78
C 345
R
P 0000021830F39F78
U 9
P 0000021830FC8178
P 0000021830FC8198
P 0000021830FC81B8
P 0000021830FC81D8
P 0000021830FC81F8
P 0000021830FC8218
P 0000021830FC8238
P 0000021830FC8258
P 0000021830FC8278
p 9
C 59
= 00000218313B72F8
R
P 0000021830F39F78
C 345
R
P 0000021830F39F78
P 00000218313B72F8
C 260
R
P 0000021830F39F78
C 345
R
P 0000021830F39F78
P 00000218313B72F8
C 9
R
P 0000021830F39F78
C 345
R
P 0000021830F39F78
U 9
P 0000021830FC7878
P 0000021830FC7898
P 0000021830FC78B8
P 0000021830FC7998
P 0000021830FC79B8
P 0000021830FC79D8
P 0000021830FC7AB8
P 0000021830FC7AD8
P 0000021830FC7AF8
p 9
C 59
= 00000218313B7368
R
P 0000021830F39F78
C 345
R
P 0000021830F39F78
P 00000218313B7368
C 260
R
P 0000021830F39F78
C 345
R
P 0000021830F39F78
P 00000218313B7368
C 9
R
P 0000021830F39F78
C 345
R
P 0000021830F39F78
U 9
P 0000021830FC78D8
P 0000021830FC78F8
P 0000021830FC7918
P 0000021830FC79F8
P 0000021830FC7A18
P 0000021830FC7A38
P 0000021830FC7B18
P 0000021830FC7B38
P 0000021830FC7B58
p 9
C 59
= 00000218313B73D8
R
P 0000021830F39F78
C 345
R
P 0000021830F39F78
P 00000218313B73D8
C 260
R
P 0000021830F39F78
C 345
R
P 0000021830F39F78
P 00000218313B73D8
C 9
R
P 0000021830F39F78
C 345
R
P 0000021830F39F78
U 9
P 0000021830FC7938
P 0000021830FC7958
P 0000021830FC7978
P 0000021830FC7A58
P 0000021830FC7A78
P 0000021830FC7A98
P 0000021830FC7B78
P 0000021830FC7B98
P 0000021830FC7BB8
p 9
C 59
= 00000218313B7448
R
P 0000021830F39F78
C 345
R
P 0000021830F39F78
P 00000218313B7448
C 260
R
P 0000021830F39F78
C 345
R
P 0000021830F39F78
P 00000218313B7448
C 9
R
P 0000021830F39F78
C 345
R
P 0000021830F39F78
U 9
P 0000021830FC7BD8
P 0000021830FC7BF8
P 0000021830FC7C18
P 0000021830FC7CF8
P 0000021830FC7D18
P 0000021830FC7D38
P 0000021830FC7E18
P 0000021830FC7E38
P 0000021830FC7E58
p 9
C 59
= 00000218313B74B8
R
P 0000021830F39F78
C 345
R
P 0000021830F39F78
P 00000218313B74B8
C 260
R
P 0000021830F39F78
C 345
R
P 0000021830F39F78
P 00000218313B74B8
C 9
R
P 0000021830F39F78
C 345
R
P 0000021830F39F78
U 9
P 0000021830FC7C38
P 0000021830FC7C58
P 0000021830FC7C78
P 0000021830FC7D58
P 0000021830FC7D78
P 0000021830FC7D98
P 0000021830FC7E78
P 0000021830FC7E98
P 0000021830FC7EB8
p 9
C 59
= 00000218313B7528
R
P 0000021830F39F78
C 345
R
P 0000021830F39F78
P 00000218313B7528
C 260
R
P 0000021830F39F78
C 345
R
P 0000021830F39F78
P 00000218313B7528
C 9
R
P 0000021830F39F78
C 345
R
P 0000021830F39F78
U 9
P 0000021830FC7C98
P 0000021830FC7CB8
P 0000021830FC7CD8
P 0000021830FC7DB8
P 0000021830FC7DD8
P 0000021830FC7DF8
P 0000021830FC7ED8
P 0000021830FC7EF8
P 0000021830FC7F18
p 9
C 59
= 00000218313B7598
R
P 0000021830F39F78
C 345
R
P 0000021830F39F78
P 00000218313B7598
C 260
R
P 0000021830F39F78
C 345
R
P 0000021830F39F78
P 00000218313B7598
C 9
R
P 0000021830F39F78
C 345
R
P 0000021830F39F78
U 9
P 0000021830FC7F38
P 0000021830FC7F58
P 0000021830FC7F78
P 0000021830FC8058
P 0000021830FC8078
P 0000021830FC8098
P 0000021830FC8178
P 0000021830FC8198
P 0000021830FC81B8
p 9
C 59
= 00000218313B7608
R
P 0000021830F39F78
C 345
R
P 0000021830F39F78
P 00000218313B7608
C 260
R
P 0000021830F39F78
C 345
R
P 0000021830F39F78
P 00000218313B7608
C 9
R
P 0000021830F39F78
C 345
R
P 0000021830F39F78
U 9
P 0000021830FC7F98
P 0000021830FC7FB8
P 0000021830FC7FD8
P 0000021830FC80B8
P 0000021830FC80D8
P 0000021830FC80F8
P 0000021830FC81D8
P 0000021830FC81F8
P 0000021830FC8218
p 9
C 59
= 00000218313B7678
R
P 0000021830F39F78
C 345
R
P 0000021830F39F78
P 00000218313B7678
C 260
R
P 0000021830F39F78
C 345
R
P 0000021830F39F78
P 00000218313B7678
C 9
R
P 0000021830F39F78
C 345
R
P 0000021830F39F78
U 9
P 0000021830FC7FF8
P 0000021830FC8018
P 0000021830FC8038
P 0000021830FC8118
P 0000021830FC8138
P 0000021830FC8158
P 0000021830FC8238
P 0000021830FC8258
P 0000021830FC8278
p 9
C 59
= 00000218313B76E8
R
P 0000021830F39F78
C 345
R
P 0000021830F39F78
P 00000218313B76E8
C 260
R
P 0000021830F39F78
C 345
R
P 0000021830F39F78
P 00000218313B76E8
C 9
R
P 0000021830F39F78
C 345
R
P 0000021830F39F78
C 56
= 0000021830FC66D8
R
P 0000021830F39F78
C 345
R
P 0000021830F39F78
P 0000021830FC66D8
C 260
R
P 0000021830F39F78
C 345
R
P 0000021830F39F78
P 0000021830FC66D8
C 9
R
P 0000021830F39F78
C 345
R
P 0000021830F39F78
U 9
P 0000021830FC3378
P 0000021830FC3420
P 0000021830FC34C8
P 0000021830FC3570
P 0000021830FC3618
P 0000021830FC36C0
P 0000021830FC3768
P 0000021830FC3810
P 0000021830FC38B8
p 9
C 65
= 00000218313B7758
R
P 0000021830F39F78
C 345
R
P 0000021830F39F78
P 00000218313B7758
C 260
R
P 0000021830F39F78
C 345
R
P 0000021830F39F78
P 00000218313B7758
C 9
R
P 0000021830F39F78
C 345
R
P 0000021830F39F78
U 2
P 00000218313B7758
P 0000021830FC66D8
p 2
C 65
= 00000218313B11B0
R
P 0000021830F39F78
C 345
R
P 0000021830F39F78
P 00000218313B11B0
C 260
R
P 0000021830F39F78
C 345
R
P 0000021830F39F78
P 00000218313B11B0
C 9
R
P 0000021830F39F78
C 345
R
P 0000021830F39F78
U 9
P 0000021830FC3960
P 0000021830FC3A08
P 0000021830FC3AB0
P 0000021830FC3B58
P 0000021830FC3C00
P 0000021830FC3CA8
P 0000021830FC3D50
P 0000021830FC3DF8
P 0000021830FC3EA0
p 9
C 65
= 00000218313B77C8
R
P 0000021830F39F78
C 345
R
P 0000021830F39F78
P 00000218313B77C8
C 260
R
P 0000021830F39F78
C 345
R
P 0000021830F39F78
P 00000218313B77C8
C 9
R
P 0000021830F39F78
C 345
R
P 0000021830F39F78
U 2
P 00000218313B77C8
P 00000218313B11B0
p 2
C 65
= 00000218313B11E8
R
P 0000021830F39F78
C 345
R
P 0000021830F39F78
P 00000218313B11E8
C 260
R
P 0000021830F39F78
C 345
R
P 0000021830F39F78
P 00000218313B11E8
C 9
R
P 0000021830F39F78
C 345
R
P 0000021830F39F78
U 9
P 0000021830FC3F48
P 0000021830FC3FF0
P 0000021830FC4098
P 0000021830FC4140
P 0000021830FC41E8
P 0000021830FC4290
P 0000021830FC4338
P 0000021830FC43E0
P 0000021830FC4488
p 9
C 65
= 00000218313B7838
R
P 0000021830F39F78
C 345
R
P 0000021830F39F78
P 00000218313B7838
C 260
R
P 0000021830F39F78
C 345
R
P 0000021830F39F78
P 00000218313B7838
C 9
R
P 0000021830F39F78
C 345
R
P 0000021830F39F78
U 2
P 00000218313B7838
P 00000218313B11E8
p 2
C 65
= 00000218313B1220
R
P 0000021830F39F78
C 345
R
P 0000021830F39F78
P 00000218313B1220
C 260
R
P 0000021830F39F78
C 345
R
P 0000021830F39F78
P 00000218313B1220
C 9
R
P 0000021830F39F78
C 345
R
P 0000021830F39F78
U 9
P 0000021830FC4530
P 0000021830FC45D8
P 00000218315AD7C8
P 00000218315AD870
P 00000218315AD918
P 00000218315AD9C0
P 00000218315ADA68
P 00000218315ADB10
P 00000218315ADBB8
p 9
C 65
= 00000218313B78A8
R
P 0000021830F39F78
C 345
R
P 0000021830F39F78
P 00000218313B78A8
C 260
R
P 0000021830F39F78
C 345
R
P 0000021830F39F78
P 00000218313B78A8
C 9
R
P 0000021830F39F78
C 345
R
P 0000021830F39F78
U 2
P 00000218313B78A8
P 00000218313B1220
p 2
C 65
= 00000218313B1258
R
P 0000021830F39F78
C 345
R
P 0000021830F39F78
P 00000218313B1258
C 260
R
P 0000021830F39F78
C 345
R
P 0000021830F39F78
P 00000218313B1258
C 9
R
P 0000021830F39F78
C 345
R
P 0000021830F39F78
U 9
P 00000218315ADC60
P 00000218315ADD08
P 00000218315ADDB0
P 00000218315ADE58
P 00000218315ADF00
P 00000218315ADFA8
P 00000218315AE050
P 00000218315AE0F8
P 00000218315AE1A0
p 9
C 65
= 00000218313B7918
R
P 0000021830F39F78
C 345
R
P 0000021830F39F78
P 00000218313B7918
C 260
R
P 0000021830F39F78
C 345
R
P 0000021830F39F78
P 00000218313B7918
C 9
R
P 0000021830F39F78
C 345
R
P 0000021830F39F78
U 2
P 00000218313B7918
P 00000218313B1258
p 2
C 65
= 00000218313B1290
R
P 0000021830F39F78
C 345
R
P 0000021830F39F78
P 00000218313B1290
C 260
R
P 0000021830F39F78
C 345
R
P 0000021830F39F78
P 00000218313B1290
C 9
R
P 0000021830F39F78
C 345
R
P 0000021830F39F78
U 9
P 00000218315AE248
P 00000218315AE2F0
P 00000218315AE398
P 00000218315AE440
P 00000218315AE4E8
P 00000218315AE590
P 00000218315AE638
P 00000218315AE6E0
P 00000218315AE788
p 9
C 65
= 00000218313B7988
R
P 0000021830F39F78
C 345
R
P 0000021830F39F78
P 00000218313B7988
C 260
R
P 0000021830F39F78
C 345
R
P 0000021830F39F78
P 00000218313B7988
C 9
R
P 0000021830F39F78
C 345
R
P 0000021830F39F78
U 2
P 00000218313B7988
P 00000218313B1290
p 2
C 65
= 00000218313B12C8
R
P 0000021830F39F78
C 345
R
P 0000021830F39F78
P 00000218313B12C8
C 260
R
P 0000021830F39F78
C 345
R
P 0000021830F39F78
P 00000218313B12C8
C 9
R
P 0000021830F39F78
C 345
R
P 0000021830F39F78
U 9
P 00000218315AE830
P 00000218315AE8D8
P 00000218315AE980
P 00000218315AEA28
P 00000218315AEAD0
P 00000218315AEB78
P 00000218315AEC20
P 00000218315AECC8
P 00000218315AED70
p 9
C 65
= 00000218313B79F8
R
P 0000021830F39F78
C 345
R
P 0000021830F39F78
P 00000218313B79F8
C 260
R
P 0000021830F39F78
C 345
R
P 0000021830F39F78
P 00000218313B79F8
C 9
R
P 0000021830F39F78
C 345
R
P 0000021830F39F78
U 2
P 00000218313B79F8
P 00000218313B12C8
p 2
C 65
= 00000218313B1300
R
P 0000021830F39F78
C 345
R
P 0000021830F39F78
P 00000218313B1300
C 260
R
P 0000021830F39F78
C 345
R
P 0000021830F39F78
P 00000218313B1300
C 9
R
P 0000021830F39F78
C 345
R
P 0000021830F39F78
U 9
P 00000218315AEE18
P 00000218315AEEC0
P 00000218315AEF68
P 00000218315AF010
P 00000218315AF0B8
P 00000218315AF160
P 00000218315AF208
P 00000218315AF2B0
P 00000218315AF358
p 9
C 65
= 00000218313B7A68
R
P 0000021830F39F78
C 345
R
P 0000021830F39F78
P 00000218313B7A68
C 260
R
P 0000021830F39F78
C 345
R
P 0000021830F39F78
P 00000218313B7A68
C 9
R
P 0000021830F39F78
C 345
R
P 0000021830F39F78
U 2
P 00000218313B7A68
P 00000218313B1300
p 2
C 65
= 00000218313B1338
R
P 0000021830F39F78
C 345
R
P 0000021830F39F78
P 00000218313B1338
C 260
R
P 0000021830F39F78
C 345
R
P 0000021830F39F78
P 00000218313B1338
C 9
R
P 0000021830F39F78
C 345
R
P 0000021830F39F78
U 9
P 00000218315AF400
P 00000218315AF4A8
P 00000218315AF550
P 00000218315AF5F8
P 00000218315AF6A0
P 00000218313B0F80
P 00000218313B1028
P 00000218313B10D0
P 00000218313B1178
p 9
C 65
= 00000218313B7AD8
R
P 0000021830F39F78
C 345
R
P 0000021830F39F78
P 00000218313B7AD8
C 260
R
P 0000021830F39F78
C 345
R
P 0000021830F39F78
P 00000218313B7AD8
C 9
R
P 0000021830F39F78
C 345
R
P 0000021830F39F78
U 2
P 00000218313B7AD8
P 00000218313B1338
p 2
C 65
= 00000218313B1370
R
P 0000021830F39F78
C 345
R
P 0000021830F39F78
P 00000218313B1370
C 260
R
P 0000021830F39F78
C 345
R
P 0000021830F39F78
P 00000218313B1370
C 9
R
P 0000021830F39F78
C 345
R
P 0000021830F39F78
U 9
P 00000218313B6F78
P 00000218313B6FE8
P 00000218313B7058
P 00000218313B70C8
P 00000218313B7138
P 00000218313B71A8
P 00000218313B7218
P 00000218313B7288
P 00000218313B72F8
p 9
C 65
= 00000218313B7B48
R
P 0000021830F39F78
C 345
R
P 0000021830F39F78
P 00000218313B7B48
C 260
R
P 0000021830F39F78
C 345
R
P 0000021830F39F78
P 00000218313B7B48
C 9
R
P 0000021830F39F78
C 345
R
P 0000021830F39F78
U 2
P 00000218313B7B48
P 00000218313B1370
p 2
C 65
= 00000218313B13A8
R
P 0000021830F39F78
C 345
R
P 0000021830F39F78
P 00000218313B13A8
C 260
R
P 0000021830F39F78
C 345
R
P 0000021830F39F78
P 00000218313B13A8
C 9
R
P 0000021830F39F78
C 345
R
P 0000021830F39F78
U 9
P 00000218313B6F78
P 00000218313B6FE8
P 00000218313B7058
P 00000218313B70C8
P 00000218313B7138
P 00000218313B71A8
P 00000218313B7218
P 00000218313B7288
P 00000218313B72F8
p 9
C 65
= 00000218313B7B48
R
P 0000021830F39F78
C 345
R
P 0000021830F39F78
P 00000218313B7B48
C 260
R
P 0000021830F39F78
C 345
R
P 0000021830F39F78
P 00000218313B7B48
C 9
R
P 0000021830F39F78
C 345
R
P 0000021830F39F78
U 2
P 00000218313B7B48
P 00000218313B13A8
p 2
C 65
= 00000218313B13E0
R
P 0000021830F39F78
C 345
R
P 0000021830F39F78
P 00000218313B13E0
C 260
R
P 0000021830F39F78
C 345
R
P 0000021830F39F78
P 00000218313B13E0
C 9
R
P 0000021830F39F78
C 345
R
P 0000021830F39F78
U 3
P 00000218313B7368
P 00000218313B73D8
P 00000218313B7448
p 3
C 65
= 0000021830FBB058
R
P 0000021830F39F78
C 345
R
P 0000021830F39F78
P 0000021830FBB058
C 260
R
P 0000021830F39F78
C 345
R
P 0000021830F39F78
P 0000021830FBB058
C 9
R
P 0000021830F39F78
C 345
R
P 0000021830F39F78
U 2
P 0000021830FBB058
P 00000218313B13E0
p 2
C 65
= 00000218313B1418
R
P 0000021830F39F78
C 345
R
P 0000021830F39F78
P 00000218313B1418
C 260
R
P 0000021830F39F78
C 345
R
P 0000021830F39F78
P 00000218313B1418
C 9
R
P 0000021830F39F78
C 345
R
P 0000021830F39F78
U 3
P 00000218313B74B8
P 00000218313B7528
P 00000218313B7598
p 3
C 65
= 0000021830FBB098
R
P 0000021830F39F78
C 345
R
P 0000021830F39F78
P 0000021830FBB098
C 260
R
P 0000021830F39F78
C 345
R
P 0000021830F39F78
P 0000021830FBB098
C 9
R
P 0000021830F39F78
C 345
R
P 0000021830F39F78
U 2
P 0000021830FBB098
P 00000218313B1418
p 2
C 65
= 00000218313B1450
R
P 0000021830F39F78
C 345
R
P 0000021830F39F78
P 00000218313B1450
C 260
R
P 0000021830F39F78
C 345
R
P 0000021830F39F78
P 00000218313B1450
C 9
R
P 0000021830F39F78
C 345
R
P 0000021830F39F78
U 3
P 00000218313B7608
P 00000218313B7678
P 00000218313B76E8
p 3
C 65
= 0000021830FBB0D8
R
P 0000021830F39F78
C 345
R
P 0000021830F39F78
P 0000021830FBB0D8
C 260
R
P 0000021830F39F78
C 345
R
P 0000021830F39F78
P 0000021830FBB0D8
C 9
R
P 0000021830F39F78
C 345
R
P 0000021830F39F78
U 2
P 0000021830FBB0D8
P 00000218313B1450
p 2
C 65
= 00000218313B1488
R
P 0000021830F39F78
C 345
R
P 0000021830F39F78
P 00000218313B1488
C 260
R
P 0000021830F39F78
C 345
R
P 0000021830F39F78
P 00000218313B1488
C 9
R
P 0000021830F39F78
C 345
R
P 0000021830F39F78
C 56
= 0000021830FC66D8
R
P 0000021830F39F78
C 345
R
P 0000021830F39F78
P 0000021830FC66D8
C 260
R
P 0000021830F39F78
C 345
R
P 0000021830F39F78
P 0000021830FC66D8
C 9
R
P 0000021830F39F78
C 345
R
P 0000021830F39F78
I 0
P 0000021830FC6738
C 152
= 0000021830FC70B8
R
P 0000021830F39F78
C 345
R
P 0000021830F39F78
P 0000021830FC70B8
C 260
R
P 0000021830F39F78
C 345
R
P 0000021830F39F78
P 0000021830FC70B8
C 9
R
P 0000021830F39F78
C 345
R
P 0000021830F39F78
I 0
P 0000021830FC6738
C 152
= 0000021830FC70B8
R
P 0000021830F39F78
C 345
R
P 0000021830F39F78
P 0000021830FC70B8
C 260
R
P 0000021830F39F78
C 345
R
P 0000021830F39F78
P 0000021830FC70B8
C 9
R
P 0000021830F39F78
C 345
R
P 0000021830F39F78
P 0000021830FC70B8
P 0000021830FC70B8
C 58
= 00000218313B14C0
R
P 0000021830F39F78
C 345
R
P 0000021830F39F78
P 00000218313B14C0
C 260
R
P 0000021830F39F78
C 345
R
P 0000021830F39F78
P 00000218313B14C0
C 9
R
P 0000021830F39F78
C 345
R
P 0000021830F39F78
C 56
= 0000021830FC66D8
R
P 0000021830F39F78
C 345
R
P 0000021830F39F78
P 0000021830FC66D8
C 260
R
P 0000021830F39F78
C 345
R
P 0000021830F39F78
P 0000021830FC66D8
C 9
R
P 0000021830F39F78
C 345
R
P 0000021830F39F78
I 0
P 0000021830FC6738
C 152
= 0000021830FC70B8
R
P 0000021830F39F78
C 345
R
P 0000021830F39F78
P 0000021830FC70B8
C 260
R
P 0000021830F39F78
C 345
R
P 0000021830F39F78
P 0000021830FC70B8
C 9
R
P 0000021830F39F78
C 345
R
P 0000021830F39F78
P 0000021830FC7878
P 0000021830FC70B8
C 58
= 00000218313B14F8
R
P 0000021830F39F78
C 345
R
P 0000021830F39F78
P 00000218313B14F8
C 260
R
P 0000021830F39F78
C 345
R
P 0000021830F39F78
P 00000218313B14F8
C 9
R
P 0000021830F39F78
C 345
R
P 0000021830F39F78
P 00000218313B14C0
P 0000021830FC66D8
P 00000218313B14F8
C 61
= 0000021830FBB118
R
P 0000021830F39F78
C 345
R
P 0000021830F39F78
P 0000021830FBB118
C 259
R
P 0000021830F39F78
C 345
R
P 0000021830F39F78
P 0000021830FBB118
C 256
= 0000021830FC6678
R
P 0000021830F39F78
C 345
R
P 0000021830F39F78
P 0000021830FC6678
C 211
R
P 0000021830F39F78
C 345
R
P 0000021830F39F78
P 0000021830FBB118
C 262
R
P 0000021830F39F78
C 345
R
P 0000021830F39F78
P 0000021830FBB118
C 261
R
P 0000021830F39F78
C 345
R
P 0000021830F39F78
P 0000021830FBB118
C 260
R
P 0000021830F39F78
C 345
R
P 0000021830F39F78
P 0000021830FBB118
C 9
R
P 0000021830F39F78
C 345
R
P 0000021830F39F78
U 2
P 0000021830FC66D8
P 0000021830FBB118
p 2
C 65
= 00000218313B1530
R
P 0000021830F39F78
C 345
R
P 0000021830F39F78
P 00000218313B1530
C 260
R
P 0000021830F39F78
C 345
R
P 0000021830F39F78
P 00000218313B1530
C 9
R
P 0000021830F39F78
C 345
R
P 0000021830F39F78
I 0
P 0000021830FC6738
C 152
= 0000021830FC70B8
R
P 0000021830F39F78
C 345
R
P 0000021830F39F78
P 0000021830FC70B8
C 260
R
P 0000021830F39F78
C 345
R
P 0000021830F39F78
P 0000021830FC70B8
C 9
R
P 0000021830F39F78
C 345
R
P 0000021830F39F78
I 0
P 0000021830FC6738
C 152
= 0000021830FC70B8
R
P 0000021830F39F78
C 345
R
P 0000021830F39F78
P 0000021830FC70B8
C 260
R
P 0000021830F39F78
C 345
R
P 0000021830F39F78
P 0000021830FC70B8
C 9
R
P 0000021830F39F78
C 345
R
P 0000021830F39F78
P 0000021830FC70B8
P 0000021830FC70B8
C 58
= 00000218313B14C0
R
P 0000021830F39F78
C 345
R
P 0000021830F39F78
P 00000218313B14C0
C 260
R
P 0000021830F39F78
C 345
R
P 0000021830F39F78
P 00000218313B14C0
C 9
R
P 0000021830F39F78
C 345
R
P 0000021830F39F78
C 56
= 0000021830FC66D8
R
P 0000021830F39F78
C 345
R
P 0000021830F39F78
P 0000021830FC66D8
C 260
R
P 0000021830F39F78
C 345
R
P 0000021830F39F78
P 0000021830FC66D8
C 9
R
P 0000021830F39F78
C 345
R
P 0000021830F39F78
I 0
P 0000021830FC6738
C 152
= 0000021830FC70B8
R
P 0000021830F39F78
C 345
R
P 0000021830F39F78
P 0000021830FC70B8
C 260
R
P 0000021830F39F78
C 345
R
P 0000021830F39F78
P 0000021830FC70B8
C 9
R
P 0000021830F39F78
C 345
R
P 0000021830F39F78
P 0000021830FC7898
P 0000021830FC70B8
C 58
= 00000218313B1568
R
P 0000021830F39F78
C 345
R
P 0000021830F39F78
P 00000218313B1568
C 260
R
P 0000021830F39F78
C 345
R
P 0000021830F39F78
P 00000218313B1568
C 9
R
P 0000021830F39F78
C 345
R
P 0000021830F39F78
P 00000218313B14C0
P 0000021830FC66D8
P 00000218313B1568
C 61
= 0000021830FBB158
R
P 0000021830F39F78
C 345
R
P 0000021830F39F78
P 0000021830FBB158
C 259
R
P 0000021830F39F78
C 345
R
P 0000021830F39F78
P 0000021830FBB158
C 256
= 0000021830FC6678
R
P 0000021830F39F78
C 345
R
P 0000021830F39F78
P 0000021830FC6678
C 211
R
P 0000021830F39F78
C 345
R
P 0000021830F39F78
P 0000021830FBB158
C 262
R
P 0000021830F39F78
C 345
R
P 0000021830F39F78
P 0000021830FBB158
C 261
R
P 0000021830F39F78
C 345
R
P 0000021830F39F78
P 0000021830FBB158
C 260
R
P 0000021830F39F78
C 345
R
P 0000021830F39F78
P 0000021830FBB158
C 9
R
P 0000021830F39F78
C 345
R
P 0000021830F39F78
U 2
P 00000218313B1530
P 0000021830FBB158
p 2
C 65
= 00000218313B15A0
R
P 0000021830F39F78
C 345
R
P 0000021830F39F78
P 00000218313B15A0
C 260
R
P 0000021830F39F78
C 345
R
P 0000021830F39F78
P 00000218313B15A0
C 9
R
P 0000021830F39F78
C 345
R
P 0000021830F39F78
I 0
P 0000021830FC6738
C 152
= 0000021830FC70B8
R
P 0000021830F39F78
C 345
R
P 0000021830F39F78
P 0000021830FC70B8
C 260
R
P 0000021830F39F78
C 345
R
P 0000021830F39F78
P 0000021830FC70B8
C 9
R
P 0000021830F39F78
C 345
R
P 0000021830F39F78
I 0
P 0000021830FC6738
C 152
= 0000021830FC70B8
R
P 0000021830F39F78
C 345
R
P 0000021830F39F78
P 0000021830FC70B8
C 260
R
P 0000021830F39F78
C 345
R
P 0000021830F39F78
P 0000021830FC70B8
C 9
R
P 0000021830F39F78
C 345
R
P 0000021830F39F78
P 0000021830FC70B8
P 0000021830FC70B8
C 58
= 00000218313B14C0
R
P 0000021830F39F78
C 345
R
P 0000021830F39F78
P 00000218313B14C0
C 260
R
P 0000021830F39F78
C 345
R
P 0000021830F39F78
P 00000218313B14C0
C 9
R
P 0000021830F39F78
C 345
R
P 0000021830F39F78
C 56
= 0000021830FC66D8
R
P 0000021830F39F78
C 345
R
P 0000021830F39F78
P 0000021830FC66D8
C 260
R
P 0000021830F39F78
C 345
R
P 0000021830F39F78
P 0000021830FC66D8
C 9
R
P 0000021830F39F78
C 345
R
P 0000021830F39F78
I 0
P 0000021830FC6738
C 152
= 0000021830FC70B8
R
P 0000021830F39F78
C 345
R
P 0000021830F39F78
P 0000021830FC70B8
C 260
R
P 0000021830F39F78
C 345
R
P 0000021830F39F78
P 0000021830FC70B8
C 9
R
P 0000021830F39F78
C 345
R
P 0000021830F39F78
P 0000021830FC78B8
P 0000021830FC70B8
C 58
= 00000218313B15D8
R
P 0000021830F39F78
C 345
R
P 0000021830F39F78
P 00000218313B15D8
C 260
R
P 0000021830F39F78
C 345
R
P 0000021830F39F78
P 00000218313B15D8
C 9
R
P 0000021830F39F78
C 345
R
P 0000021830F39F78
P 00000218313B14C0
P 0000021830FC66D8
P 00000218313B15D8
C 61
= 0000021830FBB198
R
P 0000021830F39F78
C 345
R
P 0000021830F39F78
P 0000021830FBB198
C 259
R
P 0000021830F39F78
C 345
R
P 0000021830F39F78
P 0000021830FBB198
C 256
= 0000021830FC6678
R
P 0000021830F39F78
C 345
R
P 0000021830F39F78
P 0000021830FC6678
C 211
R
P 0000021830F39F78
C 345
R
P 0000021830F39F78
P 0000021830FBB198
C 262
R
P 0000021830F39F78
C 345
R
P 0000021830F39F78
P 0000021830FBB198
C 261
R
P 0000021830F39F78
C 345
R
P 0000021830F39F78
P 0000021830FBB198
C 260
R
P 0000021830F39F78
C 345
R
P 0000021830F39F78
P 0000021830FBB198
C 9
R
P 0000021830F39F78
C 345
R
P 0000021830F39F78
U 2
P 00000218313B15A0
P 0000021830FBB198
p 2
C 65
= 00000218313B1610
R
P 0000021830F39F78
C 345
R
P 0000021830F39F78
P 00000218313B1610
C 260
R
P 0000021830F39F78
C 345
R
P 0000021830F39F78
P 00000218313B1610
C 9
R
P 0000021830F39F78
C 345
R
P 0000021830F39F78
I 0
P 0000021830FC6738
C 152
= 0000021830FC70B8
R
P 0000021830F39F78
C 345
R
P 0000021830F39F78
P 0000021830FC70B8
C 260
R
P 0000021830F39F78
C 345
R
P 0000021830F39F78
P 0000021830FC70B8
C 9
R
P 0000021830F39F78
C 345
R
P 0000021830F39F78
I 0
P 0000021830FC6738
C 152
= 0000021830FC70B8
R
P 0000021830F39F78
C 345
R
P 0000021830F39F78
P 0000021830FC70B8
C 260
R
P 0000021830F39F78
C 345
R
P 0000021830F39F78
P 0000021830FC70B8
C 9
R
P 0000021830F39F78
C 345
R
P 0000021830F39F78
P 0000021830FC70B8
P 0000021830FC70B8
C 58
= 00000218313B14C0
R
P 0000021830F39F78
C 345
R
P 0000021830F39F78
P 00000218313B14C0
C 260
R
P 0000021830F39F78
C 345
R
P 0000021830F39F78
P 00000218313B14C0
C 9
R
P 0000021830F39F78
C 345
R
P 0000021830F39F78
C 56
= 0000021830FC66D8
R
P 0000021830F39F78
C 345
R
P 0000021830F39F78
P 0000021830FC66D8
C 260
R
P 0000021830F39F78
C 345
R
P 0000021830F39F78
P 0000021830FC66D8
C 9
R
P 0000021830F39F78
C 345
R
P 0000021830F39F78
I 0
P 0000021830FC6738
C 152
= 0000021830FC70B8
R
P 0000021830F39F78
C 345
R
P 0000021830F39F78
P 0000021830FC70B8
C 260
R
P 0000021830F39F78
C 345
R
P 0000021830F39F78
P 0000021830FC70B8
C 9
R
P 0000021830F39F78
C 345
R
P 0000021830F39F78
P 0000021830FC78D8
P 0000021830FC70B8
C 58
= 00000218313B1648
R
P 0000021830F39F78
C 345
R
P 0000021830F39F78
P 00000218313B1648
C 260
R
P 0000021830F39F78
C 345
R
P 0000021830F39F78
P 00000218313B1648
C 9
R
P 0000021830F39F78
C 345
R
P 0000021830F39F78
P 00000218313B14C0
P 0000021830FC66D8
P 00000218313B1648
C 61
= 0000021830FBB1D8
R
P 0000021830F39F78
C 345
R
P 0000021830F39F78
P 0000021830FBB1D8
C 259
R
P 0000021830F39F78
C 345
R
P 0000021830F39F78
P 0000021830FBB1D8
C 256
= 0000021830FC6678
R
P 0000021830F39F78
C 345
R
P 0000021830F39F78
P 0000021830FC6678
C 211
R
P 0000021830F39F78
C 345
R
P 0000021830F39F78
P 0000021830FBB1D8
C 262
R
P 0000021830F39F78
C 345
R
P 0000021830F39F78
P 0000021830FBB1D8
C 261
R
P 0000021830F39F78
C 345
R
P 0000021830F39F78
P 0000021830FBB1D8
C 260
R
P 0000021830F39F78
C 345
R
P 0000021830F39F78
P 0000021830FBB1D8
C 9
R
P 0000021830F39F78
C 345
R
P 0000021830F39F78
U 2
P 00000218313B1610
P 0000021830FBB1D8
p 2
C 65
= 00000218313B1680
R
P 0000021830F39F78
C 345
R
P 0000021830F39F78
P 00000218313B1680
C 260
R
P 0000021830F39F78
C 345
R
P 0000021830F39F78
P 00000218313B1680
C 9
R
P 0000021830F39F78
C 345
R
P 0000021830F39F78
I 9
P 0000021830FC6738
C 152
= 0000021830FC8298
R
P 0000021830F39F78
C 345
R
P 0000021830F39F78
P 0000021830FC8298
C 260
R
P 0000021830F39F78
C 345
R
P 0000021830F39F78
P 0000021830FC8298
C 9
R
P 0000021830F39F78
C 345
R
P 0000021830F39F78
I 0
P 0000021830FC6738
C 152
= 0000021830FC70B8
R
P 0000021830F39F78
C 345
R
P 0000021830F39F78
P 0000021830FC70B8
C 260
R
P 0000021830F39F78
C 345
R
P 0000021830F39F78
P 0000021830FC70B8
C 9
R
P 0000021830F39F78
C 345
R
P 0000021830F39F78
P 0000021830FC8298
P 0000021830FC70B8
C 58
= 00000218313B16B8
R
P 0000021830F39F78
C 345
R
P 0000021830F39F78
P 00000218313B16B8
C 260
R
P 0000021830F39F78
C 345
R
P 0000021830F39F78
P 00000218313B16B8
C 9
R
P 0000021830F39F78
C 345
R
P 0000021830F39F78
C 56
= 0000021830FC66D8
R
P 0000021830F39F78
C 345
R
P 0000021830F39F78
P 0000021830FC66D8
C 260
R
P 0000021830F39F78
C 345
R
P 0000021830F39F78
P 0000021830FC66D8
C 9
R
P 0000021830F39F78
C 345
R
P 0000021830F39F78
I 9
P 0000021830FC6738
C 152
= 0000021830FC8298
R
P 0000021830F39F78
C 345
R
P 0000021830F39F78
P 0000021830FC8298
C 260
R
P 0000021830F39F78
C 345
R
P 0000021830F39F78
P 0000021830FC8298
C 9
R
P 0000021830F39F78
C 345
R
P 0000021830F39F78
P 0000021830FC78F8
P 0000021830FC8298
C 58
= 00000218313B16F0
R
P 0000021830F39F78
C 345
R
P 0000021830F39F78
P 00000218313B16F0
C 260
R
P 0000021830F39F78
C 345
R
P 0000021830F39F78
P 00000218313B16F0
C 9
R
P 0000021830F39F78
C 345
R
P 0000021830F39F78
P 00000218313B16B8
P 0000021830FC66D8
P 00000218313B16F0
C 61
= 0000021830FBB218
R
P 0000021830F39F78
C 345
R
P 0000021830F39F78
P 0000021830FBB218
C 259
R
P 0000021830F39F78
C 345
R
P 0000021830F39F78
P 0000021830FBB218
C 256
= 0000021830FC6678
R
P 0000021830F39F78
C 345
R
P 0000021830F39F78
P 0000021830FC6678
C 211
R
P 0000021830F39F78
C 345
R
P 0000021830F39F78
P 0000021830FBB218
C 262
R
P 0000021830F39F78
C 345
R
P 0000021830F39F78
P 0000021830FBB218
C 261
R
P 0000021830F39F78
C 345
R
P 0000021830F39F78
P 0000021830FBB218
C 260
R
P 0000021830F39F78
C 345
R
P 0000021830F39F78
P 0000021830FBB218
C 9
R
P 0000021830F39F78
C 345
R
P 0000021830F39F78
U 2
P 00000218313B1680
P 0000021830FBB218
p 2
C 65
= 00000218313B1728
R
P 0000021830F39F78
C 345
R
P 0000021830F39F78
P 00000218313B1728
C 260
R
P 0000021830F39F78
C 345
R
P 0000021830F39F78
P 00000218313B1728
C 9
R
P 0000021830F39F78
C 345
R
P 0000021830F39F78
I 4
P 0000021830FC6738
C 152
= 0000021830FC82B8
R
P 0000021830F39F78
C 345
R
P 0000021830F39F78
P 0000021830FC82B8
C 260
R
P 0000021830F39F78
C 345
R
P 0000021830F39F78
P 0000021830FC82B8
C 9
R
P 0000021830F39F78
C 345
R
P 0000021830F39F78
I 0
P 0000021830FC6738
C 152
= 0000021830FC70B8
R
P 0000021830F39F78
C 345
R
P 0000021830F39F78
P 0000021830FC70B8
C 260
R
P 0000021830F39F78
C 345
R
P 0000021830F39F78
P 0000021830FC70B8
C 9
R
P 0000021830F39F78
C 345
R
P 0000021830F39F78
P 0000021830FC82B8
P 0000021830FC70B8
C 58
= 00000218313B1760
R
P 0000021830F39F78
C 345
R
P 0000021830F39F78
P 00000218313B1760
C 260
R
P 0000021830F39F78
C 345
R
P 0000021830F39F78
P 00000218313B1760
C 9
R
P 0000021830F39F78
C 345
R
P 0000021830F39F78
C 56
= 0000021830FC66D8
R
P 0000021830F39F78
C 345
R
P 0000021830F39F78
P 0000021830FC66D8
C 260
R
P 0000021830F39F78
C 345
R
P 0000021830F39F78
P 0000021830FC66D8
C 9
R
P 0000021830F39F78
C 345
R
P 0000021830F39F78
I 4
P 0000021830FC6738
C 152
= 0000021830FC82B8
R
P 0000021830F39F78
C 345
R
P 0000021830F39F78
P 0000021830FC82B8
C 260
R
P 0000021830F39F78
C 345
R
P 0000021830F39F78
P 0000021830FC82B8
C 9
R
P 0000021830F39F78
C 345
R
P 0000021830F39F78
P 0000021830FC7918
P 0000021830FC82B8
C 58
= 00000218313B1798
R
P 0000021830F39F78
C 345
R
P 0000021830F39F78
P 00000218313B1798
C 260
R
P 0000021830F39F78
C 345
R
P 0000021830F39F78
P 00000218313B1798
C 9
R
P 0000021830F39F78
C 345
R
P 0000021830F39F78
P 00000218313B1760
P 0000021830FC66D8
P 00000218313B1798
C 61
= 0000021830FBB258
R
P 0000021830F39F78
C 345
R
P 0000021830F39F78
P 0000021830FBB258
C 259
R
P 0000021830F39F78
C 345
R
P 0000021830F39F78
P 0000021830FBB258
C 256
= 0000021830FC6678
R
P 0000021830F39F78
C 345
R
P 0000021830F39F78
P 0000021830FC6678
C 211
R
P 0000021830F39F78
C 345
R
P 0000021830F39F78
P 0000021830FBB258
C 262
R
P 0000021830F39F78
C 345
R
P 0000021830F39F78
P 0000021830FBB258
C 261
R
P 0000021830F39F78
C 345
R
P 0000021830F39F78
P 0000021830FBB258
C 260
R
P 0000021830F39F78
C 345
R
P 0000021830F39F78
P 0000021830FBB258
C 9
R
P 0000021830F39F78
C 345
R
P 0000021830F39F78
U 2
P 00000218313B1728
P 0000021830FBB258
p 2
C 65
= 00000218313B17D0
R
P 0000021830F39F78
C 345
R
P 0000021830F39F78
P 00000218313B17D0
C 260
R
P 0000021830F39F78
C 345
R
P 0000021830F39F78
P 00000218313B17D0
C 9
R
P 0000021830F39F78
C 345
R
P 0000021830F39F78
I 0
P 0000021830FC6738
C 152
= 0000021830FC70B8
R
P 0000021830F39F78
C 345
R
P 0000021830F39F78
P 0000021830FC70B8
C 260
R
P 0000021830F39F78
C 345
R
P 0000021830F39F78
P 0000021830FC70B8
C 9
R
P 0000021830F39F78
C 345
R
P 0000021830F39F78
I 0
P 0000021830FC6738
C 152
= 0000021830FC70B8
R
P 0000021830F39F78
C 345
R
P 0000021830F39F78
P 0000021830FC70B8
C 260
R
P 0000021830F39F78
C 345
R
P 0000021830F39F78
P 0000021830FC70B8
C 9
R
P 0000021830F39F78
C 345
R
P 0000021830F39F78
P 0000021830FC70B8
P 0000021830FC70B8
C 58
= 00000218313B14C0
R
P 0000021830F39F78
C 345
R
P 0000021830F39F78
P 00000218313B14C0
C 260
R
P 0000021830F39F78
C 345
R
P 0000021830F39F78
P 00000218313B14C0
C 9
R
P 0000021830F39F78
C 345
R
P 0000021830F39F78
C 56
= 0000021830FC66D8
R
P 0000021830F39F78
C 345
R
P 0000021830F39F78
P 0000021830FC66D8
C 260
R
P 0000021830F39F78
C 345
R
P 0000021830F39F78
P 0000021830FC66D8
C 9
R
P 0000021830F39F78
C 345
R
P 0000021830F39F78
I 0
P 0000021830FC6738
C 152
= 0000021830FC70B8
R
P 0000021830F39F78
C 345
R
P 0000021830F39F78
P 0000021830FC70B8
C 260
R
P 0000021830F39F78
C 345
R
P 0000021830F39F78
P 0000021830FC70B8
C 9
R
P 0000021830F39F78
C 345
R
P 0000021830F39F78
P 0000021830FC7938
P 0000021830FC70B8
C 58
= 00000218313B1808
R
P 0000021830F39F78
C 345
R
P 0000021830F39F78
P 00000218313B1808
C 260
R
P 0000021830F39F78
C 345
R
P 0000021830F39F78
P 00000218313B1808
C 9
R
P 0000021830F39F78
C 345
R
P 0000021830F39F78
P 00000218313B14C0
P 0000021830FC66D8
P 00000218313B1808
C 61
= 0000021830FBB298
R
P 0000021830F39F78
C 345
R
P 0000021830F39F78
P 0000021830FBB298
C 259
R
P 0000021830F39F78
C 345
R
P 0000021830F39F78
P 0000021830FBB298
C 256
= 0000021830FC6678
R
P 0000021830F39F78
C 345
R
P 0000021830F39F78
P 0000021830FC6678
C 211
R
P 0000021830F39F78
C 345
R
P 0000021830F39F78
P 0000021830FBB298
C 262
R
P 0000021830F39F78
C 345
R
P 0000021830F39F78
P 0000021830FBB298
C 261
R
P 0000021830F39F78
C 345
R
P 0000021830F39F78
P 0000021830FBB298
C 260
R
P 0000021830F39F78
C 345
R
P 0000021830F39F78
P 0000021830FBB298
C 9
R
P 0000021830F39F78
C 345
R
P 0000021830F39F78
U 2
P 00000218313B17D0
P 0000021830FBB298
p 2
C 65
= 00000218313B1840
R
P 0000021830F39F78
C 345
R
P 0000021830F39F78
P 00000218313B1840
C 260
R
P 0000021830F39F78
C 345
R
P 0000021830F39F78
P 00000218313B1840
C 9
R
P 0000021830F39F78
C 345
R
P 0000021830F39F78
I 3
P 0000021830FC6738
C 152
= 0000021830FC82D8
R
P 0000021830F39F78
C 345
R
P 0000021830F39F78
P 0000021830FC82D8
C 260
R
P 0000021830F39F78
C 345
R
P 0000021830F39F78
P 0000021830FC82D8
C 9
R
P 0000021830F39F78
C 345
R
P 0000021830F39F78
I 0
P 0000021830FC6738
C 152
= 0000021830FC70B8
R
P 0000021830F39F78
C 345
R
P 0000021830F39F78
P 0000021830FC70B8
C 260
R
P 0000021830F39F78
C 345
R
P 0000021830F39F78
P 0000021830FC70B8
C 9
R
P 0000021830F39F78
C 345
R
P 0000021830F39F78
P 0000021830FC82D8
P 0000021830FC70B8
C 58
= 00000218313B1878
R
P 0000021830F39F78
C 345
R
P 0000021830F39F78
P 00000218313B1878
C 260
R
P 0000021830F39F78
C 345
R
P 0000021830F39F78
P 00000218313B1878
C 9
R
P 0000021830F39F78
C 345
R
P 0000021830F39F78
C 56
= 0000021830FC66D8
R
P 0000021830F39F78
C 345
R
P 0000021830F39F78
P 0000021830FC66D8
C 260
R
P 0000021830F39F78
C 345
R
P 0000021830F39F78
P 0000021830FC66D8
C 9
R
P 0000021830F39F78
C 345
R
P 0000021830F39F78
I 3
P 0000021830FC6738
C 152
= 0000021830FC82D8
R
P 0000021830F39F78
C 345
R
P 0000021830F39F78
P 0000021830FC82D8
C 260
R
P 0000021830F39F78
C 345
R
P 0000021830F39F78
P 0000021830FC82D8
C 9
R
P 0000021830F39F78
C 345
R
P 0000021830F39F78
P 0000021830FC7958
P 0000021830FC82D8
C 58
= 00000218313B18B0
R
P 0000021830F39F78
C 345
R
P 0000021830F39F78
P 00000218313B18B0
C 260
R
P 0000021830F39F78
C 345
R
P 0000021830F39F78
P 00000218313B18B0
C 9
R
P 0000021830F39F78
C 345
R
P 0000021830F39F78
P 00000218313B1878
P 0000021830FC66D8
P 00000218313B18B0
C 61
= 0000021830FBB2D8
R
P 0000021830F39F78
C 345
R
P 0000021830F39F78
P 0000021830FBB2D8
C 259
R
P 0000021830F39F78
C 345
R
P 0000021830F39F78
P 0000021830FBB2D8
C 256
= 0000021830FC6678
R
P 0000021830F39F78
C 345
R
P 0000021830F39F78
P 0000021830FC6678
C 211
R
P 0000021830F39F78
C 345
R
P 0000021830F39F78
P 0000021830FBB2D8
C 262
R
P 0000021830F39F78
C 345
R
P 0000021830F39F78
P 0000021830FBB2D8
C 261
R
P 0000021830F39F78
C 345
R
P 0000021830F39F78
P 0000021830FBB2D8
C 260
R
P 0000021830F39F78
C 345
R
P 0000021830F39F78
P 0000021830FBB2D8
C 9
R
P 0000021830F39F78
C 345
R
P 0000021830F39F78
U 2
P 00000218313B1840
P 0000021830FBB2D8
p 2
C 65
= 00000218313B18E8
R
P 0000021830F39F78
C 345
R
P 0000021830F39F78
P 00000218313B18E8
C 260
R
P 0000021830F39F78
C 345
R
P 0000021830F39F78
P 00000218313B18E8
C 9
R
P 0000021830F39F78
C 345
R
P 0000021830F39F78
I 0
P 0000021830FC6738
C 152
= 0000021830FC70B8
R
P 0000021830F39F78
C 345
R
P 0000021830F39F78
P 0000021830FC70B8
C 260
R
P 0000021830F39F78
C 345
R
P 0000021830F39F78
P 0000021830FC70B8
C 9
R
P 0000021830F39F78
C 345
R
P 0000021830F39F78
I 0
P 0000021830FC6738
C 152
= 0000021830FC70B8
R
P 0000021830F39F78
C 345
R
P 0000021830F39F78
P 0000021830FC70B8
C 260
R
P 0000021830F39F78
C 345
R
P 0000021830F39F78
P 0000021830FC70B8
C 9
R
P 0000021830F39F78
C 345
R
P 0000021830F39F78
P 0000021830FC70B8
P 0000021830FC70B8
C 58
= 00000218313B14C0
R
P 0000021830F39F78
C 345
R
P 0000021830F39F78
P 00000218313B14C0
C 260
R
P 0000021830F39F78
C 345
R
P 0000021830F39F78
P 00000218313B14C0
C 9
R
P 0000021830F39F78
C 345
R
P 0000021830F39F78
C 56
= 0000021830FC66D8
R
P 0000021830F39F78
C 345
R
P 0000021830F39F78
P 0000021830FC66D8
C 260
R
P 0000021830F39F78
C 345
R
P 0000021830F39F78
P 0000021830FC66D8
C 9
R
P 0000021830F39F78
C 345
R
P 0000021830F39F78
I 0
P 0000021830FC6738
C 152
= 0000021830FC70B8
R
P 0000021830F39F78
C 345
R
P 0000021830F39F78
P 0000021830FC70B8
C 260
R
P 0000021830F39F78
C 345
R
P 0000021830F39F78
P 0000021830FC70B8
C 9
R
P 0000021830F39F78
C 345
R
P 0000021830F39F78
P 0000021830FC7978
P 0000021830FC70B8
C 58
= 00000218313B1920
R
P 0000021830F39F78
C 345
R
P 0000021830F39F78
P 00000218313B1920
C 260
R
P 0000021830F39F78
C 345
R
P 0000021830F39F78
P 00000218313B1920
C 9
R
P 0000021830F39F78
C 345
R
P 0000021830F39F78
P 00000218313B14C0
P 0000021830FC66D8
P 00000218313B1920
C 61
= 0000021830FBB318
R
P 0000021830F39F78
C 345
R
P 0000021830F39F78
P 0000021830FBB318
C 259
R
P 0000021830F39F78
C 345
R
P 0000021830F39F78
P 0000021830FBB318
C 256
= 0000021830FC6678
R
P 0000021830F39F78
C 345
R
P 0000021830F39F78
P 0000021830FC6678
C 211
R
P 0000021830F39F78
C 345
R
P 0000021830F39F78
P 0000021830FBB318
C 262
R
P 0000021830F39F78
C 345
R
P 0000021830F39F78
P 0000021830FBB318
C 261
R
P 0000021830F39F78
C 345
R
P 0000021830F39F78
P 0000021830FBB318
C 260
R
P 0000021830F39F78
C 345
R
P 0000021830F39F78
P 0000021830FBB318
C 9
R
P 0000021830F39F78
C 345
R
P 0000021830F39F78
U 2
P 00000218313B18E8
P 0000021830FBB318
p 2
C 65
= 00000218313B1958
R
P 0000021830F39F78
C 345
R
P 0000021830F39F78
P 00000218313B1958
C 260
R
P 0000021830F39F78
C 345
R
P 0000021830F39F78
P 00000218313B1958
C 9
R
P 0000021830F39F78
C 345
R
P 0000021830F39F78
I 0
P 0000021830FC6738
C 152
= 0000021830FC70B8
R
P 0000021830F39F78
C 345
R
P 0000021830F39F78
P 0000021830FC70B8
C 260
R
P 0000021830F39F78
C 345
R
P 0000021830F39F78
P 0000021830FC70B8
C 9
R
P 0000021830F39F78
C 345
R
P 0000021830F39F78
I 0
P 0000021830FC6738
C 152
= 0000021830FC70B8
R
P 0000021830F39F78
C 345
R
P 0000021830F39F78
P 0000021830FC70B8
C 260
R
P 0000021830F39F78
C 345
R
P 0000021830F39F78
P 0000021830FC70B8
C 9
R
P 0000021830F39F78
C 345
R
P 0000021830F39F78
P 0000021830FC70B8
P 0000021830FC70B8
C 58
= 00000218313B14C0
R
P 0000021830F39F78
C 345
R
P 0000021830F39F78
P 00000218313B14C0
C 260
R
P 0000021830F39F78
C 345
R
P 0000021830F39F78
P 00000218313B14C0
C 9
R
P 0000021830F39F78
C 345
R
P 0000021830F39F78
C 56
= 0000021830FC66D8
R
P 0000021830F39F78
C 345
R
P 0000021830F39F78
P 0000021830FC66D8
C 260
R
P 0000021830F39F78
C 345
R
P 0000021830F39F78
P 0000021830FC66D8
C 9
R
P 0000021830F39F78
C 345
R
P 0000021830F39F78
I 0
P 0000021830FC6738
C 152
= 0000021830FC70B8
R
P 0000021830F39F78
C 345
R
P 0000021830F39F78
P 0000021830FC70B8
C 260
R
P 0000021830F39F78
C 345
R
P 0000021830F39F78
P 0000021830FC70B8
C 9
R
P 0000021830F39F78
C 345
R
P 0000021830F39F78
P 0000021830FC7998
P 0000021830FC70B8
C 58
= 00000218313B1990
R
P 0000021830F39F78
C 345
R
P 0000021830F39F78
P 00000218313B1990
C 260
R
P 0000021830F39F78
C 345
R
P 0000021830F39F78
P 00000218313B1990
C 9
R
P 0000021830F39F78
C 345
R
P 0000021830F39F78
P 00000218313B14C0
P 0000021830FC66D8
P 00000218313B1990
C 61
= 0000021830FBB358
R
P 0000021830F39F78
C 345
R
P 0000021830F39F78
P 0000021830FBB358
C 259
R
P 0000021830F39F78
C 345
R
P 0000021830F39F78
P 0000021830FBB358
C 256
= 0000021830FC6678
R
P 0000021830F39F78
C 345
R
P 0000021830F39F78
P 0000021830FC6678
C 211
R
P 0000021830F39F78
C 345
R
P 0000021830F39F78
P 0000021830FBB358
C 262
R
P 0000021830F39F78
C 345
R
P 0000021830F39F78
P 0000021830FBB358
C 261
R
P 0000021830F39F78
C 345
R
P 0000021830F39F78
P 0000021830FBB358
C 260
R
P 0000021830F39F78
C 345
R
P 0000021830F39F78
P 0000021830FBB358
C 9
R
P 0000021830F39F78
C 345
R
P 0000021830F39F78
U 2
P 00000218313B1958
P 0000021830FBB358
p 2
C 65
= 00000218313B19C8
R
P 0000021830F39F78
C 345
R
P 0000021830F39F78
P 00000218313B19C8
C 260
R
P 0000021830F39F78
C 345
R
P 0000021830F39F78
P 00000218313B19C8
C 9
R
P 0000021830F39F78
C 345
R
P 0000021830F39F78
I 0
P 0000021830FC6738
C 152
= 0000021830FC70B8
R
P 0000021830F39F78
C 345
R
P 0000021830F39F78
P 0000021830FC70B8
C 260
R
P 0000021830F39F78
C 345
R
P 0000021830F39F78
P 0000021830FC70B8
C 9
R
P 0000021830F39F78
C 345
R
P 0000021830F39F78
I 0
P 0000021830FC6738
C 152
= 0000021830FC70B8
R
P 0000021830F39F78
C 345
R
P 0000021830F39F78
P 0000021830FC70B8
C 260
R
P 0000021830F39F78
C 345
R
P 0000021830F39F78
P 0000021830FC70B8
C 9
R
P 0000021830F39F78
C 345
R
P 0000021830F39F78
P 0000021830FC70B8
P 0000021830FC70B8
C 58
= 00000218313B14C0
R
P 0000021830F39F78
C 345
R
P 0000021830F39F78
P 00000218313B14C0
C 260
R
P 0000021830F39F78
C 345
R
P 0000021830F39F78
P 00000218313B14C0
C 9
R
P 0000021830F39F78
C 345
R
P 0000021830F39F78
C 56
= 0000021830FC66D8
R
P 0000021830F39F78
C 345
R
P 0000021830F39F78
P 0000021830FC66D8
C 260
R
P 0000021830F39F78
C 345
R
P 0000021830F39F78
P 0000021830FC66D8
C 9
R
P 0000021830F39F78
C 345
R
P 0000021830F39F78
I 0
P 0000021830FC6738
C 152
= 0000021830FC70B8
R
P 0000021830F39F78
C 345
R
P 0000021830F39F78
P 0000021830FC70B8
C 260
R
P 0000021830F39F78
C 345
R
P 0000021830F39F78
P 0000021830FC70B8
C 9
R
P 0000021830F39F78
C 345
R
P 0000021830F39F78
P 0000021830FC79B8
P 0000021830FC70B8
C 58
= 00000218313B1A00
R
P 0000021830F39F78
C 345
R
P 0000021830F39F78
P 00000218313B1A00
C 260
R
P 0000021830F39F78
C 345
R
P 0000021830F39F78
P 00000218313B1A00
C 9
R
P 0000021830F39F78
C 345
R
P 0000021830F39F78
P 00000218313B14C0
P 0000021830FC66D8
P 00000218313B1A00
C 61
= 0000021830FBB398
R
P 0000021830F39F78
C 345
R
P 0000021830F39F78
P 0000021830FBB398
C 259
R
P 0000021830F39F78
C 345
R
P 0000021830F39F78
P 0000021830FBB398
C 256
= 0000021830FC6678
R
P 0000021830F39F78
C 345
R
P 0000021830F39F78
P 0000021830FC6678
C 211
R
P 0000021830F39F78
C 345
R
P 0000021830F39F78
P 0000021830FBB398
C 262
R
P 0000021830F39F78
C 345
R
P 0000021830F39F78
P 0000021830FBB398
C 261
R
P 0000021830F39F78
C 345
R
P 0000021830F39F78
P 0000021830FBB398
C 260
R
P 0000021830F39F78
C 345
R
P 0000021830F39F78
P 0000021830FBB398
C 9
R
P 0000021830F39F78
C 345
R
P 0000021830F39F78
U 2
P 00000218313B19C8
P 0000021830FBB398
p 2
C 65
= 00000218313B1A38
R
P 0000021830F39F78
C 345
R
P 0000021830F39F78
P 00000218313B1A38
C 260
R
P 0000021830F39F78
C 345
R
P 0000021830F39F78
P 00000218313B1A38
C 9
R
P 0000021830F39F78
C 345
R
P 0000021830F39F78
I 0
P 0000021830FC6738
C 152
= 0000021830FC70B8
R
P 0000021830F39F78
C 345
R
P 0000021830F39F78
P 0000021830FC70B8
C 260
R
P 0000021830F39F78
C 345
R
P 0000021830F39F78
P 0000021830FC70B8
C 9
R
P 0000021830F39F78
C 345
R
P 0000021830F39F78
I 0
P 0000021830FC6738
C 152
= 0000021830FC70B8
R
P 0000021830F39F78
C 345
R
P 0000021830F39F78
P 0000021830FC70B8
C 260
R
P 0000021830F39F78
C 345
R
P 0000021830F39F78
P 0000021830FC70B8
C 9
R
P 0000021830F39F78
C 345
R
P 0000021830F39F78
P 0000021830FC70B8
P 0000021830FC70B8
C 58
= 00000218313B14C0
R
P 0000021830F39F78
C 345
R
P 0000021830F39F78
P 00000218313B14C0
C 260
R
P 0000021830F39F78
C 345
R
P 0000021830F39F78
P 00000218313B14C0
C 9
R
P 0000021830F39F78
C 345
R
P 0000021830F39F78
C 56
= 0000021830FC66D8
R
P 0000021830F39F78
C 345
R
P 0000021830F39F78
P 0000021830FC66D8
C 260
R
P 0000021830F39F78
C 345
R
P 0000021830F39F78
P 0000021830FC66D8
C 9
R
P 0000021830F39F78
C 345
R
P 0000021830F39F78
I 0
P 0000021830FC6738
C 152
= 0000021830FC70B8
R
P 0000021830F39F78
C 345
R
P 0000021830F39F78
P 0000021830FC70B8
C 260
R
P 0000021830F39F78
C 345
R
P 0000021830F39F78
P 0000021830FC70B8
C 9
R
P 0000021830F39F78
C 345
R
P 0000021830F39F78
P 0000021830FC79D8
P 0000021830FC70B8
C 58
= 00000218313B1A70
R
P 0000021830F39F78
C 345
R
P 0000021830F39F78
P 00000218313B1A70
C 260
R
P 0000021830F39F78
C 345
R
P 0000021830F39F78
P 00000218313B1A70
C 9
R
P 0000021830F39F78
C 345
R
P 0000021830F39F78
P 00000218313B14C0
P 0000021830FC66D8
P 00000218313B1A70
C 61
= 0000021830FBB3D8
R
P 0000021830F39F78
C 345
R
P 0000021830F39F78
P 0000021830FBB3D8
C 259
R
P 0000021830F39F78
C 345
R
P 0000021830F39F78
P 0000021830FBB3D8
C 256
= 0000021830FC6678
R
P 0000021830F39F78
C 345
R
P 0000021830F39F78
P 0000021830FC6678
C 211
R
P 0000021830F39F78
C 345
R
P 0000021830F39F78
P 0000021830FBB3D8
C 262
R
P 0000021830F39F78
C 345
R
P 0000021830F39F78
P 0000021830FBB3D8
C 261
R
P 0000021830F39F78
C 345
R
P 0000021830F39F78
P 0000021830FBB3D8
C 260
R
P 0000021830F39F78
C 345
R
P 0000021830F39F78
P 0000021830FBB3D8
C 9
R
P 0000021830F39F78
C 345
R
P 0000021830F39F78
U 2
P 00000218313B1A38
P 0000021830FBB3D8
p 2
C 65
= 00000218313B1AA8
R
P 0000021830F39F78
C 345
R
P 0000021830F39F78
P 00000218313B1AA8
C 260
R
P 0000021830F39F78
C 345
R
P 0000021830F39F78
P 00000218313B1AA8
C 9
R
P 0000021830F39F78
C 345
R
P 0000021830F39F78
I 5
P 0000021830FC6738
C 152
= 0000021830FC82F8
R
P 0000021830F39F78
C 345
R
P 0000021830F39F78
P 0000021830FC82F8
C 260
R
P 0000021830F39F78
C 345
R
P 0000021830F39F78
P 0000021830FC82F8
C 9
R
P 0000021830F39F78
C 345
R
P 0000021830F39F78
I 0
P 0000021830FC6738
C 152
= 0000021830FC70B8
R
P 0000021830F39F78
C 345
R
P 0000021830F39F78
P 0000021830FC70B8
C 260
R
P 0000021830F39F78
C 345
R
P 0000021830F39F78
P 0000021830FC70B8
C 9
R
P 0000021830F39F78
C 345
R
P 0000021830F39F78
P 0000021830FC82F8
P 0000021830FC70B8
C 58
= 00000218313B1AE0
R
P 0000021830F39F78
C 345
R
P 0000021830F39F78
P 00000218313B1AE0
C 260
R
P 0000021830F39F78
C 345
R
P 0000021830F39F78
P 00000218313B1AE0
C 9
R
P 0000021830F39F78
C 345
R
P 0000021830F39F78
C 56
= 0000021830FC66D8
R
P 0000021830F39F78
C 345
R
P 0000021830F39F78
P 0000021830FC66D8
C 260
R
P 0000021830F39F78
C 345
R
P 0000021830F39F78
P 0000021830FC66D8
C 9
R
P 0000021830F39F78
C 345
R
P 0000021830F39F78
I 5
P 0000021830FC6738
C 152
= 0000021830FC82F8
R
P 0000021830F39F78
C 345
R
P 0000021830F39F78
P 0000021830FC82F8
C 260
R
P 0000021830F39F78
C 345
R
P 0000021830F39F78
P 0000021830FC82F8
C 9
R
P 0000021830F39F78
C 345
R
P 0000021830F39F78
P 0000021830FC79F8
P 0000021830FC82F8
C 58
= 00000218313B1B18
R
P 0000021830F39F78
C 345
R
P 0000021830F39F78
P 00000218313B1B18
C 260
R
P 0000021830F39F78
C 345
R
P 0000021830F39F78
P 00000218313B1B18
C 9
R
P 0000021830F39F78
C 345
R
P 0000021830F39F78
P 00000218313B1AE0
P 0000021830FC66D8
P 00000218313B1B18
C 61
= 0000021830FBB418
R
P 0000021830F39F78
C 345
R
P 0000021830F39F78
P 0000021830FBB418
C 259
R
P 0000021830F39F78
C 345
R
P 0000021830F39F78
P 0000021830FBB418
C 256
= 0000021830FC6678
R
P 0000021830F39F78
C 345
R
P 0000021830F39F78
P 0000021830FC6678
C 211
R
P 0000021830F39F78
C 345
R
P 0000021830F39F78
P 0000021830FBB418
C 262
R
P 0000021830F39F78
C 345
R
P 0000021830F39F78
P 0000021830FBB418
C 261
R
P 0000021830F39F78
C 345
R
P 0000021830F39F78
P 0000021830FBB418
C 260
R
P 0000021830F39F78
C 345
R
P 0000021830F39F78
P 0000021830FBB418
C 9
R
P 0000021830F39F78
C 345
R
P 0000021830F39F78
U 2
P 00000218313B1AA8
P 0000021830FBB418
p 2
C 65
= 00000218313B1B50
R
P 0000021830F39F78
C 345
R
P 0000021830F39F78
P 00000218313B1B50
C 260
R
P 0000021830F39F78
C 345
R
P 0000021830F39F78
P 00000218313B1B50
C 9
R
P 0000021830F39F78
C 345
R
P 0000021830F39F78
I 1
P 0000021830FC6738
C 152
= 0000021830FC7318
R
P 0000021830F39F78
C 345
R
P 0000021830F39F78
P 0000021830FC7318
C 260
R
P 0000021830F39F78
C 345
R
P 0000021830F39F78
P 0000021830FC7318
C 9
R
P 0000021830F39F78
C 345
R
P 0000021830F39F78
I 0
P 0000021830FC6738
C 152
= 0000021830FC70B8
R
P 0000021830F39F78
C 345
R
P 0000021830F39F78
P 0000021830FC70B8
C 260
R
P 0000021830F39F78
C 345
R
P 0000021830F39F78
P 0000021830FC70B8
C 9
R
P 0000021830F39F78
C 345
R
P 0000021830F39F78
P 0000021830FC7318
P 0000021830FC70B8
C 58
= 00000218313B1B88
R
P 0000021830F39F78
C 345
R
P 0000021830F39F78
P 00000218313B1B88
C 260
R
P 0000021830F39F78
C 345
R
P 0000021830F39F78
P 00000218313B1B88
C 9
R
P 0000021830F39F78
C 345
R
P 0000021830F39F78
C 56
= 0000021830FC66D8
R
P 0000021830F39F78
C 345
R
P 0000021830F39F78
P 0000021830FC66D8
C 260
R
P 0000021830F39F78
C 345
R
P 0000021830F39F78
P 0000021830FC66D8
C 9
R
P 0000021830F39F78
C 345
R
P 0000021830F39F78
I 1
P 0000021830FC6738
C 152
= 0000021830FC7318
R
P 0000021830F39F78
C 345
R
P 0000021830F39F78
P 0000021830FC7318
C 260
R
P 0000021830F39F78
C 345
R
P 0000021830F39F78
P 0000021830FC7318
C 9
R
P 0000021830F39F78
C 345
R
P 0000021830F39F78
P 0000021830FC7A18
P 0000021830FC7318
C 58
= 00000218313B1BC0
R
P 0000021830F39F78
C 345
R
P 0000021830F39F78
P 00000218313B1BC0
C 260
R
P 0000021830F39F78
C 345
R
P 0000021830F39F78
P 00000218313B1BC0
C 9
R
P 0000021830F39F78
C 345
R
P 0000021830F39F78
P 00000218313B1B88
P 0000021830FC66D8
P 00000218313B1BC0
C 61
= 0000021830FBB458
R
P 0000021830F39F78
C 345
R
P 0000021830F39F78
P 0000021830FBB458
C 259
R
P 0000021830F39F78
C 345
R
P 0000021830F39F78
P 0000021830FBB458
C 256
= 0000021830FC6678
R
P 0000021830F39F78
C 345
R
P 0000021830F39F78
P 0000021830FC6678
C 211
R
P 0000021830F39F78
C 345
R
P 0000021830F39F78
P 0000021830FBB458
C 262
R
P 0000021830F39F78
C 345
R
P 0000021830F39F78
P 0000021830FBB458
C 261
R
P 0000021830F39F78
C 345
R
P 0000021830F39F78
P 0000021830FBB458
C 260
R
P 0000021830F39F78
C 345
R
P 0000021830F39F78
P 0000021830FBB458
C 9
R
P 0000021830F39F78
C 345
R
P 0000021830F39F78
U 2
P 00000218313B1B50
P 0000021830FBB458
p 2
C 65
= 00000218313B1BF8
R
P 0000021830F39F78
C 345
R
P 0000021830F39F78
P 00000218313B1BF8
C 260
R
P 0000021830F39F78
C 345
R
P 0000021830F39F78
P 00000218313B1BF8
C 9
R
P 0000021830F39F78
C 345
R
P 0000021830F39F78
I 0
P 0000021830FC6738
C 152
= 0000021830FC70B8
R
P 0000021830F39F78
C 345
R
P 0000021830F39F78
P 0000021830FC70B8
C 260
R
P 0000021830F39F78
C 345
R
P 0000021830F39F78
P 0000021830FC70B8
C 9
R
P 0000021830F39F78
C 345
R
P 0000021830F39F78
I 0
P 0000021830FC6738
C 152
= 0000021830FC70B8
R
P 0000021830F39F78
C 345
R
P 0000021830F39F78
P 0000021830FC70B8
C 260
R
P 0000021830F39F78
C 345
R
P 0000021830F39F78
P 0000021830FC70B8
C 9
R
P 0000021830F39F78
C 345
R
P 0000021830F39F78
P 0000021830FC70B8
P 0000021830FC70B8
C 58
= 00000218313B14C0
R
P 0000021830F39F78
C 345
R
P 0000021830F39F78
P 00000218313B14C0
C 260
R
P 0000021830F39F78
C 345
R
P 0000021830F39F78
P 00000218313B14C0
C 9
R
P 0000021830F39F78
C 345
R
P 0000021830F39F78
C 56
= 0000021830FC66D8
R
P 0000021830F39F78
C 345
R
P 0000021830F39F78
P 0000021830FC66D8
C 260
R
P 0000021830F39F78
C 345
R
P 0000021830F39F78
P 0000021830FC66D8
C 9
R
P 0000021830F39F78
C 345
R
P 0000021830F39F78
I 0
P 0000021830FC6738
C 152
= 0000021830FC70B8
R
P 0000021830F39F78
C 345
R
P 0000021830F39F78
P 0000021830FC70B8
C 260
R
P 0000021830F39F78
C 345
R
P 0000021830F39F78
P 0000021830FC70B8
C 9
R
P 0000021830F39F78
C 345
R
P 0000021830F39F78
P 0000021830FC7A38
P 0000021830FC70B8
C 58
= 00000218313B1C30
R
P 0000021830F39F78
C 345
R
P 0000021830F39F78
P 00000218313B1C30
C 260
R
P 0000021830F39F78
C 345
R
P 0000021830F39F78
P 00000218313B1C30
C 9
R
P 0000021830F39F78
C 345
R
P 0000021830F39F78
P 00000218313B14C0
P 0000021830FC66D8
P 00000218313B1C30
C 61
= 0000021830FBB498
R
P 0000021830F39F78
C 345
R
P 0000021830F39F78
P 0000021830FBB498
C 259
R
P 0000021830F39F78
C 345
R
P 0000021830F39F78
P 0000021830FBB498
C 256
= 0000021830FC6678
R
P 0000021830F39F78
C 345
R
P 0000021830F39F78
P 0000021830FC6678
C 211
R
P 0000021830F39F78
C 345
R
P 0000021830F39F78
P 0000021830FBB498
C 262
R
P 0000021830F39F78
C 345
R
P 0000021830F39F78
P 0000021830FBB498
C 261
R
P 0000021830F39F78
C 345
R
P 0000021830F39F78
P 0000021830FBB498
C 260
R
P 0000021830F39F78
C 345
R
P 0000021830F39F78
P 0000021830FBB498
C 9
R
P 0000021830F39F78
C 345
R
P 0000021830F39F78
U 2
P 00000218313B1BF8
P 0000021830FBB498
p 2
C 65
= 00000218313B1C68
R
P 0000021830F39F78
C 345
R
P 0000021830F39F78
P 00000218313B1C68
C 260
R
P 0000021830F39F78
C 345
R
P 0000021830F39F78
P 00000218313B1C68
C 9
R
P 0000021830F39F78
C 345
R
P 0000021830F39F78
I 0
P 0000021830FC6738
C 152
= 0000021830FC70B8
R
P 0000021830F39F78
C 345
R
P 0000021830F39F78
P 0000021830FC70B8
C 260
R
P 0000021830F39F78
C 345
R
P 0000021830F39F78
P 0000021830FC70B8
C 9
R
P 0000021830F39F78
C 345
R
P 0000021830F39F78
I 0
P 0000021830FC6738
C 152
= 0000021830FC70B8
R
P 0000021830F39F78
C 345
R
P 0000021830F39F78
P 0000021830FC70B8
C 260
R
P 0000021830F39F78
C 345
R
P 0000021830F39F78
P 0000021830FC70B8
C 9
R
P 0000021830F39F78
C 345
R
P 0000021830F39F78
P 0000021830FC70B8
P 0000021830FC70B8
C 58
= 00000218313B14C0
R
P 0000021830F39F78
C 345
R
P 0000021830F39F78
P 00000218313B14C0
C 260
R
P 0000021830F39F78
C 345
R
P 0000021830F39F78
P 00000218313B14C0
C 9
R
P 0000021830F39F78
C 345
R
P 0000021830F39F78
C 56
= 0000021830FC66D8
R
P 0000021830F39F78
C 345
R
P 0000021830F39F78
P 0000021830FC66D8
C 260
R
P 0000021830F39F78
C 345
R
P 0000021830F39F78
P 0000021830FC66D8
C 9
R
P 0000021830F39F78
C 345
R
P 0000021830F39F78
I 0
P 0000021830FC6738
C 152
= 0000021830FC70B8
R
P 0000021830F39F78
C 345
R
P 0000021830F39F78
P 0000021830FC70B8
C 260
R
P 0000021830F39F78
C 345
R
P 0000021830F39F78
P 0000021830FC70B8
C 9
R
P 0000021830F39F78
C 345
R
P 0000021830F39F78
P 0000021830FC7A58
P 0000021830FC70B8
C 58
= 00000218313B1CA0
R
P 0000021830F39F78
C 345
R
P 0000021830F39F78
P 00000218313B1CA0
C 260
R
P 0000021830F39F78
C 345
R
P 0000021830F39F78
P 00000218313B1CA0
C 9
R
P 0000021830F39F78
C 345
R
P 0000021830F39F78
P 00000218313B14C0
P 0000021830FC66D8
P 00000218313B1CA0
C 61
= 0000021830FBB4D8
R
P 0000021830F39F78
C 345
R
P 0000021830F39F78
P 0000021830FBB4D8
C 259
R
P 0000021830F39F78
C 345
R
P 0000021830F39F78
P 0000021830FBB4D8
C 256
= 0000021830FC6678
R
P 0000021830F39F78
C 345
R
P 0000021830F39F78
P 0000021830FC6678
C 211
R
P 0000021830F39F78
C 345
R
P 0000021830F39F78
P 0000021830FBB4D8
C 262
R
P 0000021830F39F78
C 345
R
P 0000021830F39F78
P 0000021830FBB4D8
C 261
R
P 0000021830F39F78
C 345
R
P 0000021830F39F78
P 0000021830FBB4D8
C 260
R
P 0000021830F39F78
C 345
R
P 0000021830F39F78
P 0000021830FBB4D8
C 9
R
P 0000021830F39F78
C 345
R
P 0000021830F39F78
U 2
P 00000218313B1C68
P 0000021830FBB4D8
p 2
C 65
= 00000218313B1CD8
R
P 0000021830F39F78
C 345
R
P 0000021830F39F78
P 00000218313B1CD8
C 260
R
P 0000021830F39F78
C 345
R
P 0000021830F39F78
P 00000218313B1CD8
C 9
R
P 0000021830F39F78
C 345
R
P 0000021830F39F78
I 0
P 0000021830FC6738
C 152
= 0000021830FC70B8
R
P 0000021830F39F78
C 345
R
P 0000021830F39F78
P 0000021830FC70B8
C 260
R
P 0000021830F39F78
C 345
R
P 0000021830F39F78
P 0000021830FC70B8
C 9
R
P 0000021830F39F78
C 345
R
P 0000021830F39F78
I 0
P 0000021830FC6738
C 152
= 0000021830FC70B8
R
P 0000021830F39F78
C 345
R
P 0000021830F39F78
P 0000021830FC70B8
C 260
R
P 0000021830F39F78
C 345
R
P 0000021830F39F78
P 0000021830FC70B8
C 9
R
P 0000021830F39F78
C 345
R
P 0000021830F39F78
P 0000021830FC70B8
P 0000021830FC70B8
C 58
= 00000218313B14C0
R
P 0000021830F39F78
C 345
R
P 0000021830F39F78
P 00000218313B14C0
C 260
R
P 0000021830F39F78
C 345
R
P 0000021830F39F78
P 00000218313B14C0
C 9
R
P 0000021830F39F78
C 345
R
P 0000021830F39F78
C 56
= 0000021830FC66D8
R
P 0000021830F39F78
C 345
R
P 0000021830F39F78
P 0000021830FC66D8
C 260
R
P 0000021830F39F78
C 345
R
P 0000021830F39F78
P 0000021830FC66D8
C 9
R
P 0000021830F39F78
C 345
R
P 0000021830F39F78
I 0
P 0000021830FC6738
C 152
= 0000021830FC70B8
R
P 0000021830F39F78
C 345
R
P 0000021830F39F78
P 0000021830FC70B8
C 260
R
P 0000021830F39F78
C 345
R
P 0000021830F39F78
P 0000021830FC70B8
C 9
R
P 0000021830F39F78
C 345
R
P 0000021830F39F78
P 0000021830FC7A78
P 0000021830FC70B8
C 58
= 00000218313B1D10
R
P 0000021830F39F78
C 345
R
P 0000021830F39F78
P 00000218313B1D10
C 260
R
P 0000021830F39F78
C 345
R
P 0000021830F39F78
P 00000218313B1D10
C 9
R
P 0000021830F39F78
C 345
R
P 0000021830F39F78
P 00000218313B14C0
P 0000021830FC66D8
P 00000218313B1D10
C 61
= 0000021830FBB518
R
P 0000021830F39F78
C 345
R
P 0000021830F39F78
P 0000021830FBB518
C 259
R
P 0000021830F39F78
C 345
R
P 0000021830F39F78
P 0000021830FBB518
C 256
= 0000021830FC6678
R
P 0000021830F39F78
C 345
R
P 0000021830F39F78
P 0000021830FC6678
C 211
R
P 0000021830F39F78
C 345
R
P 0000021830F39F78
P 0000021830FBB518
C 262
R
P 0000021830F39F78
C 345
R
P 0000021830F39F78
P 0000021830FBB518
C 261
R
P 0000021830F39F78
C 345
R
P 0000021830F39F78
P 0000021830FBB518
C 260
R
P 0000021830F39F78
C 345
R
P 0000021830F39F78
P 0000021830FBB518
C 9
R
P 0000021830F39F78
C 345
R
P 0000021830F39F78
U 2
P 00000218313B1CD8
P 0000021830FBB518
p 2
C 65
= 00000218313B1D48
R
P 0000021830F39F78
C 345
R
P 0000021830F39F78
P 00000218313B1D48
C 260
R
P 0000021830F39F78
C 345
R
P 0000021830F39F78
P 00000218313B1D48
C 9
R
P 0000021830F39F78
C 345
R
P 0000021830F39F78
I 7
P 0000021830FC6738
C 152
= 0000021830FC8318
R
P 0000021830F39F78
C 345
R
P 0000021830F39F78
P 0000021830FC8318
C 260
R
P 0000021830F39F78
C 345
R
P 0000021830F39F78
P 0000021830FC8318
C 9
R
P 0000021830F39F78
C 345
R
P 0000021830F39F78
I 0
P 0000021830FC6738
C 152
= 0000021830FC70B8
R
P 0000021830F39F78
C 345
R
P 0000021830F39F78
P 0000021830FC70B8
C 260
R
P 0000021830F39F78
C 345
R
P 0000021830F39F78
P 0000021830FC70B8
C 9
R
P 0000021830F39F78
C 345
R
P 0000021830F39F78
P 0000021830FC8318
P 0000021830FC70B8
C 58
= 00000218313B1D80
R
P 0000021830F39F78
C 345
R
P 0000021830F39F78
P 00000218313B1D80
C 260
R
P 0000021830F39F78
C 345
R
P 0000021830F39F78
P 00000218313B1D80
C 9
R
P 0000021830F39F78
C 345
R
P 0000021830F39F78
C 56
= 0000021830FC66D8
R
P 0000021830F39F78
C 345
R
P 0000021830F39F78
P 0000021830FC66D8
C 260
R
P 0000021830F39F78
C 345
R
P 0000021830F39F78
P 0000021830FC66D8
C 9
R
P 0000021830F39F78
C 345
R
P 0000021830F39F78
I 7
P 0000021830FC6738
C 152
= 0000021830FC8318
R
P 0000021830F39F78
C 345
R
P 0000021830F39F78
P 0000021830FC8318
C 260
R
P 0000021830F39F78
C 345
R
P 0000021830F39F78
P 0000021830FC8318
C 9
R
P 0000021830F39F78
C 345
R
P 0000021830F39F78
P 0000021830FC7A98
P 0000021830FC8318
C 58
= 00000218313B1DB8
R
P 0000021830F39F78
C 345
R
P 0000021830F39F78
P 00000218313B1DB8
C 260
R
P 0000021830F39F78
C 345
R
P 0000021830F39F78
P 00000218313B1DB8
C 9
R
P 0000021830F39F78
C 345
R
P 0000021830F39F78
P 00000218313B1D80
P 0000021830FC66D8
P 00000218313B1DB8
C 61
= 0000021830FBB558
R
P 0000021830F39F78
C 345
R
P 0000021830F39F78
P 0000021830FBB558
C 259
R
P 0000021830F39F78
C 345
R
P 0000021830F39F78
P 0000021830FBB558
C 256
= 0000021830FC6678
R
P 0000021830F39F78
C 345
R
P 0000021830F39F78
P 0000021830FC6678
C 211
R
P 0000021830F39F78
C 345
R
P 0000021830F39F78
P 0000021830FBB558
C 262
R
P 0000021830F39F78
C 345
R
P 0000021830F39F78
P 0000021830FBB558
C 261
R
P 0000021830F39F78
C 345
R
P 0000021830F39F78
P 0000021830FBB558
C 260
R
P 0000021830F39F78
C 345
R
P 0000021830F39F78
P 0000021830FBB558
C 9
R
P 0000021830F39F78
C 345
R
P 0000021830F39F78
U 2
P 00000218313B1D48
P 0000021830FBB558
p 2
C 65
= 00000218313B1DF0
R
P 0000021830F39F78
C 345
R
P 0000021830F39F78
P 00000218313B1DF0
C 260
R
P 0000021830F39F78
C 345
R
P 0000021830F39F78
P 00000218313B1DF0
C 9
R
P 0000021830F39F78
C 345
R
P 0000021830F39F78
I 0
P 0000021830FC6738
C 152
= 0000021830FC70B8
R
P 0000021830F39F78
C 345
R
P 0000021830F39F78
P 0000021830FC70B8
C 260
R
P 0000021830F39F78
C 345
R
P 0000021830F39F78
P 0000021830FC70B8
C 9
R
P 0000021830F39F78
C 345
R
P 0000021830F39F78
I 0
P 0000021830FC6738
C 152
= 0000021830FC70B8
R
P 0000021830F39F78
C 345
R
P 0000021830F39F78
P 0000021830FC70B8
C 260
R
P 0000021830F39F78
C 345
R
P 0000021830F39F78
P 0000021830FC70B8
C 9
R
P 0000021830F39F78
C 345
R
P 0000021830F39F78
P 0000021830FC70B8
P 0000021830FC70B8
C 58
= 00000218313B14C0
R
P 0000021830F39F78
C 345
R
P 0000021830F39F78
P 00000218313B14C0
C 260
R
P 0000021830F39F78
C 345
R
P 0000021830F39F78
P 00000218313B14C0
C 9
R
P 0000021830F39F78
C 345
R
P 0000021830F39F78
C 56
= 0000021830FC66D8
R
P 0000021830F39F78
C 345
R
P 0000021830F39F78
P 0000021830FC66D8
C 260
R
P 0000021830F39F78
C 345
R
P 0000021830F39F78
P 0000021830FC66D8
C 9
R
P 0000021830F39F78
C 345
R
P 0000021830F39F78
I 0
P 0000021830FC6738
C 152
= 0000021830FC70B8
R
P 0000021830F39F78
C 345
R
P 0000021830F39F78
P 0000021830FC70B8
C 260
R
P 0000021830F39F78
C 345
R
P 0000021830F39F78
P 0000021830FC70B8
C 9
R
P 0000021830F39F78
C 345
R
P 0000021830F39F78
P 0000021830FC7AB8
P 0000021830FC70B8
C 58
= 00000218313B1E28
R
P 0000021830F39F78
C 345
R
P 0000021830F39F78
P 00000218313B1E28
C 260
R
P 0000021830F39F78
C 345
R
P 0000021830F39F78
P 00000218313B1E28
C 9
R
P 0000021830F39F78
C 345
R
P 0000021830F39F78
P 00000218313B14C0
P 0000021830FC66D8
P 00000218313B1E28
C 61
= 0000021830FBB598
R
P 0000021830F39F78
C 345
R
P 0000021830F39F78
P 0000021830FBB598
C 259
R
P 0000021830F39F78
C 345
R
P 0000021830F39F78
P 0000021830FBB598
C 256
= 0000021830FC6678
R
P 0000021830F39F78
C 345
R
P 0000021830F39F78
P 0000021830FC6678
C 211
R
P 0000021830F39F78
C 345
R
P 0000021830F39F78
P 0000021830FBB598
C 262
R
P 0000021830F39F78
C 345
R
P 0000021830F39F78
P 0000021830FBB598
C 261
R
P 0000021830F39F78
C 345
R
P 0000021830F39F78
P 0000021830FBB598
C 260
R
P 0000021830F39F78
C 345
R
P 0000021830F39F78
P 0000021830FBB598
C 9
R
P 0000021830F39F78
C 345
R
P 0000021830F39F78
U 2
P 00000218313B1DF0
P 0000021830FBB598
p 2
C 65
= 00000218313B1E60
R
P 0000021830F39F78
C 345
R
P 0000021830F39F78
P 00000218313B1E60
C 260
R
P 0000021830F39F78
C 345
R
P 0000021830F39F78
P 00000218313B1E60
C 9
R
P 0000021830F39F78
C 345
R
P 0000021830F39F78
I 8
P 0000021830FC6738
C 152
= 0000021830FC8338
R
P 0000021830F39F78
C 345
R
P 0000021830F39F78
P 0000021830FC8338
C 260
R
P 0000021830F39F78
C 345
R
P 0000021830F39F78
P 0000021830FC8338
C 9
R
P 0000021830F39F78
C 345
R
P 0000021830F39F78
I 0
P 0000021830FC6738
C 152
= 0000021830FC70B8
R
P 0000021830F39F78
C 345
R
P 0000021830F39F78
P 0000021830FC70B8
C 260
R
P 0000021830F39F78
C 345
R
P 0000021830F39F78
P 0000021830FC70B8
C 9
R
P 0000021830F39F78
C 345
R
P 0000021830F39F78
P 0000021830FC8338
P 0000021830FC70B8
C 58
= 00000218313B1E98
R
P 0000021830F39F78
C 345
R
P 0000021830F39F78
P 00000218313B1E98
C 260
R
P 0000021830F39F78
C 345
R
P 0000021830F39F78
P 00000218313B1E98
C 9
R
P 0000021830F39F78
C 345
R
P 0000021830F39F78
C 56
= 0000021830FC66D8
R
P 0000021830F39F78
C 345
R
P 0000021830F39F78
P 0000021830FC66D8
C 260
R
P 0000021830F39F78
C 345
R
P 0000021830F39F78
P 0000021830FC66D8
C 9
R
P 0000021830F39F78
C 345
R
P 0000021830F39F78
I 8
P 0000021830FC6738
C 152
= 0000021830FC8338
R
P 0000021830F39F78
C 345
R
P 0000021830F39F78
P 0000021830FC8338
C 260
R
P 0000021830F39F78
C 345
R
P 0000021830F39F78
P 0000021830FC8338
C 9
R
P 0000021830F39F78
C 345
R
P 0000021830F39F78
P 0000021830FC7AD8
P 0000021830FC8338
C 58
= 00000218313B1ED0
R
P 0000021830F39F78
C 345
R
P 0000021830F39F78
P 00000218313B1ED0
C 260
R
P 0000021830F39F78
C 345
R
P 0000021830F39F78
P 00000218313B1ED0
C 9
R
P 0000021830F39F78
C 345
R
P 0000021830F39F78
P 00000218313B1E98
P 0000021830FC66D8
P 00000218313B1ED0
C 61
= 0000021830FBB5D8
R
P 0000021830F39F78
C 345
R
P 0000021830F39F78
P 0000021830FBB5D8
C 259
R
P 0000021830F39F78
C 345
R
P 0000021830F39F78
P 0000021830FBB5D8
C 256
= 0000021830FC6678
R
P 0000021830F39F78
C 345
R
P 0000021830F39F78
P 0000021830FC6678
C 211
R
P 0000021830F39F78
C 345
R
P 0000021830F39F78
P 0000021830FBB5D8
C 262
R
P 0000021830F39F78
C 345
R
P 0000021830F39F78
P 0000021830FBB5D8
C 261
R
P 0000021830F39F78
C 345
R
P 0000021830F39F78
P 0000021830FBB5D8
C 260
R
P 0000021830F39F78
C 345
R
P 0000021830F39F78
P 0000021830FBB5D8
C 9
R
P 0000021830F39F78
C 345
R
P 0000021830F39F78
U 2
P 00000218313B1E60
P 0000021830FBB5D8
p 2
C 65
= 00000218313B1F08
R
P 0000021830F39F78
C 345
R
P 0000021830F39F78
P 00000218313B1F08
C 260
R
P 0000021830F39F78
C 345
R
P 0000021830F39F78
P 00000218313B1F08
C 9
R
P 0000021830F39F78
C 345
R
P 0000021830F39F78
I 9
P 0000021830FC6738
C 152
= 0000021830FC8298
R
P 0000021830F39F78
C 345
R
P 0000021830F39F78
P 0000021830FC8298
C 260
R
P 0000021830F39F78
C 345
R
P 0000021830F39F78
P 0000021830FC8298
C 9
R
P 0000021830F39F78
C 345
R
P 0000021830F39F78
I 0
P 0000021830FC6738
C 152
= 0000021830FC70B8
R
P 0000021830F39F78
C 345
R
P 0000021830F39F78
P 0000021830FC70B8
C 260
R
P 0000021830F39F78
C 345
R
P 0000021830F39F78
P 0000021830FC70B8
C 9
R
P 0000021830F39F78
C 345
R
P 0000021830F39F78
P 0000021830FC8298
P 0000021830FC70B8
C 58
= 00000218313B16B8
R
P 0000021830F39F78
C 345
R
P 0000021830F39F78
P 00000218313B16B8
C 260
R
P 0000021830F39F78
C 345
R
P 0000021830F39F78
P 00000218313B16B8
C 9
R
P 0000021830F39F78
C 345
R
P 0000021830F39F78
C 56
= 0000021830FC66D8
R
P 0000021830F39F78
C 345
R
P 0000021830F39F78
P 0000021830FC66D8
C 260
R
P 0000021830F39F78
C 345
R
P 0000021830F39F78
P 0000021830FC66D8
C 9
R
P 0000021830F39F78
C 345
R
P 0000021830F39F78
I 9
P 0000021830FC6738
C 152
= 0000021830FC8298
R
P 0000021830F39F78
C 345
R
P 0000021830F39F78
P 0000021830FC8298
C 260
R
P 0000021830F39F78
C 345
R
P 0000021830F39F78
P 0000021830FC8298
C 9
R
P 0000021830F39F78
C 345
R
P 0000021830F39F78
P 0000021830FC7AF8
P 0000021830FC8298
C 58
= 00000218313B1F40
R
P 0000021830F39F78
C 345
R
P 0000021830F39F78
P 00000218313B1F40
C 260
R
P 0000021830F39F78
C 345
R
P 0000021830F39F78
P 00000218313B1F40
C 9
R
P 0000021830F39F78
C 345
R
P 0000021830F39F78
P 00000218313B16B8
P 0000021830FC66D8
P 00000218313B1F40
C 61
= 0000021830FBB618
R
P 0000021830F39F78
C 345
R
P 0000021830F39F78
P 0000021830FBB618
C 259
R
P 0000021830F39F78
C 345
R
P 0000021830F39F78
P 0000021830FBB618
C 256
= 0000021830FC6678
R
P 0000021830F39F78
C 345
R
P 0000021830F39F78
P 0000021830FC6678
C 211
R
P 0000021830F39F78
C 345
R
P 0000021830F39F78
P 0000021830FBB618
C 262
R
P 0000021830F39F78
C 345
R
P 0000021830F39F78
P 0000021830FBB618
C 261
R
P 0000021830F39F78
C 345
R
P 0000021830F39F78
P 0000021830FBB618
C 260
R
P 0000021830F39F78
C 345
R
P 0000021830F39F78
P 0000021830FBB618
C 9
R
P 0000021830F39F78
C 345
R
P 0000021830F39F78
U 2
P 00000218313B1F08
P 0000021830FBB618
p 2
C 65
= 00000218313B1F78
R
P 0000021830F39F78
C 345
R
P 0000021830F39F78
P 00000218313B1F78
C 260
R
P 0000021830F39F78
C 345
R
P 0000021830F39F78
P 00000218313B1F78
C 9
R
P 0000021830F39F78
C 345
R
P 0000021830F39F78
I 0
P 0000021830FC6738
C 152
= 0000021830FC70B8
R
P 0000021830F39F78
C 345
R
P 0000021830F39F78
P 0000021830FC70B8
C 260
R
P 0000021830F39F78
C 345
R
P 0000021830F39F78
P 0000021830FC70B8
C 9
R
P 0000021830F39F78
C 345
R
P 0000021830F39F78
I 0
P 0000021830FC6738
C 152
= 0000021830FC70B8
R
P 0000021830F39F78
C 345
R
P 0000021830F39F78
P 0000021830FC70B8
C 260
R
P 0000021830F39F78
C 345
R
P 0000021830F39F78
P 0000021830FC70B8
C 9
R
P 0000021830F39F78
C 345
R
P 0000021830F39F78
P 0000021830FC70B8
P 0000021830FC70B8
C 58
= 00000218313B14C0
R
P 0000021830F39F78
C 345
R
P 0000021830F39F78
P 00000218313B14C0
C 260
R
P 0000021830F39F78
C 345
R
P 0000021830F39F78
P 00000218313B14C0
C 9
R
P 0000021830F39F78
C 345
R
P 0000021830F39F78
C 56
= 0000021830FC66D8
R
P 0000021830F39F78
C 345
R
P 0000021830F39F78
P 0000021830FC66D8
C 260
R
P 0000021830F39F78
C 345
R
P 0000021830F39F78
P 0000021830FC66D8
C 9
R
P 0000021830F39F78
C 345
R
P 0000021830F39F78
I 0
P 0000021830FC6738
C 152
= 0000021830FC70B8
R
P 0000021830F39F78
C 345
R
P 0000021830F39F78
P 0000021830FC70B8
C 260
R
P 0000021830F39F78
C 345
R
P 0000021830F39F78
P 0000021830FC70B8
C 9
R
P 0000021830F39F78
C 345
R
P 0000021830F39F78
P 0000021830FC7B18
P 0000021830FC70B8
C 58
= 00000218313B1FB0
R
P 0000021830F39F78
C 345
R
P 0000021830F39F78
P 00000218313B1FB0
C 260
R
P 0000021830F39F78
C 345
R
P 0000021830F39F78
P 00000218313B1FB0
C 9
R
P 0000021830F39F78
C 345
R
P 0000021830F39F78
P 00000218313B14C0
P 0000021830FC66D8
P 00000218313B1FB0
C 61
= 0000021830FBB658
R
P 0000021830F39F78
C 345
R
P 0000021830F39F78
P 0000021830FBB658
C 259
R
P 0000021830F39F78
C 345
R
P 0000021830F39F78
P 0000021830FBB658
C 256
= 0000021830FC6678
R
P 0000021830F39F78
C 345
R
P 0000021830F39F78
P 0000021830FC6678
C 211
R
P 0000021830F39F78
C 345
R
P 0000021830F39F78
P 0000021830FBB658
C 262
R
P 0000021830F39F78
C 345
R
P 0000021830F39F78
P 0000021830FBB658
C 261
R
P 0000021830F39F78
C 345
R
P 0000021830F39F78
P 0000021830FBB658
C 260
R
P 0000021830F39F78
C 345
R
P 0000021830F39F78
P 0000021830FBB658
C 9
R
P 0000021830F39F78
C 345
R
P 0000021830F39F78
U 2
P 00000218313B1F78
P 0000021830FBB658
p 2
C 65
= 00000218313B1FE8
R
P 0000021830F39F78
C 345
R
P 0000021830F39F78
P 00000218313B1FE8
C 260
R
P 0000021830F39F78
C 345
R
P 0000021830F39F78
P 00000218313B1FE8
C 9
R
P 0000021830F39F78
C 345
R
P 0000021830F39F78
I 0
P 0000021830FC6738
C 152
= 0000021830FC70B8
R
P 0000021830F39F78
C 345
R
P 0000021830F39F78
P 0000021830FC70B8
C 260
R
P 0000021830F39F78
C 345
R
P 0000021830F39F78
P 0000021830FC70B8
C 9
R
P 0000021830F39F78
C 345
R
P 0000021830F39F78
I 0
P 0000021830FC6738
C 152
= 0000021830FC70B8
R
P 0000021830F39F78
C 345
R
P 0000021830F39F78
P 0000021830FC70B8
C 260
R
P 0000021830F39F78
C 345
R
P 0000021830F39F78
P 0000021830FC70B8
C 9
R
P 0000021830F39F78
C 345
R
P 0000021830F39F78
P 0000021830FC70B8
P 0000021830FC70B8
C 58
= 00000218313B14C0
R
P 0000021830F39F78
C 345
R
P 0000021830F39F78
P 00000218313B14C0
C 260
R
P 0000021830F39F78
C 345
R
P 0000021830F39F78
P 00000218313B14C0
C 9
R
P 0000021830F39F78
C 345
R
P 0000021830F39F78
C 56
= 0000021830FC66D8
R
P 0000021830F39F78
C 345
R
P 0000021830F39F78
P 0000021830FC66D8
C 260
R
P 0000021830F39F78
C 345
R
P 0000021830F39F78
P 0000021830FC66D8
C 9
R
P 0000021830F39F78
C 345
R
P 0000021830F39F78
I 0
P 0000021830FC6738
C 152
= 0000021830FC70B8
R
P 0000021830F39F78
C 345
R
P 0000021830F39F78
P 0000021830FC70B8
C 260
R
P 0000021830F39F78
C 345
R
P 0000021830F39F78
P 0000021830FC70B8
C 9
R
P 0000021830F39F78
C 345
R
P 0000021830F39F78
P 0000021830FC7B38
P 0000021830FC70B8
C 58
= 00000218313B2020
R
P 0000021830F39F78
C 345
R
P 0000021830F39F78
P 00000218313B2020
C 260
R
P 0000021830F39F78
C 345
R
P 0000021830F39F78
P 00000218313B2020
C 9
R
P 0000021830F39F78
C 345
R
P 0000021830F39F78
P 00000218313B14C0
P 0000021830FC66D8
P 00000218313B2020
C 61
= 0000021830FBB698
R
P 0000021830F39F78
C 345
R
P 0000021830F39F78
P 0000021830FBB698
C 259
R
P 0000021830F39F78
C 345
R
P 0000021830F39F78
P 0000021830FBB698
C 256
= 0000021830FC6678
R
P 0000021830F39F78
C 345
R
P 0000021830F39F78
P 0000021830FC6678
C 211
R
P 0000021830F39F78
C 345
R
P 0000021830F39F78
P 0000021830FBB698
C 262
R
P 0000021830F39F78
C 345
R
P 0000021830F39F78
P 0000021830FBB698
C 261
R
P 0000021830F39F78
C 345
R
P 0000021830F39F78
P 0000021830FBB698
C 260
R
P 0000021830F39F78
C 345
R
P 0000021830F39F78
P 0000021830FBB698
C 9
R
P 0000021830F39F78
C 345
R
P 0000021830F39F78
U 2
P 00000218313B1FE8
P 0000021830FBB698
p 2
C 65
= 00000218313B2058
R
P 0000021830F39F78
C 345
R
P 0000021830F39F78
P 00000218313B2058
C 260
R
P 0000021830F39F78
C 345
R
P 0000021830F39F78
P 00000218313B2058
C 9
R
P 0000021830F39F78
C 345
R
P 0000021830F39F78
I 0
P 0000021830FC6738
C 152
= 0000021830FC70B8
R
P 0000021830F39F78
C 345
R
P 0000021830F39F78
P 0000021830FC70B8
C 260
R
P 0000021830F39F78
C 345
R
P 0000021830F39F78
P 0000021830FC70B8
C 9
R
P 0000021830F39F78
C 345
R
P 0000021830F39F78
I 0
P 0000021830FC6738
C 152
= 0000021830FC70B8
R
P 0000021830F39F78
C 345
R
P 0000021830F39F78
P 0000021830FC70B8
C 260
R
P 0000021830F39F78
C 345
R
P 0000021830F39F78
P 0000021830FC70B8
C 9
R
P 0000021830F39F78
C 345
R
P 0000021830F39F78
P 0000021830FC70B8
P 0000021830FC70B8
C 58
= 00000218313B14C0
R
P 0000021830F39F78
C 345
R
P 0000021830F39F78
P 00000218313B14C0
C 260
R
P 0000021830F39F78
C 345
R
P 0000021830F39F78
P 00000218313B14C0
C 9
R
P 0000021830F39F78
C 345
R
P 0000021830F39F78
C 56
= 0000021830FC66D8
R
P 0000021830F39F78
C 345
R
P 0000021830F39F78
P 0000021830FC66D8
C 260
R
P 0000021830F39F78
C 345
R
P 0000021830F39F78
P 0000021830FC66D8
C 9
R
P 0000021830F39F78
C 345
R
P 0000021830F39F78
I 0
P 0000021830FC6738
C 152
= 0000021830FC70B8
R
P 0000021830F39F78
C 345
R
P 0000021830F39F78
P 0000021830FC70B8
C 260
R
P 0000021830F39F78
C 345
R
P 0000021830F39F78
P 0000021830FC70B8
C 9
R
P 0000021830F39F78
C 345
R
P 0000021830F39F78
P 0000021830FC7B58
P 0000021830FC70B8
C 58
= 00000218313B2090
R
P 0000021830F39F78
C 345
R
P 0000021830F39F78
P 00000218313B2090
C 260
R
P 0000021830F39F78
C 345
R
P 0000021830F39F78
P 00000218313B2090
C 9
R
P 0000021830F39F78
C 345
R
P 0000021830F39F78
P 00000218313B14C0
P 0000021830FC66D8
P 00000218313B2090
C 61
= 0000021830FBB6D8
R
P 0000021830F39F78
C 345
R
P 0000021830F39F78
P 0000021830FBB6D8
C 259
R
P 0000021830F39F78
C 345
R
P 0000021830F39F78
P 0000021830FBB6D8
C 256
= 0000021830FC6678
R
P 0000021830F39F78
C 345
R
P 0000021830F39F78
P 0000021830FC6678
C 211
R
P 0000021830F39F78
C 345
R
P 0000021830F39F78
P 0000021830FBB6D8
C 262
R
P 0000021830F39F78
C 345
R
P 0000021830F39F78
P 0000021830FBB6D8
C 261
R
P 0000021830F39F78
C 345
R
P 0000021830F39F78
P 0000021830FBB6D8
C 260
R
P 0000021830F39F78
C 345
R
P 0000021830F39F78
P 0000021830FBB6D8
C 9
R
P 0000021830F39F78
C 345
R
P 0000021830F39F78
U 2
P 00000218313B2058
P 0000021830FBB6D8
p 2
C 65
= 00000218313B20C8
R
P 0000021830F39F78
C 345
R
P 0000021830F39F78
P 00000218313B20C8
C 260
R
P 0000021830F39F78
C 345
R
P 0000021830F39F78
P 00000218313B20C8
C 9
R
P 0000021830F39F78
C 345
R
P 0000021830F39F78
I 0
P 0000021830FC6738
C 152
= 0000021830FC70B8
R
P 0000021830F39F78
C 345
R
P 0000021830F39F78
P 0000021830FC70B8
C 260
R
P 0000021830F39F78
C 345
R
P 0000021830F39F78
P 0000021830FC70B8
C 9
R
P 0000021830F39F78
C 345
R
P 0000021830F39F78
I 0
P 0000021830FC6738
C 152
= 0000021830FC70B8
R
P 0000021830F39F78
C 345
R
P 0000021830F39F78
P 0000021830FC70B8
C 260
R
P 0000021830F39F78
C 345
R
P 0000021830F39F78
P 0000021830FC70B8
C 9
R
P 0000021830F39F78
C 345
R
P 0000021830F39F78
P 0000021830FC70B8
P 0000021830FC70B8
C 58
= 00000218313B14C0
R
P 0000021830F39F78
C 345
R
P 0000021830F39F78
P 00000218313B14C0
C 260
R
P 0000021830F39F78
C 345
R
P 0000021830F39F78
P 00000218313B14C0
C 9
R
P 0000021830F39F78
C 345
R
P 0000021830F39F78
C 56
= 0000021830FC66D8
R
P 0000021830F39F78
C 345
R
P 0000021830F39F78
P 0000021830FC66D8
C 260
R
P 0000021830F39F78
C 345
R
P 0000021830F39F78
P 0000021830FC66D8
C 9
R
P 0000021830F39F78
C 345
R
P 0000021830F39F78
I 0
P 0000021830FC6738
C 152
= 0000021830FC70B8
R
P 0000021830F39F78
C 345
R
P 0000021830F39F78
P 0000021830FC70B8
C 260
R
P 0000021830F39F78
C 345
R
P 0000021830F39F78
P 0000021830FC70B8
C 9
R
P 0000021830F39F78
C 345
R
P 0000021830F39F78
P 0000021830FC7B78
P 0000021830FC70B8
C 58
= 00000218313B2100
R
P 0000021830F39F78
C 345
R
P 0000021830F39F78
P 00000218313B2100
C 260
R
P 0000021830F39F78
C 345
R
P 0000021830F39F78
P 00000218313B2100
C 9
R
P 0000021830F39F78
C 345
R
P 0000021830F39F78
P 00000218313B14C0
P 0000021830FC66D8
P 00000218313B2100
C 61
= 0000021830FBB718
R
P 0000021830F39F78
C 345
R
P 0000021830F39F78
P 0000021830FBB718
C 259
R
P 0000021830F39F78
C 345
R
P 0000021830F39F78
P 0000021830FBB718
C 256
= 0000021830FC6678
R
P 0000021830F39F78
C 345
R
P 0000021830F39F78
P 0000021830FC6678
C 211
R
P 0000021830F39F78
C 345
R
P 0000021830F39F78
P 0000021830FBB718
C 262
R
P 0000021830F39F78
C 345
R
P 0000021830F39F78
P 0000021830FBB718
C 261
R
P 0000021830F39F78
C 345
R
P 0000021830F39F78
P 0000021830FBB718
C 260
R
P 0000021830F39F78
C 345
R
P 0000021830F39F78
P 0000021830FBB718
C 9
R
P 0000021830F39F78
C 345
R
P 0000021830F39F78
U 2
P 00000218313B20C8
P 0000021830FBB718
p 2
C 65
= 00000218313B2138
R
P 0000021830F39F78
C 345
R
P 0000021830F39F78
P 00000218313B2138
C 260
R
P 0000021830F39F78
C 345
R
P 0000021830F39F78
P 00000218313B2138
C 9
R
P 0000021830F39F78
C 345
R
P 0000021830F39F78
I 4
P 0000021830FC6738
C 152
= 0000021830FC82B8
R
P 0000021830F39F78
C 345
R
P 0000021830F39F78
P 0000021830FC82B8
C 260
R
P 0000021830F39F78
C 345
R
P 0000021830F39F78
P 0000021830FC82B8
C 9
R
P 0000021830F39F78
C 345
R
P 0000021830F39F78
I 0
P 0000021830FC6738
C 152
= 0000021830FC70B8
R
P 0000021830F39F78
C 345
R
P 0000021830F39F78
P 0000021830FC70B8
C 260
R
P 0000021830F39F78
C 345
R
P 0000021830F39F78
P 0000021830FC70B8
C 9
R
P 0000021830F39F78
C 345
R
P 0000021830F39F78
P 0000021830FC82B8
P 0000021830FC70B8
C 58
= 00000218313B1760
R
P 0000021830F39F78
C 345
R
P 0000021830F39F78
P 00000218313B1760
C 260
R
P 0000021830F39F78
C 345
R
P 0000021830F39F78
P 00000218313B1760
C 9
R
P 0000021830F39F78
C 345
R
P 0000021830F39F78
C 56
= 0000021830FC66D8
R
P 0000021830F39F78
C 345
R
P 0000021830F39F78
P 0000021830FC66D8
C 260
R
P 0000021830F39F78
C 345
R
P 0000021830F39F78
P 0000021830FC66D8
C 9
R
P 0000021830F39F78
C 345
R
P 0000021830F39F78
I 4
P 0000021830FC6738
C 152
= 0000021830FC82B8
R
P 0000021830F39F78
C 345
R
P 0000021830F39F78
P 0000021830FC82B8
C 260
R
P 0000021830F39F78
C 345
R
P 0000021830F39F78
P 0000021830FC82B8
C 9
R
P 0000021830F39F78
C 345
R
P 0000021830F39F78
P 0000021830FC7B98
P 0000021830FC82B8
C 58
= 00000218313B2170
R
P 0000021830F39F78
C 345
R
P 0000021830F39F78
P 00000218313B2170
C 260
R
P 0000021830F39F78
C 345
R
P 0000021830F39F78
P 00000218313B2170
C 9
R
P 0000021830F39F78
C 345
R
P 0000021830F39F78
P 00000218313B1760
P 0000021830FC66D8
P 00000218313B2170
C 61
= 0000021830FBB758
R
P 0000021830F39F78
C 345
R
P 0000021830F39F78
P 0000021830FBB758
C 259
R
P 0000021830F39F78
C 345
R
P 0000021830F39F78
P 0000021830FBB758
C 256
= 0000021830FC6678
R
P 0000021830F39F78
C 345
R
P 0000021830F39F78
P 0000021830FC6678
C 211
R
P 0000021830F39F78
C 345
R
P 0000021830F39F78
P 0000021830FBB758
C 262
R
P 0000021830F39F78
C 345
R
P 0000021830F39F78
P 0000021830FBB758
C 261
R
P 0000021830F39F78
C 345
R
P 0000021830F39F78
P 0000021830FBB758
C 260
R
P 0000021830F39F78
C 345
R
P 0000021830F39F78
P 0000021830FBB758
C 9
R
P 0000021830F39F78
C 345
R
P 0000021830F39F78
U 2
P 00000218313B2138
P 0000021830FBB758
p 2
C 65
= 00000218313B21A8
R
P 0000021830F39F78
C 345
R
P 0000021830F39F78
P 00000218313B21A8
C 260
R
P 0000021830F39F78
C 345
R
P 0000021830F39F78
P 00000218313B21A8
C 9
R
P 0000021830F39F78
C 345
R
P 0000021830F39F78
I 0
P 0000021830FC6738
C 152
= 0000021830FC70B8
R
P 0000021830F39F78
C 345
R
P 0000021830F39F78
P 0000021830FC70B8
C 260
R
P 0000021830F39F78
C 345
R
P 0000021830F39F78
P 0000021830FC70B8
C 9
R
P 0000021830F39F78
C 345
R
P 0000021830F39F78
I 0
P 0000021830FC6738
C 152
= 0000021830FC70B8
R
P 0000021830F39F78
C 345
R
P 0000021830F39F78
P 0000021830FC70B8
C 260
R
P 0000021830F39F78
C 345
R
P 0000021830F39F78
P 0000021830FC70B8
C 9
R
P 0000021830F39F78
C 345
R
P 0000021830F39F78
P 0000021830FC70B8
P 0000021830FC70B8
C 58
= 00000218313B14C0
R
P 0000021830F39F78
C 345
R
P 0000021830F39F78
P 00000218313B14C0
C 260
R
P 0000021830F39F78
C 345
R
P 0000021830F39F78
P 00000218313B14C0
C 9
R
P 0000021830F39F78
C 345
R
P 0000021830F39F78
C 56
= 0000021830FC66D8
R
P 0000021830F39F78
C 345
R
P 0000021830F39F78
P 0000021830FC66D8
C 260
R
P 0000021830F39F78
C 345
R
P 0000021830F39F78
P 0000021830FC66D8
C 9
R
P 0000021830F39F78
C 345
R
P 0000021830F39F78
I 0
P 0000021830FC6738
C 152
= 0000021830FC70B8
R
P 0000021830F39F78
C 345
R
P 0000021830F39F78
P 0000021830FC70B8
C 260
R
P 0000021830F39F78
C 345
R
P 0000021830F39F78
P 0000021830FC70B8
C 9
R
P 0000021830F39F78
C 345
R
P 0000021830F39F78
P 0000021830FC7BB8
P 0000021830FC70B8
C 58
= 00000218313B21E0
R
P 0000021830F39F78
C 345
R
P 0000021830F39F78
P 00000218313B21E0
C 260
R
P 0000021830F39F78
C 345
R
P 0000021830F39F78
P 00000218313B21E0
C 9
R
P 0000021830F39F78
C 345
R
P 0000021830F39F78
P 00000218313B14C0
P 0000021830FC66D8
P 00000218313B21E0
C 61
= 0000021830FBB798
R
P 0000021830F39F78
C 345
R
P 0000021830F39F78
P 0000021830FBB798
C 259
R
P 0000021830F39F78
C 345
R
P 0000021830F39F78
P 0000021830FBB798
C 256
= 0000021830FC6678
R
P 0000021830F39F78
C 345
R
P 0000021830F39F78
P 0000021830FC6678
C 211
R
P 0000021830F39F78
C 345
R
P 0000021830F39F78
P 0000021830FBB798
C 262
R
P 0000021830F39F78
C 345
R
P 0000021830F39F78
P 0000021830FBB798
C 261
R
P 0000021830F39F78
C 345
R
P 0000021830F39F78
P 0000021830FBB798
C 260
R
P 0000021830F39F78
C 345
R
P 0000021830F39F78
P 0000021830FBB798
C 9
R
P 0000021830F39F78
C 345
R
P 0000021830F39F78
U 2
P 00000218313B21A8
P 0000021830FBB798
p 2
C 65
= 00000218313B2218
R
P 0000021830F39F78
C 345
R
P 0000021830F39F78
P 00000218313B2218
C 260
R
P 0000021830F39F78
C 345
R
P 0000021830F39F78
P 00000218313B2218
C 9
R
P 0000021830F39F78
C 345
R
P 0000021830F39F78
I 0
P 0000021830FC6738
C 152
= 0000021830FC70B8
R
P 0000021830F39F78
C 345
R
P 0000021830F39F78
P 0000021830FC70B8
C 260
R
P 0000021830F39F78
C 345
R
P 0000021830F39F78
P 0000021830FC70B8
C 9
R
P 0000021830F39F78
C 345
R
P 0000021830F39F78
I 0
P 0000021830FC6738
C 152
= 0000021830FC70B8
R
P 0000021830F39F78
C 345
R
P 0000021830F39F78
P 0000021830FC70B8
C 260
R
P 0000021830F39F78
C 345
R
P 0000021830F39F78
P 0000021830FC70B8
C 9
R
P 0000021830F39F78
C 345
R
P 0000021830F39F78
P 0000021830FC70B8
P 0000021830FC70B8
C 58
= 00000218313B14C0
R
P 0000021830F39F78
C 345
R
P 0000021830F39F78
P 00000218313B14C0
C 260
R
P 0000021830F39F78
C 345
R
P 0000021830F39F78
P 00000218313B14C0
C 9
R
P 0000021830F39F78
C 345
R
P 0000021830F39F78
C 56
= 0000021830FC66D8
R
P 0000021830F39F78
C 345
R
P 0000021830F39F78
P 0000021830FC66D8
C 260
R
P 0000021830F39F78
C 345
R
P 0000021830F39F78
P 0000021830FC66D8
C 9
R
P 0000021830F39F78
C 345
R
P 0000021830F39F78
I 0
P 0000021830FC6738
C 152
= 0000021830FC70B8
R
P 0000021830F39F78
C 345
R
P 0000021830F39F78
P 0000021830FC70B8
C 260
R
P 0000021830F39F78
C 345
R
P 0000021830F39F78
P 0000021830FC70B8
C 9
R
P 0000021830F39F78
C 345
R
P 0000021830F39F78
P 0000021830FC7BD8
P 0000021830FC70B8
C 58
= 00000218313B2250
R
P 0000021830F39F78
C 345
R
P 0000021830F39F78
P 00000218313B2250
C 260
R
P 0000021830F39F78
C 345
R
P 0000021830F39F78
P 00000218313B2250
C 9
R
P 0000021830F39F78
C 345
R
P 0000021830F39F78
P 00000218313B14C0
P 0000021830FC66D8
P 00000218313B2250
C 61
= 0000021830FBB7D8
R
P 0000021830F39F78
C 345
R
P 0000021830F39F78
P 0000021830FBB7D8
C 259
R
P 0000021830F39F78
C 345
R
P 0000021830F39F78
P 0000021830FBB7D8
C 256
= 0000021830FC6678
R
P 0000021830F39F78
C 345
R
P 0000021830F39F78
P 0000021830FC6678
C 211
R
P 0000021830F39F78
C 345
R
P 0000021830F39F78
P 0000021830FBB7D8
C 262
R
P 0000021830F39F78
C 345
R
P 0000021830F39F78
P 0000021830FBB7D8
C 261
R
P 0000021830F39F78
C 345
R
P 0000021830F39F78
P 0000021830FBB7D8
C 260
R
P 0000021830F39F78
C 345
R
P 0000021830F39F78
P 0000021830FBB7D8
C 9
R
P 0000021830F39F78
C 345
R
P 0000021830F39F78
U 2
P 00000218313B2218
P 0000021830FBB7D8
p 2
C 65
= 00000218313B2288
R
P 0000021830F39F78
C 345
R
P 0000021830F39F78
P 00000218313B2288
C 260
R
P 0000021830F39F78
C 345
R
P 0000021830F39F78
P 00000218313B2288
C 9
R
P 0000021830F39F78
C 345
R
P 0000021830F39F78
I 0
P 0000021830FC6738
C 152
= 0000021830FC70B8
R
P 0000021830F39F78
C 345
R
P 0000021830F39F78
P 0000021830FC70B8
C 260
R
P 0000021830F39F78
C 345
R
P 0000021830F39F78
P 0000021830FC70B8
C 9
R
P 0000021830F39F78
C 345
R
P 0000021830F39F78
I 0
P 0000021830FC6738
C 152
= 0000021830FC70B8
R
P 0000021830F39F78
C 345
R
P 0000021830F39F78
P 0000021830FC70B8
C 260
R
P 0000021830F39F78
C 345
R
P 0000021830F39F78
P 0000021830FC70B8
C 9
R
P 0000021830F39F78
C 345
R
P 0000021830F39F78
P 0000021830FC70B8
P 0000021830FC70B8
C 58
= 00000218313B14C0
R
P 0000021830F39F78
C 345
R
P 0000021830F39F78
P 00000218313B14C0
C 260
R
P 0000021830F39F78
C 345
R
P 0000021830F39F78
P 00000218313B14C0
C 9
R
P 0000021830F39F78
C 345
R
P 0000021830F39F78
C 56
= 0000021830FC66D8
R
P 0000021830F39F78
C 345
R
P 0000021830F39F78
P 0000021830FC66D8
C 260
R
P 0000021830F39F78
C 345
R
P 0000021830F39F78
P 0000021830FC66D8
C 9
R
P 0000021830F39F78
C 345
R
P 0000021830F39F78
I 0
P 0000021830FC6738
C 152
= 0000021830FC70B8
R
P 0000021830F39F78
C 345
R
P 0000021830F39F78
P 0000021830FC70B8
C 260
R
P 0000021830F39F78
C 345
R
P 0000021830F39F78
P 0000021830FC70B8
C 9
R
P 0000021830F39F78
C 345
R
P 0000021830F39F78
P 0000021830FC7BF8
P 0000021830FC70B8
C 58
= 00000218313B22C0
R
P 0000021830F39F78
C 345
R
P 0000021830F39F78
P 00000218313B22C0
C 260
R
P 0000021830F39F78
C 345
R
P 0000021830F39F78
P 00000218313B22C0
C 9
R
P 0000021830F39F78
C 345
R
P 0000021830F39F78
P 00000218313B14C0
P 0000021830FC66D8
P 00000218313B22C0
C 61
= 0000021830FBB818
R
P 0000021830F39F78
C 345
R
P 0000021830F39F78
P 0000021830FBB818
C 259
R
P 0000021830F39F78
C 345
R
P 0000021830F39F78
P 0000021830FBB818
C 256
= 0000021830FC6678
R
P 0000021830F39F78
C 345
R
P 0000021830F39F78
P 0000021830FC6678
C 211
R
P 0000021830F39F78
C 345
R
P 0000021830F39F78
P 0000021830FBB818
C 262
R
P 0000021830F39F78
C 345
R
P 0000021830F39F78
P 0000021830FBB818
C 261
R
P 0000021830F39F78
C 345
R
P 0000021830F39F78
P 0000021830FBB818
C 260
R
P 0000021830F39F78
C 345
R
P 0000021830F39F78
P 0000021830FBB818
C 9
R
P 0000021830F39F78
C 345
R
P 0000021830F39F78
U 2
P 00000218313B2288
P 0000021830FBB818
p 2
C 65
= 00000218313B22F8
R
P 0000021830F39F78
C 345
R
P 0000021830F39F78
P 00000218313B22F8
C 260
R
P 0000021830F39F78
C 345
R
P 0000021830F39F78
P 00000218313B22F8
C 9
R
P 0000021830F39F78
C 345
R
P 0000021830F39F78
I 0
P 0000021830FC6738
C 152
= 0000021830FC70B8
R
P 0000021830F39F78
C 345
R
P 0000021830F39F78
P 0000021830FC70B8
C 260
R
P 0000021830F39F78
C 345
R
P 0000021830F39F78
P 0000021830FC70B8
C 9
R
P 0000021830F39F78
C 345
R
P 0000021830F39F78
I 0
P 0000021830FC6738
C 152
= 0000021830FC70B8
R
P 0000021830F39F78
C 345
R
P 0000021830F39F78
P 0000021830FC70B8
C 260
R
P 0000021830F39F78
C 345
R
P 0000021830F39F78
P 0000021830FC70B8
C 9
R
P 0000021830F39F78
C 345
R
P 0000021830F39F78
P 0000021830FC70B8
P 0000021830FC70B8
C 58
= 00000218313B14C0
R
P 0000021830F39F78
C 345
R
P 0000021830F39F78
P 00000218313B14C0
C 260
R
P 0000021830F39F78
C 345
R
P 0000021830F39F78
P 00000218313B14C0
C 9
R
P 0000021830F39F78
C 345
R
P 0000021830F39F78
C 56
= 0000021830FC66D8
R
P 0000021830F39F78
C 345
R
P 0000021830F39F78
P 0000021830FC66D8
C 260
R
P 0000021830F39F78
C 345
R
P 0000021830F39F78
P 0000021830FC66D8
C 9
R
P 0000021830F39F78
C 345
R
P 0000021830F39F78
I 0
P 0000021830FC6738
C 152
= 0000021830FC70B8
R
P 0000021830F39F78
C 345
R
P 0000021830F39F78
P 0000021830FC70B8
C 260
R
P 0000021830F39F78
C 345
R
P 0000021830F39F78
P 0000021830FC70B8
C 9
R
P 0000021830F39F78
C 345
R
P 0000021830F39F78
P 0000021830FC7C18
P 0000021830FC70B8
C 58
= 00000218313B2330
R
P 0000021830F39F78
C 345
R
P 0000021830F39F78
P 00000218313B2330
C 260
R
P 0000021830F39F78
C 345
R
P 0000021830F39F78
P 00000218313B2330
C 9
R
P 0000021830F39F78
C 345
R
P 0000021830F39F78
P 00000218313B14C0
P 0000021830FC66D8
P 00000218313B2330
C 61
= 0000021830FBB858
R
P 0000021830F39F78
C 345
R
P 0000021830F39F78
P 0000021830FBB858
C 259
R
P 0000021830F39F78
C 345
R
P 0000021830F39F78
P 0000021830FBB858
C 256
= 0000021830FC6678
R
P 0000021830F39F78
C 345
R
P 0000021830F39F78
P 0000021830FC6678
C 211
R
P 0000021830F39F78
C 345
R
P 0000021830F39F78
P 0000021830FBB858
C 262
R
P 0000021830F39F78
C 345
R
P 0000021830F39F78
P 0000021830FBB858
C 261
R
P 0000021830F39F78
C 345
R
P 0000021830F39F78
P 0000021830FBB858
C 260
R
P 0000021830F39F78
C 345
R
P 0000021830F39F78
P 0000021830FBB858
C 9
R
P 0000021830F39F78
C 345
R
P 0000021830F39F78
U 2
P 00000218313B22F8
P 0000021830FBB858
p 2
C 65
= 00000218313B2368
R
P 0000021830F39F78
C 345
R
P 0000021830F39F78
P 00000218313B2368
C 260
R
P 0000021830F39F78
C 345
R
P 0000021830F39F78
P 00000218313B2368
C 9
R
P 0000021830F39F78
C 345
R
P 0000021830F39F78
I 0
P 0000021830FC6738
C 152
= 0000021830FC70B8
R
P 0000021830F39F78
C 345
R
P 0000021830F39F78
P 0000021830FC70B8
C 260
R
P 0000021830F39F78
C 345
R
P 0000021830F39F78
P 0000021830FC70B8
C 9
R
P 0000021830F39F78
C 345
R
P 0000021830F39F78
I 0
P 0000021830FC6738
C 152
= 0000021830FC70B8
R
P 0000021830F39F78
C 345
R
P 0000021830F39F78
P 0000021830FC70B8
C 260
R
P 0000021830F39F78
C 345
R
P 0000021830F39F78
P 0000021830FC70B8
C 9
R
P 0000021830F39F78
C 345
R
P 0000021830F39F78
P 0000021830FC70B8
P 0000021830FC70B8
C 58
= 00000218313B14C0
R
P 0000021830F39F78
C 345
R
P 0000021830F39F78
P 00000218313B14C0
C 260
R
P 0000021830F39F78
C 345
R
P 0000021830F39F78
P 00000218313B14C0
C 9
R
P 0000021830F39F78
C 345
R
P 0000021830F39F78
C 56
= 0000021830FC66D8
R
P 0000021830F39F78
C 345
R
P 0000021830F39F78
P 0000021830FC66D8
C 260
R
P 0000021830F39F78
C 345
R
P 0000021830F39F78
P 0000021830FC66D8
C 9
R
P 0000021830F39F78
C 345
R
P 0000021830F39F78
I 0
P 0000021830FC6738
C 152
= 0000021830FC70B8
R
P 0000021830F39F78
C 345
R
P 0000021830F39F78
P 0000021830FC70B8
C 260
R
P 0000021830F39F78
C 345
R
P 0000021830F39F78
P 0000021830FC70B8
C 9
R
P 0000021830F39F78
C 345
R
P 0000021830F39F78
P 0000021830FC7C38
P 0000021830FC70B8
C 58
= 00000218313B23A0
R
P 0000021830F39F78
C 345
R
P 0000021830F39F78
P 00000218313B23A0
C 260
R
P 0000021830F39F78
C 345
R
P 0000021830F39F78
P 00000218313B23A0
C 9
R
P 0000021830F39F78
C 345
R
P 0000021830F39F78
P 00000218313B14C0
P 0000021830FC66D8
P 00000218313B23A0
C 61
= 0000021830FBB898
R
P 0000021830F39F78
C 345
R
P 0000021830F39F78
P 0000021830FBB898
C 259
R
P 0000021830F39F78
C 345
R
P 0000021830F39F78
P 0000021830FBB898
C 256
= 0000021830FC6678
R
P 0000021830F39F78
C 345
R
P 0000021830F39F78
P 0000021830FC6678
C 211
R
P 0000021830F39F78
C 345
R
P 0000021830F39F78
P 0000021830FBB898
C 262
R
P 0000021830F39F78
C 345
R
P 0000021830F39F78
P 0000021830FBB898
C 261
R
P 0000021830F39F78
C 345
R
P 0000021830F39F78
P 0000021830FBB898
C 260
R
P 0000021830F39F78
C 345
R
P 0000021830F39F78
P 0000021830FBB898
C 9
R
P 0000021830F39F78
C 345
R
P 0000021830F39F78
U 2
P 00000218313B2368
P 0000021830FBB898
p 2
C 65
= 00000218313B23D8
R
P 0000021830F39F78
C 345
R
P 0000021830F39F78
P 00000218313B23D8
C 260
R
P 0000021830F39F78
C 345
R
P 0000021830F39F78
P 00000218313B23D8
C 9
R
P 0000021830F39F78
C 345
R
P 0000021830F39F78
I 0
P 0000021830FC6738
C 152
= 0000021830FC70B8
R
P 0000021830F39F78
C 345
R
P 0000021830F39F78
P 0000021830FC70B8
C 260
R
P 0000021830F39F78
C 345
R
P 0000021830F39F78
P 0000021830FC70B8
C 9
R
P 0000021830F39F78
C 345
R
P 0000021830F39F78
I 0
P 0000021830FC6738
C 152
= 0000021830FC70B8
R
P 0000021830F39F78
C 345
R
P 0000021830F39F78
P 0000021830FC70B8
C 260
R
P 0000021830F39F78
C 345
R
P 0000021830F39F78
P 0000021830FC70B8
C 9
R
P 0000021830F39F78
C 345
R
P 0000021830F39F78
P 0000021830FC70B8
P 0000021830FC70B8
C 58
= 00000218313B14C0
R
P 0000021830F39F78
C 345
R
P 0000021830F39F78
P 00000218313B14C0
C 260
R
P 0000021830F39F78
C 345
R
P 0000021830F39F78
P 00000218313B14C0
C 9
R
P 0000021830F39F78
C 345
R
P 0000021830F39F78
C 56
= 0000021830FC66D8
R
P 0000021830F39F78
C 345
R
P 0000021830F39F78
P 0000021830FC66D8
C 260
R
P 0000021830F39F78
C 345
R
P 0000021830F39F78
P 0000021830FC66D8
C 9
R
P 0000021830F39F78
C 345
R
P 0000021830F39F78
I 0
P 0000021830FC6738
C 152
= 0000021830FC70B8
R
P 0000021830F39F78
C 345
R
P 0000021830F39F78
P 0000021830FC70B8
C 260
R
P 0000021830F39F78
C 345
R
P 0000021830F39F78
P 0000021830FC70B8
C 9
R
P 0000021830F39F78
C 345
R
P 0000021830F39F78
P 0000021830FC7C58
P 0000021830FC70B8
C 58
= 00000218313B2410
R
P 0000021830F39F78
C 345
R
P 0000021830F39F78
P 00000218313B2410
C 260
R
P 0000021830F39F78
C 345
R
P 0000021830F39F78
P 00000218313B2410
C 9
R
P 0000021830F39F78
C 345
R
P 0000021830F39F78
P 00000218313B14C0
P 0000021830FC66D8
P 00000218313B2410
C 61
= 0000021830FBB8D8
R
P 0000021830F39F78
C 345
R
P 0000021830F39F78
P 0000021830FBB8D8
C 259
R
P 0000021830F39F78
C 345
R
P 0000021830F39F78
P 0000021830FBB8D8
C 256
= 0000021830FC6678
R
P 0000021830F39F78
C 345
R
P 0000021830F39F78
P 0000021830FC6678
C 211
R
P 0000021830F39F78
C 345
R
P 0000021830F39F78
P 0000021830FBB8D8
C 262
R
P 0000021830F39F78
C 345
R
P 0000021830F39F78
P 0000021830FBB8D8
C 261
R
P 0000021830F39F78
C 345
R
P 0000021830F39F78
P 0000021830FBB8D8
C 260
R
P 0000021830F39F78
C 345
R
P 0000021830F39F78
P 0000021830FBB8D8
C 9
R
P 0000021830F39F78
C 345
R
P 0000021830F39F78
U 2
P 00000218313B23D8
P 0000021830FBB8D8
p 2
C 65
= 00000218313B2448
R
P 0000021830F39F78
C 345
R
P 0000021830F39F78
P 00000218313B2448
C 260
R
P 0000021830F39F78
C 345
R
P 0000021830F39F78
P 00000218313B2448
C 9
R
P 0000021830F39F78
C 345
R
P 0000021830F39F78
I 0
P 0000021830FC6738
C 152
= 0000021830FC70B8
R
P 0000021830F39F78
C 345
R
P 0000021830F39F78
P 0000021830FC70B8
C 260
R
P 0000021830F39F78
C 345
R
P 0000021830F39F78
P 0000021830FC70B8
C 9
R
P 0000021830F39F78
C 345
R
P 0000021830F39F78
I 0
P 0000021830FC6738
C 152
= 0000021830FC70B8
R
P 0000021830F39F78
C 345
R
P 0000021830F39F78
P 0000021830FC70B8
C 260
R
P 0000021830F39F78
C 345
R
P 0000021830F39F78
P 0000021830FC70B8
C 9
R
P 0000021830F39F78
C 345
R
P 0000021830F39F78
P 0000021830FC70B8
P 0000021830FC70B8
C 58
= 00000218313B14C0
R
P 0000021830F39F78
C 345
R
P 0000021830F39F78
P 00000218313B14C0
C 260
R
P 0000021830F39F78
C 345
R
P 0000021830F39F78
P 00000218313B14C0
C 9
R
P 0000021830F39F78
C 345
R
P 0000021830F39F78
C 56
= 0000021830FC66D8
R
P 0000021830F39F78
C 345
R
P 0000021830F39F78
P 0000021830FC66D8
C 260
R
P 0000021830F39F78
C 345
R
P 0000021830F39F78
P 0000021830FC66D8
C 9
R
P 0000021830F39F78
C 345
R
P 0000021830F39F78
I 0
P 0000021830FC6738
C 152
= 0000021830FC70B8
R
P 0000021830F39F78
C 345
R
P 0000021830F39F78
P 0000021830FC70B8
C 260
R
P 0000021830F39F78
C 345
R
P 0000021830F39F78
P 0000021830FC70B8
C 9
R
P 0000021830F39F78
C 345
R
P 0000021830F39F78
P 0000021830FC7C78
P 0000021830FC70B8
C 58
= 00000218313B2480
R
P 0000021830F39F78
C 345
R
P 0000021830F39F78
P 00000218313B2480
C 260
R
P 0000021830F39F78
C 345
R
P 0000021830F39F78
P 00000218313B2480
C 9
R
P 0000021830F39F78
C 345
R
P 0000021830F39F78
P 00000218313B14C0
P 0000021830FC66D8
P 00000218313B2480
C 61
= 0000021830FBB918
R
P 0000021830F39F78
C 345
R
P 0000021830F39F78
P 0000021830FBB918
C 259
R
P 0000021830F39F78
C 345
R
P 0000021830F39F78
P 0000021830FBB918
C 256
= 0000021830FC6678
R
P 0000021830F39F78
C 345
R
P 0000021830F39F78
P 0000021830FC6678
C 211
R
P 0000021830F39F78
C 345
R
P 0000021830F39F78
P 0000021830FBB918
C 262
R
P 0000021830F39F78
C 345
R
P 0000021830F39F78
P 0000021830FBB918
C 261
R
P 0000021830F39F78
C 345
R
P 0000021830F39F78
P 0000021830FBB918
C 260
R
P 0000021830F39F78
C 345
R
P 0000021830F39F78
P 0000021830FBB918
C 9
R
P 0000021830F39F78
C 345
R
P 0000021830F39F78
U 2
P 00000218313B2448
P 0000021830FBB918
p 2
C 65
= 00000218313B24B8
R
P 0000021830F39F78
C 345
R
P 0000021830F39F78
P 00000218313B24B8
C 260
R
P 0000021830F39F78
C 345
R
P 0000021830F39F78
P 00000218313B24B8
C 9
R
P 0000021830F39F78
C 345
R
P 0000021830F39F78
I 2
P 0000021830FC6738
C 152
= 0000021830FC7558
R
P 0000021830F39F78
C 345
R
P 0000021830F39F78
P 0000021830FC7558
C 260
R
P 0000021830F39F78
C 345
R
P 0000021830F39F78
P 0000021830FC7558
C 9
R
P 0000021830F39F78
C 345
R
P 0000021830F39F78
I 0
P 0000021830FC6738
C 152
= 0000021830FC70B8
R
P 0000021830F39F78
C 345
R
P 0000021830F39F78
P 0000021830FC70B8
C 260
R
P 0000021830F39F78
C 345
R
P 0000021830F39F78
P 0000021830FC70B8
C 9
R
P 0000021830F39F78
C 345
R
P 0000021830F39F78
P 0000021830FC7558
P 0000021830FC70B8
C 58
= 00000218313B24F0
R
P 0000021830F39F78
C 345
R
P 0000021830F39F78
P 00000218313B24F0
C 260
R
P 0000021830F39F78
C 345
R
P 0000021830F39F78
P 00000218313B24F0
C 9
R
P 0000021830F39F78
C 345
R
P 0000021830F39F78
C 56
= 0000021830FC66D8
R
P 0000021830F39F78
C 345
R
P 0000021830F39F78
P 0000021830FC66D8
C 260
R
P 0000021830F39F78
C 345
R
P 0000021830F39F78
P 0000021830FC66D8
C 9
R
P 0000021830F39F78
C 345
R
P 0000021830F39F78
I 2
P 0000021830FC6738
C 152
= 0000021830FC7558
R
P 0000021830F39F78
C 345
R
P 0000021830F39F78
P 0000021830FC7558
C 260
R
P 0000021830F39F78
C 345
R
P 0000021830F39F78
P 0000021830FC7558
C 9
R
P 0000021830F39F78
C 345
R
P 0000021830F39F78
P 0000021830FC7C98
P 0000021830FC7558
C 58
= 00000218313B2528
R
P 0000021830F39F78
C 345
R
P 0000021830F39F78
P 00000218313B2528
C 260
R
P 0000021830F39F78
C 345
R
P 0000021830F39F78
P 00000218313B2528
C 9
R
P 0000021830F39F78
C 345
R
P 0000021830F39F78
P 00000218313B24F0
P 0000021830FC66D8
P 00000218313B2528
C 61
= 0000021830FBB958
R
P 0000021830F39F78
C 345
R
P 0000021830F39F78
P 0000021830FBB958
C 259
R
P 0000021830F39F78
C 345
R
P 0000021830F39F78
P 0000021830FBB958
C 256
= 0000021830FC6678
R
P 0000021830F39F78
C 345
R
P 0000021830F39F78
P 0000021830FC6678
C 211
R
P 0000021830F39F78
C 345
R
P 0000021830F39F78
P 0000021830FBB958
C 262
R
P 0000021830F39F78
C 345
R
P 0000021830F39F78
P 0000021830FBB958
C 261
R
P 0000021830F39F78
C 345
R
P 0000021830F39F78
P 0000021830FBB958
C 260
R
P 0000021830F39F78
C 345
R
P 0000021830F39F78
P 0000021830FBB958
C 9
R
P 0000021830F39F78
C 345
R
P 0000021830F39F78
U 2
P 00000218313B24B8
P 0000021830FBB958
p 2
C 65
= 00000218313B2560
R
P 0000021830F39F78
C 345
R
P 0000021830F39F78
P 00000218313B2560
C 260
R
P 0000021830F39F78
C 345
R
P 0000021830F39F78
P 00000218313B2560
C 9
R
P 0000021830F39F78
C 345
R
P 0000021830F39F78
I 0
P 0000021830FC6738
C 152
= 0000021830FC70B8
R
P 0000021830F39F78
C 345
R
P 0000021830F39F78
P 0000021830FC70B8
C 260
R
P 0000021830F39F78
C 345
R
P 0000021830F39F78
P 0000021830FC70B8
C 9
R
P 0000021830F39F78
C 345
R
P 0000021830F39F78
I 0
P 0000021830FC6738
C 152
= 0000021830FC70B8
R
P 0000021830F39F78
C 345
R
P 0000021830F39F78
P 0000021830FC70B8
C 260
R
P 0000021830F39F78
C 345
R
P 0000021830F39F78
P 0000021830FC70B8
C 9
R
P 0000021830F39F78
C 345
R
P 0000021830F39F78
P 0000021830FC70B8
P 0000021830FC70B8
C 58
= 00000218313B14C0
R
P 0000021830F39F78
C 345
R
P 0000021830F39F78
P 00000218313B14C0
C 260
R
P 0000021830F39F78
C 345
R
P 0000021830F39F78
P 00000218313B14C0
C 9
R
P 0000021830F39F78
C 345
R
P 0000021830F39F78
C 56
= 0000021830FC66D8
R
P 0000021830F39F78
C 345
R
P 0000021830F39F78
P 0000021830FC66D8
C 260
R
P 0000021830F39F78
C 345
R
P 0000021830F39F78
P 0000021830FC66D8
C 9
R
P 0000021830F39F78
C 345
R
P 0000021830F39F78
I 0
P 0000021830FC6738
C 152
= 0000021830FC70B8
R
P 0000021830F39F78
C 345
R
P 0000021830F39F78
P 0000021830FC70B8
C 260
R
P 0000021830F39F78
C 345
R
P 0000021830F39F78
P 0000021830FC70B8
C 9
R
P 0000021830F39F78
C 345
R
P 0000021830F39F78
P 0000021830FC7CB8
P 0000021830FC70B8
C 58
= 00000218313B2598
R
P 0000021830F39F78
C 345
R
P 0000021830F39F78
P 00000218313B2598
C 260
R
P 0000021830F39F78
C 345
R
P 0000021830F39F78
P 00000218313B2598
C 9
R
P 0000021830F39F78
C 345
R
P 0000021830F39F78
P 00000218313B14C0
P 0000021830FC66D8
P 00000218313B2598
C 61
= 0000021830FBB998
R
P 0000021830F39F78
C 345
R
P 0000021830F39F78
P 0000021830FBB998
C 259
R
P 0000021830F39F78
C 345
R
P 0000021830F39F78
P 0000021830FBB998
C 256
= 0000021830FC6678
R
P 0000021830F39F78
C 345
R
P 0000021830F39F78
P 0000021830FC6678
C 211
R
P 0000021830F39F78
C 345
R
P 0000021830F39F78
P 0000021830FBB998
C 262
R
P 0000021830F39F78
C 345
R
P 0000021830F39F78
P 0000021830FBB998
C 261
R
P 0000021830F39F78
C 345
R
P 0000021830F39F78
P 0000021830FBB998
C 260
R
P 0000021830F39F78
C 345
R
P 0000021830F39F78
P 0000021830FBB998
C 9
R
P 0000021830F39F78
C 345
R
P 0000021830F39F78
U 2
P 00000218313B2560
P 0000021830FBB998
p 2
C 65
= 00000218313B25D0
R
P 0000021830F39F78
C 345
R
P 0000021830F39F78
P 00000218313B25D0
C 260
R
P 0000021830F39F78
C 345
R
P 0000021830F39F78
P 00000218313B25D0
C 9
R
P 0000021830F39F78
C 345
R
P 0000021830F39F78
I 8
P 0000021830FC6738
C 152
= 0000021830FC8338
R
P 0000021830F39F78
C 345
R
P 0000021830F39F78
P 0000021830FC8338
C 260
R
P 0000021830F39F78
C 345
R
P 0000021830F39F78
P 0000021830FC8338
C 9
R
P 0000021830F39F78
C 345
R
P 0000021830F39F78
I 0
P 0000021830FC6738
C 152
= 0000021830FC70B8
R
P 0000021830F39F78
C 345
R
P 0000021830F39F78
P 0000021830FC70B8
C 260
R
P 0000021830F39F78
C 345
R
P 0000021830F39F78
P 0000021830FC70B8
C 9
R
P 0000021830F39F78
C 345
R
P 0000021830F39F78
P 0000021830FC8338
P 0000021830FC70B8
C 58
= 00000218313B1E98
R
P 0000021830F39F78
C 345
R
P 0000021830F39F78
P 00000218313B1E98
C 260
R
P 0000021830F39F78
C 345
R
P 0000021830F39F78
P 00000218313B1E98
C 9
R
P 0000021830F39F78
C 345
R
P 0000021830F39F78
C 56
= 0000021830FC66D8
R
P 0000021830F39F78
C 345
R
P 0000021830F39F78
P 0000021830FC66D8
C 260
R
P 0000021830F39F78
C 345
R
P 0000021830F39F78
P 0000021830FC66D8
C 9
R
P 0000021830F39F78
C 345
R
P 0000021830F39F78
I 8
P 0000021830FC6738
C 152
= 0000021830FC8338
R
P 0000021830F39F78
C 345
R
P 0000021830F39F78
P 0000021830FC8338
C 260
R
P 0000021830F39F78
C 345
R
P 0000021830F39F78
P 0000021830FC8338
C 9
R
P 0000021830F39F78
C 345
R
P 0000021830F39F78
P 0000021830FC7CD8
P 0000021830FC8338
C 58
= 00000218313B2608
R
P 0000021830F39F78
C 345
R
P 0000021830F39F78
P 00000218313B2608
C 260
R
P 0000021830F39F78
C 345
R
P 0000021830F39F78
P 00000218313B2608
C 9
R
P 0000021830F39F78
C 345
R
P 0000021830F39F78
P 00000218313B1E98
P 0000021830FC66D8
P 00000218313B2608
C 61
= 0000021830FBB9D8
R
P 0000021830F39F78
C 345
R
P 0000021830F39F78
P 0000021830FBB9D8
C 259
R
P 0000021830F39F78
C 345
R
P 0000021830F39F78
P 0000021830FBB9D8
C 256
= 0000021830FC6678
R
P 0000021830F39F78
C 345
R
P 0000021830F39F78
P 0000021830FC6678
C 211
R
P 0000021830F39F78
C 345
R
P 0000021830F39F78
P 0000021830FBB9D8
C 262
R
P 0000021830F39F78
C 345
R
P 0000021830F39F78
P 0000021830FBB9D8
C 261
R
P 0000021830F39F78
C 345
R
P 0000021830F39F78
P 0000021830FBB9D8
C 260
R
P 0000021830F39F78
C 345
R
P 0000021830F39F78
P 0000021830FBB9D8
C 9
R
P 0000021830F39F78
C 345
R
P 0000021830F39F78
U 2
P 00000218313B25D0
P 0000021830FBB9D8
p 2
C 65
= 00000218313B2640
R
P 0000021830F39F78
C 345
R
P 0000021830F39F78
P 00000218313B2640
C 260
R
P 0000021830F39F78
C 345
R
P 0000021830F39F78
P 00000218313B2640
C 9
R
P 0000021830F39F78
C 345
R
P 0000021830F39F78
I 0
P 0000021830FC6738
C 152
= 0000021830FC70B8
R
P 0000021830F39F78
C 345
R
P 0000021830F39F78
P 0000021830FC70B8
C 260
R
P 0000021830F39F78
C 345
R
P 0000021830F39F78
P 0000021830FC70B8
C 9
R
P 0000021830F39F78
C 345
R
P 0000021830F39F78
I 0
P 0000021830FC6738
C 152
= 0000021830FC70B8
R
P 0000021830F39F78
C 345
R
P 0000021830F39F78
P 0000021830FC70B8
C 260
R
P 0000021830F39F78
C 345
R
P 0000021830F39F78
P 0000021830FC70B8
C 9
R
P 0000021830F39F78
C 345
R
P 0000021830F39F78
P 0000021830FC70B8
P 0000021830FC70B8
C 58
= 00000218313B14C0
R
P 0000021830F39F78
C 345
R
P 0000021830F39F78
P 00000218313B14C0
C 260
R
P 0000021830F39F78
C 345
R
P 0000021830F39F78
P 00000218313B14C0
C 9
R
P 0000021830F39F78
C 345
R
P 0000021830F39F78
C 56
= 0000021830FC66D8
R
P 0000021830F39F78
C 345
R
P 0000021830F39F78
P 0000021830FC66D8
C 260
R
P 0000021830F39F78
C 345
R
P 0000021830F39F78
P 0000021830FC66D8
C 9
R
P 0000021830F39F78
C 345
R
P 0000021830F39F78
I 0
P 0000021830FC6738
C 152
= 0000021830FC70B8
R
P 0000021830F39F78
C 345
R
P 0000021830F39F78
P 0000021830FC70B8
C 260
R
P 0000021830F39F78
C 345
R
P 0000021830F39F78
P 0000021830FC70B8
C 9
R
P 0000021830F39F78
C 345
R
P 0000021830F39F78
P 0000021830FC7CF8
P 0000021830FC70B8
C 58
= 00000218313B2678
R
P 0000021830F39F78
C 345
R
P 0000021830F39F78
P 00000218313B2678
C 260
R
P 0000021830F39F78
C 345
R
P 0000021830F39F78
P 00000218313B2678
C 9
R
P 0000021830F39F78
C 345
R
P 0000021830F39F78
P 00000218313B14C0
P 0000021830FC66D8
P 00000218313B2678
C 61
= 0000021830FBBA18
R
P 0000021830F39F78
C 345
R
P 0000021830F39F78
P 0000021830FBBA18
C 259
R
P 0000021830F39F78
C 345
R
P 0000021830F39F78
P 0000021830FBBA18
C 256
= 0000021830FC6678
R
P 0000021830F39F78
C 345
R
P 0000021830F39F78
P 0000021830FC6678
C 211
R
P 0000021830F39F78
C 345
R
P 0000021830F39F78
P 0000021830FBBA18
C 262
R
P 0000021830F39F78
C 345
R
P 0000021830F39F78
P 0000021830FBBA18
C 261
R
P 0000021830F39F78
C 345
R
P 0000021830F39F78
P 0000021830FBBA18
C 260
R
P 0000021830F39F78
C 345
R
P 0000021830F39F78
P 0000021830FBBA18
C 9
R
P 0000021830F39F78
C 345
R
P 0000021830F39F78
U 2
P 00000218313B2640
P 0000021830FBBA18
p 2
C 65
= 00000218313B26B0
R
P 0000021830F39F78
C 345
R
P 0000021830F39F78
P 00000218313B26B0
C 260
R
P 0000021830F39F78
C 345
R
P 0000021830F39F78
P 00000218313B26B0
C 9
R
P 0000021830F39F78
C 345
R
P 0000021830F39F78
I 6
P 0000021830FC6738
C 152
= 0000021830FC8358
R
P 0000021830F39F78
C 345
R
P 0000021830F39F78
P 0000021830FC8358
C 260
R
P 0000021830F39F78
C 345
R
P 0000021830F39F78
P 0000021830FC8358
C 9
R
P 0000021830F39F78
C 345
R
P 0000021830F39F78
I 0
P 0000021830FC6738
C 152
= 0000021830FC70B8
R
P 0000021830F39F78
C 345
R
P 0000021830F39F78
P 0000021830FC70B8
C 260
R
P 0000021830F39F78
C 345
R
P 0000021830F39F78
P 0000021830FC70B8
C 9
R
P 0000021830F39F78
C 345
R
P 0000021830F39F78
P 0000021830FC8358
P 0000021830FC70B8
C 58
= 00000218313B26E8
R
P 0000021830F39F78
C 345
R
P 0000021830F39F78
P 00000218313B26E8
C 260
R
P 0000021830F39F78
C 345
R
P 0000021830F39F78
P 00000218313B26E8
C 9
R
P 0000021830F39F78
C 345
R
P 0000021830F39F78
C 56
= 0000021830FC66D8
R
P 0000021830F39F78
C 345
R
P 0000021830F39F78
P 0000021830FC66D8
C 260
R
P 0000021830F39F78
C 345
R
P 0000021830F39F78
P 0000021830FC66D8
C 9
R
P 0000021830F39F78
C 345
R
P 0000021830F39F78
I 6
P 0000021830FC6738
C 152
= 0000021830FC8358
R
P 0000021830F39F78
C 345
R
P 0000021830F39F78
P 0000021830FC8358
C 260
R
P 0000021830F39F78
C 345
R
P 0000021830F39F78
P 0000021830FC8358
C 9
R
P 0000021830F39F78
C 345
R
P 0000021830F39F78
P 0000021830FC7D18
P 0000021830FC8358
C 58
= 00000218313B2720
R
P 0000021830F39F78
C 345
R
P 0000021830F39F78
P 00000218313B2720
C 260
R
P 0000021830F39F78
C 345
R
P 0000021830F39F78
P 00000218313B2720
C 9
R
P 0000021830F39F78
C 345
R
P 0000021830F39F78
P 00000218313B26E8
P 0000021830FC66D8
P 00000218313B2720
C 61
= 0000021830FBBA58
R
P 0000021830F39F78
C 345
R
P 0000021830F39F78
P 0000021830FBBA58
C 259
R
P 0000021830F39F78
C 345
R
P 0000021830F39F78
P 0000021830FBBA58
C 256
= 0000021830FC6678
R
P 0000021830F39F78
C 345
R
P 0000021830F39F78
P 0000021830FC6678
C 211
R
P 0000021830F39F78
C 345
R
P 0000021830F39F78
P 0000021830FBBA58
C 262
R
P 0000021830F39F78
C 345
R
P 0000021830F39F78
P 0000021830FBBA58
C 261
R
P 0000021830F39F78
C 345
R
P 0000021830F39F78
P 0000021830FBBA58
C 260
R
P 0000021830F39F78
C 345
R
P 0000021830F39F78
P 0000021830FBBA58
C 9
R
P 0000021830F39F78
C 345
R
P 0000021830F39F78
U 2
P 00000218313B26B0
P 0000021830FBBA58
p 2
C 65
= 00000218313B2758
R
P 0000021830F39F78
C 345
R
P 0000021830F39F78
P 00000218313B2758
C 260
R
P 0000021830F39F78
C 345
R
P 0000021830F39F78
P 00000218313B2758
C 9
R
P 0000021830F39F78
C 345
R
P 0000021830F39F78
I 0
P 0000021830FC6738
C 152
= 0000021830FC70B8
R
P 0000021830F39F78
C 345
R
P 0000021830F39F78
P 0000021830FC70B8
C 260
R
P 0000021830F39F78
C 345
R
P 0000021830F39F78
P 0000021830FC70B8
C 9
R
P 0000021830F39F78
C 345
R
P 0000021830F39F78
I 0
P 0000021830FC6738
C 152
= 0000021830FC70B8
R
P 0000021830F39F78
C 345
R
P 0000021830F39F78
P 0000021830FC70B8
C 260
R
P 0000021830F39F78
C 345
R
P 0000021830F39F78
P 0000021830FC70B8
C 9
R
P 0000021830F39F78
C 345
R
P 0000021830F39F78
P 0000021830FC70B8
P 0000021830FC70B8
C 58
= 00000218313B14C0
R
P 0000021830F39F78
C 345
R
P 0000021830F39F78
P 00000218313B14C0
C 260
R
P 0000021830F39F78
C 345
R
P 0000021830F39F78
P 00000218313B14C0
C 9
R
P 0000021830F39F78
C 345
R
P 0000021830F39F78
C 56
= 0000021830FC66D8
R
P 0000021830F39F78
C 345
R
P 0000021830F39F78
P 0000021830FC66D8
C 260
R
P 0000021830F39F78
C 345
R
P 0000021830F39F78
P 0000021830FC66D8
C 9
R
P 0000021830F39F78
C 345
R
P 0000021830F39F78
I 0
P 0000021830FC6738
C 152
= 0000021830FC70B8
R
P 0000021830F39F78
C 345
R
P 0000021830F39F78
P 0000021830FC70B8
C 260
R
P 0000021830F39F78
C 345
R
P 0000021830F39F78
P 0000021830FC70B8
C 9
R
P 0000021830F39F78
C 345
R
P 0000021830F39F78
P 0000021830FC7D38
P 0000021830FC70B8
C 58
= 00000218313B2790
R
P 0000021830F39F78
C 345
R
P 0000021830F39F78
P 00000218313B2790
C 260
R
P 0000021830F39F78
C 345
R
P 0000021830F39F78
P 00000218313B2790
C 9
R
P 0000021830F39F78
C 345
R
P 0000021830F39F78
P 00000218313B14C0
P 0000021830FC66D8
P 00000218313B2790
C 61
= 0000021830FBBA98
R
P 0000021830F39F78
C 345
R
P 0000021830F39F78
P 0000021830FBBA98
C 259
R
P 0000021830F39F78
C 345
R
P 0000021830F39F78
P 0000021830FBBA98
C 256
= 0000021830FC6678
R
P 0000021830F39F78
C 345
R
P 0000021830F39F78
P 0000021830FC6678
C 211
R
P 0000021830F39F78
C 345
R
P 0000021830F39F78
P 0000021830FBBA98
C 262
R
P 0000021830F39F78
C 345
R
P 0000021830F39F78
P 0000021830FBBA98
C 261
R
P 0000021830F39F78
C 345
R
P 0000021830F39F78
P 0000021830FBBA98
C 260
R
P 0000021830F39F78
C 345
R
P 0000021830F39F78
P 0000021830FBBA98
C 9
R
P 0000021830F39F78
C 345
R
P 0000021830F39F78
U 2
P 00000218313B2758
P 0000021830FBBA98
p 2
C 65
= 00000218313B27C8
R
P 0000021830F39F78
C 345
R
P 0000021830F39F78
P 00000218313B27C8
C 260
R
P 0000021830F39F78
C 345
R
P 0000021830F39F78
P 00000218313B27C8
C 9
R
P 0000021830F39F78
C 345
R
P 0000021830F39F78
I 2
P 0000021830FC6738
C 152
= 0000021830FC7558
R
P 0000021830F39F78
C 345
R
P 0000021830F39F78
P 0000021830FC7558
C 260
R
P 0000021830F39F78
C 345
R
P 0000021830F39F78
P 0000021830FC7558
C 9
R
P 0000021830F39F78
C 345
R
P 0000021830F39F78
I 0
P 0000021830FC6738
C 152
= 0000021830FC70B8
R
P 0000021830F39F78
C 345
R
P 0000021830F39F78
P 0000021830FC70B8
C 260
R
P 0000021830F39F78
C 345
R
P 0000021830F39F78
P 0000021830FC70B8
C 9
R
P 0000021830F39F78
C 345
R
P 0000021830F39F78
P 0000021830FC7558
P 0000021830FC70B8
C 58
= 00000218313B24F0
R
P 0000021830F39F78
C 345
R
P 0000021830F39F78
P 00000218313B24F0
C 260
R
P 0000021830F39F78
C 345
R
P 0000021830F39F78
P 00000218313B24F0
C 9
R
P 0000021830F39F78
C 345
R
P 0000021830F39F78
C 56
= 0000021830FC66D8
R
P 0000021830F39F78
C 345
R
P 0000021830F39F78
P 0000021830FC66D8
C 260
R
P 0000021830F39F78
C 345
R
P 0000021830F39F78
P 0000021830FC66D8
C 9
R
P 0000021830F39F78
C 345
R
P 0000021830F39F78
I 2
P 0000021830FC6738
C 152
= 0000021830FC7558
R
P 0000021830F39F78
C 345
R
P 0000021830F39F78
P 0000021830FC7558
C 260
R
P 0000021830F39F78
C 345
R
P 0000021830F39F78
P 0000021830FC7558
C 9
R
P 0000021830F39F78
C 345
R
P 0000021830F39F78
P 0000021830FC7D58
P 0000021830FC7558
C 58
= 00000218313B2800
R
P 0000021830F39F78
C 345
R
P 0000021830F39F78
P 00000218313B2800
C 260
R
P 0000021830F39F78
C 345
R
P 0000021830F39F78
P 00000218313B2800
C 9
R
P 0000021830F39F78
C 345
R
P 0000021830F39F78
P 00000218313B24F0
P 0000021830FC66D8
P 00000218313B2800
C 61
= 0000021830FBBAD8
R
P 0000021830F39F78
C 345
R
P 0000021830F39F78
P 0000021830FBBAD8
C 259
R
P 0000021830F39F78
C 345
R
P 0000021830F39F78
P 0000021830FBBAD8
C 256
= 0000021830FC6678
R
P 0000021830F39F78
C 345
R
P 0000021830F39F78
P 0000021830FC6678
C 211
R
P 0000021830F39F78
C 345
R
P 0000021830F39F78
P 0000021830FBBAD8
C 262
R
P 0000021830F39F78
C 345
R
P 0000021830F39F78
P 0000021830FBBAD8
C 261
R
P 0000021830F39F78
C 345
R
P 0000021830F39F78
P 0000021830FBBAD8
C 260
R
P 0000021830F39F78
C 345
R
P 0000021830F39F78
P 0000021830FBBAD8
C 9
R
P 0000021830F39F78
C 345
R
P 0000021830F39F78
U 2
P 00000218313B27C8
P 0000021830FBBAD8
p 2
C 65
= 00000218313B2838
R
P 0000021830F39F78
C 345
R
P 0000021830F39F78
P 00000218313B2838
C 260
R
P 0000021830F39F78
C 345
R
P 0000021830F39F78
P 00000218313B2838
C 9
R
P 0000021830F39F78
C 345
R
P 0000021830F39F78
I 0
P 0000021830FC6738
C 152
= 0000021830FC70B8
R
P 0000021830F39F78
C 345
R
P 0000021830F39F78
P 0000021830FC70B8
C 260
R
P 0000021830F39F78
C 345
R
P 0000021830F39F78
P 0000021830FC70B8
C 9
R
P 0000021830F39F78
C 345
R
P 0000021830F39F78
I 0
P 0000021830FC6738
C 152
= 0000021830FC70B8
R
P 0000021830F39F78
C 345
R
P 0000021830F39F78
P 0000021830FC70B8
C 260
R
P 0000021830F39F78
C 345
R
P 0000021830F39F78
P 0000021830FC70B8
C 9
R
P 0000021830F39F78
C 345
R
P 0000021830F39F78
P 0000021830FC70B8
P 0000021830FC70B8
C 58
= 00000218313B14C0
R
P 0000021830F39F78
C 345
R
P 0000021830F39F78
P 00000218313B14C0
C 260
R
P 0000021830F39F78
C 345
R
P 0000021830F39F78
P 00000218313B14C0
C 9
R
P 0000021830F39F78
C 345
R
P 0000021830F39F78
C 56
= 0000021830FC66D8
R
P 0000021830F39F78
C 345
R
P 0000021830F39F78
P 0000021830FC66D8
C 260
R
P 0000021830F39F78
C 345
R
P 0000021830F39F78
P 0000021830FC66D8
C 9
R
P 0000021830F39F78
C 345
R
P 0000021830F39F78
I 0
P 0000021830FC6738
C 152
= 0000021830FC70B8
R
P 0000021830F39F78
C 345
R
P 0000021830F39F78
P 0000021830FC70B8
C 260
R
P 0000021830F39F78
C 345
R
P 0000021830F39F78
P 0000021830FC70B8
C 9
R
P 0000021830F39F78
C 345
R
P 0000021830F39F78
P 0000021830FC7D78
P 0000021830FC70B8
C 58
= 00000218313B2870
R
P 0000021830F39F78
C 345
R
P 0000021830F39F78
P 00000218313B2870
C 260
R
P 0000021830F39F78
C 345
R
P 0000021830F39F78
P 00000218313B2870
C 9
R
P 0000021830F39F78
C 345
R
P 0000021830F39F78
P 00000218313B14C0
P 0000021830FC66D8
P 00000218313B2870
C 61
= 0000021830FBBB18
R
P 0000021830F39F78
C 345
R
P 0000021830F39F78
P 0000021830FBBB18
C 259
R
P 0000021830F39F78
C 345
R
P 0000021830F39F78
P 0000021830FBBB18
C 256
= 0000021830FC6678
R
P 0000021830F39F78
C 345
R
P 0000021830F39F78
P 0000021830FC6678
C 211
R
P 0000021830F39F78
C 345
R
P 0000021830F39F78
P 0000021830FBBB18
C 262
R
P 0000021830F39F78
C 345
R
P 0000021830F39F78
P 0000021830FBBB18
C 261
R
P 0000021830F39F78
C 345
R
P 0000021830F39F78
P 0000021830FBBB18
C 260
R
P 0000021830F39F78
C 345
R
P 0000021830F39F78
P 0000021830FBBB18
C 9
R
P 0000021830F39F78
C 345
R
P 0000021830F39F78
U 2
P 00000218313B2838
P 0000021830FBBB18
p 2
C 65
= 00000218313B28A8
R
P 0000021830F39F78
C 345
R
P 0000021830F39F78
P 00000218313B28A8
C 260
R
P 0000021830F39F78
C 345
R
P 0000021830F39F78
P 00000218313B28A8
C 9
R
P 0000021830F39F78
C 345
R
P 0000021830F39F78
I 1
P 0000021830FC6738
C 152
= 0000021830FC7318
R
P 0000021830F39F78
C 345
R
P 0000021830F39F78
P 0000021830FC7318
C 260
R
P 0000021830F39F78
C 345
R
P 0000021830F39F78
P 0000021830FC7318
C 9
R
P 0000021830F39F78
C 345
R
P 0000021830F39F78
I 0
P 0000021830FC6738
C 152
= 0000021830FC70B8
R
P 0000021830F39F78
C 345
R
P 0000021830F39F78
P 0000021830FC70B8
C 260
R
P 0000021830F39F78
C 345
R
P 0000021830F39F78
P 0000021830FC70B8
C 9
R
P 0000021830F39F78
C 345
R
P 0000021830F39F78
P 0000021830FC7318
P 0000021830FC70B8
C 58
= 00000218313B1B88
R
P 0000021830F39F78
C 345
R
P 0000021830F39F78
P 00000218313B1B88
C 260
R
P 0000021830F39F78
C 345
R
P 0000021830F39F78
P 00000218313B1B88
C 9
R
P 0000021830F39F78
C 345
R
P 0000021830F39F78
C 56
= 0000021830FC66D8
R
P 0000021830F39F78
C 345
R
P 0000021830F39F78
P 0000021830FC66D8
C 260
R
P 0000021830F39F78
C 345
R
P 0000021830F39F78
P 0000021830FC66D8
C 9
R
P 0000021830F39F78
C 345
R
P 0000021830F39F78
I 1
P 0000021830FC6738
C 152
= 0000021830FC7318
R
P 0000021830F39F78
C 345
R
P 0000021830F39F78
P 0000021830FC7318
C 260
R
P 0000021830F39F78
C 345
R
P 0000021830F39F78
P 0000021830FC7318
C 9
R
P 0000021830F39F78
C 345
R
P 0000021830F39F78
P 0000021830FC7D98
P 0000021830FC7318
C 58
= 00000218313B28E0
R
P 0000021830F39F78
C 345
R
P 0000021830F39F78
P 00000218313B28E0
C 260
R
P 0000021830F39F78
C 345
R
P 0000021830F39F78
P 00000218313B28E0
C 9
R
P 0000021830F39F78
C 345
R
P 0000021830F39F78
P 00000218313B1B88
P 0000021830FC66D8
P 00000218313B28E0
C 61
= 0000021830FBBB58
R
P 0000021830F39F78
C 345
R
P 0000021830F39F78
P 0000021830FBBB58
C 259
R
P 0000021830F39F78
C 345
R
P 0000021830F39F78
P 0000021830FBBB58
C 256
= 0000021830FC6678
R
P 0000021830F39F78
C 345
R
P 0000021830F39F78
P 0000021830FC6678
C 211
R
P 0000021830F39F78
C 345
R
P 0000021830F39F78
P 0000021830FBBB58
C 262
R
P 0000021830F39F78
C 345
R
P 0000021830F39F78
P 0000021830FBBB58
C 261
R
P 0000021830F39F78
C 345
R
P 0000021830F39F78
P 0000021830FBBB58
C 260
R
P 0000021830F39F78
C 345
R
P 0000021830F39F78
P 0000021830FBBB58
C 9
R
P 0000021830F39F78
C 345
R
P 0000021830F39F78
U 2
P 00000218313B28A8
P 0000021830FBBB58
p 2
C 65
= 00000218313B2918
R
P 0000021830F39F78
C 345
R
P 0000021830F39F78
P 00000218313B2918
C 260
R
P 0000021830F39F78
C 345
R
P 0000021830F39F78
P 00000218313B2918
C 9
R
P 0000021830F39F78
C 345
R
P 0000021830F39F78
I 0
P 0000021830FC6738
C 152
= 0000021830FC70B8
R
P 0000021830F39F78
C 345
R
P 0000021830F39F78
P 0000021830FC70B8
C 260
R
P 0000021830F39F78
C 345
R
P 0000021830F39F78
P 0000021830FC70B8
C 9
R
P 0000021830F39F78
C 345
R
P 0000021830F39F78
I 0
P 0000021830FC6738
C 152
= 0000021830FC70B8
R
P 0000021830F39F78
C 345
R
P 0000021830F39F78
P 0000021830FC70B8
C 260
R
P 0000021830F39F78
C 345
R
P 0000021830F39F78
P 0000021830FC70B8
C 9
R
P 0000021830F39F78
C 345
R
P 0000021830F39F78
P 0000021830FC70B8
P 0000021830FC70B8
C 58
= 00000218313B14C0
R
P 0000021830F39F78
C 345
R
P 0000021830F39F78
P 00000218313B14C0
C 260
R
P 0000021830F39F78
C 345
R
P 0000021830F39F78
P 00000218313B14C0
C 9
R
P 0000021830F39F78
C 345
R
P 0000021830F39F78
C 56
= 0000021830FC66D8
R
P 0000021830F39F78
C 345
R
P 0000021830F39F78
P 0000021830FC66D8
C 260
R
P 0000021830F39F78
C 345
R
P 0000021830F39F78
P 0000021830FC66D8
C 9
R
P 0000021830F39F78
C 345
R
P 0000021830F39F78
I 0
P 0000021830FC6738
C 152
= 0000021830FC70B8
R
P 0000021830F39F78
C 345
R
P 0000021830F39F78
P 0000021830FC70B8
C 260
R
P 0000021830F39F78
C 345
R
P 0000021830F39F78
P 0000021830FC70B8
C 9
R
P 0000021830F39F78
C 345
R
P 0000021830F39F78
P 0000021830FC7DB8
P 0000021830FC70B8
C 58
= 00000218313B2950
R
P 0000021830F39F78
C 345
R
P 0000021830F39F78
P 00000218313B2950
C 260
R
P 0000021830F39F78
C 345
R
P 0000021830F39F78
P 00000218313B2950
C 9
R
P 0000021830F39F78
C 345
R
P 0000021830F39F78
P 00000218313B14C0
P 0000021830FC66D8
P 00000218313B2950
C 61
= 0000021830FBBB98
R
P 0000021830F39F78
C 345
R
P 0000021830F39F78
P 0000021830FBBB98
C 259
R
P 0000021830F39F78
C 345
R
P 0000021830F39F78
P 0000021830FBBB98
C 256
= 0000021830FC6678
R
P 0000021830F39F78
C 345
R
P 0000021830F39F78
P 0000021830FC6678
C 211
R
P 0000021830F39F78
C 345
R
P 0000021830F39F78
P 0000021830FBBB98
C 262
R
P 0000021830F39F78
C 345
R
P 0000021830F39F78
P 0000021830FBBB98
C 261
R
P 0000021830F39F78
C 345
R
P 0000021830F39F78
P 0000021830FBBB98
C 260
R
P 0000021830F39F78
C 345
R
P 0000021830F39F78
P 0000021830FBBB98
C 9
R
P 0000021830F39F78
C 345
R
P 0000021830F39F78
U 2
P 00000218313B2918
P 0000021830FBBB98
p 2
C 65
= 00000218313B2988
R
P 0000021830F39F78
C 345
R
P 0000021830F39F78
P 00000218313B2988
C 260
R
P 0000021830F39F78
C 345
R
P 0000021830F39F78
P 00000218313B2988
C 9
R
P 0000021830F39F78
C 345
R
P 0000021830F39F78
I 5
P 0000021830FC6738
C 152
= 0000021830FC82F8
R
P 0000021830F39F78
C 345
R
P 0000021830F39F78
P 0000021830FC82F8
C 260
R
P 0000021830F39F78
C 345
R
P 0000021830F39F78
P 0000021830FC82F8
C 9
R
P 0000021830F39F78
C 345
R
P 0000021830F39F78
I 0
P 0000021830FC6738
C 152
= 0000021830FC70B8
R
P 0000021830F39F78
C 345
R
P 0000021830F39F78
P 0000021830FC70B8
C 260
R
P 0000021830F39F78
C 345
R
P 0000021830F39F78
P 0000021830FC70B8
C 9
R
P 0000021830F39F78
C 345
R
P 0000021830F39F78
P 0000021830FC82F8
P 0000021830FC70B8
C 58
= 00000218313B1AE0
R
P 0000021830F39F78
C 345
R
P 0000021830F39F78
P 00000218313B1AE0
C 260
R
P 0000021830F39F78
C 345
R
P 0000021830F39F78
P 00000218313B1AE0
C 9
R
P 0000021830F39F78
C 345
R
P 0000021830F39F78
C 56
= 0000021830FC66D8
R
P 0000021830F39F78
C 345
R
P 0000021830F39F78
P 0000021830FC66D8
C 260
R
P 0000021830F39F78
C 345
R
P 0000021830F39F78
P 0000021830FC66D8
C 9
R
P 0000021830F39F78
C 345
R
P 0000021830F39F78
I 5
P 0000021830FC6738
C 152
= 0000021830FC82F8
R
P 0000021830F39F78
C 345
R
P 0000021830F39F78
P 0000021830FC82F8
C 260
R
P 0000021830F39F78
C 345
R
P 0000021830F39F78
P 0000021830FC82F8
C 9
R
P 0000021830F39F78
C 345
R
P 0000021830F39F78
P 0000021830FC7DD8
P 0000021830FC82F8
C 58
= 00000218313B29C0
R
P 0000021830F39F78
C 345
R
P 0000021830F39F78
P 00000218313B29C0
C 260
R
P 0000021830F39F78
C 345
R
P 0000021830F39F78
P 00000218313B29C0
C 9
R
P 0000021830F39F78
C 345
R
P 0000021830F39F78
P 00000218313B1AE0
P 0000021830FC66D8
P 00000218313B29C0
C 61
= 0000021830FBBBD8
R
P 0000021830F39F78
C 345
R
P 0000021830F39F78
P 0000021830FBBBD8
C 259
R
P 0000021830F39F78
C 345
R
P 0000021830F39F78
P 0000021830FBBBD8
C 256
= 0000021830FC6678
R
P 0000021830F39F78
C 345
R
P 0000021830F39F78
P 0000021830FC6678
C 211
R
P 0000021830F39F78
C 345
R
P 0000021830F39F78
P 0000021830FBBBD8
C 262
R
P 0000021830F39F78
C 345
R
P 0000021830F39F78
P 0000021830FBBBD8
C 261
R
P 0000021830F39F78
C 345
R
P 0000021830F39F78
P 0000021830FBBBD8
C 260
R
P 0000021830F39F78
C 345
R
P 0000021830F39F78
P 0000021830FBBBD8
C 9
R
P 0000021830F39F78
C 345
R
P 0000021830F39F78
U 2
P 00000218313B2988
P 0000021830FBBBD8
p 2
C 65
= 00000218313B29F8
R
P 0000021830F39F78
C 345
R
P 0000021830F39F78
P 00000218313B29F8
C 260
R
P 0000021830F39F78
C 345
R
P 0000021830F39F78
P 00000218313B29F8
C 9
R
P 0000021830F39F78
C 345
R
P 0000021830F39F78
I 0
P 0000021830FC6738
C 152
= 0000021830FC70B8
R
P 0000021830F39F78
C 345
R
P 0000021830F39F78
P 0000021830FC70B8
C 260
R
P 0000021830F39F78
C 345
R
P 0000021830F39F78
P 0000021830FC70B8
C 9
R
P 0000021830F39F78
C 345
R
P 0000021830F39F78
I 0
P 0000021830FC6738
C 152
= 0000021830FC70B8
R
P 0000021830F39F78
C 345
R
P 0000021830F39F78
P 0000021830FC70B8
C 260
R
P 0000021830F39F78
C 345
R
P 0000021830F39F78
P 0000021830FC70B8
C 9
R
P 0000021830F39F78
C 345
R
P 0000021830F39F78
P 0000021830FC70B8
P 0000021830FC70B8
C 58
= 00000218313B14C0
R
P 0000021830F39F78
C 345
R
P 0000021830F39F78
P 00000218313B14C0
C 260
R
P 0000021830F39F78
C 345
R
P 0000021830F39F78
P 00000218313B14C0
C 9
R
P 0000021830F39F78
C 345
R
P 0000021830F39F78
C 56
= 0000021830FC66D8
R
P 0000021830F39F78
C 345
R
P 0000021830F39F78
P 0000021830FC66D8
C 260
R
P 0000021830F39F78
C 345
R
P 0000021830F39F78
P 0000021830FC66D8
C 9
R
P 0000021830F39F78
C 345
R
P 0000021830F39F78
I 0
P 0000021830FC6738
C 152
= 0000021830FC70B8
R
P 0000021830F39F78
C 345
R
P 0000021830F39F78
P 0000021830FC70B8
C 260
R
P 0000021830F39F78
C 345
R
P 0000021830F39F78
P 0000021830FC70B8
C 9
R
P 0000021830F39F78
C 345
R
P 0000021830F39F78
P 0000021830FC7DF8
P 0000021830FC70B8
C 58
= 00000218313B2A30
R
P 0000021830F39F78
C 345
R
P 0000021830F39F78
P 00000218313B2A30
C 260
R
P 0000021830F39F78
C 345
R
P 0000021830F39F78
P 00000218313B2A30
C 9
R
P 0000021830F39F78
C 345
R
P 0000021830F39F78
P 00000218313B14C0
P 0000021830FC66D8
P 00000218313B2A30
C 61
= 0000021830FBBC18
R
P 0000021830F39F78
C 345
R
P 0000021830F39F78
P 0000021830FBBC18
C 259
R
P 0000021830F39F78
C 345
R
P 0000021830F39F78
P 0000021830FBBC18
C 256
= 0000021830FC6678
R
P 0000021830F39F78
C 345
R
P 0000021830F39F78
P 0000021830FC6678
C 211
R
P 0000021830F39F78
C 345
R
P 0000021830F39F78
P 0000021830FBBC18
C 262
R
P 0000021830F39F78
C 345
R
P 0000021830F39F78
P 0000021830FBBC18
C 261
R
P 0000021830F39F78
C 345
R
P 0000021830F39F78
P 0000021830FBBC18
C 260
R
P 0000021830F39F78
C 345
R
P 0000021830F39F78
P 0000021830FBBC18
C 9
R
P 0000021830F39F78
C 345
R
P 0000021830F39F78
U 2
P 00000218313B29F8
P 0000021830FBBC18
p 2
C 65
= 00000218313B2A68
R
P 0000021830F39F78
C 345
R
P 0000021830F39F78
P 00000218313B2A68
C 260
R
P 0000021830F39F78
C 345
R
P 0000021830F39F78
P 00000218313B2A68
C 9
R
P 0000021830F39F78
C 345
R
P 0000021830F39F78
I 1
P 0000021830FC6738
C 152
= 0000021830FC7318
R
P 0000021830F39F78
C 345
R
P 0000021830F39F78
P 0000021830FC7318
C 260
R
P 0000021830F39F78
C 345
R
P 0000021830F39F78
P 0000021830FC7318
C 9
R
P 0000021830F39F78
C 345
R
P 0000021830F39F78
I 0
P 0000021830FC6738
C 152
= 0000021830FC70B8
R
P 0000021830F39F78
C 345
R
P 0000021830F39F78
P 0000021830FC70B8
C 260
R
P 0000021830F39F78
C 345
R
P 0000021830F39F78
P 0000021830FC70B8
C 9
R
P 0000021830F39F78
C 345
R
P 0000021830F39F78
P 0000021830FC7318
P 0000021830FC70B8
C 58
= 00000218313B1B88
R
P 0000021830F39F78
C 345
R
P 0000021830F39F78
P 00000218313B1B88
C 260
R
P 0000021830F39F78
C 345
R
P 0000021830F39F78
P 00000218313B1B88
C 9
R
P 0000021830F39F78
C 345
R
P 0000021830F39F78
C 56
= 0000021830FC66D8
R
P 0000021830F39F78
C 345
R
P 0000021830F39F78
P 0000021830FC66D8
C 260
R
P 0000021830F39F78
C 345
R
P 0000021830F39F78
P 0000021830FC66D8
C 9
R
P 0000021830F39F78
C 345
R
P 0000021830F39F78
I 1
P 0000021830FC6738
C 152
= 0000021830FC7318
R
P 0000021830F39F78
C 345
R
P 0000021830F39F78
P 0000021830FC7318
C 260
R
P 0000021830F39F78
C 345
R
P 0000021830F39F78
P 0000021830FC7318
C 9
R
P 0000021830F39F78
C 345
R
P 0000021830F39F78
P 0000021830FC7E18
P 0000021830FC7318
C 58
= 00000218313B2AA0
R
P 0000021830F39F78
C 345
R
P 0000021830F39F78
P 00000218313B2AA0
C 260
R
P 0000021830F39F78
C 345
R
P 0000021830F39F78
P 00000218313B2AA0
C 9
R
P 0000021830F39F78
C 345
R
P 0000021830F39F78
P 00000218313B1B88
P 0000021830FC66D8
P 00000218313B2AA0
C 61
= 0000021830FBBC58
R
P 0000021830F39F78
C 345
R
P 0000021830F39F78
P 0000021830FBBC58
C 259
R
P 0000021830F39F78
C 345
R
P 0000021830F39F78
P 0000021830FBBC58
C 256
= 0000021830FC6678
R
P 0000021830F39F78
C 345
R
P 0000021830F39F78
P 0000021830FC6678
C 211
R
P 0000021830F39F78
C 345
R
P 0000021830F39F78
P 0000021830FBBC58
C 262
R
P 0000021830F39F78
C 345
R
P 0000021830F39F78
P 0000021830FBBC58
C 261
R
P 0000021830F39F78
C 345
R
P 0000021830F39F78
P 0000021830FBBC58
C 260
R
P 0000021830F39F78
C 345
R
P 0000021830F39F78
P 0000021830FBBC58
C 9
R
P 0000021830F39F78
C 345
R
P 0000021830F39F78
U 2
P 00000218313B2A68
P 0000021830FBBC58
p 2
C 65
= 00000218313B2AD8
R
P 0000021830F39F78
C 345
R
P 0000021830F39F78
P 00000218313B2AD8
C 260
R
P 0000021830F39F78
C 345
R
P 0000021830F39F78
P 00000218313B2AD8
C 9
R
P 0000021830F39F78
C 345
R
P 0000021830F39F78
I 0
P 0000021830FC6738
C 152
= 0000021830FC70B8
R
P 0000021830F39F78
C 345
R
P 0000021830F39F78
P 0000021830FC70B8
C 260
R
P 0000021830F39F78
C 345
R
P 0000021830F39F78
P 0000021830FC70B8
C 9
R
P 0000021830F39F78
C 345
R
P 0000021830F39F78
I 0
P 0000021830FC6738
C 152
= 0000021830FC70B8
R
P 0000021830F39F78
C 345
R
P 0000021830F39F78
P 0000021830FC70B8
C 260
R
P 0000021830F39F78
C 345
R
P 0000021830F39F78
P 0000021830FC70B8
C 9
R
P 0000021830F39F78
C 345
R
P 0000021830F39F78
P 0000021830FC70B8
P 0000021830FC70B8
C 58
= 00000218313B14C0
R
P 0000021830F39F78
C 345
R
P 0000021830F39F78
P 00000218313B14C0
C 260
R
P 0000021830F39F78
C 345
R
P 0000021830F39F78
P 00000218313B14C0
C 9
R
P 0000021830F39F78
C 345
R
P 0000021830F39F78
C 56
= 0000021830FC66D8
R
P 0000021830F39F78
C 345
R
P 0000021830F39F78
P 0000021830FC66D8
C 260
R
P 0000021830F39F78
C 345
R
P 0000021830F39F78
P 0000021830FC66D8
C 9
R
P 0000021830F39F78
C 345
R
P 0000021830F39F78
I 0
P 0000021830FC6738
C 152
= 0000021830FC70B8
R
P 0000021830F39F78
C 345
R
P 0000021830F39F78
P 0000021830FC70B8
C 260
R
P 0000021830F39F78
C 345
R
P 0000021830F39F78
P 0000021830FC70B8
C 9
R
P 0000021830F39F78
C 345
R
P 0000021830F39F78
P 0000021830FC7E38
P 0000021830FC70B8
C 58
= 00000218313B2B10
R
P 0000021830F39F78
C 345
R
P 0000021830F39F78
P 00000218313B2B10
C 260
R
P 0000021830F39F78
C 345
R
P 0000021830F39F78
P 00000218313B2B10
C 9
R
P 0000021830F39F78
C 345
R
P 0000021830F39F78
P 00000218313B14C0
P 0000021830FC66D8
P 00000218313B2B10
C 61
= 0000021830FBBC98
R
P 0000021830F39F78
C 345
R
P 0000021830F39F78
P 0000021830FBBC98
C 259
R
P 0000021830F39F78
C 345
R
P 0000021830F39F78
P 0000021830FBBC98
C 256
= 0000021830FC6678
R
P 0000021830F39F78
C 345
R
P 0000021830F39F78
P 0000021830FC6678
C 211
R
P 0000021830F39F78
C 345
R
P 0000021830F39F78
P 0000021830FBBC98
C 262
R
P 0000021830F39F78
C 345
R
P 0000021830F39F78
P 0000021830FBBC98
C 261
R
P 0000021830F39F78
C 345
R
P 0000021830F39F78
P 0000021830FBBC98
C 260
R
P 0000021830F39F78
C 345
R
P 0000021830F39F78
P 0000021830FBBC98
C 9
R
P 0000021830F39F78
C 345
R
P 0000021830F39F78
U 2
P 00000218313B2AD8
P 0000021830FBBC98
p 2
C 65
= 00000218313B2B48
R
P 0000021830F39F78
C 345
R
P 0000021830F39F78
P 00000218313B2B48
C 260
R
P 0000021830F39F78
C 345
R
P 0000021830F39F78
P 00000218313B2B48
C 9
R
P 0000021830F39F78
C 345
R
P 0000021830F39F78
I 2
P 0000021830FC6738
C 152
= 0000021830FC7558
R
P 0000021830F39F78
C 345
R
P 0000021830F39F78
P 0000021830FC7558
C 260
R
P 0000021830F39F78
C 345
R
P 0000021830F39F78
P 0000021830FC7558
C 9
R
P 0000021830F39F78
C 345
R
P 0000021830F39F78
I 0
P 0000021830FC6738
C 152
= 0000021830FC70B8
R
P 0000021830F39F78
C 345
R
P 0000021830F39F78
P 0000021830FC70B8
C 260
R
P 0000021830F39F78
C 345
R
P 0000021830F39F78
P 0000021830FC70B8
C 9
R
P 0000021830F39F78
C 345
R
P 0000021830F39F78
P 0000021830FC7558
P 0000021830FC70B8
C 58
= 00000218313B24F0
R
P 0000021830F39F78
C 345
R
P 0000021830F39F78
P 00000218313B24F0
C 260
R
P 0000021830F39F78
C 345
R
P 0000021830F39F78
P 00000218313B24F0
C 9
R
P 0000021830F39F78
C 345
R
P 0000021830F39F78
C 56
= 0000021830FC66D8
R
P 0000021830F39F78
C 345
R
P 0000021830F39F78
P 0000021830FC66D8
C 260
R
P 0000021830F39F78
C 345
R
P 0000021830F39F78
P 0000021830FC66D8
C 9
R
P 0000021830F39F78
C 345
R
P 0000021830F39F78
I 2
P 0000021830FC6738
C 152
= 0000021830FC7558
R
P 0000021830F39F78
C 345
R
P 0000021830F39F78
P 0000021830FC7558
C 260
R
P 0000021830F39F78
C 345
R
P 0000021830F39F78
P 0000021830FC7558
C 9
R
P 0000021830F39F78
C 345
R
P 0000021830F39F78
P 0000021830FC7E58
P 0000021830FC7558
C 58
= 00000218313B2B80
R
P 0000021830F39F78
C 345
R
P 0000021830F39F78
P 00000218313B2B80
C 260
R
P 0000021830F39F78
C 345
R
P 0000021830F39F78
P 00000218313B2B80
C 9
R
P 0000021830F39F78
C 345
R
P 0000021830F39F78
P 00000218313B24F0
P 0000021830FC66D8
P 00000218313B2B80
C 61
= 0000021830FBBCD8
R
P 0000021830F39F78
C 345
R
P 0000021830F39F78
P 0000021830FBBCD8
C 259
R
P 0000021830F39F78
C 345
R
P 0000021830F39F78
P 0000021830FBBCD8
C 256
= 0000021830FC6678
R
P 0000021830F39F78
C 345
R
P 0000021830F39F78
P 0000021830FC6678
C 211
R
P 0000021830F39F78
C 345
R
P 0000021830F39F78
P 0000021830FBBCD8
C 262
R
P 0000021830F39F78
C 345
R
P 0000021830F39F78
P 0000021830FBBCD8
C 261
R
P 0000021830F39F78
C 345
R
P 0000021830F39F78
P 0000021830FBBCD8
C 260
R
P 0000021830F39F78
C 345
R
P 0000021830F39F78
P 0000021830FBBCD8
C 9
R
P 0000021830F39F78
C 345
R
P 0000021830F39F78
U 2
P 00000218313B2B48
P 0000021830FBBCD8
p 2
C 65
= 00000218313B2BB8
R
P 0000021830F39F78
C 345
R
P 0000021830F39F78
P 00000218313B2BB8
C 260
R
P 0000021830F39F78
C 345
R
P 0000021830F39F78
P 00000218313B2BB8
C 9
R
P 0000021830F39F78
C 345
R
P 0000021830F39F78
I 0
P 0000021830FC6738
C 152
= 0000021830FC70B8
R
P 0000021830F39F78
C 345
R
P 0000021830F39F78
P 0000021830FC70B8
C 260
R
P 0000021830F39F78
C 345
R
P 0000021830F39F78
P 0000021830FC70B8
C 9
R
P 0000021830F39F78
C 345
R
P 0000021830F39F78
I 0
P 0000021830FC6738
C 152
= 0000021830FC70B8
R
P 0000021830F39F78
C 345
R
P 0000021830F39F78
P 0000021830FC70B8
C 260
R
P 0000021830F39F78
C 345
R
P 0000021830F39F78
P 0000021830FC70B8
C 9
R
P 0000021830F39F78
C 345
R
P 0000021830F39F78
P 0000021830FC70B8
P 0000021830FC70B8
C 58
= 00000218313B14C0
R
P 0000021830F39F78
C 345
R
P 0000021830F39F78
P 00000218313B14C0
C 260
R
P 0000021830F39F78
C 345
R
P 0000021830F39F78
P 00000218313B14C0
C 9
R
P 0000021830F39F78
C 345
R
P 0000021830F39F78
C 56
= 0000021830FC66D8
R
P 0000021830F39F78
C 345
R
P 0000021830F39F78
P 0000021830FC66D8
C 260
R
P 0000021830F39F78
C 345
R
P 0000021830F39F78
P 0000021830FC66D8
C 9
R
P 0000021830F39F78
C 345
R
P 0000021830F39F78
I 0
P 0000021830FC6738
C 152
= 0000021830FC70B8
R
P 0000021830F39F78
C 345
R
P 0000021830F39F78
P 0000021830FC70B8
C 260
R
P 0000021830F39F78
C 345
R
P 0000021830F39F78
P 0000021830FC70B8
C 9
R
P 0000021830F39F78
C 345
R
P 0000021830F39F78
P 0000021830FC7E78
P 0000021830FC70B8
C 58
= 00000218313B2BF0
R
P 0000021830F39F78
C 345
R
P 0000021830F39F78
P 00000218313B2BF0
C 260
R
P 0000021830F39F78
C 345
R
P 0000021830F39F78
P 00000218313B2BF0
C 9
R
P 0000021830F39F78
C 345
R
P 0000021830F39F78
P 00000218313B14C0
P 0000021830FC66D8
P 00000218313B2BF0
C 61
= 0000021830FBBD18
R
P 0000021830F39F78
C 345
R
P 0000021830F39F78
P 0000021830FBBD18
C 259
R
P 0000021830F39F78
C 345
R
P 0000021830F39F78
P 0000021830FBBD18
C 256
= 0000021830FC6678
R
P 0000021830F39F78
C 345
R
P 0000021830F39F78
P 0000021830FC6678
C 211
R
P 0000021830F39F78
C 345
R
P 0000021830F39F78
P 0000021830FBBD18
C 262
R
P 0000021830F39F78
C 345
R
P 0000021830F39F78
P 0000021830FBBD18
C 261
R
P 0000021830F39F78
C 345
R
P 0000021830F39F78
P 0000021830FBBD18
C 260
R
P 0000021830F39F78
C 345
R
P 0000021830F39F78
P 0000021830FBBD18
C 9
R
P 0000021830F39F78
C 345
R
P 0000021830F39F78
U 2
P 00000218313B2BB8
P 0000021830FBBD18
p 2
C 65
= 00000218313B2C28
R
P 0000021830F39F78
C 345
R
P 0000021830F39F78
P 00000218313B2C28
C 260
R
P 0000021830F39F78
C 345
R
P 0000021830F39F78
P 00000218313B2C28
C 9
R
P 0000021830F39F78
C 345
R
P 0000021830F39F78
I 0
P 0000021830FC6738
C 152
= 0000021830FC70B8
R
P 0000021830F39F78
C 345
R
P 0000021830F39F78
P 0000021830FC70B8
C 260
R
P 0000021830F39F78
C 345
R
P 0000021830F39F78
P 0000021830FC70B8
C 9
R
P 0000021830F39F78
C 345
R
P 0000021830F39F78
I 0
P 0000021830FC6738
C 152
= 0000021830FC70B8
R
P 0000021830F39F78
C 345
R
P 0000021830F39F78
P 0000021830FC70B8
C 260
R
P 0000021830F39F78
C 345
R
P 0000021830F39F78
P 0000021830FC70B8
C 9
R
P 0000021830F39F78
C 345
R
P 0000021830F39F78
P 0000021830FC70B8
P 0000021830FC70B8
C 58
= 00000218313B14C0
R
P 0000021830F39F78
C 345
R
P 0000021830F39F78
P 00000218313B14C0
C 260
R
P 0000021830F39F78
C 345
R
P 0000021830F39F78
P 00000218313B14C0
C 9
R
P 0000021830F39F78
C 345
R
P 0000021830F39F78
C 56
= 0000021830FC66D8
R
P 0000021830F39F78
C 345
R
P 0000021830F39F78
P 0000021830FC66D8
C 260
R
P 0000021830F39F78
C 345
R
P 0000021830F39F78
P 0000021830FC66D8
C 9
R
P 0000021830F39F78
C 345
R
P 0000021830F39F78
I 0
P 0000021830FC6738
C 152
= 0000021830FC70B8
R
P 0000021830F39F78
C 345
R
P 0000021830F39F78
P 0000021830FC70B8
C 260
R
P 0000021830F39F78
C 345
R
P 0000021830F39F78
P 0000021830FC70B8
C 9
R
P 0000021830F39F78
C 345
R
P 0000021830F39F78
P 0000021830FC7E98
P 0000021830FC70B8
C 58
= 00000218313B2C60
R
P 0000021830F39F78
C 345
R
P 0000021830F39F78
P 00000218313B2C60
C 260
R
P 0000021830F39F78
C 345
R
P 0000021830F39F78
P 00000218313B2C60
C 9
R
P 0000021830F39F78
C 345
R
P 0000021830F39F78
P 00000218313B14C0
P 0000021830FC66D8
P 00000218313B2C60
C 61
= 0000021830FBBD58
R
P 0000021830F39F78
C 345
R
P 0000021830F39F78
P 0000021830FBBD58
C 259
R
P 0000021830F39F78
C 345
R
P 0000021830F39F78
P 0000021830FBBD58
C 256
= 0000021830FC6678
R
P 0000021830F39F78
C 345
R
P 0000021830F39F78
P 0000021830FC6678
C 211
R
P 0000021830F39F78
C 345
R
P 0000021830F39F78
P 0000021830FBBD58
C 262
R
P 0000021830F39F78
C 345
R
P 0000021830F39F78
P 0000021830FBBD58
C 261
R
P 0000021830F39F78
C 345
R
P 0000021830F39F78
P 0000021830FBBD58
C 260
R
P 0000021830F39F78
C 345
R
P 0000021830F39F78
P 0000021830FBBD58
C 9
R
P 0000021830F39F78
C 345
R
P 0000021830F39F78
U 2
P 00000218313B2C28
P 0000021830FBBD58
p 2
C 65
= 00000218313B2C98
R
P 0000021830F39F78
C 345
R
P 0000021830F39F78
P 00000218313B2C98
C 260
R
P 0000021830F39F78
C 345
R
P 0000021830F39F78
P 00000218313B2C98
C 9
R
P 0000021830F39F78
C 345
R
P 0000021830F39F78
I 0
P 0000021830FC6738
C 152
= 0000021830FC70B8
R
P 0000021830F39F78
C 345
R
P 0000021830F39F78
P 0000021830FC70B8
C 260
R
P 0000021830F39F78
C 345
R
P 0000021830F39F78
P 0000021830FC70B8
C 9
R
P 0000021830F39F78
C 345
R
P 0000021830F39F78
I 0
P 0000021830FC6738
C 152
= 0000021830FC70B8
R
P 0000021830F39F78
C 345
R
P 0000021830F39F78
P 0000021830FC70B8
C 260
R
P 0000021830F39F78
C 345
R
P 0000021830F39F78
P 0000021830FC70B8
C 9
R
P 0000021830F39F78
C 345
R
P 0000021830F39F78
P 0000021830FC70B8
P 0000021830FC70B8
C 58
= 00000218313B14C0
R
P 0000021830F39F78
C 345
R
P 0000021830F39F78
P 00000218313B14C0
C 260
R
P 0000021830F39F78
C 345
R
P 0000021830F39F78
P 00000218313B14C0
C 9
R
P 0000021830F39F78
C 345
R
P 0000021830F39F78
C 56
= 0000021830FC66D8
R
P 0000021830F39F78
C 345
R
P 0000021830F39F78
P 0000021830FC66D8
C 260
R
P 0000021830F39F78
C 345
R
P 0000021830F39F78
P 0000021830FC66D8
C 9
R
P 0000021830F39F78
C 345
R
P 0000021830F39F78
I 0
P 0000021830FC6738
C 152
= 0000021830FC70B8
R
P 0000021830F39F78
C 345
R
P 0000021830F39F78
P 0000021830FC70B8
C 260
R
P 0000021830F39F78
C 345
R
P 0000021830F39F78
P 0000021830FC70B8
C 9
R
P 0000021830F39F78
C 345
R
P 0000021830F39F78
P 0000021830FC7EB8
P 0000021830FC70B8
C 58
= 00000218313B2CD0
R
P 0000021830F39F78
C 345
R
P 0000021830F39F78
P 00000218313B2CD0
C 260
R
P 0000021830F39F78
C 345
R
P 0000021830F39F78
P 00000218313B2CD0
C 9
R
P 0000021830F39F78
C 345
R
P 0000021830F39F78
P 00000218313B14C0
P 0000021830FC66D8
P 00000218313B2CD0
C 61
= 0000021830FBBD98
R
P 0000021830F39F78
C 345
R
P 0000021830F39F78
P 0000021830FBBD98
C 259
R
P 0000021830F39F78
C 345
R
P 0000021830F39F78
P 0000021830FBBD98
C 256
= 0000021830FC6678
R
P 0000021830F39F78
C 345
R
P 0000021830F39F78
P 0000021830FC6678
C 211
R
P 0000021830F39F78
C 345
R
P 0000021830F39F78
P 0000021830FBBD98
C 262
R
P 0000021830F39F78
C 345
R
P 0000021830F39F78
P 0000021830FBBD98
C 261
R
P 0000021830F39F78
C 345
R
P 0000021830F39F78
P 0000021830FBBD98
C 260
R
P 0000021830F39F78
C 345
R
P 0000021830F39F78
P 0000021830FBBD98
C 9
R
P 0000021830F39F78
C 345
R
P 0000021830F39F78
U 2
P 00000218313B2C98
P 0000021830FBBD98
p 2
C 65
= 00000218313B2D08
R
P 0000021830F39F78
C 345
R
P 0000021830F39F78
P 00000218313B2D08
C 260
R
P 0000021830F39F78
C 345
R
P 0000021830F39F78
P 00000218313B2D08
C 9
R
P 0000021830F39F78
C 345
R
P 0000021830F39F78
I 0
P 0000021830FC6738
C 152
= 0000021830FC70B8
R
P 0000021830F39F78
C 345
R
P 0000021830F39F78
P 0000021830FC70B8
C 260
R
P 0000021830F39F78
C 345
R
P 0000021830F39F78
P 0000021830FC70B8
C 9
R
P 0000021830F39F78
C 345
R
P 0000021830F39F78
I 0
P 0000021830FC6738
C 152
= 0000021830FC70B8
R
P 0000021830F39F78
C 345
R
P 0000021830F39F78
P 0000021830FC70B8
C 260
R
P 0000021830F39F78
C 345
R
P 0000021830F39F78
P 0000021830FC70B8
C 9
R
P 0000021830F39F78
C 345
R
P 0000021830F39F78
P 0000021830FC70B8
P 0000021830FC70B8
C 58
= 00000218313B14C0
R
P 0000021830F39F78
C 345
R
P 0000021830F39F78
P 00000218313B14C0
C 260
R
P 0000021830F39F78
C 345
R
P 0000021830F39F78
P 00000218313B14C0
C 9
R
P 0000021830F39F78
C 345
R
P 0000021830F39F78
C 56
= 0000021830FC66D8
R
P 0000021830F39F78
C 345
R
P 0000021830F39F78
P 0000021830FC66D8
C 260
R
P 0000021830F39F78
C 345
R
P 0000021830F39F78
P 0000021830FC66D8
C 9
R
P 0000021830F39F78
C 345
R
P 0000021830F39F78
I 0
P 0000021830FC6738
C 152
= 0000021830FC70B8
R
P 0000021830F39F78
C 345
R
P 0000021830F39F78
P 0000021830FC70B8
C 260
R
P 0000021830F39F78
C 345
R
P 0000021830F39F78
P 0000021830FC70B8
C 9
R
P 0000021830F39F78
C 345
R
P 0000021830F39F78
P 0000021830FC7ED8
P 0000021830FC70B8
C 58
= 00000218313B2D40
R
P 0000021830F39F78
C 345
R
P 0000021830F39F78
P 00000218313B2D40
C 260
R
P 0000021830F39F78
C 345
R
P 0000021830F39F78
P 00000218313B2D40
C 9
R
P 0000021830F39F78
C 345
R
P 0000021830F39F78
P 00000218313B14C0
P 0000021830FC66D8
P 00000218313B2D40
C 61
= 0000021830FBBDD8
R
P 0000021830F39F78
C 345
R
P 0000021830F39F78
P 0000021830FBBDD8
C 259
R
P 0000021830F39F78
C 345
R
P 0000021830F39F78
P 0000021830FBBDD8
C 256
= 0000021830FC6678
R
P 0000021830F39F78
C 345
R
P 0000021830F39F78
P 0000021830FC6678
C 211
R
P 0000021830F39F78
C 345
R
P 0000021830F39F78
P 0000021830FBBDD8
C 262
R
P 0000021830F39F78
C 345
R
P 0000021830F39F78
P 0000021830FBBDD8
C 261
R
P 0000021830F39F78
C 345
R
P 0000021830F39F78
P 0000021830FBBDD8
C 260
R
P 0000021830F39F78
C 345
R
P 0000021830F39F78
P 0000021830FBBDD8
C 9
R
P 0000021830F39F78
C 345
R
P 0000021830F39F78
U 2
P 00000218313B2D08
P 0000021830FBBDD8
p 2
C 65
= 00000218313B2D78
R
P 0000021830F39F78
C 345
R
P 0000021830F39F78
P 00000218313B2D78
C 260
R
P 0000021830F39F78
C 345
R
P 0000021830F39F78
P 00000218313B2D78
C 9
R
P 0000021830F39F78
C 345
R
P 0000021830F39F78
I 0
P 0000021830FC6738
C 152
= 0000021830FC70B8
R
P 0000021830F39F78
C 345
R
P 0000021830F39F78
P 0000021830FC70B8
C 260
R
P 0000021830F39F78
C 345
R
P 0000021830F39F78
P 0000021830FC70B8
C 9
R
P 0000021830F39F78
C 345
R
P 0000021830F39F78
I 0
P 0000021830FC6738
C 152
= 0000021830FC70B8
R
P 0000021830F39F78
C 345
R
P 0000021830F39F78
P 0000021830FC70B8
C 260
R
P 0000021830F39F78
C 345
R
P 0000021830F39F78
P 0000021830FC70B8
C 9
R
P 0000021830F39F78
C 345
R
P 0000021830F39F78
P 0000021830FC70B8
P 0000021830FC70B8
C 58
= 00000218313B14C0
R
P 0000021830F39F78
C 345
R
P 0000021830F39F78
P 00000218313B14C0
C 260
R
P 0000021830F39F78
C 345
R
P 0000021830F39F78
P 00000218313B14C0
C 9
R
P 0000021830F39F78
C 345
R
P 0000021830F39F78
C 56
= 0000021830FC66D8
R
P 0000021830F39F78
C 345
R
P 0000021830F39F78
P 0000021830FC66D8
C 260
R
P 0000021830F39F78
C 345
R
P 0000021830F39F78
P 0000021830FC66D8
C 9
R
P 0000021830F39F78
C 345
R
P 0000021830F39F78
I 0
P 0000021830FC6738
C 152
= 0000021830FC70B8
R
P 0000021830F39F78
C 345
R
P 0000021830F39F78
P 0000021830FC70B8
C 260
R
P 0000021830F39F78
C 345
R
P 0000021830F39F78
P 0000021830FC70B8
C 9
R
P 0000021830F39F78
C 345
R
P 0000021830F39F78
P 0000021830FC7EF8
P 0000021830FC70B8
C 58
= 00000218313B2DB0
R
P 0000021830F39F78
C 345
R
P 0000021830F39F78
P 00000218313B2DB0
C 260
R
P 0000021830F39F78
C 345
R
P 0000021830F39F78
P 00000218313B2DB0
C 9
R
P 0000021830F39F78
C 345
R
P 0000021830F39F78
P 00000218313B14C0
P 0000021830FC66D8
P 00000218313B2DB0
C 61
= 0000021830FBBE18
R
P 0000021830F39F78
C 345
R
P 0000021830F39F78
P 0000021830FBBE18
C 259
R
P 0000021830F39F78
C 345
R
P 0000021830F39F78
P 0000021830FBBE18
C 256
= 0000021830FC6678
R
P 0000021830F39F78
C 345
R
P 0000021830F39F78
P 0000021830FC6678
C 211
R
P 0000021830F39F78
C 345
R
P 0000021830F39F78
P 0000021830FBBE18
C 262
R
P 0000021830F39F78
C 345
R
P 0000021830F39F78
P 0000021830FBBE18
C 261
R
P 0000021830F39F78
C 345
R
P 0000021830F39F78
P 0000021830FBBE18
C 260
R
P 0000021830F39F78
C 345
R
P 0000021830F39F78
P 0000021830FBBE18
C 9
R
P 0000021830F39F78
C 345
R
P 0000021830F39F78
U 2
P 00000218313B2D78
P 0000021830FBBE18
p 2
C 65
= 00000218313B2DE8
R
P 0000021830F39F78
C 345
R
P 0000021830F39F78
P 00000218313B2DE8
C 260
R
P 0000021830F39F78
C 345
R
P 0000021830F39F78
P 00000218313B2DE8
C 9
R
P 0000021830F39F78
C 345
R
P 0000021830F39F78
I 0
P 0000021830FC6738
C 152
= 0000021830FC70B8
R
P 0000021830F39F78
C 345
R
P 0000021830F39F78
P 0000021830FC70B8
C 260
R
P 0000021830F39F78
C 345
R
P 0000021830F39F78
P 0000021830FC70B8
C 9
R
P 0000021830F39F78
C 345
R
P 0000021830F39F78
I 0
P 0000021830FC6738
C 152
= 0000021830FC70B8
R
P 0000021830F39F78
C 345
R
P 0000021830F39F78
P 0000021830FC70B8
C 260
R
P 0000021830F39F78
C 345
R
P 0000021830F39F78
P 0000021830FC70B8
C 9
R
P 0000021830F39F78
C 345
R
P 0000021830F39F78
P 0000021830FC70B8
P 0000021830FC70B8
C 58
= 00000218313B14C0
R
P 0000021830F39F78
C 345
R
P 0000021830F39F78
P 00000218313B14C0
C 260
R
P 0000021830F39F78
C 345
R
P 0000021830F39F78
P 00000218313B14C0
C 9
R
P 0000021830F39F78
C 345
R
P 0000021830F39F78
C 56
= 0000021830FC66D8
R
P 0000021830F39F78
C 345
R
P 0000021830F39F78
P 0000021830FC66D8
C 260
R
P 0000021830F39F78
C 345
R
P 0000021830F39F78
P 0000021830FC66D8
C 9
R
P 0000021830F39F78
C 345
R
P 0000021830F39F78
I 0
P 0000021830FC6738
C 152
= 0000021830FC70B8
R
P 0000021830F39F78
C 345
R
P 0000021830F39F78
P 0000021830FC70B8
C 260
R
P 0000021830F39F78
C 345
R
P 0000021830F39F78
P 0000021830FC70B8
C 9
R
P 0000021830F39F78
C 345
R
P 0000021830F39F78
P 0000021830FC7F18
P 0000021830FC70B8
C 58
= 00000218313B2E20
R
P 0000021830F39F78
C 345
R
P 0000021830F39F78
P 00000218313B2E20
C 260
R
P 0000021830F39F78
C 345
R
P 0000021830F39F78
P 00000218313B2E20
C 9
R
P 0000021830F39F78
C 345
R
P 0000021830F39F78
P 00000218313B14C0
P 0000021830FC66D8
P 00000218313B2E20
C 61
= 0000021830FBBE58
R
P 0000021830F39F78
C 345
R
P 0000021830F39F78
P 0000021830FBBE58
C 259
R
P 0000021830F39F78
C 345
R
P 0000021830F39F78
P 0000021830FBBE58
C 256
= 0000021830FC6678
R
P 0000021830F39F78
C 345
R
P 0000021830F39F78
P 0000021830FC6678
C 211
R
P 0000021830F39F78
C 345
R
P 0000021830F39F78
P 0000021830FBBE58
C 262
R
P 0000021830F39F78
C 345
R
P 0000021830F39F78
P 0000021830FBBE58
C 261
R
P 0000021830F39F78
C 345
R
P 0000021830F39F78
P 0000021830FBBE58
C 260
R
P 0000021830F39F78
C 345
R
P 0000021830F39F78
P 0000021830FBBE58
C 9
R
P 0000021830F39F78
C 345
R
P 0000021830F39F78
U 2
P 00000218313B2DE8
P 0000021830FBBE58
p 2
C 65
= 00000218313B2E58
R
P 0000021830F39F78
C 345
R
P 0000021830F39F78
P 00000218313B2E58
C 260
R
P 0000021830F39F78
C 345
R
P 0000021830F39F78
P 00000218313B2E58
C 9
R
P 0000021830F39F78
C 345
R
P 0000021830F39F78
I 0
P 0000021830FC6738
C 152
= 0000021830FC70B8
R
P 0000021830F39F78
C 345
R
P 0000021830F39F78
P 0000021830FC70B8
C 260
R
P 0000021830F39F78
C 345
R
P 0000021830F39F78
P 0000021830FC70B8
C 9
R
P 0000021830F39F78
C 345
R
P 0000021830F39F78
I 0
P 0000021830FC6738
C 152
= 0000021830FC70B8
R
P 0000021830F39F78
C 345
R
P 0000021830F39F78
P 0000021830FC70B8
C 260
R
P 0000021830F39F78
C 345
R
P 0000021830F39F78
P 0000021830FC70B8
C 9
R
P 0000021830F39F78
C 345
R
P 0000021830F39F78
P 0000021830FC70B8
P 0000021830FC70B8
C 58
= 00000218313B14C0
R
P 0000021830F39F78
C 345
R
P 0000021830F39F78
P 00000218313B14C0
C 260
R
P 0000021830F39F78
C 345
R
P 0000021830F39F78
P 00000218313B14C0
C 9
R
P 0000021830F39F78
C 345
R
P 0000021830F39F78
C 56
= 0000021830FC66D8
R
P 0000021830F39F78
C 345
R
P 0000021830F39F78
P 0000021830FC66D8
C 260
R
P 0000021830F39F78
C 345
R
P 0000021830F39F78
P 0000021830FC66D8
C 9
R
P 0000021830F39F78
C 345
R
P 0000021830F39F78
I 0
P 0000021830FC6738
C 152
= 0000021830FC70B8
R
P 0000021830F39F78
C 345
R
P 0000021830F39F78
P 0000021830FC70B8
C 260
R
P 0000021830F39F78
C 345
R
P 0000021830F39F78
P 0000021830FC70B8
C 9
R
P 0000021830F39F78
C 345
R
P 0000021830F39F78
P 0000021830FC7F38
P 0000021830FC70B8
C 58
= 00000218313B2E90
R
P 0000021830F39F78
C 345
R
P 0000021830F39F78
P 00000218313B2E90
C 260
R
P 0000021830F39F78
C 345
R
P 0000021830F39F78
P 00000218313B2E90
C 9
R
P 0000021830F39F78
C 345
R
P 0000021830F39F78
P 00000218313B14C0
P 0000021830FC66D8
P 00000218313B2E90
C 61
= 0000021830FBBE98
R
P 0000021830F39F78
C 345
R
P 0000021830F39F78
P 0000021830FBBE98
C 259
R
P 0000021830F39F78
C 345
R
P 0000021830F39F78
P 0000021830FBBE98
C 256
= 0000021830FC6678
R
P 0000021830F39F78
C 345
R
P 0000021830F39F78
P 0000021830FC6678
C 211
R
P 0000021830F39F78
C 345
R
P 0000021830F39F78
P 0000021830FBBE98
C 262
R
P 0000021830F39F78
C 345
R
P 0000021830F39F78
P 0000021830FBBE98
C 261
R
P 0000021830F39F78
C 345
R
P 0000021830F39F78
P 0000021830FBBE98
C 260
R
P 0000021830F39F78
C 345
R
P 0000021830F39F78
P 0000021830FBBE98
C 9
R
P 0000021830F39F78
C 345
R
P 0000021830F39F78
U 2
P 00000218313B2E58
P 0000021830FBBE98
p 2
C 65
= 00000218313B2EC8
R
P 0000021830F39F78
C 345
R
P 0000021830F39F78
P 00000218313B2EC8
C 260
R
P 0000021830F39F78
C 345
R
P 0000021830F39F78
P 00000218313B2EC8
C 9
R
P 0000021830F39F78
C 345
R
P 0000021830F39F78
I 7
P 0000021830FC6738
C 152
= 0000021830FC8318
R
P 0000021830F39F78
C 345
R
P 0000021830F39F78
P 0000021830FC8318
C 260
R
P 0000021830F39F78
C 345
R
P 0000021830F39F78
P 0000021830FC8318
C 9
R
P 0000021830F39F78
C 345
R
P 0000021830F39F78
I 0
P 0000021830FC6738
C 152
= 0000021830FC70B8
R
P 0000021830F39F78
C 345
R
P 0000021830F39F78
P 0000021830FC70B8
C 260
R
P 0000021830F39F78
C 345
R
P 0000021830F39F78
P 0000021830FC70B8
C 9
R
P 0000021830F39F78
C 345
R
P 0000021830F39F78
P 0000021830FC8318
P 0000021830FC70B8
C 58
= 00000218313B1D80
R
P 0000021830F39F78
C 345
R
P 0000021830F39F78
P 00000218313B1D80
C 260
R
P 0000021830F39F78
C 345
R
P 0000021830F39F78
P 00000218313B1D80
C 9
R
P 0000021830F39F78
C 345
R
P 0000021830F39F78
C 56
= 0000021830FC66D8
R
P 0000021830F39F78
C 345
R
P 0000021830F39F78
P 0000021830FC66D8
C 260
R
P 0000021830F39F78
C 345
R
P 0000021830F39F78
P 0000021830FC66D8
C 9
R
P 0000021830F39F78
C 345
R
P 0000021830F39F78
I 7
P 0000021830FC6738
C 152
= 0000021830FC8318
R
P 0000021830F39F78
C 345
R
P 0000021830F39F78
P 0000021830FC8318
C 260
R
P 0000021830F39F78
C 345
R
P 0000021830F39F78
P 0000021830FC8318
C 9
R
P 0000021830F39F78
C 345
R
P 0000021830F39F78
P 0000021830FC7F58
P 0000021830FC8318
C 58
= 00000218313B8F88
R
P 0000021830F39F78
C 345
R
P 0000021830F39F78
P 00000218313B8F88
C 260
R
P 0000021830F39F78
C 345
R
P 0000021830F39F78
P 00000218313B8F88
C 9
R
P 0000021830F39F78
C 345
R
P 0000021830F39F78
P 00000218313B1D80
P 0000021830FC66D8
P 00000218313B8F88
C 61
= 0000021830FBBED8
R
P 0000021830F39F78
C 345
R
P 0000021830F39F78
P 0000021830FBBED8
C 259
R
P 0000021830F39F78
C 345
R
P 0000021830F39F78
P 0000021830FBBED8
C 256
= 0000021830FC6678
R
P 0000021830F39F78
C 345
R
P 0000021830F39F78
P 0000021830FC6678
C 211
R
P 0000021830F39F78
C 345
R
P 0000021830F39F78
P 0000021830FBBED8
C 262
R
P 0000021830F39F78
C 345
R
P 0000021830F39F78
P 0000021830FBBED8
C 261
R
P 0000021830F39F78
C 345
R
P 0000021830F39F78
P 0000021830FBBED8
C 260
R
P 0000021830F39F78
C 345
R
P 0000021830F39F78
P 0000021830FBBED8
C 9
R
P 0000021830F39F78
C 345
R
P 0000021830F39F78
U 2
P 00000218313B2EC8
P 0000021830FBBED8
p 2
C 65
= 00000218313B8FC0
R
P 0000021830F39F78
C 345
R
P 0000021830F39F78
P 00000218313B8FC0
C 260
R
P 0000021830F39F78
C 345
R
P 0000021830F39F78
P 00000218313B8FC0
C 9
R
P 0000021830F39F78
C 345
R
P 0000021830F39F78
I 0
P 0000021830FC6738
C 152
= 0000021830FC70B8
R
P 0000021830F39F78
C 345
R
P 0000021830F39F78
P 0000021830FC70B8
C 260
R
P 0000021830F39F78
C 345
R
P 0000021830F39F78
P 0000021830FC70B8
C 9
R
P 0000021830F39F78
C 345
R
P 0000021830F39F78
I 0
P 0000021830FC6738
C 152
= 0000021830FC70B8
R
P 0000021830F39F78
C 345
R
P 0000021830F39F78
P 0000021830FC70B8
C 260
R
P 0000021830F39F78
C 345
R
P 0000021830F39F78
P 0000021830FC70B8
C 9
R
P 0000021830F39F78
C 345
R
P 0000021830F39F78
P 0000021830FC70B8
P 0000021830FC70B8
C 58
= 00000218313B14C0
R
P 0000021830F39F78
C 345
R
P 0000021830F39F78
P 00000218313B14C0
C 260
R
P 0000021830F39F78
C 345
R
P 0000021830F39F78
P 00000218313B14C0
C 9
R
P 0000021830F39F78
C 345
R
P 0000021830F39F78
C 56
= 0000021830FC66D8
R
P 0000021830F39F78
C 345
R
P 0000021830F39F78
P 0000021830FC66D8
C 260
R
P 0000021830F39F78
C 345
R
P 0000021830F39F78
P 0000021830FC66D8
C 9
R
P 0000021830F39F78
C 345
R
P 0000021830F39F78
I 0
P 0000021830FC6738
C 152
= 0000021830FC70B8
R
P 0000021830F39F78
C 345
R
P 0000021830F39F78
P 0000021830FC70B8
C 260
R
P 0000021830F39F78
C 345
R
P 0000021830F39F78
P 0000021830FC70B8
C 9
R
P 0000021830F39F78
C 345
R
P 0000021830F39F78
P 0000021830FC7F78
P 0000021830FC70B8
C 58
= 00000218313B8FF8
R
P 0000021830F39F78
C 345
R
P 0000021830F39F78
P 00000218313B8FF8
C 260
R
P 0000021830F39F78
C 345
R
P 0000021830F39F78
P 00000218313B8FF8
C 9
R
P 0000021830F39F78
C 345
R
P 0000021830F39F78
P 00000218313B14C0
P 0000021830FC66D8
P 00000218313B8FF8
C 61
= 0000021830FBBF18
R
P 0000021830F39F78
C 345
R
P 0000021830F39F78
P 0000021830FBBF18
C 259
R
P 0000021830F39F78
C 345
R
P 0000021830F39F78
P 0000021830FBBF18
C 256
= 0000021830FC6678
R
P 0000021830F39F78
C 345
R
P 0000021830F39F78
P 0000021830FC6678
C 211
R
P 0000021830F39F78
C 345
R
P 0000021830F39F78
P 0000021830FBBF18
C 262
R
P 0000021830F39F78
C 345
R
P 0000021830F39F78
P 0000021830FBBF18
C 261
R
P 0000021830F39F78
C 345
R
P 0000021830F39F78
P 0000021830FBBF18
C 260
R
P 0000021830F39F78
C 345
R
P 0000021830F39F78
P 0000021830FBBF18
C 9
R
P 0000021830F39F78
C 345
R
P 0000021830F39F78
U 2
P 00000218313B8FC0
P 0000021830FBBF18
p 2
C 65
= 00000218313B9030
R
P 0000021830F39F78
C 345
R
P 0000021830F39F78
P 00000218313B9030
C 260
R
P 0000021830F39F78
C 345
R
P 0000021830F39F78
P 00000218313B9030
C 9
R
P 0000021830F39F78
C 345
R
P 0000021830F39F78
I 0
P 0000021830FC6738
C 152
= 0000021830FC70B8
R
P 0000021830F39F78
C 345
R
P 0000021830F39F78
P 0000021830FC70B8
C 260
R
P 0000021830F39F78
C 345
R
P 0000021830F39F78
P 0000021830FC70B8
C 9
R
P 0000021830F39F78
C 345
R
P 0000021830F39F78
I 0
P 0000021830FC6738
C 152
= 0000021830FC70B8
R
P 0000021830F39F78
C 345
R
P 0000021830F39F78
P 0000021830FC70B8
C 260
R
P 0000021830F39F78
C 345
R
P 0000021830F39F78
P 0000021830FC70B8
C 9
R
P 0000021830F39F78
C 345
R
P 0000021830F39F78
P 0000021830FC70B8
P 0000021830FC70B8
C 58
= 00000218313B14C0
R
P 0000021830F39F78
C 345
R
P 0000021830F39F78
P 00000218313B14C0
C 260
R
P 0000021830F39F78
C 345
R
P 0000021830F39F78
P 00000218313B14C0
C 9
R
P 0000021830F39F78
C 345
R
P 0000021830F39F78
C 56
= 0000021830FC66D8
R
P 0000021830F39F78
C 345
R
P 0000021830F39F78
P 0000021830FC66D8
C 260
R
P 0000021830F39F78
C 345
R
P 0000021830F39F78
P 0000021830FC66D8
C 9
R
P 0000021830F39F78
C 345
R
P 0000021830F39F78
I 0
P 0000021830FC6738
C 152
= 0000021830FC70B8
R
P 0000021830F39F78
C 345
R
P 0000021830F39F78
P 0000021830FC70B8
C 260
R
P 0000021830F39F78
C 345
R
P 0000021830F39F78
P 0000021830FC70B8
C 9
R
P 0000021830F39F78
C 345
R
P 0000021830F39F78
P 0000021830FC7F98
P 0000021830FC70B8
C 58
= 00000218313B9068
R
P 0000021830F39F78
C 345
R
P 0000021830F39F78
P 00000218313B9068
C 260
R
P 0000021830F39F78
C 345
R
P 0000021830F39F78
P 00000218313B9068
C 9
R
P 0000021830F39F78
C 345
R
P 0000021830F39F78
P 00000218313B14C0
P 0000021830FC66D8
P 00000218313B9068
C 61
= 0000021830FBBF58
R
P 0000021830F39F78
C 345
R
P 0000021830F39F78
P 0000021830FBBF58
C 259
R
P 0000021830F39F78
C 345
R
P 0000021830F39F78
P 0000021830FBBF58
C 256
= 0000021830FC6678
R
P 0000021830F39F78
C 345
R
P 0000021830F39F78
P 0000021830FC6678
C 211
R
P 0000021830F39F78
C 345
R
P 0000021830F39F78
P 0000021830FBBF58
C 262
R
P 0000021830F39F78
C 345
R
P 0000021830F39F78
P 0000021830FBBF58
C 261
R
P 0000021830F39F78
C 345
R
P 0000021830F39F78
P 0000021830FBBF58
C 260
R
P 0000021830F39F78
C 345
R
P 0000021830F39F78
P 0000021830FBBF58
C 9
R
P 0000021830F39F78
C 345
R
P 0000021830F39F78
U 2
P 00000218313B9030
P 0000021830FBBF58
p 2
C 65
= 00000218313B90A0
R
P 0000021830F39F78
C 345
R
P 0000021830F39F78
P 00000218313B90A0
C 260
R
P 0000021830F39F78
C 345
R
P 0000021830F39F78
P 00000218313B90A0
C 9
R
P 0000021830F39F78
C 345
R
P 0000021830F39F78
I 0
P 0000021830FC6738
C 152
= 0000021830FC70B8
R
P 0000021830F39F78
C 345
R
P 0000021830F39F78
P 0000021830FC70B8
C 260
R
P 0000021830F39F78
C 345
R
P 0000021830F39F78
P 0000021830FC70B8
C 9
R
P 0000021830F39F78
C 345
R
P 0000021830F39F78
I 0
P 0000021830FC6738
C 152
= 0000021830FC70B8
R
P 0000021830F39F78
C 345
R
P 0000021830F39F78
P 0000021830FC70B8
C 260
R
P 0000021830F39F78
C 345
R
P 0000021830F39F78
P 0000021830FC70B8
C 9
R
P 0000021830F39F78
C 345
R
P 0000021830F39F78
P 0000021830FC70B8
P 0000021830FC70B8
C 58
= 00000218313B14C0
R
P 0000021830F39F78
C 345
R
P 0000021830F39F78
P 00000218313B14C0
C 260
R
P 0000021830F39F78
C 345
R
P 0000021830F39F78
P 00000218313B14C0
C 9
R
P 0000021830F39F78
C 345
R
P 0000021830F39F78
C 56
= 0000021830FC66D8
R
P 0000021830F39F78
C 345
R
P 0000021830F39F78
P 0000021830FC66D8
C 260
R
P 0000021830F39F78
C 345
R
P 0000021830F39F78
P 0000021830FC66D8
C 9
R
P 0000021830F39F78
C 345
R
P 0000021830F39F78
I 0
P 0000021830FC6738
C 152
= 0000021830FC70B8
R
P 0000021830F39F78
C 345
R
P 0000021830F39F78
P 0000021830FC70B8
C 260
R
P 0000021830F39F78
C 345
R
P 0000021830F39F78
P 0000021830FC70B8
C 9
R
P 0000021830F39F78
C 345
R
P 0000021830F39F78
P 0000021830FC7FB8
P 0000021830FC70B8
C 58
= 00000218313B90D8
R
P 0000021830F39F78
C 345
R
P 0000021830F39F78
P 00000218313B90D8
C 260
R
P 0000021830F39F78
C 345
R
P 0000021830F39F78
P 00000218313B90D8
C 9
R
P 0000021830F39F78
C 345
R
P 0000021830F39F78
P 00000218313B14C0
P 0000021830FC66D8
P 00000218313B90D8
C 61
= 0000021830FBBF98
R
P 0000021830F39F78
C 345
R
P 0000021830F39F78
P 0000021830FBBF98
C 259
R
P 0000021830F39F78
C 345
R
P 0000021830F39F78
P 0000021830FBBF98
C 256
= 0000021830FC6678
R
P 0000021830F39F78
C 345
R
P 0000021830F39F78
P 0000021830FC6678
C 211
R
P 0000021830F39F78
C 345
R
P 0000021830F39F78
P 0000021830FBBF98
C 262
R
P 0000021830F39F78
C 345
R
P 0000021830F39F78
P 0000021830FBBF98
C 261
R
P 0000021830F39F78
C 345
R
P 0000021830F39F78
P 0000021830FBBF98
C 260
R
P 0000021830F39F78
C 345
R
P 0000021830F39F78
P 0000021830FBBF98
C 9
R
P 0000021830F39F78
C 345
R
P 0000021830F39F78
U 2
P 00000218313B90A0
P 0000021830FBBF98
p 2
C 65
= 00000218313B9110
R
P 0000021830F39F78
C 345
R
P 0000021830F39F78
P 00000218313B9110
C 260
R
P 0000021830F39F78
C 345
R
P 0000021830F39F78
P 00000218313B9110
C 9
R
P 0000021830F39F78
C 345
R
P 0000021830F39F78
I 0
P 0000021830FC6738
C 152
= 0000021830FC70B8
R
P 0000021830F39F78
C 345
R
P 0000021830F39F78
P 0000021830FC70B8
C 260
R
P 0000021830F39F78
C 345
R
P 0000021830F39F78
P 0000021830FC70B8
C 9
R
P 0000021830F39F78
C 345
R
P 0000021830F39F78
I 0
P 0000021830FC6738
C 152
= 0000021830FC70B8
R
P 0000021830F39F78
C 345
R
P 0000021830F39F78
P 0000021830FC70B8
C 260
R
P 0000021830F39F78
C 345
R
P 0000021830F39F78
P 0000021830FC70B8
C 9
R
P 0000021830F39F78
C 345
R
P 0000021830F39F78
P 0000021830FC70B8
P 0000021830FC70B8
C 58
= 00000218313B14C0
R
P 0000021830F39F78
C 345
R
P 0000021830F39F78
P 00000218313B14C0
C 260
R
P 0000021830F39F78
C 345
R
P 0000021830F39F78
P 00000218313B14C0
C 9
R
P 0000021830F39F78
C 345
R
P 0000021830F39F78
C 56
= 0000021830FC66D8
R
P 0000021830F39F78
C 345
R
P 0000021830F39F78
P 0000021830FC66D8
C 260
R
P 0000021830F39F78
C 345
R
P 0000021830F39F78
P 0000021830FC66D8
C 9
R
P 0000021830F39F78
C 345
R
P 0000021830F39F78
I 0
P 0000021830FC6738
C 152
= 0000021830FC70B8
R
P 0000021830F39F78
C 345
R
P 0000021830F39F78
P 0000021830FC70B8
C 260
R
P 0000021830F39F78
C 345
R
P 0000021830F39F78
P 0000021830FC70B8
C 9
R
P 0000021830F39F78
C 345
R
P 0000021830F39F78
P 0000021830FC7FD8
P 0000021830FC70B8
C 58
= 00000218313B9148
R
P 0000021830F39F78
C 345
R
P 0000021830F39F78
P 00000218313B9148
C 260
R
P 0000021830F39F78
C 345
R
P 0000021830F39F78
P 00000218313B9148
C 9
R
P 0000021830F39F78
C 345
R
P 0000021830F39F78
P 00000218313B14C0
P 0000021830FC66D8
P 00000218313B9148
C 61
= 0000021830FBBFD8
R
P 0000021830F39F78
C 345
R
P 0000021830F39F78
P 0000021830FBBFD8
C 259
R
P 0000021830F39F78
C 345
R
P 0000021830F39F78
P 0000021830FBBFD8
C 256
= 0000021830FC6678
R
P 0000021830F39F78
C 345
R
P 0000021830F39F78
P 0000021830FC6678
C 211
R
P 0000021830F39F78
C 345
R
P 0000021830F39F78
P 0000021830FBBFD8
C 262
R
P 0000021830F39F78
C 345
R
P 0000021830F39F78
P 0000021830FBBFD8
C 261
R
P 0000021830F39F78
C 345
R
P 0000021830F39F78
P 0000021830FBBFD8
C 260
R
P 0000021830F39F78
C 345
R
P 0000021830F39F78
P 0000021830FBBFD8
C 9
R
P 0000021830F39F78
C 345
R
P 0000021830F39F78
U 2
P 00000218313B9110
P 0000021830FBBFD8
p 2
C 65
= 00000218313B9180
R
P 0000021830F39F78
C 345
R
P 0000021830F39F78
P 00000218313B9180
C 260
R
P 0000021830F39F78
C 345
R
P 0000021830F39F78
P 00000218313B9180
C 9
R
P 0000021830F39F78
C 345
R
P 0000021830F39F78
I 5
P 0000021830FC6738
C 152
= 0000021830FC82F8
R
P 0000021830F39F78
C 345
R
P 0000021830F39F78
P 0000021830FC82F8
C 260
R
P 0000021830F39F78
C 345
R
P 0000021830F39F78
P 0000021830FC82F8
C 9
R
P 0000021830F39F78
C 345
R
P 0000021830F39F78
I 0
P 0000021830FC6738
C 152
= 0000021830FC70B8
R
P 0000021830F39F78
C 345
R
P 0000021830F39F78
P 0000021830FC70B8
C 260
R
P 0000021830F39F78
C 345
R
P 0000021830F39F78
P 0000021830FC70B8
C 9
R
P 0000021830F39F78
C 345
R
P 0000021830F39F78
P 0000021830FC82F8
P 0000021830FC70B8
C 58
= 00000218313B1AE0
R
P 0000021830F39F78
C 345
R
P 0000021830F39F78
P 00000218313B1AE0
C 260
R
P 0000021830F39F78
C 345
R
P 0000021830F39F78
P 00000218313B1AE0
C 9
R
P 0000021830F39F78
C 345
R
P 0000021830F39F78
C 56
= 0000021830FC66D8
R
P 0000021830F39F78
C 345
R
P 0000021830F39F78
P 0000021830FC66D8
C 260
R
P 0000021830F39F78
C 345
R
P 0000021830F39F78
P 0000021830FC66D8
C 9
R
P 0000021830F39F78
C 345
R
P 0000021830F39F78
I 5
P 0000021830FC6738
C 152
= 0000021830FC82F8
R
P 0000021830F39F78
C 345
R
P 0000021830F39F78
P 0000021830FC82F8
C 260
R
P 0000021830F39F78
C 345
R
P 0000021830F39F78
P 0000021830FC82F8
C 9
R
P 0000021830F39F78
C 345
R
P 0000021830F39F78
P 0000021830FC7FF8
P 0000021830FC82F8
C 58
= 00000218313B91B8
R
P 0000021830F39F78
C 345
R
P 0000021830F39F78
P 00000218313B91B8
C 260
R
P 0000021830F39F78
C 345
R
P 0000021830F39F78
P 00000218313B91B8
C 9
R
P 0000021830F39F78
C 345
R
P 0000021830F39F78
P 00000218313B1AE0
P 0000021830FC66D8
P 00000218313B91B8
C 61
= 0000021830FBC018
R
P 0000021830F39F78
C 345
R
P 0000021830F39F78
P 0000021830FBC018
C 259
R
P 0000021830F39F78
C 345
R
P 0000021830F39F78
P 0000021830FBC018
C 256
= 0000021830FC6678
R
P 0000021830F39F78
C 345
R
P 0000021830F39F78
P 0000021830FC6678
C 211
R
P 0000021830F39F78
C 345
R
P 0000021830F39F78
P 0000021830FBC018
C 262
R
P 0000021830F39F78
C 345
R
P 0000021830F39F78
P 0000021830FBC018
C 261
R
P 0000021830F39F78
C 345
R
P 0000021830F39F78
P 0000021830FBC018
C 260
R
P 0000021830F39F78
C 345
R
P 0000021830F39F78
P 0000021830FBC018
C 9
R
P 0000021830F39F78
C 345
R
P 0000021830F39F78
U 2
P 00000218313B9180
P 0000021830FBC018
p 2
C 65
= 00000218313B91F0
R
P 0000021830F39F78
C 345
R
P 0000021830F39F78
P 00000218313B91F0
C 260
R
P 0000021830F39F78
C 345
R
P 0000021830F39F78
P 00000218313B91F0
C 9
R
P 0000021830F39F78
C 345
R
P 0000021830F39F78
I 2
P 0000021830FC6738
C 152
= 0000021830FC7558
R
P 0000021830F39F78
C 345
R
P 0000021830F39F78
P 0000021830FC7558
C 260
R
P 0000021830F39F78
C 345
R
P 0000021830F39F78
P 0000021830FC7558
C 9
R
P 0000021830F39F78
C 345
R
P 0000021830F39F78
I 0
P 0000021830FC6738
C 152
= 0000021830FC70B8
R
P 0000021830F39F78
C 345
R
P 0000021830F39F78
P 0000021830FC70B8
C 260
R
P 0000021830F39F78
C 345
R
P 0000021830F39F78
P 0000021830FC70B8
C 9
R
P 0000021830F39F78
C 345
R
P 0000021830F39F78
P 0000021830FC7558
P 0000021830FC70B8
C 58
= 00000218313B24F0
R
P 0000021830F39F78
C 345
R
P 0000021830F39F78
P 00000218313B24F0
C 260
R
P 0000021830F39F78
C 345
R
P 0000021830F39F78
P 00000218313B24F0
C 9
R
P 0000021830F39F78
C 345
R
P 0000021830F39F78
C 56
= 0000021830FC66D8
R
P 0000021830F39F78
C 345
R
P 0000021830F39F78
P 0000021830FC66D8
C 260
R
P 0000021830F39F78
C 345
R
P 0000021830F39F78
P 0000021830FC66D8
C 9
R
P 0000021830F39F78
C 345
R
P 0000021830F39F78
I 2
P 0000021830FC6738
C 152
= 0000021830FC7558
R
P 0000021830F39F78
C 345
R
P 0000021830F39F78
P 0000021830FC7558
C 260
R
P 0000021830F39F78
C 345
R
P 0000021830F39F78
P 0000021830FC7558
C 9
R
P 0000021830F39F78
C 345
R
P 0000021830F39F78
P 0000021830FC8018
P 0000021830FC7558
C 58
= 00000218313B9228
R
P 0000021830F39F78
C 345
R
P 0000021830F39F78
P 00000218313B9228
C 260
R
P 0000021830F39F78
C 345
R
P 0000021830F39F78
P 00000218313B9228
C 9
R
P 0000021830F39F78
C 345
R
P 0000021830F39F78
P 00000218313B24F0
P 0000021830FC66D8
P 00000218313B9228
C 61
= 0000021830FBC058
R
P 0000021830F39F78
C 345
R
P 0000021830F39F78
P 0000021830FBC058
C 259
R
P 0000021830F39F78
C 345
R
P 0000021830F39F78
P 0000021830FBC058
C 256
= 0000021830FC6678
R
P 0000021830F39F78
C 345
R
P 0000021830F39F78
P 0000021830FC6678
C 211
R
P 0000021830F39F78
C 345
R
P 0000021830F39F78
P 0000021830FBC058
C 262
R
P 0000021830F39F78
C 345
R
P 0000021830F39F78
P 0000021830FBC058
C 261
R
P 0000021830F39F78
C 345
R
P 0000021830F39F78
P 0000021830FBC058
C 260
R
P 0000021830F39F78
C 345
R
P 0000021830F39F78
P 0000021830FBC058
C 9
R
P 0000021830F39F78
C 345
R
P 0000021830F39F78
U 2
P 00000218313B91F0
P 0000021830FBC058
p 2
C 65
= 00000218313B9260
R
P 0000021830F39F78
C 345
R
P 0000021830F39F78
P 00000218313B9260
C 260
R
P 0000021830F39F78
C 345
R
P 0000021830F39F78
P 00000218313B9260
C 9
R
P 0000021830F39F78
C 345
R
P 0000021830F39F78
I 0
P 0000021830FC6738
C 152
= 0000021830FC70B8
R
P 0000021830F39F78
C 345
R
P 0000021830F39F78
P 0000021830FC70B8
C 260
R
P 0000021830F39F78
C 345
R
P 0000021830F39F78
P 0000021830FC70B8
C 9
R
P 0000021830F39F78
C 345
R
P 0000021830F39F78
I 0
P 0000021830FC6738
C 152
= 0000021830FC70B8
R
P 0000021830F39F78
C 345
R
P 0000021830F39F78
P 0000021830FC70B8
C 260
R
P 0000021830F39F78
C 345
R
P 0000021830F39F78
P 0000021830FC70B8
C 9
R
P 0000021830F39F78
C 345
R
P 0000021830F39F78
P 0000021830FC70B8
P 0000021830FC70B8
C 58
= 00000218313B14C0
R
P 0000021830F39F78
C 345
R
P 0000021830F39F78
P 00000218313B14C0
C 260
R
P 0000021830F39F78
C 345
R
P 0000021830F39F78
P 00000218313B14C0
C 9
R
P 0000021830F39F78
C 345
R
P 0000021830F39F78
C 56
= 0000021830FC66D8
R
P 0000021830F39F78
C 345
R
P 0000021830F39F78
P 0000021830FC66D8
C 260
R
P 0000021830F39F78
C 345
R
P 0000021830F39F78
P 0000021830FC66D8
C 9
R
P 0000021830F39F78
C 345
R
P 0000021830F39F78
I 0
P 0000021830FC6738
C 152
= 0000021830FC70B8
R
P 0000021830F39F78
C 345
R
P 0000021830F39F78
P 0000021830FC70B8
C 260
R
P 0000021830F39F78
C 345
R
P 0000021830F39F78
P 0000021830FC70B8
C 9
R
P 0000021830F39F78
C 345
R
P 0000021830F39F78
P 0000021830FC8038
P 0000021830FC70B8
C 58
= 00000218313B9298
R
P 0000021830F39F78
C 345
R
P 0000021830F39F78
P 00000218313B9298
C 260
R
P 0000021830F39F78
C 345
R
P 0000021830F39F78
P 00000218313B9298
C 9
R
P 0000021830F39F78
C 345
R
P 0000021830F39F78
P 00000218313B14C0
P 0000021830FC66D8
P 00000218313B9298
C 61
= 0000021830FBC098
R
P 0000021830F39F78
C 345
R
P 0000021830F39F78
P 0000021830FBC098
C 259
R
P 0000021830F39F78
C 345
R
P 0000021830F39F78
P 0000021830FBC098
C 256
= 0000021830FC6678
R
P 0000021830F39F78
C 345
R
P 0000021830F39F78
P 0000021830FC6678
C 211
R
P 0000021830F39F78
C 345
R
P 0000021830F39F78
P 0000021830FBC098
C 262
R
P 0000021830F39F78
C 345
R
P 0000021830F39F78
P 0000021830FBC098
C 261
R
P 0000021830F39F78
C 345
R
P 0000021830F39F78
P 0000021830FBC098
C 260
R
P 0000021830F39F78
C 345
R
P 0000021830F39F78
P 0000021830FBC098
C 9
R
P 0000021830F39F78
C 345
R
P 0000021830F39F78
U 2
P 00000218313B9260
P 0000021830FBC098
p 2
C 65
= 00000218313B92D0
R
P 0000021830F39F78
C 345
R
P 0000021830F39F78
P 00000218313B92D0
C 260
R
P 0000021830F39F78
C 345
R
P 0000021830F39F78
P 00000218313B92D0
C 9
R
P 0000021830F39F78
C 345
R
P 0000021830F39F78
I 9
P 0000021830FC6738
C 152
= 0000021830FC8298
R
P 0000021830F39F78
C 345
R
P 0000021830F39F78
P 0000021830FC8298
C 260
R
P 0000021830F39F78
C 345
R
P 0000021830F39F78
P 0000021830FC8298
C 9
R
P 0000021830F39F78
C 345
R
P 0000021830F39F78
I 0
P 0000021830FC6738
C 152
= 0000021830FC70B8
R
P 0000021830F39F78
C 345
R
P 0000021830F39F78
P 0000021830FC70B8
C 260
R
P 0000021830F39F78
C 345
R
P 0000021830F39F78
P 0000021830FC70B8
C 9
R
P 0000021830F39F78
C 345
R
P 0000021830F39F78
P 0000021830FC8298
P 0000021830FC70B8
C 58
= 00000218313B16B8
R
P 0000021830F39F78
C 345
R
P 0000021830F39F78
P 00000218313B16B8
C 260
R
P 0000021830F39F78
C 345
R
P 0000021830F39F78
P 00000218313B16B8
C 9
R
P 0000021830F39F78
C 345
R
P 0000021830F39F78
C 56
= 0000021830FC66D8
R
P 0000021830F39F78
C 345
R
P 0000021830F39F78
P 0000021830FC66D8
C 260
R
P 0000021830F39F78
C 345
R
P 0000021830F39F78
P 0000021830FC66D8
C 9
R
P 0000021830F39F78
C 345
R
P 0000021830F39F78
I 9
P 0000021830FC6738
C 152
= 0000021830FC8298
R
P 0000021830F39F78
C 345
R
P 0000021830F39F78
P 0000021830FC8298
C 260
R
P 0000021830F39F78
C 345
R
P 0000021830F39F78
P 0000021830FC8298
C 9
R
P 0000021830F39F78
C 345
R
P 0000021830F39F78
P 0000021830FC8058
P 0000021830FC8298
C 58
= 00000218313B9308
R
P 0000021830F39F78
C 345
R
P 0000021830F39F78
P 00000218313B9308
C 260
R
P 0000021830F39F78
C 345
R
P 0000021830F39F78
P 00000218313B9308
C 9
R
P 0000021830F39F78
C 345
R
P 0000021830F39F78
P 00000218313B16B8
P 0000021830FC66D8
P 00000218313B9308
C 61
= 0000021830FBC0D8
R
P 0000021830F39F78
C 345
R
P 0000021830F39F78
P 0000021830FBC0D8
C 259
R
P 0000021830F39F78
C 345
R
P 0000021830F39F78
P 0000021830FBC0D8
C 256
= 0000021830FC6678
R
P 0000021830F39F78
C 345
R
P 0000021830F39F78
P 0000021830FC6678
C 211
R
P 0000021830F39F78
C 345
R
P 0000021830F39F78
P 0000021830FBC0D8
C 262
R
P 0000021830F39F78
C 345
R
P 0000021830F39F78
P 0000021830FBC0D8
C 261
R
P 0000021830F39F78
C 345
R
P 0000021830F39F78
P 0000021830FBC0D8
C 260
R
P 0000021830F39F78
C 345
R
P 0000021830F39F78
P 0000021830FBC0D8
C 9
R
P 0000021830F39F78
C 345
R
P 0000021830F39F78
U 2
P 00000218313B92D0
P 0000021830FBC0D8
p 2
C 65
= 00000218313B9340
R
P 0000021830F39F78
C 345
R
P 0000021830F39F78
P 00000218313B9340
C 260
R
P 0000021830F39F78
C 345
R
P 0000021830F39F78
P 00000218313B9340
C 9
R
P 0000021830F39F78
C 345
R
P 0000021830F39F78
I 0
P 0000021830FC6738
C 152
= 0000021830FC70B8
R
P 0000021830F39F78
C 345
R
P 0000021830F39F78
P 0000021830FC70B8
C 260
R
P 0000021830F39F78
C 345
R
P 0000021830F39F78
P 0000021830FC70B8
C 9
R
P 0000021830F39F78
C 345
R
P 0000021830F39F78
I 0
P 0000021830FC6738
C 152
= 0000021830FC70B8
R
P 0000021830F39F78
C 345
R
P 0000021830F39F78
P 0000021830FC70B8
C 260
R
P 0000021830F39F78
C 345
R
P 0000021830F39F78
P 0000021830FC70B8
C 9
R
P 0000021830F39F78
C 345
R
P 0000021830F39F78
P 0000021830FC70B8
P 0000021830FC70B8
C 58
= 00000218313B14C0
R
P 0000021830F39F78
C 345
R
P 0000021830F39F78
P 00000218313B14C0
C 260
R
P 0000021830F39F78
C 345
R
P 0000021830F39F78
P 00000218313B14C0
C 9
R
P 0000021830F39F78
C 345
R
P 0000021830F39F78
C 56
= 0000021830FC66D8
R
P 0000021830F39F78
C 345
R
P 0000021830F39F78
P 0000021830FC66D8
C 260
R
P 0000021830F39F78
C 345
R
P 0000021830F39F78
P 0000021830FC66D8
C 9
R
P 0000021830F39F78
C 345
R
P 0000021830F39F78
I 0
P 0000021830FC6738
C 152
= 0000021830FC70B8
R
P 0000021830F39F78
C 345
R
P 0000021830F39F78
P 0000021830FC70B8
C 260
R
P 0000021830F39F78
C 345
R
P 0000021830F39F78
P 0000021830FC70B8
C 9
R
P 0000021830F39F78
C 345
R
P 0000021830F39F78
P 0000021830FC8078
P 0000021830FC70B8
C 58
= 00000218313B9378
R
P 0000021830F39F78
C 345
R
P 0000021830F39F78
P 00000218313B9378
C 260
R
P 0000021830F39F78
C 345
R
P 0000021830F39F78
P 00000218313B9378
C 9
R
P 0000021830F39F78
C 345
R
P 0000021830F39F78
P 00000218313B14C0
P 0000021830FC66D8
P 00000218313B9378
C 61
= 0000021830FBC118
R
P 0000021830F39F78
C 345
R
P 0000021830F39F78
P 0000021830FBC118
C 259
R
P 0000021830F39F78
C 345
R
P 0000021830F39F78
P 0000021830FBC118
C 256
= 0000021830FC6678
R
P 0000021830F39F78
C 345
R
P 0000021830F39F78
P 0000021830FC6678
C 211
R
P 0000021830F39F78
C 345
R
P 0000021830F39F78
P 0000021830FBC118
C 262
R
P 0000021830F39F78
C 345
R
P 0000021830F39F78
P 0000021830FBC118
C 261
R
P 0000021830F39F78
C 345
R
P 0000021830F39F78
P 0000021830FBC118
C 260
R
P 0000021830F39F78
C 345
R
P 0000021830F39F78
P 0000021830FBC118
C 9
R
P 0000021830F39F78
C 345
R
P 0000021830F39F78
U 2
P 00000218313B9340
P 0000021830FBC118
p 2
C 65
= 00000218313B93B0
R
P 0000021830F39F78
C 345
R
P 0000021830F39F78
P 00000218313B93B0
C 260
R
P 0000021830F39F78
C 345
R
P 0000021830F39F78
P 00000218313B93B0
C 9
R
P 0000021830F39F78
C 345
R
P 0000021830F39F78
I 0
P 0000021830FC6738
C 152
= 0000021830FC70B8
R
P 0000021830F39F78
C 345
R
P 0000021830F39F78
P 0000021830FC70B8
C 260
R
P 0000021830F39F78
C 345
R
P 0000021830F39F78
P 0000021830FC70B8
C 9
R
P 0000021830F39F78
C 345
R
P 0000021830F39F78
I 0
P 0000021830FC6738
C 152
= 0000021830FC70B8
R
P 0000021830F39F78
C 345
R
P 0000021830F39F78
P 0000021830FC70B8
C 260
R
P 0000021830F39F78
C 345
R
P 0000021830F39F78
P 0000021830FC70B8
C 9
R
P 0000021830F39F78
C 345
R
P 0000021830F39F78
P 0000021830FC70B8
P 0000021830FC70B8
C 58
= 00000218313B14C0
R
P 0000021830F39F78
C 345
R
P 0000021830F39F78
P 00000218313B14C0
C 260
R
P 0000021830F39F78
C 345
R
P 0000021830F39F78
P 00000218313B14C0
C 9
R
P 0000021830F39F78
C 345
R
P 0000021830F39F78
C 56
= 0000021830FC66D8
R
P 0000021830F39F78
C 345
R
P 0000021830F39F78
P 0000021830FC66D8
C 260
R
P 0000021830F39F78
C 345
R
P 0000021830F39F78
P 0000021830FC66D8
C 9
R
P 0000021830F39F78
C 345
R
P 0000021830F39F78
I 0
P 0000021830FC6738
C 152
= 0000021830FC70B8
R
P 0000021830F39F78
C 345
R
P 0000021830F39F78
P 0000021830FC70B8
C 260
R
P 0000021830F39F78
C 345
R
P 0000021830F39F78
P 0000021830FC70B8
C 9
R
P 0000021830F39F78
C 345
R
P 0000021830F39F78
P 0000021830FC8098
P 0000021830FC70B8
C 58
= 00000218313B93E8
R
P 0000021830F39F78
C 345
R
P 0000021830F39F78
P 00000218313B93E8
C 260
R
P 0000021830F39F78
C 345
R
P 0000021830F39F78
P 00000218313B93E8
C 9
R
P 0000021830F39F78
C 345
R
P 0000021830F39F78
P 00000218313B14C0
P 0000021830FC66D8
P 00000218313B93E8
C 61
= 0000021830FBC158
R
P 0000021830F39F78
C 345
R
P 0000021830F39F78
P 0000021830FBC158
C 259
R
P 0000021830F39F78
C 345
R
P 0000021830F39F78
P 0000021830FBC158
C 256
= 0000021830FC6678
R
P 0000021830F39F78
C 345
R
P 0000021830F39F78
P 0000021830FC6678
C 211
R
P 0000021830F39F78
C 345
R
P 0000021830F39F78
P 0000021830FBC158
C 262
R
P 0000021830F39F78
C 345
R
P 0000021830F39F78
P 0000021830FBC158
C 261
R
P 0000021830F39F78
C 345
R
P 0000021830F39F78
P 0000021830FBC158
C 260
R
P 0000021830F39F78
C 345
R
P 0000021830F39F78
P 0000021830FBC158
C 9
R
P 0000021830F39F78
C 345
R
P 0000021830F39F78
U 2
P 00000218313B93B0
P 0000021830FBC158
p 2
C 65
= 00000218313B9420
R
P 0000021830F39F78
C 345
R
P 0000021830F39F78
P 00000218313B9420
C 260
R
P 0000021830F39F78
C 345
R
P 0000021830F39F78
P 00000218313B9420
C 9
R
P 0000021830F39F78
C 345
R
P 0000021830F39F78
I 0
P 0000021830FC6738
C 152
= 0000021830FC70B8
R
P 0000021830F39F78
C 345
R
P 0000021830F39F78
P 0000021830FC70B8
C 260
R
P 0000021830F39F78
C 345
R
P 0000021830F39F78
P 0000021830FC70B8
C 9
R
P 0000021830F39F78
C 345
R
P 0000021830F39F78
I 0
P 0000021830FC6738
C 152
= 0000021830FC70B8
R
P 0000021830F39F78
C 345
R
P 0000021830F39F78
P 0000021830FC70B8
C 260
R
P 0000021830F39F78
C 345
R
P 0000021830F39F78
P 0000021830FC70B8
C 9
R
P 0000021830F39F78
C 345
R
P 0000021830F39F78
P 0000021830FC70B8
P 0000021830FC70B8
C 58
= 00000218313B14C0
R
P 0000021830F39F78
C 345
R
P 0000021830F39F78
P 00000218313B14C0
C 260
R
P 0000021830F39F78
C 345
R
P 0000021830F39F78
P 00000218313B14C0
C 9
R
P 0000021830F39F78
C 345
R
P 0000021830F39F78
C 56
= 0000021830FC66D8
R
P 0000021830F39F78
C 345
R
P 0000021830F39F78
P 0000021830FC66D8
C 260
R
P 0000021830F39F78
C 345
R
P 0000021830F39F78
P 0000021830FC66D8
C 9
R
P 0000021830F39F78
C 345
R
P 0000021830F39F78
I 0
P 0000021830FC6738
C 152
= 0000021830FC70B8
R
P 0000021830F39F78
C 345
R
P 0000021830F39F78
P 0000021830FC70B8
C 260
R
P 0000021830F39F78
C 345
R
P 0000021830F39F78
P 0000021830FC70B8
C 9
R
P 0000021830F39F78
C 345
R
P 0000021830F39F78
P 0000021830FC80B8
P 0000021830FC70B8
C 58
= 00000218313B9458
R
P 0000021830F39F78
C 345
R
P 0000021830F39F78
P 00000218313B9458
C 260
R
P 0000021830F39F78
C 345
R
P 0000021830F39F78
P 00000218313B9458
C 9
R
P 0000021830F39F78
C 345
R
P 0000021830F39F78
P 00000218313B14C0
P 0000021830FC66D8
P 00000218313B9458
C 61
= 0000021830FBC198
R
P 0000021830F39F78
C 345
R
P 0000021830F39F78
P 0000021830FBC198
C 259
R
P 0000021830F39F78
C 345
R
P 0000021830F39F78
P 0000021830FBC198
C 256
= 0000021830FC6678
R
P 0000021830F39F78
C 345
R
P 0000021830F39F78
P 0000021830FC6678
C 211
R
P 0000021830F39F78
C 345
R
P 0000021830F39F78
P 0000021830FBC198
C 262
R
P 0000021830F39F78
C 345
R
P 0000021830F39F78
P 0000021830FBC198
C 261
R
P 0000021830F39F78
C 345
R
P 0000021830F39F78
P 0000021830FBC198
C 260
R
P 0000021830F39F78
C 345
R
P 0000021830F39F78
P 0000021830FBC198
C 9
R
P 0000021830F39F78
C 345
R
P 0000021830F39F78
U 2
P 00000218313B9420
P 0000021830FBC198
p 2
C 65
= 00000218313B9490
R
P 0000021830F39F78
C 345
R
P 0000021830F39F78
P 00000218313B9490
C 260
R
P 0000021830F39F78
C 345
R
P 0000021830F39F78
P 00000218313B9490
C 9
R
P 0000021830F39F78
C 345
R
P 0000021830F39F78
I 6
P 0000021830FC6738
C 152
= 0000021830FC8358
R
P 0000021830F39F78
C 345
R
P 0000021830F39F78
P 0000021830FC8358
C 260
R
P 0000021830F39F78
C 345
R
P 0000021830F39F78
P 0000021830FC8358
C 9
R
P 0000021830F39F78
C 345
R
P 0000021830F39F78
I 0
P 0000021830FC6738
C 152
= 0000021830FC70B8
R
P 0000021830F39F78
C 345
R
P 0000021830F39F78
P 0000021830FC70B8
C 260
R
P 0000021830F39F78
C 345
R
P 0000021830F39F78
P 0000021830FC70B8
C 9
R
P 0000021830F39F78
C 345
R
P 0000021830F39F78
P 0000021830FC8358
P 0000021830FC70B8
C 58
= 00000218313B26E8
R
P 0000021830F39F78
C 345
R
P 0000021830F39F78
P 00000218313B26E8
C 260
R
P 0000021830F39F78
C 345
R
P 0000021830F39F78
P 00000218313B26E8
C 9
R
P 0000021830F39F78
C 345
R
P 0000021830F39F78
C 56
= 0000021830FC66D8
R
P 0000021830F39F78
C 345
R
P 0000021830F39F78
P 0000021830FC66D8
C 260
R
P 0000021830F39F78
C 345
R
P 0000021830F39F78
P 0000021830FC66D8
C 9
R
P 0000021830F39F78
C 345
R
P 0000021830F39F78
I 6
P 0000021830FC6738
C 152
= 0000021830FC8358
R
P 0000021830F39F78
C 345
R
P 0000021830F39F78
P 0000021830FC8358
C 260
R
P 0000021830F39F78
C 345
R
P 0000021830F39F78
P 0000021830FC8358
C 9
R
P 0000021830F39F78
C 345
R
P 0000021830F39F78
P 0000021830FC80D8
P 0000021830FC8358
C 58
= 00000218313B94C8
R
P 0000021830F39F78
C 345
R
P 0000021830F39F78
P 00000218313B94C8
C 260
R
P 0000021830F39F78
C 345
R
P 0000021830F39F78
P 00000218313B94C8
C 9
R
P 0000021830F39F78
C 345
R
P 0000021830F39F78
P 00000218313B26E8
P 0000021830FC66D8
P 00000218313B94C8
C 61
= 0000021830FBC1D8
R
P 0000021830F39F78
C 345
R
P 0000021830F39F78
P 0000021830FBC1D8
C 259
R
P 0000021830F39F78
C 345
R
P 0000021830F39F78
P 0000021830FBC1D8
C 256
= 0000021830FC6678
R
P 0000021830F39F78
C 345
R
P 0000021830F39F78
P 0000021830FC6678
C 211
R
P 0000021830F39F78
C 345
R
P 0000021830F39F78
P 0000021830FBC1D8
C 262
R
P 0000021830F39F78
C 345
R
P 0000021830F39F78
P 0000021830FBC1D8
C 261
R
P 0000021830F39F78
C 345
R
P 0000021830F39F78
P 0000021830FBC1D8
C 260
R
P 0000021830F39F78
C 345
R
P 0000021830F39F78
P 0000021830FBC1D8
C 9
R
P 0000021830F39F78
C 345
R
P 0000021830F39F78
U 2
P 00000218313B9490
P 0000021830FBC1D8
p 2
C 65
= 00000218313B9500
R
P 0000021830F39F78
C 345
R
P 0000021830F39F78
P 00000218313B9500
C 260
R
P 0000021830F39F78
C 345
R
P 0000021830F39F78
P 00000218313B9500
C 9
R
P 0000021830F39F78
C 345
R
P 0000021830F39F78
I 5
P 0000021830FC6738
C 152
= 0000021830FC82F8
R
P 0000021830F39F78
C 345
R
P 0000021830F39F78
P 0000021830FC82F8
C 260
R
P 0000021830F39F78
C 345
R
P 0000021830F39F78
P 0000021830FC82F8
C 9
R
P 0000021830F39F78
C 345
R
P 0000021830F39F78
I 0
P 0000021830FC6738
C 152
= 0000021830FC70B8
R
P 0000021830F39F78
C 345
R
P 0000021830F39F78
P 0000021830FC70B8
C 260
R
P 0000021830F39F78
C 345
R
P 0000021830F39F78
P 0000021830FC70B8
C 9
R
P 0000021830F39F78
C 345
R
P 0000021830F39F78
P 0000021830FC82F8
P 0000021830FC70B8
C 58
= 00000218313B1AE0
R
P 0000021830F39F78
C 345
R
P 0000021830F39F78
P 00000218313B1AE0
C 260
R
P 0000021830F39F78
C 345
R
P 0000021830F39F78
P 00000218313B1AE0
C 9
R
P 0000021830F39F78
C 345
R
P 0000021830F39F78
C 56
= 0000021830FC66D8
R
P 0000021830F39F78
C 345
R
P 0000021830F39F78
P 0000021830FC66D8
C 260
R
P 0000021830F39F78
C 345
R
P 0000021830F39F78
P 0000021830FC66D8
C 9
R
P 0000021830F39F78
C 345
R
P 0000021830F39F78
I 5
P 0000021830FC6738
C 152
= 0000021830FC82F8
R
P 0000021830F39F78
C 345
R
P 0000021830F39F78
P 0000021830FC82F8
C 260
R
P 0000021830F39F78
C 345
R
P 0000021830F39F78
P 0000021830FC82F8
C 9
R
P 0000021830F39F78
C 345
R
P 0000021830F39F78
P 0000021830FC80F8
P 0000021830FC82F8
C 58
= 00000218313B9538
R
P 0000021830F39F78
C 345
R
P 0000021830F39F78
P 00000218313B9538
C 260
R
P 0000021830F39F78
C 345
R
P 0000021830F39F78
P 00000218313B9538
C 9
R
P 0000021830F39F78
C 345
R
P 0000021830F39F78
P 00000218313B1AE0
P 0000021830FC66D8
P 00000218313B9538
C 61
= 0000021830FBC218
R
P 0000021830F39F78
C 345
R
P 0000021830F39F78
P 0000021830FBC218
C 259
R
P 0000021830F39F78
C 345
R
P 0000021830F39F78
P 0000021830FBC218
C 256
= 0000021830FC6678
R
P 0000021830F39F78
C 345
R
P 0000021830F39F78
P 0000021830FC6678
C 211
R
P 0000021830F39F78
C 345
R
P 0000021830F39F78
P 0000021830FBC218
C 262
R
P 0000021830F39F78
C 345
R
P 0000021830F39F78
P 0000021830FBC218
C 261
R
P 0000021830F39F78
C 345
R
P 0000021830F39F78
P 0000021830FBC218
C 260
R
P 0000021830F39F78
C 345
R
P 0000021830F39F78
P 0000021830FBC218
C 9
R
P 0000021830F39F78
C 345
R
P 0000021830F39F78
U 2
P 00000218313B9500
P 0000021830FBC218
p 2
C 65
= 00000218313B9570
R
P 0000021830F39F78
C 345
R
P 0000021830F39F78
P 00000218313B9570
C 260
R
P 0000021830F39F78
C 345
R
P 0000021830F39F78
P 00000218313B9570
C 9
R
P 0000021830F39F78
C 345
R
P 0000021830F39F78
I 0
P 0000021830FC6738
C 152
= 0000021830FC70B8
R
P 0000021830F39F78
C 345
R
P 0000021830F39F78
P 0000021830FC70B8
C 260
R
P 0000021830F39F78
C 345
R
P 0000021830F39F78
P 0000021830FC70B8
C 9
R
P 0000021830F39F78
C 345
R
P 0000021830F39F78
I 0
P 0000021830FC6738
C 152
= 0000021830FC70B8
R
P 0000021830F39F78
C 345
R
P 0000021830F39F78
P 0000021830FC70B8
C 260
R
P 0000021830F39F78
C 345
R
P 0000021830F39F78
P 0000021830FC70B8
C 9
R
P 0000021830F39F78
C 345
R
P 0000021830F39F78
P 0000021830FC70B8
P 0000021830FC70B8
C 58
= 00000218313B14C0
R
P 0000021830F39F78
C 345
R
P 0000021830F39F78
P 00000218313B14C0
C 260
R
P 0000021830F39F78
C 345
R
P 0000021830F39F78
P 00000218313B14C0
C 9
R
P 0000021830F39F78
C 345
R
P 0000021830F39F78
C 56
= 0000021830FC66D8
R
P 0000021830F39F78
C 345
R
P 0000021830F39F78
P 0000021830FC66D8
C 260
R
P 0000021830F39F78
C 345
R
P 0000021830F39F78
P 0000021830FC66D8
C 9
R
P 0000021830F39F78
C 345
R
P 0000021830F39F78
I 0
P 0000021830FC6738
C 152
= 0000021830FC70B8
R
P 0000021830F39F78
C 345
R
P 0000021830F39F78
P 0000021830FC70B8
C 260
R
P 0000021830F39F78
C 345
R
P 0000021830F39F78
P 0000021830FC70B8
C 9
R
P 0000021830F39F78
C 345
R
P 0000021830F39F78
P 0000021830FC8118
P 0000021830FC70B8
C 58
= 00000218313B95A8
R
P 0000021830F39F78
C 345
R
P 0000021830F39F78
P 00000218313B95A8
C 260
R
P 0000021830F39F78
C 345
R
P 0000021830F39F78
P 00000218313B95A8
C 9
R
P 0000021830F39F78
C 345
R
P 0000021830F39F78
P 00000218313B14C0
P 0000021830FC66D8
P 00000218313B95A8
C 61
= 0000021830FBC258
R
P 0000021830F39F78
C 345
R
P 0000021830F39F78
P 0000021830FBC258
C 259
R
P 0000021830F39F78
C 345
R
P 0000021830F39F78
P 0000021830FBC258
C 256
= 0000021830FC6678
R
P 0000021830F39F78
C 345
R
P 0000021830F39F78
P 0000021830FC6678
C 211
R
P 0000021830F39F78
C 345
R
P 0000021830F39F78
P 0000021830FBC258
C 262
R
P 0000021830F39F78
C 345
R
P 0000021830F39F78
P 0000021830FBC258
C 261
R
P 0000021830F39F78
C 345
R
P 0000021830F39F78
P 0000021830FBC258
C 260
R
P 0000021830F39F78
C 345
R
P 0000021830F39F78
P 0000021830FBC258
C 9
R
P 0000021830F39F78
C 345
R
P 0000021830F39F78
U 2
P 00000218313B9570
P 0000021830FBC258
p 2
C 65
= 00000218313B95E0
R
P 0000021830F39F78
C 345
R
P 0000021830F39F78
P 00000218313B95E0
C 260
R
P 0000021830F39F78
C 345
R
P 0000021830F39F78
P 00000218313B95E0
C 9
R
P 0000021830F39F78
C 345
R
P 0000021830F39F78
I 0
P 0000021830FC6738
C 152
= 0000021830FC70B8
R
P 0000021830F39F78
C 345
R
P 0000021830F39F78
P 0000021830FC70B8
C 260
R
P 0000021830F39F78
C 345
R
P 0000021830F39F78
P 0000021830FC70B8
C 9
R
P 0000021830F39F78
C 345
R
P 0000021830F39F78
I 0
P 0000021830FC6738
C 152
= 0000021830FC70B8
R
P 0000021830F39F78
C 345
R
P 0000021830F39F78
P 0000021830FC70B8
C 260
R
P 0000021830F39F78
C 345
R
P 0000021830F39F78
P 0000021830FC70B8
C 9
R
P 0000021830F39F78
C 345
R
P 0000021830F39F78
P 0000021830FC70B8
P 0000021830FC70B8
C 58
= 00000218313B14C0
R
P 0000021830F39F78
C 345
R
P 0000021830F39F78
P 00000218313B14C0
C 260
R
P 0000021830F39F78
C 345
R
P 0000021830F39F78
P 00000218313B14C0
C 9
R
P 0000021830F39F78
C 345
R
P 0000021830F39F78
C 56
= 0000021830FC66D8
R
P 0000021830F39F78
C 345
R
P 0000021830F39F78
P 0000021830FC66D8
C 260
R
P 0000021830F39F78
C 345
R
P 0000021830F39F78
P 0000021830FC66D8
C 9
R
P 0000021830F39F78
C 345
R
P 0000021830F39F78
I 0
P 0000021830FC6738
C 152
= 0000021830FC70B8
R
P 0000021830F39F78
C 345
R
P 0000021830F39F78
P 0000021830FC70B8
C 260
R
P 0000021830F39F78
C 345
R
P 0000021830F39F78
P 0000021830FC70B8
C 9
R
P 0000021830F39F78
C 345
R
P 0000021830F39F78
P 0000021830FC8138
P 0000021830FC70B8
C 58
= 00000218313B9618
R
P 0000021830F39F78
C 345
R
P 0000021830F39F78
P 00000218313B9618
C 260
R
P 0000021830F39F78
C 345
R
P 0000021830F39F78
P 00000218313B9618
C 9
R
P 0000021830F39F78
C 345
R
P 0000021830F39F78
P 00000218313B14C0
P 0000021830FC66D8
P 00000218313B9618
C 61
= 0000021830FBC298
R
P 0000021830F39F78
C 345
R
P 0000021830F39F78
P 0000021830FBC298
C 259
R
P 0000021830F39F78
C 345
R
P 0000021830F39F78
P 0000021830FBC298
C 256
= 0000021830FC6678
R
P 0000021830F39F78
C 345
R
P 0000021830F39F78
P 0000021830FC6678
C 211
R
P 0000021830F39F78
C 345
R
P 0000021830F39F78
P 0000021830FBC298
C 262
R
P 0000021830F39F78
C 345
R
P 0000021830F39F78
P 0000021830FBC298
C 261
R
P 0000021830F39F78
C 345
R
P 0000021830F39F78
P 0000021830FBC298
C 260
R
P 0000021830F39F78
C 345
R
P 0000021830F39F78
P 0000021830FBC298
C 9
R
P 0000021830F39F78
C 345
R
P 0000021830F39F78
U 2
P 00000218313B95E0
P 0000021830FBC298
p 2
C 65
= 00000218313B9650
R
P 0000021830F39F78
C 345
R
P 0000021830F39F78
P 00000218313B9650
C 260
R
P 0000021830F39F78
C 345
R
P 0000021830F39F78
P 00000218313B9650
C 9
R
P 0000021830F39F78
C 345
R
P 0000021830F39F78
I 0
P 0000021830FC6738
C 152
= 0000021830FC70B8
R
P 0000021830F39F78
C 345
R
P 0000021830F39F78
P 0000021830FC70B8
C 260
R
P 0000021830F39F78
C 345
R
P 0000021830F39F78
P 0000021830FC70B8
C 9
R
P 0000021830F39F78
C 345
R
P 0000021830F39F78
I 0
P 0000021830FC6738
C 152
= 0000021830FC70B8
R
P 0000021830F39F78
C 345
R
P 0000021830F39F78
P 0000021830FC70B8
C 260
R
P 0000021830F39F78
C 345
R
P 0000021830F39F78
P 0000021830FC70B8
C 9
R
P 0000021830F39F78
C 345
R
P 0000021830F39F78
P 0000021830FC70B8
P 0000021830FC70B8
C 58
= 00000218313B14C0
R
P 0000021830F39F78
C 345
R
P 0000021830F39F78
P 00000218313B14C0
C 260
R
P 0000021830F39F78
C 345
R
P 0000021830F39F78
P 00000218313B14C0
C 9
R
P 0000021830F39F78
C 345
R
P 0000021830F39F78
C 56
= 0000021830FC66D8
R
P 0000021830F39F78
C 345
R
P 0000021830F39F78
P 0000021830FC66D8
C 260
R
P 0000021830F39F78
C 345
R
P 0000021830F39F78
P 0000021830FC66D8
C 9
R
P 0000021830F39F78
C 345
R
P 0000021830F39F78
I 0
P 0000021830FC6738
C 152
= 0000021830FC70B8
R
P 0000021830F39F78
C 345
R
P 0000021830F39F78
P 0000021830FC70B8
C 260
R
P 0000021830F39F78
C 345
R
P 0000021830F39F78
P 0000021830FC70B8
C 9
R
P 0000021830F39F78
C 345
R
P 0000021830F39F78
P 0000021830FC8158
P 0000021830FC70B8
C 58
= 00000218313B9688
R
P 0000021830F39F78
C 345
R
P 0000021830F39F78
P 00000218313B9688
C 260
R
P 0000021830F39F78
C 345
R
P 0000021830F39F78
P 00000218313B9688
C 9
R
P 0000021830F39F78
C 345
R
P 0000021830F39F78
P 00000218313B14C0
P 0000021830FC66D8
P 00000218313B9688
C 61
= 0000021830FBC2D8
R
P 0000021830F39F78
C 345
R
P 0000021830F39F78
P 0000021830FBC2D8
C 259
R
P 0000021830F39F78
C 345
R
P 0000021830F39F78
P 0000021830FBC2D8
C 256
= 0000021830FC6678
R
P 0000021830F39F78
C 345
R
P 0000021830F39F78
P 0000021830FC6678
C 211
R
P 0000021830F39F78
C 345
R
P 0000021830F39F78
P 0000021830FBC2D8
C 262
R
P 0000021830F39F78
C 345
R
P 0000021830F39F78
P 0000021830FBC2D8
C 261
R
P 0000021830F39F78
C 345
R
P 0000021830F39F78
P 0000021830FBC2D8
C 260
R
P 0000021830F39F78
C 345
R
P 0000021830F39F78
P 0000021830FBC2D8
C 9
R
P 0000021830F39F78
C 345
R
P 0000021830F39F78
U 2
P 00000218313B9650
P 0000021830FBC2D8
p 2
C 65
= 00000218313B96C0
R
P 0000021830F39F78
C 345
R
P 0000021830F39F78
P 00000218313B96C0
C 260
R
P 0000021830F39F78
C 345
R
P 0000021830F39F78
P 00000218313B96C0
C 9
R
P 0000021830F39F78
C 345
R
P 0000021830F39F78
I 0
P 0000021830FC6738
C 152
= 0000021830FC70B8
R
P 0000021830F39F78
C 345
R
P 0000021830F39F78
P 0000021830FC70B8
C 260
R
P 0000021830F39F78
C 345
R
P 0000021830F39F78
P 0000021830FC70B8
C 9
R
P 0000021830F39F78
C 345
R
P 0000021830F39F78
I 0
P 0000021830FC6738
C 152
= 0000021830FC70B8
R
P 0000021830F39F78
C 345
R
P 0000021830F39F78
P 0000021830FC70B8
C 260
R
P 0000021830F39F78
C 345
R
P 0000021830F39F78
P 0000021830FC70B8
C 9
R
P 0000021830F39F78
C 345
R
P 0000021830F39F78
P 0000021830FC70B8
P 0000021830FC70B8
C 58
= 00000218313B14C0
R
P 0000021830F39F78
C 345
R
P 0000021830F39F78
P 00000218313B14C0
C 260
R
P 0000021830F39F78
C 345
R
P 0000021830F39F78
P 00000218313B14C0
C 9
R
P 0000021830F39F78
C 345
R
P 0000021830F39F78
C 56
= 0000021830FC66D8
R
P 0000021830F39F78
C 345
R
P 0000021830F39F78
P 0000021830FC66D8
C 260
R
P 0000021830F39F78
C 345
R
P 0000021830F39F78
P 0000021830FC66D8
C 9
R
P 0000021830F39F78
C 345
R
P 0000021830F39F78
I 0
P 0000021830FC6738
C 152
= 0000021830FC70B8
R
P 0000021830F39F78
C 345
R
P 0000021830F39F78
P 0000021830FC70B8
C 260
R
P 0000021830F39F78
C 345
R
P 0000021830F39F78
P 0000021830FC70B8
C 9
R
P 0000021830F39F78
C 345
R
P 0000021830F39F78
P 0000021830FC8178
P 0000021830FC70B8
C 58
= 00000218313B96F8
R
P 0000021830F39F78
C 345
R
P 0000021830F39F78
P 00000218313B96F8
C 260
R
P 0000021830F39F78
C 345
R
P 0000021830F39F78
P 00000218313B96F8
C 9
R
P 0000021830F39F78
C 345
R
P 0000021830F39F78
P 00000218313B14C0
P 0000021830FC66D8
P 00000218313B96F8
C 61
= 0000021830FBC318
R
P 0000021830F39F78
C 345
R
P 0000021830F39F78
P 0000021830FBC318
C 259
R
P 0000021830F39F78
C 345
R
P 0000021830F39F78
P 0000021830FBC318
C 256
= 0000021830FC6678
R
P 0000021830F39F78
C 345
R
P 0000021830F39F78
P 0000021830FC6678
C 211
R
P 0000021830F39F78
C 345
R
P 0000021830F39F78
P 0000021830FBC318
C 262
R
P 0000021830F39F78
C 345
R
P 0000021830F39F78
P 0000021830FBC318
C 261
R
P 0000021830F39F78
C 345
R
P 0000021830F39F78
P 0000021830FBC318
C 260
R
P 0000021830F39F78
C 345
R
P 0000021830F39F78
P 0000021830FBC318
C 9
R
P 0000021830F39F78
C 345
R
P 0000021830F39F78
U 2
P 00000218313B96C0
P 0000021830FBC318
p 2
C 65
= 00000218313B9730
R
P 0000021830F39F78
C 345
R
P 0000021830F39F78
P 00000218313B9730
C 260
R
P 0000021830F39F78
C 345
R
P 0000021830F39F78
P 00000218313B9730
C 9
R
P 0000021830F39F78
C 345
R
P 0000021830F39F78
I 4
P 0000021830FC6738
C 152
= 0000021830FC82B8
R
P 0000021830F39F78
C 345
R
P 0000021830F39F78
P 0000021830FC82B8
C 260
R
P 0000021830F39F78
C 345
R
P 0000021830F39F78
P 0000021830FC82B8
C 9
R
P 0000021830F39F78
C 345
R
P 0000021830F39F78
I 0
P 0000021830FC6738
C 152
= 0000021830FC70B8
R
P 0000021830F39F78
C 345
R
P 0000021830F39F78
P 0000021830FC70B8
C 260
R
P 0000021830F39F78
C 345
R
P 0000021830F39F78
P 0000021830FC70B8
C 9
R
P 0000021830F39F78
C 345
R
P 0000021830F39F78
P 0000021830FC82B8
P 0000021830FC70B8
C 58
= 00000218313B1760
R
P 0000021830F39F78
C 345
R
P 0000021830F39F78
P 00000218313B1760
C 260
R
P 0000021830F39F78
C 345
R
P 0000021830F39F78
P 00000218313B1760
C 9
R
P 0000021830F39F78
C 345
R
P 0000021830F39F78
C 56
= 0000021830FC66D8
R
P 0000021830F39F78
C 345
R
P 0000021830F39F78
P 0000021830FC66D8
C 260
R
P 0000021830F39F78
C 345
R
P 0000021830F39F78
P 0000021830FC66D8
C 9
R
P 0000021830F39F78
C 345
R
P 0000021830F39F78
I 4
P 0000021830FC6738
C 152
= 0000021830FC82B8
R
P 0000021830F39F78
C 345
R
P 0000021830F39F78
P 0000021830FC82B8
C 260
R
P 0000021830F39F78
C 345
R
P 0000021830F39F78
P 0000021830FC82B8
C 9
R
P 0000021830F39F78
C 345
R
P 0000021830F39F78
P 0000021830FC8198
P 0000021830FC82B8
C 58
= 00000218313B9768
R
P 0000021830F39F78
C 345
R
P 0000021830F39F78
P 00000218313B9768
C 260
R
P 0000021830F39F78
C 345
R
P 0000021830F39F78
P 00000218313B9768
C 9
R
P 0000021830F39F78
C 345
R
P 0000021830F39F78
P 00000218313B1760
P 0000021830FC66D8
P 00000218313B9768
C 61
= 0000021830FBC358
R
P 0000021830F39F78
C 345
R
P 0000021830F39F78
P 0000021830FBC358
C 259
R
P 0000021830F39F78
C 345
R
P 0000021830F39F78
P 0000021830FBC358
C 256
= 0000021830FC6678
R
P 0000021830F39F78
C 345
R
P 0000021830F39F78
P 0000021830FC6678
C 211
R
P 0000021830F39F78
C 345
R
P 0000021830F39F78
P 0000021830FBC358
C 262
R
P 0000021830F39F78
C 345
R
P 0000021830F39F78
P 0000021830FBC358
C 261
R
P 0000021830F39F78
C 345
R
P 0000021830F39F78
P 0000021830FBC358
C 260
R
P 0000021830F39F78
C 345
R
P 0000021830F39F78
P 0000021830FBC358
C 9
R
P 0000021830F39F78
C 345
R
P 0000021830F39F78
U 2
P 00000218313B9730
P 0000021830FBC358
p 2
C 65
= 00000218313B97A0
R
P 0000021830F39F78
C 345
R
P 0000021830F39F78
P 00000218313B97A0
C 260
R
P 0000021830F39F78
C 345
R
P 0000021830F39F78
P 00000218313B97A0
C 9
R
P 0000021830F39F78
C 345
R
P 0000021830F39F78
I 0
P 0000021830FC6738
C 152
= 0000021830FC70B8
R
P 0000021830F39F78
C 345
R
P 0000021830F39F78
P 0000021830FC70B8
C 260
R
P 0000021830F39F78
C 345
R
P 0000021830F39F78
P 0000021830FC70B8
C 9
R
P 0000021830F39F78
C 345
R
P 0000021830F39F78
I 0
P 0000021830FC6738
C 152
= 0000021830FC70B8
R
P 0000021830F39F78
C 345
R
P 0000021830F39F78
P 0000021830FC70B8
C 260
R
P 0000021830F39F78
C 345
R
P 0000021830F39F78
P 0000021830FC70B8
C 9
R
P 0000021830F39F78
C 345
R
P 0000021830F39F78
P 0000021830FC70B8
P 0000021830FC70B8
C 58
= 00000218313B14C0
R
P 0000021830F39F78
C 345
R
P 0000021830F39F78
P 00000218313B14C0
C 260
R
P 0000021830F39F78
C 345
R
P 0000021830F39F78
P 00000218313B14C0
C 9
R
P 0000021830F39F78
C 345
R
P 0000021830F39F78
C 56
= 0000021830FC66D8
R
P 0000021830F39F78
C 345
R
P 0000021830F39F78
P 0000021830FC66D8
C 260
R
P 0000021830F39F78
C 345
R
P 0000021830F39F78
P 0000021830FC66D8
C 9
R
P 0000021830F39F78
C 345
R
P 0000021830F39F78
I 0
P 0000021830FC6738
C 152
= 0000021830FC70B8
R
P 0000021830F39F78
C 345
R
P 0000021830F39F78
P 0000021830FC70B8
C 260
R
P 0000021830F39F78
C 345
R
P 0000021830F39F78
P 0000021830FC70B8
C 9
R
P 0000021830F39F78
C 345
R
P 0000021830F39F78
P 0000021830FC81B8
P 0000021830FC70B8
C 58
= 00000218313B97D8
R
P 0000021830F39F78
C 345
R
P 0000021830F39F78
P 00000218313B97D8
C 260
R
P 0000021830F39F78
C 345
R
P 0000021830F39F78
P 00000218313B97D8
C 9
R
P 0000021830F39F78
C 345
R
P 0000021830F39F78
P 00000218313B14C0
P 0000021830FC66D8
P 00000218313B97D8
C 61
= 0000021830FBC398
R
P 0000021830F39F78
C 345
R
P 0000021830F39F78
P 0000021830FBC398
C 259
R
P 0000021830F39F78
C 345
R
P 0000021830F39F78
P 0000021830FBC398
C 256
= 0000021830FC6678
R
P 0000021830F39F78
C 345
R
P 0000021830F39F78
P 0000021830FC6678
C 211
R
P 0000021830F39F78
C 345
R
P 0000021830F39F78
P 0000021830FBC398
C 262
R
P 0000021830F39F78
C 345
R
P 0000021830F39F78
P 0000021830FBC398
C 261
R
P 0000021830F39F78
C 345
R
P 0000021830F39F78
P 0000021830FBC398
C 260
R
P 0000021830F39F78
C 345
R
P 0000021830F39F78
P 0000021830FBC398
C 9
R
P 0000021830F39F78
C 345
R
P 0000021830F39F78
U 2
P 00000218313B97A0
P 0000021830FBC398
p 2
C 65
= 00000218313B9810
R
P 0000021830F39F78
C 345
R
P 0000021830F39F78
P 00000218313B9810
C 260
R
P 0000021830F39F78
C 345
R
P 0000021830F39F78
P 00000218313B9810
C 9
R
P 0000021830F39F78
C 345
R
P 0000021830F39F78
I 9
P 0000021830FC6738
C 152
= 0000021830FC8298
R
P 0000021830F39F78
C 345
R
P 0000021830F39F78
P 0000021830FC8298
C 260
R
P 0000021830F39F78
C 345
R
P 0000021830F39F78
P 0000021830FC8298
C 9
R
P 0000021830F39F78
C 345
R
P 0000021830F39F78
I 0
P 0000021830FC6738
C 152
= 0000021830FC70B8
R
P 0000021830F39F78
C 345
R
P 0000021830F39F78
P 0000021830FC70B8
C 260
R
P 0000021830F39F78
C 345
R
P 0000021830F39F78
P 0000021830FC70B8
C 9
R
P 0000021830F39F78
C 345
R
P 0000021830F39F78
P 0000021830FC8298
P 0000021830FC70B8
C 58
= 00000218313B16B8
R
P 0000021830F39F78
C 345
R
P 0000021830F39F78
P 00000218313B16B8
C 260
R
P 0000021830F39F78
C 345
R
P 0000021830F39F78
P 00000218313B16B8
C 9
R
P 0000021830F39F78
C 345
R
P 0000021830F39F78
C 56
= 0000021830FC66D8
R
P 0000021830F39F78
C 345
R
P 0000021830F39F78
P 0000021830FC66D8
C 260
R
P 0000021830F39F78
C 345
R
P 0000021830F39F78
P 0000021830FC66D8
C 9
R
P 0000021830F39F78
C 345
R
P 0000021830F39F78
I 9
P 0000021830FC6738
C 152
= 0000021830FC8298
R
P 0000021830F39F78
C 345
R
P 0000021830F39F78
P 0000021830FC8298
C 260
R
P 0000021830F39F78
C 345
R
P 0000021830F39F78
P 0000021830FC8298
C 9
R
P 0000021830F39F78
C 345
R
P 0000021830F39F78
P 0000021830FC81D8
P 0000021830FC8298
C 58
= 00000218313B9848
R
P 0000021830F39F78
C 345
R
P 0000021830F39F78
P 00000218313B9848
C 260
R
P 0000021830F39F78
C 345
R
P 0000021830F39F78
P 00000218313B9848
C 9
R
P 0000021830F39F78
C 345
R
P 0000021830F39F78
P 00000218313B16B8
P 0000021830FC66D8
P 00000218313B9848
C 61
= 0000021830FBC3D8
R
P 0000021830F39F78
C 345
R
P 0000021830F39F78
P 0000021830FBC3D8
C 259
R
P 0000021830F39F78
C 345
R
P 0000021830F39F78
P 0000021830FBC3D8
C 256
= 0000021830FC6678
R
P 0000021830F39F78
C 345
R
P 0000021830F39F78
P 0000021830FC6678
C 211
R
P 0000021830F39F78
C 345
R
P 0000021830F39F78
P 0000021830FBC3D8
C 262
R
P 0000021830F39F78
C 345
R
P 0000021830F39F78
P 0000021830FBC3D8
C 261
R
P 0000021830F39F78
C 345
R
P 0000021830F39F78
P 0000021830FBC3D8
C 260
R
P 0000021830F39F78
C 345
R
P 0000021830F39F78
P 0000021830FBC3D8
C 9
R
P 0000021830F39F78
C 345
R
P 0000021830F39F78
U 2
P 00000218313B9810
P 0000021830FBC3D8
p 2
C 65
= 00000218313B9880
R
P 0000021830F39F78
C 345
R
P 0000021830F39F78
P 00000218313B9880
C 260
R
P 0000021830F39F78
C 345
R
P 0000021830F39F78
P 00000218313B9880
C 9
R
P 0000021830F39F78
C 345
R
P 0000021830F39F78
I 7
P 0000021830FC6738
C 152
= 0000021830FC8318
R
P 0000021830F39F78
C 345
R
P 0000021830F39F78
P 0000021830FC8318
C 260
R
P 0000021830F39F78
C 345
R
P 0000021830F39F78
P 0000021830FC8318
C 9
R
P 0000021830F39F78
C 345
R
P 0000021830F39F78
I 0
P 0000021830FC6738
C 152
= 0000021830FC70B8
R
P 0000021830F39F78
C 345
R
P 0000021830F39F78
P 0000021830FC70B8
C 260
R
P 0000021830F39F78
C 345
R
P 0000021830F39F78
P 0000021830FC70B8
C 9
R
P 0000021830F39F78
C 345
R
P 0000021830F39F78
P 0000021830FC8318
P 0000021830FC70B8
C 58
= 00000218313B1D80
R
P 0000021830F39F78
C 345
R
P 0000021830F39F78
P 00000218313B1D80
C 260
R
P 0000021830F39F78
C 345
R
P 0000021830F39F78
P 00000218313B1D80
C 9
R
P 0000021830F39F78
C 345
R
P 0000021830F39F78
C 56
= 0000021830FC66D8
R
P 0000021830F39F78
C 345
R
P 0000021830F39F78
P 0000021830FC66D8
C 260
R
P 0000021830F39F78
C 345
R
P 0000021830F39F78
P 0000021830FC66D8
C 9
R
P 0000021830F39F78
C 345
R
P 0000021830F39F78
I 7
P 0000021830FC6738
C 152
= 0000021830FC8318
R
P 0000021830F39F78
C 345
R
P 0000021830F39F78
P 0000021830FC8318
C 260
R
P 0000021830F39F78
C 345
R
P 0000021830F39F78
P 0000021830FC8318
C 9
R
P 0000021830F39F78
C 345
R
P 0000021830F39F78
P 0000021830FC81F8
P 0000021830FC8318
C 58
= 00000218313B98B8
R
P 0000021830F39F78
C 345
R
P 0000021830F39F78
P 00000218313B98B8
C 260
R
P 0000021830F39F78
C 345
R
P 0000021830F39F78
P 00000218313B98B8
C 9
R
P 0000021830F39F78
C 345
R
P 0000021830F39F78
P 00000218313B1D80
P 0000021830FC66D8
P 00000218313B98B8
C 61
= 0000021830FBC418
R
P 0000021830F39F78
C 345
R
P 0000021830F39F78
P 0000021830FBC418
C 259
R
P 0000021830F39F78
C 345
R
P 0000021830F39F78
P 0000021830FBC418
C 256
= 0000021830FC6678
R
P 0000021830F39F78
C 345
R
P 0000021830F39F78
P 0000021830FC6678
C 211
R
P 0000021830F39F78
C 345
R
P 0000021830F39F78
P 0000021830FBC418
C 262
R
P 0000021830F39F78
C 345
R
P 0000021830F39F78
P 0000021830FBC418
C 261
R
P 0000021830F39F78
C 345
R
P 0000021830F39F78
P 0000021830FBC418
C 260
R
P 0000021830F39F78
C 345
R
P 0000021830F39F78
P 0000021830FBC418
C 9
R
P 0000021830F39F78
C 345
R
P 0000021830F39F78
U 2
P 00000218313B9880
P 0000021830FBC418
p 2
C 65
= 00000218313B98F0
R
P 0000021830F39F78
C 345
R
P 0000021830F39F78
P 00000218313B98F0
C 260
R
P 0000021830F39F78
C 345
R
P 0000021830F39F78
P 00000218313B98F0
C 9
R
P 0000021830F39F78
C 345
R
P 0000021830F39F78
I 0
P 0000021830FC6738
C 152
= 0000021830FC70B8
R
P 0000021830F39F78
C 345
R
P 0000021830F39F78
P 0000021830FC70B8
C 260
R
P 0000021830F39F78
C 345
R
P 0000021830F39F78
P 0000021830FC70B8
C 9
R
P 0000021830F39F78
C 345
R
P 0000021830F39F78
I 0
P 0000021830FC6738
C 152
= 0000021830FC70B8
R
P 0000021830F39F78
C 345
R
P 0000021830F39F78
P 0000021830FC70B8
C 260
R
P 0000021830F39F78
C 345
R
P 0000021830F39F78
P 0000021830FC70B8
C 9
R
P 0000021830F39F78
C 345
R
P 0000021830F39F78
P 0000021830FC70B8
P 0000021830FC70B8
C 58
= 00000218313B14C0
R
P 0000021830F39F78
C 345
R
P 0000021830F39F78
P 00000218313B14C0
C 260
R
P 0000021830F39F78
C 345
R
P 0000021830F39F78
P 00000218313B14C0
C 9
R
P 0000021830F39F78
C 345
R
P 0000021830F39F78
C 56
= 0000021830FC66D8
R
P 0000021830F39F78
C 345
R
P 0000021830F39F78
P 0000021830FC66D8
C 260
R
P 0000021830F39F78
C 345
R
P 0000021830F39F78
P 0000021830FC66D8
C 9
R
P 0000021830F39F78
C 345
R
P 0000021830F39F78
I 0
P 0000021830FC6738
C 152
= 0000021830FC70B8
R
P 0000021830F39F78
C 345
R
P 0000021830F39F78
P 0000021830FC70B8
C 260
R
P 0000021830F39F78
C 345
R
P 0000021830F39F78
P 0000021830FC70B8
C 9
R
P 0000021830F39F78
C 345
R
P 0000021830F39F78
P 0000021830FC8218
P 0000021830FC70B8
C 58
= 00000218313B9928
R
P 0000021830F39F78
C 345
R
P 0000021830F39F78
P 00000218313B9928
C 260
R
P 0000021830F39F78
C 345
R
P 0000021830F39F78
P 00000218313B9928
C 9
R
P 0000021830F39F78
C 345
R
P 0000021830F39F78
P 00000218313B14C0
P 0000021830FC66D8
P 00000218313B9928
C 61
= 0000021830FBC458
R
P 0000021830F39F78
C 345
R
P 0000021830F39F78
P 0000021830FBC458
C 259
R
P 0000021830F39F78
C 345
R
P 0000021830F39F78
P 0000021830FBC458
C 256
= 0000021830FC6678
R
P 0000021830F39F78
C 345
R
P 0000021830F39F78
P 0000021830FC6678
C 211
R
P 0000021830F39F78
C 345
R
P 0000021830F39F78
P 0000021830FBC458
C 262
R
P 0000021830F39F78
C 345
R
P 0000021830F39F78
P 0000021830FBC458
C 261
R
P 0000021830F39F78
C 345
R
P 0000021830F39F78
P 0000021830FBC458
C 260
R
P 0000021830F39F78
C 345
R
P 0000021830F39F78
P 0000021830FBC458
C 9
R
P 0000021830F39F78
C 345
R
P 0000021830F39F78
U 2
P 00000218313B98F0
P 0000021830FBC458
p 2
C 65
= 00000218313B9960
R
P 0000021830F39F78
C 345
R
P 0000021830F39F78
P 00000218313B9960
C 260
R
P 0000021830F39F78
C 345
R
P 0000021830F39F78
P 00000218313B9960
C 9
R
P 0000021830F39F78
C 345
R
P 0000021830F39F78
I 0
P 0000021830FC6738
C 152
= 0000021830FC70B8
R
P 0000021830F39F78
C 345
R
P 0000021830F39F78
P 0000021830FC70B8
C 260
R
P 0000021830F39F78
C 345
R
P 0000021830F39F78
P 0000021830FC70B8
C 9
R
P 0000021830F39F78
C 345
R
P 0000021830F39F78
I 0
P 0000021830FC6738
C 152
= 0000021830FC70B8
R
P 0000021830F39F78
C 345
R
P 0000021830F39F78
P 0000021830FC70B8
C 260
R
P 0000021830F39F78
C 345
R
P 0000021830F39F78
P 0000021830FC70B8
C 9
R
P 0000021830F39F78
C 345
R
P 0000021830F39F78
P 0000021830FC70B8
P 0000021830FC70B8
C 58
= 00000218313B14C0
R
P 0000021830F39F78
C 345
R
P 0000021830F39F78
P 00000218313B14C0
C 260
R
P 0000021830F39F78
C 345
R
P 0000021830F39F78
P 00000218313B14C0
C 9
R
P 0000021830F39F78
C 345
R
P 0000021830F39F78
C 56
= 0000021830FC66D8
R
P 0000021830F39F78
C 345
R
P 0000021830F39F78
P 0000021830FC66D8
C 260
R
P 0000021830F39F78
C 345
R
P 0000021830F39F78
P 0000021830FC66D8
C 9
R
P 0000021830F39F78
C 345
R
P 0000021830F39F78
I 0
P 0000021830FC6738
C 152
= 0000021830FC70B8
R
P 0000021830F39F78
C 345
R
P 0000021830F39F78
P 0000021830FC70B8
C 260
R
P 0000021830F39F78
C 345
R
P 0000021830F39F78
P 0000021830FC70B8
C 9
R
P 0000021830F39F78
C 345
R
P 0000021830F39F78
P 0000021830FC8238
P 0000021830FC70B8
C 58
= 00000218313B9998
R
P 0000021830F39F78
C 345
R
P 0000021830F39F78
P 00000218313B9998
C 260
R
P 0000021830F39F78
C 345
R
P 0000021830F39F78
P 00000218313B9998
C 9
R
P 0000021830F39F78
C 345
R
P 0000021830F39F78
P 00000218313B14C0
P 0000021830FC66D8
P 00000218313B9998
C 61
= 0000021830FBC498
R
P 0000021830F39F78
C 345
R
P 0000021830F39F78
P 0000021830FBC498
C 259
R
P 0000021830F39F78
C 345
R
P 0000021830F39F78
P 0000021830FBC498
C 256
= 0000021830FC6678
R
P 0000021830F39F78
C 345
R
P 0000021830F39F78
P 0000021830FC6678
C 211
R
P 0000021830F39F78
C 345
R
P 0000021830F39F78
P 0000021830FBC498
C 262
R
P 0000021830F39F78
C 345
R
P 0000021830F39F78
P 0000021830FBC498
C 261
R
P 0000021830F39F78
C 345
R
P 0000021830F39F78
P 0000021830FBC498
C 260
R
P 0000021830F39F78
C 345
R
P 0000021830F39F78
P 0000021830FBC498
C 9
R
P 0000021830F39F78
C 345
R
P 0000021830F39F78
U 2
P 00000218313B9960
P 0000021830FBC498
p 2
C 65
= 00000218313B99D0
R
P 0000021830F39F78
C 345
R
P 0000021830F39F78
P 00000218313B99D0
C 260
R
P 0000021830F39F78
C 345
R
P 0000021830F39F78
P 00000218313B99D0
C 9
R
P 0000021830F39F78
C 345
R
P 0000021830F39F78
I 0
P 0000021830FC6738
C 152
= 0000021830FC70B8
R
P 0000021830F39F78
C 345
R
P 0000021830F39F78
P 0000021830FC70B8
C 260
R
P 0000021830F39F78
C 345
R
P 0000021830F39F78
P 0000021830FC70B8
C 9
R
P 0000021830F39F78
C 345
R
P 0000021830F39F78
I 0
P 0000021830FC6738
C 152
= 0000021830FC70B8
R
P 0000021830F39F78
C 345
R
P 0000021830F39F78
P 0000021830FC70B8
C 260
R
P 0000021830F39F78
C 345
R
P 0000021830F39F78
P 0000021830FC70B8
C 9
R
P 0000021830F39F78
C 345
R
P 0000021830F39F78
P 0000021830FC70B8
P 0000021830FC70B8
C 58
= 00000218313B14C0
R
P 0000021830F39F78
C 345
R
P 0000021830F39F78
P 00000218313B14C0
C 260
R
P 0000021830F39F78
C 345
R
P 0000021830F39F78
P 00000218313B14C0
C 9
R
P 0000021830F39F78
C 345
R
P 0000021830F39F78
C 56
= 0000021830FC66D8
R
P 0000021830F39F78
C 345
R
P 0000021830F39F78
P 0000021830FC66D8
C 260
R
P 0000021830F39F78
C 345
R
P 0000021830F39F78
P 0000021830FC66D8
C 9
R
P 0000021830F39F78
C 345
R
P 0000021830F39F78
I 0
P 0000021830FC6738
C 152
= 0000021830FC70B8
R
P 0000021830F39F78
C 345
R
P 0000021830F39F78
P 0000021830FC70B8
C 260
R
P 0000021830F39F78
C 345
R
P 0000021830F39F78
P 0000021830FC70B8
C 9
R
P 0000021830F39F78
C 345
R
P 0000021830F39F78
P 0000021830FC8258
P 0000021830FC70B8
C 58
= 00000218313B9A08
R
P 0000021830F39F78
C 345
R
P 0000021830F39F78
P 00000218313B9A08
C 260
R
P 0000021830F39F78
C 345
R
P 0000021830F39F78
P 00000218313B9A08
C 9
R
P 0000021830F39F78
C 345
R
P 0000021830F39F78
P 00000218313B14C0
P 0000021830FC66D8
P 00000218313B9A08
C 61
= 0000021830FBC4D8
R
P 0000021830F39F78
C 345
R
P 0000021830F39F78
P 0000021830FBC4D8
C 259
R
P 0000021830F39F78
C 345
R
P 0000021830F39F78
P 0000021830FBC4D8
C 256
= 0000021830FC6678
R
P 0000021830F39F78
C 345
R
P 0000021830F39F78
P 0000021830FC6678
C 211
R
P 0000021830F39F78
C 345
R
P 0000021830F39F78
P 0000021830FBC4D8
C 262
R
P 0000021830F39F78
C 345
R
P 0000021830F39F78
P 0000021830FBC4D8
C 261
R
P 0000021830F39F78
C 345
R
P 0000021830F39F78
P 0000021830FBC4D8
C 260
R
P 0000021830F39F78
C 345
R
P 0000021830F39F78
P 0000021830FBC4D8
C 9
R
P 0000021830F39F78
C 345
R
P 0000021830F39F78
U 2
P 00000218313B99D0
P 0000021830FBC4D8
p 2
C 65
= 00000218313B9A40
R
P 0000021830F39F78
C 345
R
P 0000021830F39F78
P 00000218313B9A40
C 260
R
P 0000021830F39F78
C 345
R
P 0000021830F39F78
P 00000218313B9A40
C 9
R
P 0000021830F39F78
C 345
R
P 0000021830F39F78
I 0
P 0000021830FC6738
C 152
= 0000021830FC70B8
R
P 0000021830F39F78
C 345
R
P 0000021830F39F78
P 0000021830FC70B8
C 260
R
P 0000021830F39F78
C 345
R
P 0000021830F39F78
P 0000021830FC70B8
C 9
R
P 0000021830F39F78
C 345
R
P 0000021830F39F78
I 0
P 0000021830FC6738
C 152
= 0000021830FC70B8
R
P 0000021830F39F78
C 345
R
P 0000021830F39F78
P 0000021830FC70B8
C 260
R
P 0000021830F39F78
C 345
R
P 0000021830F39F78
P 0000021830FC70B8
C 9
R
P 0000021830F39F78
C 345
R
P 0000021830F39F78
P 0000021830FC70B8
P 0000021830FC70B8
C 58
= 00000218313B14C0
R
P 0000021830F39F78
C 345
R
P 0000021830F39F78
P 00000218313B14C0
C 260
R
P 0000021830F39F78
C 345
R
P 0000021830F39F78
P 00000218313B14C0
C 9
R
P 0000021830F39F78
C 345
R
P 0000021830F39F78
C 56
= 0000021830FC66D8
R
P 0000021830F39F78
C 345
R
P 0000021830F39F78
P 0000021830FC66D8
C 260
R
P 0000021830F39F78
C 345
R
P 0000021830F39F78
P 0000021830FC66D8
C 9
R
P 0000021830F39F78
C 345
R
P 0000021830F39F78
I 0
P 0000021830FC6738
C 152
= 0000021830FC70B8
R
P 0000021830F39F78
C 345
R
P 0000021830F39F78
P 0000021830FC70B8
C 260
R
P 0000021830F39F78
C 345
R
P 0000021830F39F78
P 0000021830FC70B8
C 9
R
P 0000021830F39F78
C 345
R
P 0000021830F39F78
P 0000021830FC8278
P 0000021830FC70B8
C 58
= 00000218313B9A78
R
P 0000021830F39F78
C 345
R
P 0000021830F39F78
P 00000218313B9A78
C 260
R
P 0000021830F39F78
C 345
R
P 0000021830F39F78
P 00000218313B9A78
C 9
R
P 0000021830F39F78
C 345
R
P 0000021830F39F78
P 00000218313B14C0
P 0000021830FC66D8
P 00000218313B9A78
C 61
= 0000021830FBC518
R
P 0000021830F39F78
C 345
R
P 0000021830F39F78
P 0000021830FBC518
C 259
R
P 0000021830F39F78
C 345
R
P 0000021830F39F78
P 0000021830FBC518
C 256
= 0000021830FC6678
R
P 0000021830F39F78
C 345
R
P 0000021830F39F78
P 0000021830FC6678
C 211
R
P 0000021830F39F78
C 345
R
P 0000021830F39F78
P 0000021830FBC518
C 262
R
P 0000021830F39F78
C 345
R
P 0000021830F39F78
P 0000021830FBC518
C 261
R
P 0000021830F39F78
C 345
R
P 0000021830F39F78
P 0000021830FBC518
C 260
R
P 0000021830F39F78
C 345
R
P 0000021830F39F78
P 0000021830FBC518
C 9
R
P 0000021830F39F78
C 345
R
P 0000021830F39F78
U 2
P 00000218313B9A40
P 0000021830FBC518
p 2
C 65
= 00000218313B9AB0
R
P 0000021830F39F78
C 345
R
P 0000021830F39F78
P 00000218313B9AB0
C 260
R
P 0000021830F39F78
C 345
R
P 0000021830F39F78
P 00000218313B9AB0
C 9
R
P 0000021830F39F78
C 345
R
P 0000021830F39F78
C 415
= 00000218316D38D8
R
P 0000021830F39F78
C 345
R
P 0000021830F39F78
P 00000218316D38D8
C 424
R
P 0000021830F39F78
C 345
R
P 0000021830F39F78
P 00000218316D38D8
P 00000218313B1488
C 430
R
P 0000021830F39F78
C 345
R
P 0000021830F39F78
P 00000218316D38D8
P 00000218313B9AB0
C 430
R
P 0000021830F39F78
C 345
R
P 0000021830F39F78
P 00000218316D38D8
C 437
R
P 0000021830F39F78
C 345
R
P 0000021830F39F78
P 00000218316D38D8
C 442
= 0000021831A41498
R
P 0000021830F39F78
C 345
R
P 0000021830F39F78
P 0000021831A41498
C 303
R
P 0000021830F39F78
C 345
R
P 0000021830F39F78
P 0000021831A41498
P 0000021830FC7878
I 0
P 0000000000000000
C 305
* 0000021830FC82F8 4
R
P 0000021830F39F78
C 345
R
P 0000021830F39F78
P 0000021830FC82F8
C 259
R
P 0000021830F39F78
C 345
R
P 0000021830F39F78
P 0000021830FC82F8
C 256
= 0000021830FC6738
R
P 0000021830F39F78
C 345
R
P 0000021830F39F78
P 0000021830FC6738
C 211
R
P 0000021830F39F78
C 345
R
P 0000021830F39F78
P 0000021830FC82F8
C 262
R
P 0000021830F39F78
C 345
R
P 0000021830F39F78
P 0000021830FC82F8
C 261
R
P 0000021830F39F78
C 345
R
P 0000021830F39F78
P 0000021830FC82F8
C 260
R
P 0000021830F39F78
C 345
R
P 0000021830F39F78
P 0000021830FC82F8
C 9
R
P 0000021830F39F78
C 345
R
P 0000021830F39F78
P 0000021831A41498
P 0000021830FC7898
I 0
P 0000000000000000
C 305
* 0000021830FC8318 4
R
P 0000021830F39F78
C 345
R
P 0000021830F39F78
P 0000021830FC8318
C 259
R
P 0000021830F39F78
C 345
R
P 0000021830F39F78
P 0000021830FC8318
C 256
= 0000021830FC6738
R
P 0000021830F39F78
C 345
R
P 0000021830F39F78
P 0000021830FC6738
C 211
R
P 0000021830F39F78
C 345
R
P 0000021830F39F78
P 0000021830FC8318
C 262
R
P 0000021830F39F78
C 345
R
P 0000021830F39F78
P 0000021830FC8318
C 261
R
P 0000021830F39F78
C 345
R
P 0000021830F39F78
P 0000021830FC8318
C 260
R
P 0000021830F39F78
C 345
R
P 0000021830F39F78
P 0000021830FC8318
C 9
R
P 0000021830F39F78
C 345
R
P 0000021830F39F78
P 0000021831A41498
P 0000021830FC78B8
I 0
P 0000000000000000
C 305
* 0000021830FC8358 4
R
P 0000021830F39F78
C 345
R
P 0000021830F39F78
P 0000021830FC8358
C 259
R
P 0000021830F39F78
C 345
R
P 0000021830F39F78
P 0000021830FC8358
C 256
= 0000021830FC6738
R
P 0000021830F39F78
C 345
R
P 0000021830F39F78
P 0000021830FC6738
C 211
R
P 0000021830F39F78
C 345
R
P 0000021830F39F78
P 0000021830FC8358
C 262
R
P 0000021830F39F78
C 345
R
P 0000021830F39F78
P 0000021830FC8358
C 261
R
P 0000021830F39F78
C 345
R
P 0000021830F39F78
P 0000021830FC8358
C 260
R
P 0000021830F39F78
C 345
R
P 0000021830F39F78
P 0000021830FC8358
C 9
R
P 0000021830F39F78
C 345
R
P 0000021830F39F78
P 0000021831A41498
P 0000021830FC78D8
I 0
P 0000000000000000
C 305
* 0000021830FC7558 4
R
P 0000021830F39F78
C 345
R
P 0000021830F39F78
P 0000021830FC7558
C 259
R
P 0000021830F39F78
C 345
R
P 0000021830F39F78
P 0000021830FC7558
C 256
= 0000021830FC6738
R
P 0000021830F39F78
C 345
R
P 0000021830F39F78
P 0000021830FC6738
C 211
R
P 0000021830F39F78
C 345
R
P 0000021830F39F78
P 0000021830FC7558
C 262
R
P 0000021830F39F78
C 345
R
P 0000021830F39F78
P 0000021830FC7558
C 261
R
P 0000021830F39F78
C 345
R
P 0000021830F39F78
P 0000021830FC7558
C 260
R
P 0000021830F39F78
C 345
R
P 0000021830F39F78
P 0000021830FC7558
C 9
R
P 0000021830F39F78
C 345
R
P 0000021830F39F78
P 0000021831A41498
P 0000021830FC78F8
I 0
P 0000000000000000
C 305
* 0000021830FC8298 4
R
P 0000021830F39F78
C 345
R
P 0000021830F39F78
P 0000021830FC8298
C 259
R
P 0000021830F39F78
C 345
R
P 0000021830F39F78
P 0000021830FC8298
C 256
= 0000021830FC6738
R
P 0000021830F39F78
C 345
R
P 0000021830F39F78
P 0000021830FC6738
C 211
R
P 0000021830F39F78
C 345
R
P 0000021830F39F78
P 0000021830FC8298
C 262
R
P 0000021830F39F78
C 345
R
P 0000021830F39F78
P 0000021830FC8298
C 261
R
P 0000021830F39F78
C 345
R
P 0000021830F39F78
P 0000021830FC8298
C 260
R
P 0000021830F39F78
C 345
R
P 0000021830F39F78
P 0000021830FC8298
C 9
R
P 0000021830F39F78
C 345
R
P 0000021830F39F78
P 0000021831A41498
P 0000021830FC7918
I 0
P 0000000000000000
C 305
* 0000021830FC82B8 4
R
P 0000021830F39F78
C 345
R
P 0000021830F39F78
P 0000021830FC82B8
C 259
R
P 0000021830F39F78
C 345
R
P 0000021830F39F78
P 0000021830FC82B8
C 256
= 0000021830FC6738
R
P 0000021830F39F78
C 345
R
P 0000021830F39F78
P 0000021830FC6738
C 211
R
P 0000021830F39F78
C 345
R
P 0000021830F39F78
P 0000021830FC82B8
C 262
R
P 0000021830F39F78
C 345
R
P 0000021830F39F78
P 0000021830FC82B8
C 261
R
P 0000021830F39F78
C 345
R
P 0000021830F39F78
P 0000021830FC82B8
C 260
R
P 0000021830F39F78
C 345
R
P 0000021830F39F78
P 0000021830FC82B8
C 9
R
P 0000021830F39F78
C 345
R
P 0000021830F39F78
P 0000021831A41498
P 0000021830FC7938
I 0
P 0000000000000000
C 305
* 0000021830FC8338 4
R
P 0000021830F39F78
C 345
R
P 0000021830F39F78
P 0000021830FC8338
C 259
R
P 0000021830F39F78
C 345
R
P 0000021830F39F78
P 0000021830FC8338
C 256
= 0000021830FC6738
R
P 0000021830F39F78
C 345
R
P 0000021830F39F78
P 0000021830FC6738
C 211
R
P 0000021830F39F78
C 345
R
P 0000021830F39F78
P 0000021830FC8338
C 262
R
P 0000021830F39F78
C 345
R
P 0000021830F39F78
P 0000021830FC8338
C 261
R
P 0000021830F39F78
C 345
R
P 0000021830F39F78
P 0000021830FC8338
C 260
R
P 0000021830F39F78
C 345
R
P 0000021830F39F78
P 0000021830FC8338
C 9
R
P 0000021830F39F78
C 345
R
P 0000021830F39F78
P 0000021831A41498
P 0000021830FC7958
I 0
P 0000000000000000
C 305
* 0000021830FC82D8 4
R
P 0000021830F39F78
C 345
R
P 0000021830F39F78
P 0000021830FC82D8
C 259
R
P 0000021830F39F78
C 345
R
P 0000021830F39F78
P 0000021830FC82D8
C 256
= 0000021830FC6738
R
P 0000021830F39F78
C 345
R
P 0000021830F39F78
P 0000021830FC6738
C 211
R
P 0000021830F39F78
C 345
R
P 0000021830F39F78
P 0000021830FC82D8
C 262
R
P 0000021830F39F78
C 345
R
P 0000021830F39F78
P 0000021830FC82D8
C 261
R
P 0000021830F39F78
C 345
R
P 0000021830F39F78
P 0000021830FC82D8
C 260
R
P 0000021830F39F78
C 345
R
P 0000021830F39F78
P 0000021830FC82D8
C 9
R
P 0000021830F39F78
C 345
R
P 0000021830F39F78
P 0000021831A41498
P 0000021830FC7978
I 0
P 0000000000000000
C 305
* 0000021830FC7318 4
R
P 0000021830F39F78
C 345
R
P 0000021830F39F78
P 0000021830FC7318
C 259
R
P 0000021830F39F78
C 345
R
P 0000021830F39F78
P 0000021830FC7318
C 256
= 0000021830FC6738
R
P 0000021830F39F78
C 345
R
P 0000021830F39F78
P 0000021830FC6738
C 211
R
P 0000021830F39F78
C 345
R
P 0000021830F39F78
P 0000021830FC7318
C 262
R
P 0000021830F39F78
C 345
R
P 0000021830F39F78
P 0000021830FC7318
C 261
R
P 0000021830F39F78
C 345
R
P 0000021830F39F78
P 0000021830FC7318
C 260
R
P 0000021830F39F78
C 345
R
P 0000021830F39F78
P 0000021830FC7318
C 9
R
P 0000021830F39F78
C 345
R
P 0000021830F39F78
P 0000021831A41498
P 0000021830FC7998
I 0
P 0000000000000000
C 305
* 0000021830FC82B8 4
R
P 0000021830F39F78
C 345
R
P 0000021830F39F78
P 0000021830FC82B8
C 259
R
P 0000021830F39F78
C 345
R
P 0000021830F39F78
P 0000021830FC82B8
C 256
= 0000021830FC6738
R
P 0000021830F39F78
C 345
R
P 0000021830F39F78
P 0000021830FC6738
C 211
R
P 0000021830F39F78
C 345
R
P 0000021830F39F78
P 0000021830FC82B8
C 262
R
P 0000021830F39F78
C 345
R
P 0000021830F39F78
P 0000021830FC82B8
C 261
R
P 0000021830F39F78
C 345
R
P 0000021830F39F78
P 0000021830FC82B8
C 260
R
P 0000021830F39F78
C 345
R
P 0000021830F39F78
P 0000021830FC82B8
C 9
R
P 0000021830F39F78
C 345
R
P 0000021830F39F78
P 0000021831A41498
P 0000021830FC79B8
I 0
P 0000000000000000
C 305
* 0000021830FC7558 4
R
P 0000021830F39F78
C 345
R
P 0000021830F39F78
P 0000021830FC7558
C 259
R
P 0000021830F39F78
C 345
R
P 0000021830F39F78
P 0000021830FC7558
C 256
= 0000021830FC6738
R
P 0000021830F39F78
C 345
R
P 0000021830F39F78
P 0000021830FC6738
C 211
R
P 0000021830F39F78
C 345
R
P 0000021830F39F78
P 0000021830FC7558
C 262
R
P 0000021830F39F78
C 345
R
P 0000021830F39F78
P 0000021830FC7558
C 261
R
P 0000021830F39F78
C 345
R
P 0000021830F39F78
P 0000021830FC7558
C 260
R
P 0000021830F39F78
C 345
R
P 0000021830F39F78
P 0000021830FC7558
C 9
R
P 0000021830F39F78
C 345
R
P 0000021830F39F78
P 0000021831A41498
P 0000021830FC79D8
I 0
P 0000000000000000
C 305
* 0000021830FC82D8 4
R
P 0000021830F39F78
C 345
R
P 0000021830F39F78
P 0000021830FC82D8
C 259
R
P 0000021830F39F78
C 345
R
P 0000021830F39F78
P 0000021830FC82D8
C 256
= 0000021830FC6738
R
P 0000021830F39F78
C 345
R
P 0000021830F39F78
P 0000021830FC6738
C 211
R
P 0000021830F39F78
C 345
R
P 0000021830F39F78
P 0000021830FC82D8
C 262
R
P 0000021830F39F78
C 345
R
P 0000021830F39F78
P 0000021830FC82D8
C 261
R
P 0000021830F39F78
C 345
R
P 0000021830F39F78
P 0000021830FC82D8
C 260
R
P 0000021830F39F78
C 345
R
P 0000021830F39F78
P 0000021830FC82D8
C 9
R
P 0000021830F39F78
C 345
R
P 0000021830F39F78
P 0000021831A41498
P 0000021830FC79F8
I 0
P 0000000000000000
C 305
* 0000021830FC82F8 4
R
P 0000021830F39F78
C 345
R
P 0000021830F39F78
P 0000021830FC82F8
C 259
R
P 0000021830F39F78
C 345
R
P 0000021830F39F78
P 0000021830FC82F8
C 256
= 0000021830FC6738
R
P 0000021830F39F78
C 345
R
P 0000021830F39F78
P 0000021830FC6738
C 211
R
P 0000021830F39F78
C 345
R
P 0000021830F39F78
P 0000021830FC82F8
C 262
R
P 0000021830F39F78
C 345
R
P 0000021830F39F78
P 0000021830FC82F8
C 261
R
P 0000021830F39F78
C 345
R
P 0000021830F39F78
P 0000021830FC82F8
C 260
R
P 0000021830F39F78
C 345
R
P 0000021830F39F78
P 0000021830FC82F8
C 9
R
P 0000021830F39F78
C 345
R
P 0000021830F39F78
P 0000021831A41498
P 0000021830FC7A18
I 0
P 0000000000000000
C 305
* 0000021830FC7318 4
R
P 0000021830F39F78
C 345
R
P 0000021830F39F78
P 0000021830FC7318
C 259
R
P 0000021830F39F78
C 345
R
P 0000021830F39F78
P 0000021830FC7318
C 256
= 0000021830FC6738
R
P 0000021830F39F78
C 345
R
P 0000021830F39F78
P 0000021830FC6738
C 211
R
P 0000021830F39F78
C 345
R
P 0000021830F39F78
P 0000021830FC7318
C 262
R
P 0000021830F39F78
C 345
R
P 0000021830F39F78
P 0000021830FC7318
C 261
R
P 0000021830F39F78
C 345
R
P 0000021830F39F78
P 0000021830FC7318
C 260
R
P 0000021830F39F78
C 345
R
P 0000021830F39F78
P 0000021830FC7318
C 9
R
P 0000021830F39F78
C 345
R
P 0000021830F39F78
P 0000021831A41498
P 0000021830FC7A38
I 0
P 0000000000000000
C 305
* 0000021830FC8338 4
R
P 0000021830F39F78
C 345
R
P 0000021830F39F78
P 0000021830FC8338
C 259
R
P 0000021830F39F78
C 345
R
P 0000021830F39F78
P 0000021830FC8338
C 256
= 0000021830FC6738
R
P 0000021830F39F78
C 345
R
P 0000021830F39F78
P 0000021830FC6738
C 211
R
P 0000021830F39F78
C 345
R
P 0000021830F39F78
P 0000021830FC8338
C 262
R
P 0000021830F39F78
C 345
R
P 0000021830F39F78
P 0000021830FC8338
C 261
R
P 0000021830F39F78
C 345
R
P 0000021830F39F78
P 0000021830FC8338
C 260
R
P 0000021830F39F78
C 345
R
P 0000021830F39F78
P 0000021830FC8338
C 9
R
P 0000021830F39F78
C 345
R
P 0000021830F39F78
P 0000021831A41498
P 0000021830FC7A58
I 0
P 0000000000000000
C 305
* 0000021830FC8358 4
R
P 0000021830F39F78
C 345
R
P 0000021830F39F78
P 0000021830FC8358
C 259
R
P 0000021830F39F78
C 345
R
P 0000021830F39F78
P 0000021830FC8358
C 256
= 0000021830FC6738
R
P 0000021830F39F78
C 345
R
P 0000021830F39F78
P 0000021830FC6738
C 211
R
P 0000021830F39F78
C 345
R
P 0000021830F39F78
P 0000021830FC8358
C 262
R
P 0000021830F39F78
C 345
R
P 0000021830F39F78
P 0000021830FC8358
C 261
R
P 0000021830F39F78
C 345
R
P 0000021830F39F78
P 0000021830FC8358
C 260
R
P 0000021830F39F78
C 345
R
P 0000021830F39F78
P 0000021830FC8358
C 9
R
P 0000021830F39F78
C 345
R
P 0000021830F39F78
P 0000021831A41498
P 0000021830FC7A78
I 0
P 0000000000000000
C 305
* 0000021830FC8298 4
R
P 0000021830F39F78
C 345
R
P 0000021830F39F78
P 0000021830FC8298
C 259
R
P 0000021830F39F78
C 345
R
P 0000021830F39F78
P 0000021830FC8298
C 256
= 0000021830FC6738
R
P 0000021830F39F78
C 345
R
P 0000021830F39F78
P 0000021830FC6738
C 211
R
P 0000021830F39F78
C 345
R
P 0000021830F39F78
P 0000021830FC8298
C 262
R
P 0000021830F39F78
C 345
R
P 0000021830F39F78
P 0000021830FC8298
C 261
R
P 0000021830F39F78
C 345
R
P 0000021830F39F78
P 0000021830FC8298
C 260
R
P 0000021830F39F78
C 345
R
P 0000021830F39F78
P 0000021830FC8298
C 9
R
P 0000021830F39F78
C 345
R
P 0000021830F39F78
P 0000021831A41498
P 0000021830FC7A98
I 0
P 0000000000000000
C 305
* 0000021830FC8318 4
R
P 0000021830F39F78
C 345
R
P 0000021830F39F78
P 0000021830FC8318
C 259
R
P 0000021830F39F78
C 345
R
P 0000021830F39F78
P 0000021830FC8318
C 256
= 0000021830FC6738
R
P 0000021830F39F78
C 345
R
P 0000021830F39F78
P 0000021830FC6738
C 211
R
P 0000021830F39F78
C 345
R
P 0000021830F39F78
P 0000021830FC8318
C 262
R
P 0000021830F39F78
C 345
R
P 0000021830F39F78
P 0000021830FC8318
C 261
R
P 0000021830F39F78
C 345
R
P 0000021830F39F78
P 0000021830FC8318
C 260
R
P 0000021830F39F78
C 345
R
P 0000021830F39F78
P 0000021830FC8318
C 9
R
P 0000021830F39F78
C 345
R
P 0000021830F39F78
P 0000021831A41498
P 0000021830FC7AB8
I 0
P 0000000000000000
C 305
* 0000021830FC7318 4
R
P 0000021830F39F78
C 345
R
P 0000021830F39F78
P 0000021830FC7318
C 259
R
P 0000021830F39F78
C 345
R
P 0000021830F39F78
P 0000021830FC7318
C 256
= 0000021830FC6738
R
P 0000021830F39F78
C 345
R
P 0000021830F39F78
P 0000021830FC6738
C 211
R
P 0000021830F39F78
C 345
R
P 0000021830F39F78
P 0000021830FC7318
C 262
R
P 0000021830F39F78
C 345
R
P 0000021830F39F78
P 0000021830FC7318
C 261
R
P 0000021830F39F78
C 345
R
P 0000021830F39F78
P 0000021830FC7318
C 260
R
P 0000021830F39F78
C 345
R
P 0000021830F39F78
P 0000021830FC7318
C 9
R
P 0000021830F39F78
C 345
R
P 0000021830F39F78
P 0000021831A41498
P 0000021830FC7AD8
I 0
P 0000000000000000
C 305
* 0000021830FC8338 4
R
P 0000021830F39F78
C 345
R
P 0000021830F39F78
P 0000021830FC8338
C 259
R
P 0000021830F39F78
C 345
R
P 0000021830F39F78
P 0000021830FC8338
C 256
= 0000021830FC6738
R
P 0000021830F39F78
C 345
R
P 0000021830F39F78
P 0000021830FC6738
C 211
R
P 0000021830F39F78
C 345
R
P 0000021830F39F78
P 0000021830FC8338
C 262
R
P 0000021830F39F78
C 345
R
P 0000021830F39F78
P 0000021830FC8338
C 261
R
P 0000021830F39F78
C 345
R
P 0000021830F39F78
P 0000021830FC8338
C 260
R
P 0000021830F39F78
C 345
R
P 0000021830F39F78
P 0000021830FC8338
C 9
R
P 0000021830F39F78
C 345
R
P 0000021830F39F78
P 0000021831A41498
P 0000021830FC7AF8
I 0
P 0000000000000000
C 305
* 0000021830FC8298 4
R
P 0000021830F39F78
C 345
R
P 0000021830F39F78
P 0000021830FC8298
C 259
R
P 0000021830F39F78
C 345
R
P 0000021830F39F78
P 0000021830FC8298
C 256
= 0000021830FC6738
R
P 0000021830F39F78
C 345
R
P 0000021830F39F78
P 0000021830FC6738
C 211
R
P 0000021830F39F78
C 345
R
P 0000021830F39F78
P 0000021830FC8298
C 262
R
P 0000021830F39F78
C 345
R
P 0000021830F39F78
P 0000021830FC8298
C 261
R
P 0000021830F39F78
C 345
R
P 0000021830F39F78
P 0000021830FC8298
C 260
R
P 0000021830F39F78
C 345
R
P 0000021830F39F78
P 0000021830FC8298
C 9
R
P 0000021830F39F78
C 345
R
P 0000021830F39F78
P 0000021831A41498
P 0000021830FC7B18
I 0
P 0000000000000000
C 305
* 0000021830FC82D8 4
R
P 0000021830F39F78
C 345
R
P 0000021830F39F78
P 0000021830FC82D8
C 259
R
P 0000021830F39F78
C 345
R
P 0000021830F39F78
P 0000021830FC82D8
C 256
= 0000021830FC6738
R
P 0000021830F39F78
C 345
R
P 0000021830F39F78
P 0000021830FC6738
C 211
R
P 0000021830F39F78
C 345
R
P 0000021830F39F78
P 0000021830FC82D8
C 262
R
P 0000021830F39F78
C 345
R
P 0000021830F39F78
P 0000021830FC82D8
C 261
R
P 0000021830F39F78
C 345
R
P 0000021830F39F78
P 0000021830FC82D8
C 260
R
P 0000021830F39F78
C 345
R
P 0000021830F39F78
P 0000021830FC82D8
C 9
R
P 0000021830F39F78
C 345
R
P 0000021830F39F78
P 0000021831A41498
P 0000021830FC7B38
I 0
P 0000000000000000
C 305
* 0000021830FC8358 4
R
P 0000021830F39F78
C 345
R
P 0000021830F39F78
P 0000021830FC8358
C 259
R
P 0000021830F39F78
C 345
R
P 0000021830F39F78
P 0000021830FC8358
C 256
= 0000021830FC6738
R
P 0000021830F39F78
C 345
R
P 0000021830F39F78
P 0000021830FC6738
C 211
R
P 0000021830F39F78
C 345
R
P 0000021830F39F78
P 0000021830FC8358
C 262
R
P 0000021830F39F78
C 345
R
P 0000021830F39F78
P 0000021830FC8358
C 261
R
P 0000021830F39F78
C 345
R
P 0000021830F39F78
P 0000021830FC8358
C 260
R
P 0000021830F39F78
C 345
R
P 0000021830F39F78
P 0000021830FC8358
C 9
R
P 0000021830F39F78
C 345
R
P 0000021830F39F78
P 0000021831A41498
P 0000021830FC7B58
I 0
P 0000000000000000
C 305
* 0000021830FC8318 4
R
P 0000021830F39F78
C 345
R
P 0000021830F39F78
P 0000021830FC8318
C 259
R
P 0000021830F39F78
C 345
R
P 0000021830F39F78
P 0000021830FC8318
C 256
= 0000021830FC6738
R
P 0000021830F39F78
C 345
R
P 0000021830F39F78
P 0000021830FC6738
C 211
R
P 0000021830F39F78
C 345
R
P 0000021830F39F78
P 0000021830FC8318
C 262
R
P 0000021830F39F78
C 345
R
P 0000021830F39F78
P 0000021830FC8318
C 261
R
P 0000021830F39F78
C 345
R
P 0000021830F39F78
P 0000021830FC8318
C 260
R
P 0000021830F39F78
C 345
R
P 0000021830F39F78
P 0000021830FC8318
C 9
R
P 0000021830F39F78
C 345
R
P 0000021830F39F78
P 0000021831A41498
P 0000021830FC7B78
I 0
P 0000000000000000
C 305
* 0000021830FC7558 4
R
P 0000021830F39F78
C 345
R
P 0000021830F39F78
P 0000021830FC7558
C 259
R
P 0000021830F39F78
C 345
R
P 0000021830F39F78
P 0000021830FC7558
C 256
= 0000021830FC6738
R
P 0000021830F39F78
C 345
R
P 0000021830F39F78
P 0000021830FC6738
C 211
R
P 0000021830F39F78
C 345
R
P 0000021830F39F78
P 0000021830FC7558
C 262
R
P 0000021830F39F78
C 345
R
P 0000021830F39F78
P 0000021830FC7558
C 261
R
P 0000021830F39F78
C 345
R
P 0000021830F39F78
P 0000021830FC7558
C 260
R
P 0000021830F39F78
C 345
R
P 0000021830F39F78
P 0000021830FC7558
C 9
R
P 0000021830F39F78
C 345
R
P 0000021830F39F78
P 0000021831A41498
P 0000021830FC7B98
I 0
P 0000000000000000
C 305
* 0000021830FC82B8 4
R
P 0000021830F39F78
C 345
R
P 0000021830F39F78
P 0000021830FC82B8
C 259
R
P 0000021830F39F78
C 345
R
P 0000021830F39F78
P 0000021830FC82B8
C 256
= 0000021830FC6738
R
P 0000021830F39F78
C 345
R
P 0000021830F39F78
P 0000021830FC6738
C 211
R
P 0000021830F39F78
C 345
R
P 0000021830F39F78
P 0000021830FC82B8
C 262
R
P 0000021830F39F78
C 345
R
P 0000021830F39F78
P 0000021830FC82B8
C 261
R
P 0000021830F39F78
C 345
R
P 0000021830F39F78
P 0000021830FC82B8
C 260
R
P 0000021830F39F78
C 345
R
P 0000021830F39F78
P 0000021830FC82B8
C 9
R
P 0000021830F39F78
C 345
R
P 0000021830F39F78
P 0000021831A41498
P 0000021830FC7BB8
I 0
P 0000000000000000
C 305
* 0000021830FC82F8 4
R
P 0000021830F39F78
C 345
R
P 0000021830F39F78
P 0000021830FC82F8
C 259
R
P 0000021830F39F78
C 345
R
P 0000021830F39F78
P 0000021830FC82F8
C 256
= 0000021830FC6738
R
P 0000021830F39F78
C 345
R
P 0000021830F39F78
P 0000021830FC6738
C 211
R
P 0000021830F39F78
C 345
R
P 0000021830F39F78
P 0000021830FC82F8
C 262
R
P 0000021830F39F78
C 345
R
P 0000021830F39F78
P 0000021830FC82F8
C 261
R
P 0000021830F39F78
C 345
R
P 0000021830F39F78
P 0000021830FC82F8
C 260
R
P 0000021830F39F78
C 345
R
P 0000021830F39F78
P 0000021830FC82F8
C 9
R
P 0000021830F39F78
C 345
R
P 0000021830F39F78
P 0000021831A41498
P 0000021830FC7BD8
I 0
P 0000000000000000
C 305
* 0000021830FC82F8 4
R
P 0000021830F39F78
C 345
R
P 0000021830F39F78
P 0000021830FC82F8
C 259
R
P 0000021830F39F78
C 345
R
P 0000021830F39F78
P 0000021830FC82F8
C 256
= 0000021830FC6738
R
P 0000021830F39F78
C 345
R
P 0000021830F39F78
P 0000021830FC6738
C 211
R
P 0000021830F39F78
C 345
R
P 0000021830F39F78
P 0000021830FC82F8
C 262
R
P 0000021830F39F78
C 345
R
P 0000021830F39F78
P 0000021830FC82F8
C 261
R
P 0000021830F39F78
C 345
R
P 0000021830F39F78
P 0000021830FC82F8
C 260
R
P 0000021830F39F78
C 345
R
P 0000021830F39F78
P 0000021830FC82F8
C 9
R
P 0000021830F39F78
C 345
R
P 0000021830F39F78
P 0000021831A41498
P 0000021830FC7BF8
I 0
P 0000000000000000
C 305
* 0000021830FC8298 4
R
P 0000021830F39F78
C 345
R
P 0000021830F39F78
P 0000021830FC8298
C 259
R
P 0000021830F39F78
C 345
R
P 0000021830F39F78
P 0000021830FC8298
C 256
= 0000021830FC6738
R
P 0000021830F39F78
C 345
R
P 0000021830F39F78
P 0000021830FC6738
C 211
R
P 0000021830F39F78
C 345
R
P 0000021830F39F78
P 0000021830FC8298
C 262
R
P 0000021830F39F78
C 345
R
P 0000021830F39F78
P 0000021830FC8298
C 261
R
P 0000021830F39F78
C 345
R
P 0000021830F39F78
P 0000021830FC8298
C 260
R
P 0000021830F39F78
C 345
R
P 0000021830F39F78
P 0000021830FC8298
C 9
R
P 0000021830F39F78
C 345
R
P 0000021830F39F78
P 0000021831A41498
P 0000021830FC7C18
I 0
P 0000000000000000
C 305
* 0000021830FC8318 4
R
P 0000021830F39F78
C 345
R
P 0000021830F39F78
P 0000021830FC8318
C 259
R
P 0000021830F39F78
C 345
R
P 0000021830F39F78
P 0000021830FC8318
C 256
= 0000021830FC6738
R
P 0000021830F39F78
C 345
R
P 0000021830F39F78
P 0000021830FC6738
C 211
R
P 0000021830F39F78
C 345
R
P 0000021830F39F78
P 0000021830FC8318
C 262
R
P 0000021830F39F78
C 345
R
P 0000021830F39F78
P 0000021830FC8318
C 261
R
P 0000021830F39F78
C 345
R
P 0000021830F39F78
P 0000021830FC8318
C 260
R
P 0000021830F39F78
C 345
R
P 0000021830F39F78
P 0000021830FC8318
C 9
R
P 0000021830F39F78
C 345
R
P 0000021830F39F78
P 0000021831A41498
P 0000021830FC7C38
I 0
P 0000000000000000
C 305
* 0000021830FC82B8 4
R
P 0000021830F39F78
C 345
R
P 0000021830F39F78
P 0000021830FC82B8
C 259
R
P 0000021830F39F78
C 345
R
P 0000021830F39F78
P 0000021830FC82B8
C 256
= 0000021830FC6738
R
P 0000021830F39F78
C 345
R
P 0000021830F39F78
P 0000021830FC6738
C 211
R
P 0000021830F39F78
C 345
R
P 0000021830F39F78
P 0000021830FC82B8
C 262
R
P 0000021830F39F78
C 345
R
P 0000021830F39F78
P 0000021830FC82B8
C 261
R
P 0000021830F39F78
C 345
R
P 0000021830F39F78
P 0000021830FC82B8
C 260
R
P 0000021830F39F78
C 345
R
P 0000021830F39F78
P 0000021830FC82B8
C 9
R
P 0000021830F39F78
C 345
R
P 0000021830F39F78
P 0000021831A41498
P 0000021830FC7C58
I 0
P 0000000000000000
C 305
* 0000021830FC8358 4
R
P 0000021830F39F78
C 345
R
P 0000021830F39F78
P 0000021830FC8358
C 259
R
P 0000021830F39F78
C 345
R
P 0000021830F39F78
P 0000021830FC8358
C 256
= 0000021830FC6738
R
P 0000021830F39F78
C 345
R
P 0000021830F39F78
P 0000021830FC6738
C 211
R
P 0000021830F39F78
C 345
R
P 0000021830F39F78
P 0000021830FC8358
C 262
R
P 0000021830F39F78
C 345
R
P 0000021830F39F78
P 0000021830FC8358
C 261
R
P 0000021830F39F78
C 345
R
P 0000021830F39F78
P 0000021830FC8358
C 260
R
P 0000021830F39F78
C 345
R
P 0000021830F39F78
P 0000021830FC8358
C 9
R
P 0000021830F39F78
C 345
R
P 0000021830F39F78
P 0000021831A41498
P 0000021830FC7C78
I 0
P 0000000000000000
C 305
* 0000021830FC82D8 4
R
P 0000021830F39F78
C 345
R
P 0000021830F39F78
P 0000021830FC82D8
C 259
R
P 0000021830F39F78
C 345
R
P 0000021830F39F78
P 0000021830FC82D8
C 256
= 0000021830FC6738
R
P 0000021830F39F78
C 345
R
P 0000021830F39F78
P 0000021830FC6738
C 211
R
P 0000021830F39F78
C 345
R
P 0000021830F39F78
P 0000021830FC82D8
C 262
R
P 0000021830F39F78
C 345
R
P 0000021830F39F78
P 0000021830FC82D8
C 261
R
P 0000021830F39F78
C 345
R
P 0000021830F39F78
P 0000021830FC82D8
C 260
R
P 0000021830F39F78
C 345
R
P 0000021830F39F78
P 0000021830FC82D8
C 9
R
P 0000021830F39F78
C 345
R
P 0000021830F39F78
P 0000021831A41498
P 0000021830FC7C98
I 0
P 0000000000000000
C 305
* 0000021830FC7558 4
R
P 0000021830F39F78
C 345
R
P 0000021830F39F78
P 0000021830FC7558
C 259
R
P 0000021830F39F78
C 345
R
P 0000021830F39F78
P 0000021830FC7558
C 256
= 0000021830FC6738
R
P 0000021830F39F78
C 345
R
P 0000021830F39F78
P 0000021830FC6738
C 211
R
P 0000021830F39F78
C 345
R
P 0000021830F39F78
P 0000021830FC7558
C 262
R
P 0000021830F39F78
C 345
R
P 0000021830F39F78
P 0000021830FC7558
C 261
R
P 0000021830F39F78
C 345
R
P 0000021830F39F78
P 0000021830FC7558
C 260
R
P 0000021830F39F78
C 345
R
P 0000021830F39F78
P 0000021830FC7558
C 9
R
P 0000021830F39F78
C 345
R
P 0000021830F39F78
P 0000021831A41498
P 0000021830FC7CB8
I 0
P 0000000000000000
C 305
* 0000021830FC7318 4
R
P 0000021830F39F78
C 345
R
P 0000021830F39F78
P 0000021830FC7318
C 259
R
P 0000021830F39F78
C 345
R
P 0000021830F39F78
P 0000021830FC7318
C 256
= 0000021830FC6738
R
P 0000021830F39F78
C 345
R
P 0000021830F39F78
P 0000021830FC6738
C 211
R
P 0000021830F39F78
C 345
R
P 0000021830F39F78
P 0000021830FC7318
C 262
R
P 0000021830F39F78
C 345
R
P 0000021830F39F78
P 0000021830FC7318
C 261
R
P 0000021830F39F78
C 345
R
P 0000021830F39F78
P 0000021830FC7318
C 260
R
P 0000021830F39F78
C 345
R
P 0000021830F39F78
P 0000021830FC7318
C 9
R
P 0000021830F39F78
C 345
R
P 0000021830F39F78
P 0000021831A41498
P 0000021830FC7CD8
I 0
P 0000000000000000
C 305
* 0000021830FC8338 4
R
P 0000021830F39F78
C 345
R
P 0000021830F39F78
P 0000021830FC8338
C 259
R
P 0000021830F39F78
C 345
R
P 0000021830F39F78
P 0000021830FC8338
C 256
= 0000021830FC6738
R
P 0000021830F39F78
C 345
R
P 0000021830F39F78
P 0000021830FC6738
C 211
R
P 0000021830F39F78
C 345
R
P 0000021830F39F78
P 0000021830FC8338
C 262
R
P 0000021830F39F78
C 345
R
P 0000021830F39F78
P 0000021830FC8338
C 261
R
P 0000021830F39F78
C 345
R
P 0000021830F39F78
P 0000021830FC8338
C 260
R
P 0000021830F39F78
C 345
R
P 0000021830F39F78
P 0000021830FC8338
C 9
R
P 0000021830F39F78
C 345
R
P 0000021830F39F78
P 0000021831A41498
P 0000021830FC7CF8
I 0
P 0000000000000000
C 305
* 0000021830FC8338 4
R
P 0000021830F39F78
C 345
R
P 0000021830F39F78
P 0000021830FC8338
C 259
R
P 0000021830F39F78
C 345
R
P 0000021830F39F78
P 0000021830FC8338
C 256
= 0000021830FC6738
R
P 0000021830F39F78
C 345
R
P 0000021830F39F78
P 0000021830FC6738
C 211
R
P 0000021830F39F78
C 345
R
P 0000021830F39F78
P 0000021830FC8338
C 262
R
P 0000021830F39F78
C 345
R
P 0000021830F39F78
P 0000021830FC8338
C 261
R
P 0000021830F39F78
C 345
R
P 0000021830F39F78
P 0000021830FC8338
C 260
R
P 0000021830F39F78
C 345
R
P 0000021830F39F78
P 0000021830FC8338
C 9
R
P 0000021830F39F78
C 345
R
P 0000021830F39F78
P 0000021831A41498
P 0000021830FC7D18
I 0
P 0000000000000000
C 305
* 0000021830FC8358 4
R
P 0000021830F39F78
C 345
R
P 0000021830F39F78
P 0000021830FC8358
C 259
R
P 0000021830F39F78
C 345
R
P 0000021830F39F78
P 0000021830FC8358
C 256
= 0000021830FC6738
R
P 0000021830F39F78
C 345
R
P 0000021830F39F78
P 0000021830FC6738
C 211
R
P 0000021830F39F78
C 345
R
P 0000021830F39F78
P 0000021830FC8358
C 262
R
P 0000021830F39F78
C 345
R
P 0000021830F39F78
P 0000021830FC8358
C 261
R
P 0000021830F39F78
C 345
R
P 0000021830F39F78
P 0000021830FC8358
C 260
R
P 0000021830F39F78
C 345
R
P 0000021830F39F78
P 0000021830FC8358
C 9
R
P 0000021830F39F78
C 345
R
P 0000021830F39F78
P 0000021831A41498
P 0000021830FC7D38
I 0
P 0000000000000000
C 305
* 0000021830FC82D8 4
R
P 0000021830F39F78
C 345
R
P 0000021830F39F78
P 0000021830FC82D8
C 259
R
P 0000021830F39F78
C 345
R
P 0000021830F39F78
P 0000021830FC82D8
C 256
= 0000021830FC6738
R
P 0000021830F39F78
C 345
R
P 0000021830F39F78
P 0000021830FC6738
C 211
R
P 0000021830F39F78
C 345
R
P 0000021830F39F78
P 0000021830FC82D8
C 262
R
P 0000021830F39F78
C 345
R
P 0000021830F39F78
P 0000021830FC82D8
C 261
R
P 0000021830F39F78
C 345
R
P 0000021830F39F78
P 0000021830FC82D8
C 260
R
P 0000021830F39F78
C 345
R
P 0000021830F39F78
P 0000021830FC82D8
C 9
R
P 0000021830F39F78
C 345
R
P 0000021830F39F78
P 0000021831A41498
P 0000021830FC7D58
I 0
P 0000000000000000
C 305
* 0000021830FC7558 4
R
P 0000021830F39F78
C 345
R
P 0000021830F39F78
P 0000021830FC7558
C 259
R
P 0000021830F39F78
C 345
R
P 0000021830F39F78
P 0000021830FC7558
C 256
= 0000021830FC6738
R
P 0000021830F39F78
C 345
R
P 0000021830F39F78
P 0000021830FC6738
C 211
R
P 0000021830F39F78
C 345
R
P 0000021830F39F78
P 0000021830FC7558
C 262
R
P 0000021830F39F78
C 345
R
P 0000021830F39F78
P 0000021830FC7558
C 261
R
P 0000021830F39F78
C 345
R
P 0000021830F39F78
P 0000021830FC7558
C 260
R
P 0000021830F39F78
C 345
R
P 0000021830F39F78
P 0000021830FC7558
C 9
R
P 0000021830F39F78
C 345
R
P 0000021830F39F78
P 0000021831A41498
P 0000021830FC7D78
I 0
P 0000000000000000
C 305
* 0000021830FC8298 4
R
P 0000021830F39F78
C 345
R
P 0000021830F39F78
P 0000021830FC8298
C 259
R
P 0000021830F39F78
C 345
R
P 0000021830F39F78
P 0000021830FC8298
C 256
= 0000021830FC6738
R
P 0000021830F39F78
C 345
R
P 0000021830F39F78
P 0000021830FC6738
C 211
R
P 0000021830F39F78
C 345
R
P 0000021830F39F78
P 0000021830FC8298
C 262
R
P 0000021830F39F78
C 345
R
P 0000021830F39F78
P 0000021830FC8298
C 261
R
P 0000021830F39F78
C 345
R
P 0000021830F39F78
P 0000021830FC8298
C 260
R
P 0000021830F39F78
C 345
R
P 0000021830F39F78
P 0000021830FC8298
C 9
R
P 0000021830F39F78
C 345
R
P 0000021830F39F78
P 0000021831A41498
P 0000021830FC7D98
I 0
P 0000000000000000
C 305
* 0000021830FC7318 4
R
P 0000021830F39F78
C 345
R
P 0000021830F39F78
P 0000021830FC7318
C 259
R
P 0000021830F39F78
C 345
R
P 0000021830F39F78
P 0000021830FC7318
C 256
= 0000021830FC6738
R
P 0000021830F39F78
C 345
R
P 0000021830F39F78
P 0000021830FC6738
C 211
R
P 0000021830F39F78
C 345
R
P 0000021830F39F78
P 0000021830FC7318
C 262
R
P 0000021830F39F78
C 345
R
P 0000021830F39F78
P 0000021830FC7318
C 261
R
P 0000021830F39F78
C 345
R
P 0000021830F39F78
P 0000021830FC7318
C 260
R
P 0000021830F39F78
C 345
R
P 0000021830F39F78
P 0000021830FC7318
C 9
R
P 0000021830F39F78
C 345
R
P 0000021830F39F78
P 0000021831A41498
P 0000021830FC7DB8
I 0
P 0000000000000000
C 305
* 0000021830FC82B8 4
R
P 0000021830F39F78
C 345
R
P 0000021830F39F78
P 0000021830FC82B8
C 259
R
P 0000021830F39F78
C 345
R
P 0000021830F39F78
P 0000021830FC82B8
C 256
= 0000021830FC6738
R
P 0000021830F39F78
C 345
R
P 0000021830F39F78
P 0000021830FC6738
C 211
R
P 0000021830F39F78
C 345
R
P 0000021830F39F78
P 0000021830FC82B8
C 262
R
P 0000021830F39F78
C 345
R
P 0000021830F39F78
P 0000021830FC82B8
C 261
R
P 0000021830F39F78
C 345
R
P 0000021830F39F78
P 0000021830FC82B8
C 260
R
P 0000021830F39F78
C 345
R
P 0000021830F39F78
P 0000021830FC82B8
C 9
R
P 0000021830F39F78
C 345
R
P 0000021830F39F78
P 0000021831A41498
P 0000021830FC7DD8
I 0
P 0000000000000000
C 305
* 0000021830FC82F8 4
R
P 0000021830F39F78
C 345
R
P 0000021830F39F78
P 0000021830FC82F8
C 259
R
P 0000021830F39F78
C 345
R
P 0000021830F39F78
P 0000021830FC82F8
C 256
= 0000021830FC6738
R
P 0000021830F39F78
C 345
R
P 0000021830F39F78
P 0000021830FC6738
C 211
R
P 0000021830F39F78
C 345
R
P 0000021830F39F78
P 0000021830FC82F8
C 262
R
P 0000021830F39F78
C 345
R
P 0000021830F39F78
P 0000021830FC82F8
C 261
R
P 0000021830F39F78
C 345
R
P 0000021830F39F78
P 0000021830FC82F8
C 260
R
P 0000021830F39F78
C 345
R
P 0000021830F39F78
P 0000021830FC82F8
C 9
R
P 0000021830F39F78
C 345
R
P 0000021830F39F78
P 0000021831A41498
P 0000021830FC7DF8
I 0
P 0000000000000000
C 305
* 0000021830FC8318 4
R
P 0000021830F39F78
C 345
R
P 0000021830F39F78
P 0000021830FC8318
C 259
R
P 0000021830F39F78
C 345
R
P 0000021830F39F78
P 0000021830FC8318
C 256
= 0000021830FC6738
R
P 0000021830F39F78
C 345
R
P 0000021830F39F78
P 0000021830FC6738
C 211
R
P 0000021830F39F78
C 345
R
P 0000021830F39F78
P 0000021830FC8318
C 262
R
P 0000021830F39F78
C 345
R
P 0000021830F39F78
P 0000021830FC8318
C 261
R
P 0000021830F39F78
C 345
R
P 0000021830F39F78
P 0000021830FC8318
C 260
R
P 0000021830F39F78
C 345
R
P 0000021830F39F78
P 0000021830FC8318
C 9
R
P 0000021830F39F78
C 345
R
P 0000021830F39F78
P 0000021831A41498
P 0000021830FC7E18
I 0
P 0000000000000000
C 305
* 0000021830FC7318 4
R
P 0000021830F39F78
C 345
R
P 0000021830F39F78
P 0000021830FC7318
C 259
R
P 0000021830F39F78
C 345
R
P 0000021830F39F78
P 0000021830FC7318
C 256
= 0000021830FC6738
R
P 0000021830F39F78
C 345
R
P 0000021830F39F78
P 0000021830FC6738
C 211
R
P 0000021830F39F78
C 345
R
P 0000021830F39F78
P 0000021830FC7318
C 262
R
P 0000021830F39F78
C 345
R
P 0000021830F39F78
P 0000021830FC7318
C 261
R
P 0000021830F39F78
C 345
R
P 0000021830F39F78
P 0000021830FC7318
C 260
R
P 0000021830F39F78
C 345
R
P 0000021830F39F78
P 0000021830FC7318
C 9
R
P 0000021830F39F78
C 345
R
P 0000021830F39F78
P 0000021831A41498
P 0000021830FC7E38
I 0
P 0000000000000000
C 305
* 0000021830FC82B8 4
R
P 0000021830F39F78
C 345
R
P 0000021830F39F78
P 0000021830FC82B8
C 259
R
P 0000021830F39F78
C 345
R
P 0000021830F39F78
P 0000021830FC82B8
C 256
= 0000021830FC6738
R
P 0000021830F39F78
C 345
R
P 0000021830F39F78
P 0000021830FC6738
C 211
R
P 0000021830F39F78
C 345
R
P 0000021830F39F78
P 0000021830FC82B8
C 262
R
P 0000021830F39F78
C 345
R
P 0000021830F39F78
P 0000021830FC82B8
C 261
R
P 0000021830F39F78
C 345
R
P 0000021830F39F78
P 0000021830FC82B8
C 260
R
P 0000021830F39F78
C 345
R
P 0000021830F39F78
P 0000021830FC82B8
C 9
R
P 0000021830F39F78
C 345
R
P 0000021830F39F78
P 0000021831A41498
P 0000021830FC7E58
I 0
P 0000000000000000
C 305
* 0000021830FC7558 4
R
P 0000021830F39F78
C 345
R
P 0000021830F39F78
P 0000021830FC7558
C 259
R
P 0000021830F39F78
C 345
R
P 0000021830F39F78
P 0000021830FC7558
C 256
= 0000021830FC6738
R
P 0000021830F39F78
C 345
R
P 0000021830F39F78
P 0000021830FC6738
C 211
R
P 0000021830F39F78
C 345
R
P 0000021830F39F78
P 0000021830FC7558
C 262
R
P 0000021830F39F78
C 345
R
P 0000021830F39F78
P 0000021830FC7558
C 261
R
P 0000021830F39F78
C 345
R
P 0000021830F39F78
P 0000021830FC7558
C 260
R
P 0000021830F39F78
C 345
R
P 0000021830F39F78
P 0000021830FC7558
C 9
R
P 0000021830F39F78
C 345
R
P 0000021830F39F78
P 0000021831A41498
P 0000021830FC7E78
I 0
P 0000000000000000
C 305
* 0000021830FC82F8 4
R
P 0000021830F39F78
C 345
R
P 0000021830F39F78
P 0000021830FC82F8
C 259
R
P 0000021830F39F78
C 345
R
P 0000021830F39F78
P 0000021830FC82F8
C 256
= 0000021830FC6738
R
P 0000021830F39F78
C 345
R
P 0000021830F39F78
P 0000021830FC6738
C 211
R
P 0000021830F39F78
C 345
R
P 0000021830F39F78
P 0000021830FC82F8
C 262
R
P 0000021830F39F78
C 345
R
P 0000021830F39F78
P 0000021830FC82F8
C 261
R
P 0000021830F39F78
C 345
R
P 0000021830F39F78
P 0000021830FC82F8
C 260
R
P 0000021830F39F78
C 345
R
P 0000021830F39F78
P 0000021830FC82F8
C 9
R
P 0000021830F39F78
C 345
R
P 0000021830F39F78
P 0000021831A41498
P 0000021830FC7E98
I 0
P 0000000000000000
C 305
* 0000021830FC8318 4
R
P 0000021830F39F78
C 345
R
P 0000021830F39F78
P 0000021830FC8318
C 259
R
P 0000021830F39F78
C 345
R
P 0000021830F39F78
P 0000021830FC8318
C 256
= 0000021830FC6738
R
P 0000021830F39F78
C 345
R
P 0000021830F39F78
P 0000021830FC6738
C 211
R
P 0000021830F39F78
C 345
R
P 0000021830F39F78
P 0000021830FC8318
C 262
R
P 0000021830F39F78
C 345
R
P 0000021830F39F78
P 0000021830FC8318
C 261
R
P 0000021830F39F78
C 345
R
P 0000021830F39F78
P 0000021830FC8318
C 260
R
P 0000021830F39F78
C 345
R
P 0000021830F39F78
P 0000021830FC8318
C 9
R
P 0000021830F39F78
C 345
R
P 0000021830F39F78
P 0000021831A41498
P 0000021830FC7EB8
I 0
P 0000000000000000
C 305
* 0000021830FC8338 4
R
P 0000021830F39F78
C 345
R
P 0000021830F39F78
P 0000021830FC8338
C 259
R
P 0000021830F39F78
C 345
R
P 0000021830F39F78
P 0000021830FC8338
C 256
= 0000021830FC6738
R
P 0000021830F39F78
C 345
R
P 0000021830F39F78
P 0000021830FC6738
C 211
R
P 0000021830F39F78
C 345
R
P 0000021830F39F78
P 0000021830FC8338
C 262
R
P 0000021830F39F78
C 345
R
P 0000021830F39F78
P 0000021830FC8338
C 261
R
P 0000021830F39F78
C 345
R
P 0000021830F39F78
P 0000021830FC8338
C 260
R
P 0000021830F39F78
C 345
R
P 0000021830F39F78
P 0000021830FC8338
C 9
R
P 0000021830F39F78
C 345
R
P 0000021830F39F78
P 0000021831A41498
P 0000021830FC7ED8
I 0
P 0000000000000000
C 305
* 0000021830FC82D8 4
R
P 0000021830F39F78
C 345
R
P 0000021830F39F78
P 0000021830FC82D8
C 259
R
P 0000021830F39F78
C 345
R
P 0000021830F39F78
P 0000021830FC82D8
C 256
= 0000021830FC6738
R
P 0000021830F39F78
C 345
R
P 0000021830F39F78
P 0000021830FC6738
C 211
R
P 0000021830F39F78
C 345
R
P 0000021830F39F78
P 0000021830FC82D8
C 262
R
P 0000021830F39F78
C 345
R
P 0000021830F39F78
P 0000021830FC82D8
C 261
R
P 0000021830F39F78
C 345
R
P 0000021830F39F78
P 0000021830FC82D8
C 260
R
P 0000021830F39F78
C 345
R
P 0000021830F39F78
P 0000021830FC82D8
C 9
R
P 0000021830F39F78
C 345
R
P 0000021830F39F78
P 0000021831A41498
P 0000021830FC7EF8
I 0
P 0000000000000000
C 305
* 0000021830FC8358 4
R
P 0000021830F39F78
C 345
R
P 0000021830F39F78
P 0000021830FC8358
C 259
R
P 0000021830F39F78
C 345
R
P 0000021830F39F78
P 0000021830FC8358
C 256
= 0000021830FC6738
R
P 0000021830F39F78
C 345
R
P 0000021830F39F78
P 0000021830FC6738
C 211
R
P 0000021830F39F78
C 345
R
P 0000021830F39F78
P 0000021830FC8358
C 262
R
P 0000021830F39F78
C 345
R
P 0000021830F39F78
P 0000021830FC8358
C 261
R
P 0000021830F39F78
C 345
R
P 0000021830F39F78
P 0000021830FC8358
C 260
R
P 0000021830F39F78
C 345
R
P 0000021830F39F78
P 0000021830FC8358
C 9
R
P 0000021830F39F78
C 345
R
P 0000021830F39F78
P 0000021831A41498
P 0000021830FC7F18
I 0
P 0000000000000000
C 305
* 0000021830FC8298 4
R
P 0000021830F39F78
C 345
R
P 0000021830F39F78
P 0000021830FC8298
C 259
R
P 0000021830F39F78
C 345
R
P 0000021830F39F78
P 0000021830FC8298
C 256
= 0000021830FC6738
R
P 0000021830F39F78
C 345
R
P 0000021830F39F78
P 0000021830FC6738
C 211
R
P 0000021830F39F78
C 345
R
P 0000021830F39F78
P 0000021830FC8298
C 262
R
P 0000021830F39F78
C 345
R
P 0000021830F39F78
P 0000021830FC8298
C 261
R
P 0000021830F39F78
C 345
R
P 0000021830F39F78
P 0000021830FC8298
C 260
R
P 0000021830F39F78
C 345
R
P 0000021830F39F78
P 0000021830FC8298
C 9
R
P 0000021830F39F78
C 345
R
P 0000021830F39F78
P 0000021831A41498
P 0000021830FC7F38
I 0
P 0000000000000000
C 305
* 0000021830FC8358 4
R
P 0000021830F39F78
C 345
R
P 0000021830F39F78
P 0000021830FC8358
C 259
R
P 0000021830F39F78
C 345
R
P 0000021830F39F78
P 0000021830FC8358
C 256
= 0000021830FC6738
R
P 0000021830F39F78
C 345
R
P 0000021830F39F78
P 0000021830FC6738
C 211
R
P 0000021830F39F78
C 345
R
P 0000021830F39F78
P 0000021830FC8358
C 262
R
P 0000021830F39F78
C 345
R
P 0000021830F39F78
P 0000021830FC8358
C 261
R
P 0000021830F39F78
C 345
R
P 0000021830F39F78
P 0000021830FC8358
C 260
R
P 0000021830F39F78
C 345
R
P 0000021830F39F78
P 0000021830FC8358
C 9
R
P 0000021830F39F78
C 345
R
P 0000021830F39F78
P 0000021831A41498
P 0000021830FC7F58
I 0
P 0000000000000000
C 305
* 0000021830FC8318 4
R
P 0000021830F39F78
C 345
R
P 0000021830F39F78
P 0000021830FC8318
C 259
R
P 0000021830F39F78
C 345
R
P 0000021830F39F78
P 0000021830FC8318
C 256
= 0000021830FC6738
R
P 0000021830F39F78
C 345
R
P 0000021830F39F78
P 0000021830FC6738
C 211
R
P 0000021830F39F78
C 345
R
P 0000021830F39F78
P 0000021830FC8318
C 262
R
P 0000021830F39F78
C 345
R
P 0000021830F39F78
P 0000021830FC8318
C 261
R
P 0000021830F39F78
C 345
R
P 0000021830F39F78
P 0000021830FC8318
C 260
R
P 0000021830F39F78
C 345
R
P 0000021830F39F78
P 0000021830FC8318
C 9
R
P 0000021830F39F78
C 345
R
P 0000021830F39F78
P 0000021831A41498
P 0000021830FC7F78
I 0
P 0000000000000000
C 305
* 0000021830FC82D8 4
R
P 0000021830F39F78
C 345
R
P 0000021830F39F78
P 0000021830FC82D8
C 259
R
P 0000021830F39F78
C 345
R
P 0000021830F39F78
P 0000021830FC82D8
C 256
= 0000021830FC6738
R
P 0000021830F39F78
C 345
R
P 0000021830F39F78
P 0000021830FC6738
C 211
R
P 0000021830F39F78
C 345
R
P 0000021830F39F78
P 0000021830FC82D8
C 262
R
P 0000021830F39F78
C 345
R
P 0000021830F39F78
P 0000021830FC82D8
C 261
R
P 0000021830F39F78
C 345
R
P 0000021830F39F78
P 0000021830FC82D8
C 260
R
P 0000021830F39F78
C 345
R
P 0000021830F39F78
P 0000021830FC82D8
C 9
R
P 0000021830F39F78
C 345
R
P 0000021830F39F78
P 0000021831A41498
P 0000021830FC7F98
I 0
P 0000000000000000
C 305
* 0000021830FC7318 4
R
P 0000021830F39F78
C 345
R
P 0000021830F39F78
P 0000021830FC7318
C 259
R
P 0000021830F39F78
C 345
R
P 0000021830F39F78
P 0000021830FC7318
C 256
= 0000021830FC6738
R
P 0000021830F39F78
C 345
R
P 0000021830F39F78
P 0000021830FC6738
C 211
R
P 0000021830F39F78
C 345
R
P 0000021830F39F78
P 0000021830FC7318
C 262
R
P 0000021830F39F78
C 345
R
P 0000021830F39F78
P 0000021830FC7318
C 261
R
P 0000021830F39F78
C 345
R
P 0000021830F39F78
P 0000021830FC7318
C 260
R
P 0000021830F39F78
C 345
R
P 0000021830F39F78
P 0000021830FC7318
C 9
R
P 0000021830F39F78
C 345
R
P 0000021830F39F78
P 0000021831A41498
P 0000021830FC7FB8
I 0
P 0000000000000000
C 305
* 0000021830FC82B8 4
R
P 0000021830F39F78
C 345
R
P 0000021830F39F78
P 0000021830FC82B8
C 259
R
P 0000021830F39F78
C 345
R
P 0000021830F39F78
P 0000021830FC82B8
C 256
= 0000021830FC6738
R
P 0000021830F39F78
C 345
R
P 0000021830F39F78
P 0000021830FC6738
C 211
R
P 0000021830F39F78
C 345
R
P 0000021830F39F78
P 0000021830FC82B8
C 262
R
P 0000021830F39F78
C 345
R
P 0000021830F39F78
P 0000021830FC82B8
C 261
R
P 0000021830F39F78
C 345
R
P 0000021830F39F78
P 0000021830FC82B8
C 260
R
P 0000021830F39F78
C 345
R
P 0000021830F39F78
P 0000021830FC82B8
C 9
R
P 0000021830F39F78
C 345
R
P 0000021830F39F78
P 0000021831A41498
P 0000021830FC7FD8
I 0
P 0000000000000000
C 305
* 0000021830FC8338 4
R
P 0000021830F39F78
C 345
R
P 0000021830F39F78
P 0000021830FC8338
C 259
R
P 0000021830F39F78
C 345
R
P 0000021830F39F78
P 0000021830FC8338
C 256
= 0000021830FC6738
R
P 0000021830F39F78
C 345
R
P 0000021830F39F78
P 0000021830FC6738
C 211
R
P 0000021830F39F78
C 345
R
P 0000021830F39F78
P 0000021830FC8338
C 262
R
P 0000021830F39F78
C 345
R
P 0000021830F39F78
P 0000021830FC8338
C 261
R
P 0000021830F39F78
C 345
R
P 0000021830F39F78
P 0000021830FC8338
C 260
R
P 0000021830F39F78
C 345
R
P 0000021830F39F78
P 0000021830FC8338
C 9
R
P 0000021830F39F78
C 345
R
P 0000021830F39F78
P 0000021831A41498
P 0000021830FC7FF8
I 0
P 0000000000000000
C 305
* 0000021830FC82F8 4
R
P 0000021830F39F78
C 345
R
P 0000021830F39F78
P 0000021830FC82F8
C 259
R
P 0000021830F39F78
C 345
R
P 0000021830F39F78
P 0000021830FC82F8
C 256
= 0000021830FC6738
R
P 0000021830F39F78
C 345
R
P 0000021830F39F78
P 0000021830FC6738
C 211
R
P 0000021830F39F78
C 345
R
P 0000021830F39F78
P 0000021830FC82F8
C 262
R
P 0000021830F39F78
C 345
R
P 0000021830F39F78
P 0000021830FC82F8
C 261
R
P 0000021830F39F78
C 345
R
P 0000021830F39F78
P 0000021830FC82F8
C 260
R
P 0000021830F39F78
C 345
R
P 0000021830F39F78
P 0000021830FC82F8
C 9
R
P 0000021830F39F78
C 345
R
P 0000021830F39F78
P 0000021831A41498
P 0000021830FC8018
I 0
P 0000000000000000
C 305
* 0000021830FC7558 4
R
P 0000021830F39F78
C 345
R
P 0000021830F39F78
P 0000021830FC7558
C 259
R
P 0000021830F39F78
C 345
R
P 0000021830F39F78
P 0000021830FC7558
C 256
= 0000021830FC6738
R
P 0000021830F39F78
C 345
R
P 0000021830F39F78
P 0000021830FC6738
C 211
R
P 0000021830F39F78
C 345
R
P 0000021830F39F78
P 0000021830FC7558
C 262
R
P 0000021830F39F78
C 345
R
P 0000021830F39F78
P 0000021830FC7558
C 261
R
P 0000021830F39F78
C 345
R
P 0000021830F39F78
P 0000021830FC7558
C 260
R
P 0000021830F39F78
C 345
R
P 0000021830F39F78
P 0000021830FC7558
C 9
R
P 0000021830F39F78
C 345
R
P 0000021830F39F78
P 0000021831A41498
P 0000021830FC8038
I 0
P 0000000000000000
C 305
* 0000021830FC8298 4
R
P 0000021830F39F78
C 345
R
P 0000021830F39F78
P 0000021830FC8298
C 259
R
P 0000021830F39F78
C 345
R
P 0000021830F39F78
P 0000021830FC8298
C 256
= 0000021830FC6738
R
P 0000021830F39F78
C 345
R
P 0000021830F39F78
P 0000021830FC6738
C 211
R
P 0000021830F39F78
C 345
R
P 0000021830F39F78
P 0000021830FC8298
C 262
R
P 0000021830F39F78
C 345
R
P 0000021830F39F78
P 0000021830FC8298
C 261
R
P 0000021830F39F78
C 345
R
P 0000021830F39F78
P 0000021830FC8298
C 260
R
P 0000021830F39F78
C 345
R
P 0000021830F39F78
P 0000021830FC8298
C 9
R
P 0000021830F39F78
C 345
R
P 0000021830F39F78
P 0000021831A41498
P 0000021830FC8058
I 0
P 0000000000000000
C 305
* 0000021830FC8298 4
R
P 0000021830F39F78
C 345
R
P 0000021830F39F78
P 0000021830FC8298
C 259
R
P 0000021830F39F78
C 345
R
P 0000021830F39F78
P 0000021830FC8298
C 256
= 0000021830FC6738
R
P 0000021830F39F78
C 345
R
P 0000021830F39F78
P 0000021830FC6738
C 211
R
P 0000021830F39F78
C 345
R
P 0000021830F39F78
P 0000021830FC8298
C 262
R
P 0000021830F39F78
C 345
R
P 0000021830F39F78
P 0000021830FC8298
C 261
R
P 0000021830F39F78
C 345
R
P 0000021830F39F78
P 0000021830FC8298
C 260
R
P 0000021830F39F78
C 345
R
P 0000021830F39F78
P 0000021830FC8298
C 9
R
P 0000021830F39F78
C 345
R
P 0000021830F39F78
P 0000021831A41498
P 0000021830FC8078
I 0
P 0000000000000000
C 305
* 0000021830FC7558 4
R
P 0000021830F39F78
C 345
R
P 0000021830F39F78
P 0000021830FC7558
C 259
R
P 0000021830F39F78
C 345
R
P 0000021830F39F78
P 0000021830FC7558
C 256
= 0000021830FC6738
R
P 0000021830F39F78
C 345
R
P 0000021830F39F78
P 0000021830FC6738
C 211
R
P 0000021830F39F78
C 345
R
P 0000021830F39F78
P 0000021830FC7558
C 262
R
P 0000021830F39F78
C 345
R
P 0000021830F39F78
P 0000021830FC7558
C 261
R
P 0000021830F39F78
C 345
R
P 0000021830F39F78
P 0000021830FC7558
C 260
R
P 0000021830F39F78
C 345
R
P 0000021830F39F78
P 0000021830FC7558
C 9
R
P 0000021830F39F78
C 345
R
P 0000021830F39F78
P 0000021831A41498
P 0000021830FC8098
I 0
P 0000000000000000
C 305
* 0000021830FC8338 4
R
P 0000021830F39F78
C 345
R
P 0000021830F39F78
P 0000021830FC8338
C 259
R
P 0000021830F39F78
C 345
R
P 0000021830F39F78
P 0000021830FC8338
C 256
= 0000021830FC6738
R
P 0000021830F39F78
C 345
R
P 0000021830F39F78
P 0000021830FC6738
C 211
R
P 0000021830F39F78
C 345
R
P 0000021830F39F78
P 0000021830FC8338
C 262
R
P 0000021830F39F78
C 345
R
P 0000021830F39F78
P 0000021830FC8338
C 261
R
P 0000021830F39F78
C 345
R
P 0000021830F39F78
P 0000021830FC8338
C 260
R
P 0000021830F39F78
C 345
R
P 0000021830F39F78
P 0000021830FC8338
C 9
R
P 0000021830F39F78
C 345
R
P 0000021830F39F78
P 0000021831A41498
P 0000021830FC80B8
I 0
P 0000000000000000
C 305
* 0000021830FC82D8 4
R
P 0000021830F39F78
C 345
R
P 0000021830F39F78
P 0000021830FC82D8
C 259
R
P 0000021830F39F78
C 345
R
P 0000021830F39F78
P 0000021830FC82D8
C 256
= 0000021830FC6738
R
P 0000021830F39F78
C 345
R
P 0000021830F39F78
P 0000021830FC6738
C 211
R
P 0000021830F39F78
C 345
R
P 0000021830F39F78
P 0000021830FC82D8
C 262
R
P 0000021830F39F78
C 345
R
P 0000021830F39F78
P 0000021830FC82D8
C 261
R
P 0000021830F39F78
C 345
R
P 0000021830F39F78
P 0000021830FC82D8
C 260
R
P 0000021830F39F78
C 345
R
P 0000021830F39F78
P 0000021830FC82D8
C 9
R
P 0000021830F39F78
C 345
R
P 0000021830F39F78
P 0000021831A41498
P 0000021830FC80D8
I 0
P 0000000000000000
C 305
* 0000021830FC8358 4
R
P 0000021830F39F78
C 345
R
P 0000021830F39F78
P 0000021830FC8358
C 259
R
P 0000021830F39F78
C 345
R
P 0000021830F39F78
P 0000021830FC8358
C 256
= 0000021830FC6738
R
P 0000021830F39F78
C 345
R
P 0000021830F39F78
P 0000021830FC6738
C 211
R
P 0000021830F39F78
C 345
R
P 0000021830F39F78
P 0000021830FC8358
C 262
R
P 0000021830F39F78
C 345
R
P 0000021830F39F78
P 0000021830FC8358
C 261
R
P 0000021830F39F78
C 345
R
P 0000021830F39F78
P 0000021830FC8358
C 260
R
P 0000021830F39F78
C 345
R
P 0000021830F39F78
P 0000021830FC8358
C 9
R
P 0000021830F39F78
C 345
R
P 0000021830F39F78
P 0000021831A41498
P 0000021830FC80F8
I 0
P 0000000000000000
C 305
* 0000021830FC82F8 4
R
P 0000021830F39F78
C 345
R
P 0000021830F39F78
P 0000021830FC82F8
C 259
R
P 0000021830F39F78
C 345
R
P 0000021830F39F78
P 0000021830FC82F8
C 256
= 0000021830FC6738
R
P 0000021830F39F78
C 345
R
P 0000021830F39F78
P 0000021830FC6738
C 211
R
P 0000021830F39F78
C 345
R
P 0000021830F39F78
P 0000021830FC82F8
C 262
R
P 0000021830F39F78
C 345
R
P 0000021830F39F78
P 0000021830FC82F8
C 261
R
P 0000021830F39F78
C 345
R
P 0000021830F39F78
P 0000021830FC82F8
C 260
R
P 0000021830F39F78
C 345
R
P 0000021830F39F78
P 0000021830FC82F8
C 9
R
P 0000021830F39F78
C 345
R
P 0000021830F39F78
P 0000021831A41498
P 0000021830FC8118
I 0
P 0000000000000000
C 305
* 0000021830FC8318 4
R
P 0000021830F39F78
C 345
R
P 0000021830F39F78
P 0000021830FC8318
C 259
R
P 0000021830F39F78
C 345
R
P 0000021830F39F78
P 0000021830FC8318
C 256
= 0000021830FC6738
R
P 0000021830F39F78
C 345
R
P 0000021830F39F78
P 0000021830FC6738
C 211
R
P 0000021830F39F78
C 345
R
P 0000021830F39F78
P 0000021830FC8318
C 262
R
P 0000021830F39F78
C 345
R
P 0000021830F39F78
P 0000021830FC8318
C 261
R
P 0000021830F39F78
C 345
R
P 0000021830F39F78
P 0000021830FC8318
C 260
R
P 0000021830F39F78
C 345
R
P 0000021830F39F78
P 0000021830FC8318
C 9
R
P 0000021830F39F78
C 345
R
P 0000021830F39F78
P 0000021831A41498
P 0000021830FC8138
I 0
P 0000000000000000
C 305
* 0000021830FC82B8 4
R
P 0000021830F39F78
C 345
R
P 0000021830F39F78
P 0000021830FC82B8
C 259
R
P 0000021830F39F78
C 345
R
P 0000021830F39F78
P 0000021830FC82B8
C 256
= 0000021830FC6738
R
P 0000021830F39F78
C 345
R
P 0000021830F39F78
P 0000021830FC6738
C 211
R
P 0000021830F39F78
C 345
R
P 0000021830F39F78
P 0000021830FC82B8
C 262
R
P 0000021830F39F78
C 345
R
P 0000021830F39F78
P 0000021830FC82B8
C 261
R
P 0000021830F39F78
C 345
R
P 0000021830F39F78
P 0000021830FC82B8
C 260
R
P 0000021830F39F78
C 345
R
P 0000021830F39F78
P 0000021830FC82B8
C 9
R
P 0000021830F39F78
C 345
R
P 0000021830F39F78
P 0000021831A41498
P 0000021830FC8158
I 0
P 0000000000000000
C 305
* 0000021830FC7318 4
R
P 0000021830F39F78
C 345
R
P 0000021830F39F78
P 0000021830FC7318
C 259
R
P 0000021830F39F78
C 345
R
P 0000021830F39F78
P 0000021830FC7318
C 256
= 0000021830FC6738
R
P 0000021830F39F78
C 345
R
P 0000021830F39F78
P 0000021830FC6738
C 211
R
P 0000021830F39F78
C 345
R
P 0000021830F39F78
P 0000021830FC7318
C 262
R
P 0000021830F39F78
C 345
R
P 0000021830F39F78
P 0000021830FC7318
C 261
R
P 0000021830F39F78
C 345
R
P 0000021830F39F78
P 0000021830FC7318
C 260
R
P 0000021830F39F78
C 345
R
P 0000021830F39F78
P 0000021830FC7318
C 9
R
P 0000021830F39F78
C 345
R
P 0000021830F39F78
P 0000021831A41498
P 0000021830FC8178
I 0
P 0000000000000000
C 305
* 0000021830FC7318 4
R
P 0000021830F39F78
C 345
R
P 0000021830F39F78
P 0000021830FC7318
C 259
R
P 0000021830F39F78
C 345
R
P 0000021830F39F78
P 0000021830FC7318
C 256
= 0000021830FC6738
R
P 0000021830F39F78
C 345
R
P 0000021830F39F78
P 0000021830FC6738
C 211
R
P 0000021830F39F78
C 345
R
P 0000021830F39F78
P 0000021830FC7318
C 262
R
P 0000021830F39F78
C 345
R
P 0000021830F39F78
P 0000021830FC7318
C 261
R
P 0000021830F39F78
C 345
R
P 0000021830F39F78
P 0000021830FC7318
C 260
R
P 0000021830F39F78
C 345
R
P 0000021830F39F78
P 0000021830FC7318
C 9
R
P 0000021830F39F78
C 345
R
P 0000021830F39F78
P 0000021831A41498
P 0000021830FC8198
I 0
P 0000000000000000
C 305
* 0000021830FC82B8 4
R
P 0000021830F39F78
C 345
R
P 0000021830F39F78
P 0000021830FC82B8
C 259
R
P 0000021830F39F78
C 345
R
P 0000021830F39F78
P 0000021830FC82B8
C 256
= 0000021830FC6738
R
P 0000021830F39F78
C 345
R
P 0000021830F39F78
P 0000021830FC6738
C 211
R
P 0000021830F39F78
C 345
R
P 0000021830F39F78
P 0000021830FC82B8
C 262
R
P 0000021830F39F78
C 345
R
P 0000021830F39F78
P 0000021830FC82B8
C 261
R
P 0000021830F39F78
C 345
R
P 0000021830F39F78
P 0000021830FC82B8
C 260
R
P 0000021830F39F78
C 345
R
P 0000021830F39F78
P 0000021830FC82B8
C 9
R
P 0000021830F39F78
C 345
R
P 0000021830F39F78
P 0000021831A41498
P 0000021830FC81B8
I 0
P 0000000000000000
C 305
* 0000021830FC82F8 4
R
P 0000021830F39F78
C 345
R
P 0000021830F39F78
P 0000021830FC82F8
C 259
R
P 0000021830F39F78
C 345
R
P 0000021830F39F78
P 0000021830FC82F8
C 256
= 0000021830FC6738
R
P 0000021830F39F78
C 345
R
P 0000021830F39F78
P 0000021830FC6738
C 211
R
P 0000021830F39F78
C 345
R
P 0000021830F39F78
P 0000021830FC82F8
C 262
R
P 0000021830F39F78
C 345
R
P 0000021830F39F78
P 0000021830FC82F8
C 261
R
P 0000021830F39F78
C 345
R
P 0000021830F39F78
P 0000021830FC82F8
C 260
R
P 0000021830F39F78
C 345
R
P 0000021830F39F78
P 0000021830FC82F8
C 9
R
P 0000021830F39F78
C 345
R
P 0000021830F39F78
P 0000021831A41498
P 0000021830FC81D8
I 0
P 0000000000000000
C 305
* 0000021830FC8298 4
R
P 0000021830F39F78
C 345
R
P 0000021830F39F78
P 0000021830FC8298
C 259
R
P 0000021830F39F78
C 345
R
P 0000021830F39F78
P 0000021830FC8298
C 256
= 0000021830FC6738
R
P 0000021830F39F78
C 345
R
P 0000021830F39F78
P 0000021830FC6738
C 211
R
P 0000021830F39F78
C 345
R
P 0000021830F39F78
P 0000021830FC8298
C 262
R
P 0000021830F39F78
C 345
R
P 0000021830F39F78
P 0000021830FC8298
C 261
R
P 0000021830F39F78
C 345
R
P 0000021830F39F78
P 0000021830FC8298
C 260
R
P 0000021830F39F78
C 345
R
P 0000021830F39F78
P 0000021830FC8298
C 9
R
P 0000021830F39F78
C 345
R
P 0000021830F39F78
P 0000021831A41498
P 0000021830FC81F8
I 0
P 0000000000000000
C 305
* 0000021830FC8318 4
R
P 0000021830F39F78
C 345
R
P 0000021830F39F78
P 0000021830FC8318
C 259
R
P 0000021830F39F78
C 345
R
P 0000021830F39F78
P 0000021830FC8318
C 256
= 0000021830FC6738
R
P 0000021830F39F78
C 345
R
P 0000021830F39F78
P 0000021830FC6738
C 211
R
P 0000021830F39F78
C 345
R
P 0000021830F39F78
P 0000021830FC8318
C 262
R
P 0000021830F39F78
C 345
R
P 0000021830F39F78
P 0000021830FC8318
C 261
R
P 0000021830F39F78
C 345
R
P 0000021830F39F78
P 0000021830FC8318
C 260
R
P 0000021830F39F78
C 345
R
P 0000021830F39F78
P 0000021830FC8318
C 9
R
P 0000021830F39F78
C 345
R
P 0000021830F39F78
P 0000021831A41498
P 0000021830FC8218
I 0
P 0000000000000000
C 305
* 0000021830FC7558 4
R
P 0000021830F39F78
C 345
R
P 0000021830F39F78
P 0000021830FC7558
C 259
R
P 0000021830F39F78
C 345
R
P 0000021830F39F78
P 0000021830FC7558
C 256
= 0000021830FC6738
R
P 0000021830F39F78
C 345
R
P 0000021830F39F78
P 0000021830FC6738
C 211
R
P 0000021830F39F78
C 345
R
P 0000021830F39F78
P 0000021830FC7558
C 262
R
P 0000021830F39F78
C 345
R
P 0000021830F39F78
P 0000021830FC7558
C 261
R
P 0000021830F39F78
C 345
R
P 0000021830F39F78
P 0000021830FC7558
C 260
R
P 0000021830F39F78
C 345
R
P 0000021830F39F78
P 0000021830FC7558
C 9
R
P 0000021830F39F78
C 345
R
P 0000021830F39F78
P 0000021831A41498
P 0000021830FC8238
I 0
P 0000000000000000
C 305
* 0000021830FC8338 4
R
P 0000021830F39F78
C 345
R
P 0000021830F39F78
P 0000021830FC8338
C 259
R
P 0000021830F39F78
C 345
R
P 0000021830F39F78
P 0000021830FC8338
C 256
= 0000021830FC6738
R
P 0000021830F39F78
C 345
R
P 0000021830F39F78
P 0000021830FC6738
C 211
R
P 0000021830F39F78
C 345
R
P 0000021830F39F78
P 0000021830FC8338
C 262
R
P 0000021830F39F78
C 345
R
P 0000021830F39F78
P 0000021830FC8338
C 261
R
P 0000021830F39F78
C 345
R
P 0000021830F39F78
P 0000021830FC8338
C 260
R
P 0000021830F39F78
C 345
R
P 0000021830F39F78
P 0000021830FC8338
C 9
R
P 0000021830F39F78
C 345
R
P 0000021830F39F78
P 0000021831A41498
P 0000021830FC8258
I 0
P 0000000000000000
C 305
* 0000021830FC82D8 4
R
P 0000021830F39F78
C 345
R
P 0000021830F39F78
P 0000021830FC82D8
C 259
R
P 0000021830F39F78
C 345
R
P 0000021830F39F78
P 0000021830FC82D8
C 256
= 0000021830FC6738
R
P 0000021830F39F78
C 345
R
P 0000021830F39F78
P 0000021830FC6738
C 211
R
P 0000021830F39F78
C 345
R
P 0000021830F39F78
P 0000021830FC82D8
C 262
R
P 0000021830F39F78
C 345
R
P 0000021830F39F78
P 0000021830FC82D8
C 261
R
P 0000021830F39F78
C 345
R
P 0000021830F39F78
P 0000021830FC82D8
C 260
R
P 0000021830F39F78
C 345
R
P 0000021830F39F78
P 0000021830FC82D8
C 9
R
P 0000021830F39F78
C 345
R
P 0000021830F39F78
P 0000021831A41498
P 0000021830FC8278
I 0
P 0000000000000000
C 305
* 0000021830FC8358 4
R
P 0000021830F39F78
C 345
R
P 0000021830F39F78
P 0000021830FC8358
C 259
R
P 0000021830F39F78
C 345
R
P 0000021830F39F78
P 0000021830FC8358
C 256
= 0000021830FC6738
R
P 0000021830F39F78
C 345
R
P 0000021830F39F78
P 0000021830FC6738
C 211
R
P 0000021830F39F78
C 345
R
P 0000021830F39F78
P 0000021830FC8358
C 262
R
P 0000021830F39F78
C 345
R
P 0000021830F39F78
P 0000021830FC8358
C 261
R
P 0000021830F39F78
C 345
R
P 0000021830F39F78
P 0000021830FC8358
C 260
R
P 0000021830F39F78
C 345
R
P 0000021830F39F78
P 0000021830FC8358
C 9
R
P 0000021830F39F78
C 345
R
P 0000021830F39F78
P 0000021830FC82F8
C 265
R
P 0000021830F39F78
C 345
R
P 0000021830F39F78
P 0000021830FC8318
C 265
R
P 0000021830F39F78
C 345
R
P 0000021830F39F78
P 0000021830FC8358
C 265
R
P 0000021830F39F78
C 345
R
P 0000021830F39F78
P 0000021830FC7558
C 265
R
P 0000021830F39F78
C 345
R
P 0000021830F39F78
P 0000021830FC8298
C 265
R
P 0000021830F39F78
C 345
R
P 0000021830F39F78
P 0000021830FC82B8
C 265
R
P 0000021830F39F78
C 345
R
P 0000021830F39F78
P 0000021830FC8338
C 265
R
P 0000021830F39F78
C 345
R
P 0000021830F39F78
P 0000021830FC82D8
C 265
R
P 0000021830F39F78
C 345
R
P 0000021830F39F78
P 0000021830FC7318
C 265
R
P 0000021830F39F78
C 345
R
P 0000021830F39F78
P 0000021830FC82B8
C 265
R
P 0000021830F39F78
C 345
R
P 0000021830F39F78
P 0000021830FC7558
C 265
R
P 0000021830F39F78
C 345
R
P 0000021830F39F78
P 0000021830FC82D8
C 265
R
P 0000021830F39F78
C 345
R
P 0000021830F39F78
P 0000021830FC82F8
C 265
R
P 0000021830F39F78
C 345
R
P 0000021830F39F78
P 0000021830FC7318
C 265
R
P 0000021830F39F78
C 345
R
P 0000021830F39F78
P 0000021830FC8338
C 265
R
P 0000021830F39F78
C 345
R
P 0000021830F39F78
P 0000021830FC8358
C 265
R
P 0000021830F39F78
C 345
R
P 0000021830F39F78
P 0000021830FC8298
C 265
R
P 0000021830F39F78
C 345
R
P 0000021830F39F78
P 0000021830FC8318
C 265
R
P 0000021830F39F78
C 345
R
P 0000021830F39F78
P 0000021830FC7318
C 265
R
P 0000021830F39F78
C 345
R
P 0000021830F39F78
P 0000021830FC8338
C 265
R
P 0000021830F39F78
C 345
R
P 0000021830F39F78
P 0000021830FC8298
C 265
R
P 0000021830F39F78
C 345
R
P 0000021830F39F78
P 0000021830FC82D8
C 265
R
P 0000021830F39F78
C 345
R
P 0000021830F39F78
P 0000021830FC8358
C 265
R
P 0000021830F39F78
C 345
R
P 0000021830F39F78
P 0000021830FC8318
C 265
R
P 0000021830F39F78
C 345
R
P 0000021830F39F78
P 0000021830FC7558
C 265
R
P 0000021830F39F78
C 345
R
P 0000021830F39F78
P 0000021830FC82B8
C 265
R
P 0000021830F39F78
C 345
R
P 0000021830F39F78
P 0000021830FC82F8
C 265
R
P 0000021830F39F78
C 345
R
P 0000021830F39F78
P 0000021830FC82F8
C 265
R
P 0000021830F39F78
C 345
R
P 0000021830F39F78
P 0000021830FC8298
C 265
R
P 0000021830F39F78
C 345
R
P 0000021830F39F78
P 0000021830FC8318
C 265
R
P 0000021830F39F78
C 345
R
P 0000021830F39F78
P 0000021830FC82B8
C 265
R
P 0000021830F39F78
C 345
R
P 0000021830F39F78
P 0000021830FC8358
C 265
R
P 0000021830F39F78
C 345
R
P 0000021830F39F78
P 0000021830FC82D8
C 265
R
P 0000021830F39F78
C 345
R
P 0000021830F39F78
P 0000021830FC7558
C 265
R
P 0000021830F39F78
C 345
R
P 0000021830F39F78
P 0000021830FC7318
C 265
R
P 0000021830F39F78
C 345
R
P 0000021830F39F78
P 0000021830FC8338
C 265
R
P 0000021830F39F78
C 345
R
P 0000021830F39F78
P 0000021830FC8338
C 265
R
P 0000021830F39F78
C 345
R
P 0000021830F39F78
P 0000021830FC8358
C 265
R
P 0000021830F39F78
C 345
R
P 0000021830F39F78
P 0000021830FC82D8
C 265
R
P 0000021830F39F78
C 345
R
P 0000021830F39F78
P 0000021830FC7558
C 265
R
P 0000021830F39F78
C 345
R
P 0000021830F39F78
P 0000021830FC8298
C 265
R
P 0000021830F39F78
C 345
R
P 0000021830F39F78
P 0000021830FC7318
C 265
R
P 0000021830F39F78
C 345
R
P 0000021830F39F78
P 0000021830FC82B8
C 265
R
P 0000021830F39F78
C 345
R
P 0000021830F39F78
P 0000021830FC82F8
C 265
R
P 0000021830F39F78
C 345
R
P 0000021830F39F78
P 0000021830FC8318
C 265
R
P 0000021830F39F78
C 345
R
P 0000021830F39F78
P 0000021830FC7318
C 265
R
P 0000021830F39F78
C 345
R
P 0000021830F39F78
P 0000021830FC82B8
C 265
R
P 0000021830F39F78
C 345
R
P 0000021830F39F78
P 0000021830FC7558
C 265
R
P 0000021830F39F78
C 345
R
P 0000021830F39F78
P 0000021830FC82F8
C 265
R
P 0000021830F39F78
C 345
R
P 0000021830F39F78
P 0000021830FC8318
C 265
R
P 0000021830F39F78
C 345
R
P 0000021830F39F78
P 0000021830FC8338
C 265
R
P 0000021830F39F78
C 345
R
P 0000021830F39F78
P 0000021830FC82D8
C 265
R
P 0000021830F39F78
C 345
R
P 0000021830F39F78
P 0000021830FC8358
C 265
R
P 0000021830F39F78
C 345
R
P 0000021830F39F78
P 0000021830FC8298
C 265
R
P 0000021830F39F78
C 345
R
P 0000021830F39F78
P 0000021830FC8358
C 265
R
P 0000021830F39F78
C 345
R
P 0000021830F39F78
P 0000021830FC8318
C 265
R
P 0000021830F39F78
C 345
R
P 0000021830F39F78
P 0000021830FC82D8
C 265
R
P 0000021830F39F78
C 345
R
P 0000021830F39F78
P 0000021830FC7318
C 265
R
P 0000021830F39F78
C 345
R
P 0000021830F39F78
P 0000021830FC82B8
C 265
R
P 0000021830F39F78
C 345
R
P 0000021830F39F78
P 0000021830FC8338
C 265
R
P 0000021830F39F78
C 345
R
P 0000021830F39F78
P 0000021830FC82F8
C 265
R
P 0000021830F39F78
C 345
R
P 0000021830F39F78
P 0000021830FC7558
C 265
R
P 0000021830F39F78
C 345
R
P 0000021830F39F78
P 0000021830FC8298
C 265
R
P 0000021830F39F78
C 345
R
P 0000021830F39F78
P 0000021830FC8298
C 265
R
P 0000021830F39F78
C 345
R
P 0000021830F39F78
P 0000021830FC7558
C 265
R
P 0000021830F39F78
C 345
R
P 0000021830F39F78
P 0000021830FC8338
C 265
R
P 0000021830F39F78
C 345
R
P 0000021830F39F78
P 0000021830FC82D8
C 265
R
P 0000021830F39F78
C 345
R
P 0000021830F39F78
P 0000021830FC8358
C 265
R
P 0000021830F39F78
C 345
R
P 0000021830F39F78
P 0000021830FC82F8
C 265
R
P 0000021830F39F78
C 345
R
P 0000021830F39F78
P 0000021830FC8318
C 265
R
P 0000021830F39F78
C 345
R
P 0000021830F39F78
P 0000021830FC82B8
C 265
R
P 0000021830F39F78
C 345
R
P 0000021830F39F78
P 0000021830FC7318
C 265
R
P 0000021830F39F78
C 345
R
P 0000021830F39F78
P 0000021830FC7318
C 265
R
P 0000021830F39F78
C 345
R
P 0000021830F39F78
P 0000021830FC82B8
C 265
R
P 0000021830F39F78
C 345
R
P 0000021830F39F78
P 0000021830FC82F8
C 265
R
P 0000021830F39F78
C 345
R
P 0000021830F39F78
P 0000021830FC8298
C 265
R
P 0000021830F39F78
C 345
R
P 0000021830F39F78
P 0000021830FC8318
C 265
R
P 0000021830F39F78
C 345
R
P 0000021830F39F78
P 0000021830FC7558
C 265
R
P 0000021830F39F78
C 345
R
P 0000021830F39F78
P 0000021830FC8338
C 265
R
P 0000021830F39F78
C 345
R
P 0000021830F39F78
P 0000021830FC82D8
C 265
R
P 0000021830F39F78
C 345
R
P 0000021830F39F78
P 0000021830FC8358
C 265
R
P 0000021830F39F78
C 345
M "QuantifierExample"
R
P 0000021830F39F78
S "x_0"
C 30
R
P 0000021830F39F78
C 345
R
P 0000021830F39F78
$ |x_0|
C 204
R
P 0000021830F39F78
C 345
R
P 0000021830F39F78
$ |x_0|
P 0000021830FC6738
C 51
= 0000021830FC8378
R
P 0000021830F39F78
C 345
R
P 0000021830F39F78
P 0000021830FC8378
C 259
R
P 0000021830F39F78
C 345
R
P 0000021830F39F78
P 0000021830FC8378
C 256
= 0000021830FC6738
R
P 0000021830F39F78
C 345
R
P 0000021830F39F78
P 0000021830FC6738
C 211
R
P 0000021830F39F78
C 345
R
P 0000021830F39F78
P 0000021830FC8378
C 262
R
P 0000021830F39F78
C 345
R
P 0000021830F39F78
P 0000021830FC8378
C 261
R
P 0000021830F39F78
C 345
R
P 0000021830F39F78
P 0000021830FC8378
C 260
R
P 0000021830F39F78
C 345
R
P 0000021830F39F78
P 0000021830FC8378
C 9
R
P 0000021830F39F78
C 345
R
P 0000021830F39F78
U 2
P 0000021830FC6738
C 193
= 0000021830FC8398
R
P 0000021830F39F78
C 345
R
P 0000021830F39F78
P 0000021830FC8398
C 259
R
P 0000021830F39F78
C 345
R
P 0000021830F39F78
P 0000021830FC8398
C 256
= 0000021830FC6738
R
P 0000021830F39F78
C 345
R
P 0000021830F39F78
P 0000021830FC6738
C 211
R
P 0000021830F39F78
C 345
R
P 0000021830F39F78
P 0000021830FC8398
C 262
R
P 0000021830F39F78
C 345
R
P 0000021830F39F78
P 0000021830FC8398
C 261
R
P 0000021830F39F78
C 345
R
P 0000021830F39F78
P 0000021830FC8398
C 260
R
P 0000021830F39F78
C 345
R
P 0000021830F39F78
P 0000021830FC8398
C 259
R
P 0000021830F39F78
C 345
R
P 0000021830F39F78
P 0000021830FC8398
C 9
R
P 0000021830F39F78
C 345
R
P 0000021830F39F78
S "x_1"
C 30
R
P 0000021830F39F78
C 345
R
P 0000021830F39F78
$ |x_1|
C 204
R
P 0000021830F39F78
C 345
R
P 0000021830F39F78
$ |x_1|
P 0000021830FC6738
C 51
= 0000021830FC83B8
R
P 0000021830F39F78
C 345
R
P 0000021830F39F78
P 0000021830FC83B8
C 259
R
P 0000021830F39F78
C 345
R
P 0000021830F39F78
P 0000021830FC83B8
C 256
= 0000021830FC6738
R
P 0000021830F39F78
C 345
R
P 0000021830F39F78
P 0000021830FC6738
C 211
R
P 0000021830F39F78
C 345
R
P 0000021830F39F78
P 0000021830FC83B8
C 262
R
P 0000021830F39F78
C 345
R
P 0000021830F39F78
P 0000021830FC83B8
C 261
R
P 0000021830F39F78
C 345
R
P 0000021830F39F78
P 0000021830FC83B8
C 260
R
P 0000021830F39F78
C 345
R
P 0000021830F39F78
P 0000021830FC83B8
C 9
R
P 0000021830F39F78
C 345
R
P 0000021830F39F78
U 1
P 0000021830FC6738
C 193
= 0000021830FC83D8
R
P 0000021830F39F78
C 345
R
P 0000021830F39F78
P 0000021830FC83D8
C 259
R
P 0000021830F39F78
C 345
R
P 0000021830F39F78
P 0000021830FC83D8
C 256
= 0000021830FC6738
R
P 0000021830F39F78
C 345
R
P 0000021830F39F78
P 0000021830FC6738
C 211
R
P 0000021830F39F78
C 345
R
P 0000021830F39F78
P 0000021830FC83D8
C 262
R
P 0000021830F39F78
C 345
R
P 0000021830F39F78
P 0000021830FC83D8
C 261
R
P 0000021830F39F78
C 345
R
P 0000021830F39F78
P 0000021830FC83D8
C 260
R
P 0000021830F39F78
C 345
R
P 0000021830F39F78
P 0000021830FC83D8
C 259
R
P 0000021830F39F78
C 345
R
P 0000021830F39F78
P 0000021830FC83D8
C 9
R
P 0000021830F39F78
C 345
R
P 0000021830F39F78
S "x_2"
C 30
R
P 0000021830F39F78
C 345
R
P 0000021830F39F78
$ |x_2|
C 204
R
P 0000021830F39F78
C 345
R
P 0000021830F39F78
$ |x_2|
P 0000021830FC6738
C 51
= 0000021830FC83F8
R
P 0000021830F39F78
C 345
R
P 0000021830F39F78
P 0000021830FC83F8
C 259
R
P 0000021830F39F78
C 345
R
P 0000021830F39F78
P 0000021830FC83F8
C 256
= 0000021830FC6738
R
P 0000021830F39F78
C 345
R
P 0000021830F39F78
P 0000021830FC6738
C 211
R
P 0000021830F39F78
C 345
R
P 0000021830F39F78
P 0000021830FC83F8
C 262
R
P 0000021830F39F78
C 345
R
P 0000021830F39F78
P 0000021830FC83F8
C 261
R
P 0000021830F39F78
C 345
R
P 0000021830F39F78
P 0000021830FC83F8
C 260
R
P 0000021830F39F78
C 345
R
P 0000021830F39F78
P 0000021830FC83F8
C 9
R
P 0000021830F39F78
C 345
R
P 0000021830F39F78
U 0
P 0000021830FC6738
C 193
= 0000021830FC8418
R
P 0000021830F39F78
C 345
R
P 0000021830F39F78
P 0000021830FC8418
C 259
R
P 0000021830F39F78
C 345
R
P 0000021830F39F78
P 0000021830FC8418
C 256
= 0000021830FC6738
R
P 0000021830F39F78
C 345
R
P 0000021830F39F78
P 0000021830FC6738
C 211
R
P 0000021830F39F78
C 345
R
P 0000021830F39F78
P 0000021830FC8418
C 262
R
P 0000021830F39F78
C 345
R
P 0000021830F39F78
P 0000021830FC8418
C 261
R
P 0000021830F39F78
C 345
R
P 0000021830F39F78
P 0000021830FC8418
C 260
R
P 0000021830F39F78
C 345
R
P 0000021830F39F78
P 0000021830FC8418
C 259
R
P 0000021830F39F78
C 345
R
P 0000021830F39F78
P 0000021830FC8418
C 9
R
P 0000021830F39F78
C 345
R
P 0000021830F39F78
I 1
P 0000021830FC6738
C 152
= 0000021830FC7318
R
P 0000021830F39F78
C 345
R
P 0000021830F39F78
P 0000021830FC7318
C 260
R
P 0000021830F39F78
C 345
R
P 0000021830F39F78
P 0000021830FC7318
C 9
R
P 0000021830F39F78
C 345
R
P 0000021830F39F78
U 2
P 0000021830FC8398
P 0000021830FC7318
p 2
C 67
= 00000218313BAED0
R
P 0000021830F39F78
C 345
R
P 0000021830F39F78
P 00000218313BAED0
C 259
R
P 0000021830F39F78
C 345
R
P 0000021830F39F78
P 00000218313BAED0
C 256
= 0000021830FC6738
R
P 0000021830F39F78
C 345
R
P 0000021830F39F78
P 0000021830FC6738
C 211
R
P 0000021830F39F78
C 345
R
P 0000021830F39F78
P 00000218313BAED0
C 262
R
P 0000021830F39F78
C 345
R
P 0000021830F39F78
P 00000218313BAED0
C 261
R
P 0000021830F39F78
C 345
R
P 0000021830F39F78
P 00000218313BAED0
C 260
R
P 0000021830F39F78
C 345
R
P 0000021830F39F78
P 00000218313BAED0
C 9
R
P 0000021830F39F78
C 345
R
P 0000021830F39F78
I 2
P 0000021830FC6738
C 152
= 0000021830FC7558
R
P 0000021830F39F78
C 345
R
P 0000021830F39F78
P 0000021830FC7558
C 260
R
P 0000021830F39F78
C 345
R
P 0000021830F39F78
P 0000021830FC7558
C 9
R
P 0000021830F39F78
C 345
R
P 0000021830F39F78
P 00000218313BAED0
P 0000021830FC7558
C 58
= 00000218319759E0
R
P 0000021830F39F78
C 345
R
P 0000021830F39F78
P 00000218319759E0
C 260
R
P 0000021830F39F78
C 345
R
P 0000021830F39F78
P 00000218319759E0
C 9
R
P 0000021830F39F78
C 345
R
P 0000021830F39F78
I 2
P 0000021830FC6738
C 152
= 0000021830FC7558
R
P 0000021830F39F78
C 345
R
P 0000021830F39F78
P 0000021830FC7558
C 260
R
P 0000021830F39F78
C 345
R
P 0000021830F39F78
P 0000021830FC7558
C 9
R
P 0000021830F39F78
C 345
R
P 0000021830F39F78
U 2
P 0000021830FC83D8
P 0000021830FC7558
p 2
C 67
= 0000021831973490
R
P 0000021830F39F78
C 345
R
P 0000021830F39F78
P 0000021831973490
C 259
R
P 0000021830F39F78
C 345
R
P 0000021830F39F78
P 0000021831973490
C 256
= 0000021830FC6738
R
P 0000021830F39F78
C 345
R
P 0000021830F39F78
P 0000021830FC6738
C 211
R
P 0000021830F39F78
C 345
R
P 0000021830F39F78
P 0000021831973490
C 262
R
P 0000021830F39F78
C 345
R
P 0000021830F39F78
P 0000021831973490
C 261
R
P 0000021830F39F78
C 345
R
P 0000021830F39F78
P 0000021831973490
C 260
R
P 0000021830F39F78
C 345
R
P 0000021830F39F78
P 0000021831973490
C 9
R
P 0000021830F39F78
C 345
R
P 0000021830F39F78
I 3
P 0000021830FC6738
C 152
= 0000021830FC82D8
R
P 0000021830F39F78
C 345
R
P 0000021830F39F78
P 0000021830FC82D8
C 260
R
P 0000021830F39F78
C 345
R
P 0000021830F39F78
P 0000021830FC82D8
C 9
R
P 0000021830F39F78
C 345
R
P 0000021830F39F78
U 2
P 0000021830FC8418
P 0000021830FC82D8
p 2
C 67
= 00000218313BAE98
R
P 0000021830F39F78
C 345
R
P 0000021830F39F78
P 00000218313BAE98
C 259
R
P 0000021830F39F78
C 345
R
P 0000021830F39F78
P 00000218313BAE98
C 256
= 0000021830FC6738
R
P 0000021830F39F78
C 345
R
P 0000021830F39F78
P 0000021830FC6738
C 211
R
P 0000021830F39F78
C 345
R
P 0000021830F39F78
P 00000218313BAE98
C 262
R
P 0000021830F39F78
C 345
R
P 0000021830F39F78
P 00000218313BAE98
C 261
R
P 0000021830F39F78
C 345
R
P 0000021830F39F78
P 00000218313BAE98
C 260
R
P 0000021830F39F78
C 345
R
P 0000021830F39F78
P 00000218313BAE98
C 9
R
P 0000021830F39F78
C 345
R
P 0000021830F39F78
P 0000021831973490
P 00000218313BAE98
C 58
= 00000218319759A8
R
P 0000021830F39F78
C 345
R
P 0000021830F39F78
P 00000218319759A8
C 260
R
P 0000021830F39F78
C 345
R
P 0000021830F39F78
P 00000218319759A8
C 9
R
P 0000021830F39F78
C 345
R
P 0000021830F39F78
U 2
P 00000218319759E0
P 00000218319759A8
p 2
C 65
= 0000021831973458
R
P 0000021830F39F78
C 345
R
P 0000021830F39F78
P 0000021831973458
C 260
R
P 0000021830F39F78
C 345
R
P 0000021830F39F78
P 0000021831973458
C 9
R
P 0000021830F39F78
C 345
R
P 0000021830F39F78
I 1
P 0000021830FC6738
C 152
= 0000021830FC7318
R
P 0000021830F39F78
C 345
R
P 0000021830F39F78
P 0000021830FC7318
C 260
R
P 0000021830F39F78
C 345
R
P 0000021830F39F78
P 0000021830FC7318
C 9
R
P 0000021830F39F78
C 345
R
P 0000021830F39F78
U 2
P 0000021830FC8378
P 0000021830FC7318
p 2
C 67
= 00000218313BAE60
R
P 0000021830F39F78
C 345
R
P 0000021830F39F78
P 00000218313BAE60
C 259
R
P 0000021830F39F78
C 345
R
P 0000021830F39F78
P 00000218313BAE60
C 256
= 0000021830FC6738
R
P 0000021830F39F78
C 345
R
P 0000021830F39F78
P 0000021830FC6738
C 211
R
P 0000021830F39F78
C 345
R
P 0000021830F39F78
P 00000218313BAE60
C 262
R
P 0000021830F39F78
C 345
R
P 0000021830F39F78
P 00000218313BAE60
C 261
R
P 0000021830F39F78
C 345
R
P 0000021830F39F78
P 00000218313BAE60
C 260
R
P 0000021830F39F78
C 345
R
P 0000021830F39F78
P 00000218313BAE60
C 9
R
P 0000021830F39F78
C 345
R
P 0000021830F39F78
I 2
P 0000021830FC6738
C 152
= 0000021830FC7558
R
P 0000021830F39F78
C 345
R
P 0000021830F39F78
P 0000021830FC7558
C 260
R
P 0000021830F39F78
C 345
R
P 0000021830F39F78
P 0000021830FC7558
C 9
R
P 0000021830F39F78
C 345
R
P 0000021830F39F78
P 00000218313BAE60
P 0000021830FC7558
C 58
= 0000021831975938
R
P 0000021830F39F78
C 345
R
P 0000021830F39F78
P 0000021831975938
C 260
R
P 0000021830F39F78
C 345
R
P 0000021830F39F78
P 0000021831975938
C 9
R
P 0000021830F39F78
C 345
R
P 0000021830F39F78
I 2
P 0000021830FC6738
C 152
= 0000021830FC7558
R
P 0000021830F39F78
C 345
R
P 0000021830F39F78
P 0000021830FC7558
C 260
R
P 0000021830F39F78
C 345
R
P 0000021830F39F78
P 0000021830FC7558
C 9
R
P 0000021830F39F78
C 345
R
P 0000021830F39F78
U 2
P 0000021830FC83B8
P 0000021830FC7558
p 2
C 67
= 0000021831973420
R
P 0000021830F39F78
C 345
R
P 0000021830F39F78
P 0000021831973420
C 259
R
P 0000021830F39F78
C 345
R
P 0000021830F39F78
P 0000021831973420
C 256
= 0000021830FC6738
R
P 0000021830F39F78
C 345
R
P 0000021830F39F78
P 0000021830FC6738
C 211
R
P 0000021830F39F78
C 345
R
P 0000021830F39F78
P 0000021831973420
C 262
R
P 0000021830F39F78
C 345
R
P 0000021830F39F78
P 0000021831973420
C 261
R
P 0000021830F39F78
C 345
R
P 0000021830F39F78
P 0000021831973420
C 260
R
P 0000021830F39F78
C 345
R
P 0000021830F39F78
P 0000021831973420
C 9
R
P 0000021830F39F78
C 345
R
P 0000021830F39F78
I 3
P 0000021830FC6738
C 152
= 0000021830FC82D8
R
P 0000021830F39F78
C 345
R
P 0000021830F39F78
P 0000021830FC82D8
C 260
R
P 0000021830F39F78
C 345
R
P 0000021830F39F78
P 0000021830FC82D8
C 9
R
P 0000021830F39F78
C 345
R
P 0000021830F39F78
U 2
P 0000021830FC83F8
P 0000021830FC82D8
p 2
C 67
= 0000021831975900
R
P 0000021830F39F78
C 345
R
P 0000021830F39F78
P 0000021831975900
C 259
R
P 0000021830F39F78
C 345
R
P 0000021830F39F78
P 0000021831975900
C 256
= 0000021830FC6738
R
P 0000021830F39F78
C 345
R
P 0000021830F39F78
P 0000021830FC6738
C 211
R
P 0000021830F39F78
C 345
R
P 0000021830F39F78
P 0000021831975900
C 262
R
P 0000021830F39F78
C 345
R
P 0000021830F39F78
P 0000021831975900
C 261
R
P 0000021830F39F78
C 345
R
P 0000021830F39F78
P 0000021831975900
C 260
R
P 0000021830F39F78
C 345
R
P 0000021830F39F78
P 0000021831975900
C 9
R
P 0000021830F39F78
C 345
R
P 0000021830F39F78
P 0000021831973420
P 0000021831975900
C 58
= 00000218319758C8
R
P 0000021830F39F78
C 345
R
P 0000021830F39F78
P 00000218319758C8
C 260
R
P 0000021830F39F78
C 345
R
P 0000021830F39F78
P 00000218319758C8
C 9
R
P 0000021830F39F78
C 345
R
P 0000021830F39F78
U 2
P 0000021831975938
P 00000218319758C8
p 2
C 65
= 0000021831975890
R
P 0000021830F39F78
C 345
R
P 0000021830F39F78
P 0000021831975890
C 260
R
P 0000021830F39F78
C 345
R
P 0000021830F39F78
P 0000021831975890
C 9
R
P 0000021830F39F78
C 345
R
P 0000021830F39F78
S "Q1"
C 30
R
P 0000021830F39F78
C 345
R
P 0000021830F39F78
$ |Q1|
C 204
R
P 0000021830F39F78
C 345
R
P 0000021830F39F78
S "skid1"
C 30
R
P 0000021830F39F78
C 345
R
P 0000021830F39F78
$ |skid1|
C 204
R
P 0000021830F39F78
C 345
R
P 0000021830F39F78
I 1
U 1
$ |Q1|
$ |skid1|
U 0
p 0
U 0
p 0
U 3
P 0000021830FC6738
P 0000021830FC6738
P 0000021830FC6738
p 3
$ |x_0|
$ |x_1|
$ |x_2|
s 3
P 0000021831973458
C 197
= 0000021830FE8788
R
P 0000021830F39F78
C 345
R
P 0000021830F39F78
P 0000021830FE8788
C 259
R
P 0000021830F39F78
C 345
R
P 0000021830F39F78
P 0000021830FE8788
C 260
R
P 0000021830F39F78
C 345
R
P 0000021830F39F78
P 0000021830FE8788
C 259
R
P 0000021830F39F78
C 345
R
P 0000021830F39F78
P 0000021830FE8788
C 259
R
P 0000021830F39F78
C 345
R
P 0000021830F39F78
P 0000021830FE8788
C 9
R
P 0000021830F39F78
C 345
R
P 0000021830F39F78
P 0000021830FE8788
C 336
R
P 0000021830F39F78
C 345
R
P 0000021830F39F78
S "Q2"
C 30
R
P 0000021830F39F78
C 345
R
P 0000021830F39F78
$ |Q2|
C 204
R
P 0000021830F39F78
C 345
R
P 0000021830F39F78
S "skid2"
C 30
R
P 0000021830F39F78
C 345
R
P 0000021830F39F78
$ |skid2|
C 204
R
P 0000021830F39F78
C 345
R
P 0000021830F39F78
I 1
U 1
$ |Q2|
$ |skid2|
U 3
P 0000021830FC8378
P 0000021830FC83B8
P 0000021830FC83F8
p 3
U 0
p 0
U 0
p 0
P 0000021831975890
C 201
= 0000021830FE8788
R
P 0000021830F39F78
C 345
R
P 0000021830F39F78
P 0000021830FE8788
C 259
R
P 0000021830F39F78
C 345
R
P 0000021830F39F78
P 0000021830FE8788
C 260
R
P 0000021830F39F78
C 345
R
P 0000021830F39F78
P 0000021830FE8788
C 259
R
P 0000021830F39F78
C 345
R
P 0000021830F39F78
P 0000021830FE8788
C 259
R
P 0000021830F39F78
C 345
R
P 0000021830F39F78
P 0000021830FE8788
C 9
R
P 0000021830F39F78
C 345
R
P 0000021830F39F78
P 0000021830FE8788
C 336
R
P 0000021830F39F78
C 345
M "QuantifierExample2"
R
P 0000021830F39F78
S "f"
C 30
R
P 0000021830F39F78
C 345
R
P 0000021830F39F78
$ |f|
C 204
R
P 0000021830F39F78
C 345
R
P 0000021830F39F78
$ |f|
U 1
P 0000021830FC6738
p 1
P 0000021830FC6738
C 49
= 0000021831975858
R
P 0000021830F39F78
C 345
R
P 0000021830F39F78
P 0000021831975858
C 259
R
P 0000021830F39F78
C 345
R
P 0000021830F39F78
P 0000021831975858
C 9
R
P 0000021830F39F78
C 345
R
P 0000021830F39F78
S "g"
C 30
R
P 0000021830F39F78
C 345
R
P 0000021830F39F78
$ |g|
C 204
R
P 0000021830F39F78
C 345
R
P 0000021830F39F78
$ |g|
U 1
P 0000021830FC6738
p 1
P 0000021830FC6738
C 49
= 0000021831975740
R
P 0000021830F39F78
C 345
R
P 0000021830F39F78
P 0000021831975740
C 259
R
P 0000021830F39F78
C 345
R
P 0000021830F39F78
P 0000021831975740
C 9
R
P 0000021830F39F78
C 345
R
P 0000021830F39F78
S "x"
C 30
R
P 0000021830F39F78
C 345
R
P 0000021830F39F78
$ |x|
C 204
R
P 0000021830F39F78
C 345
R
P 0000021830F39F78
$ |x|
P 0000021830FC6738
C 51
= 0000021830FC7058
R
P 0000021830F39F78
C 345
R
P 0000021830F39F78
P 0000021830FC7058
C 259
R
P 0000021830F39F78
C 345
R
P 0000021830F39F78
P 0000021830FC7058
C 256
= 0000021830FC6738
R
P 0000021830F39F78
C 345
R
P 0000021830F39F78
P 0000021830FC6738
C 211
R
P 0000021830F39F78
C 345
R
P 0000021830F39F78
P 0000021830FC7058
C 262
R
P 0000021830F39F78
C 345
R
P 0000021830F39F78
P 0000021830FC7058
C 261
R
P 0000021830F39F78
C 345
R
P 0000021830F39F78
P 0000021830FC7058
C 260
R
P 0000021830F39F78
C 345
R
P 0000021830F39F78
P 0000021830FC7058
C 9
R
P 0000021830F39F78
C 345
R
P 0000021830F39F78
S "y"
C 30
R
P 0000021830F39F78
C 345
R
P 0000021830F39F78
$ |y|
C 204
R
P 0000021830F39F78
C 345
R
P 0000021830F39F78
$ |y|
P 0000021830FC6738
C 51
= 0000021830FC7078
R
P 0000021830F39F78
C 345
R
P 0000021830F39F78
P 0000021830FC7078
C 259
R
P 0000021830F39F78
C 345
R
P 0000021830F39F78
P 0000021830FC7078
C 256
= 0000021830FC6738
R
P 0000021830F39F78
C 345
R
P 0000021830F39F78
P 0000021830FC6738
C 211
R
P 0000021830F39F78
C 345
R
P 0000021830F39F78
P 0000021830FC7078
C 262
R
P 0000021830F39F78
C 345
R
P 0000021830F39F78
P 0000021830FC7078
C 261
R
P 0000021830F39F78
C 345
R
P 0000021830F39F78
P 0000021830FC7078
C 260
R
P 0000021830F39F78
C 345
R
P 0000021830F39F78
P 0000021830FC7078
C 9
R
P 0000021830F39F78
C 345
R
P 0000021830F39F78
P 0000021831975858
U 1
P 0000021830FC7058
p 1
C 50
= 0000021831979BD8
R
P 0000021830F39F78
C 345
R
P 0000021830F39F78
P 0000021831979BD8
C 259
R
P 0000021830F39F78
C 345
R
P 0000021830F39F78
P 0000021831979BD8
C 256
= 0000021830FC6738
R
P 0000021830F39F78
C 345
R
P 0000021830F39F78
P 0000021830FC6738
C 211
R
P 0000021830F39F78
C 345
R
P 0000021830F39F78
P 0000021831979BD8
C 262
R
P 0000021830F39F78
C 345
R
P 0000021830F39F78
P 0000021831979BD8
C 261
R
P 0000021830F39F78
C 345
R
P 0000021830F39F78
P 0000021831979BD8
C 260
R
P 0000021830F39F78
C 345
R
P 0000021830F39F78
P 0000021831979BD8
C 9
R
P 0000021830F39F78
C 345
R
P 0000021830F39F78
P 0000021831975858
U 1
P 0000021830FC7078
p 1
C 50
= 0000021831979BA8
R
P 0000021830F39F78
C 345
R
P 0000021830F39F78
P 0000021831979BA8
C 259
R
P 0000021830F39F78
C 345
R
P 0000021830F39F78
P 0000021831979BA8
C 256
= 0000021830FC6738
R
P 0000021830F39F78
C 345
R
P 0000021830F39F78
P 0000021830FC6738
C 211
R
P 0000021830F39F78
C 345
R
P 0000021830F39F78
P 0000021831979BA8
C 262
R
P 0000021830F39F78
C 345
R
P 0000021830F39F78
P 0000021831979BA8
C 261
R
P 0000021830F39F78
C 345
R
P 0000021830F39F78
P 0000021831979BA8
C 260
R
P 0000021830F39F78
C 345
R
P 0000021830F39F78
P 0000021831979BA8
C 9
R
P 0000021830F39F78
C 345
R
P 0000021830F39F78
P 0000021831975740
U 1
P 0000021830FC7078
p 1
C 50
= 0000021831979B78
R
P 0000021830F39F78
C 345
R
P 0000021830F39F78
P 0000021831979B78
C 259
R
P 0000021830F39F78
C 345
R
P 0000021830F39F78
P 0000021831979B78
C 256
= 0000021830FC6738
R
P 0000021830F39F78
C 345
R
P 0000021830F39F78
P 0000021830FC6738
C 211
R
P 0000021830F39F78
C 345
R
P 0000021830F39F78
P 0000021831979B78
C 262
R
P 0000021830F39F78
C 345
R
P 0000021830F39F78
P 0000021831979B78
C 261
R
P 0000021830F39F78
C 345
R
P 0000021830F39F78
P 0000021831979B78
C 260
R
P 0000021830F39F78
C 345
R
P 0000021830F39F78
P 0000021831979B78
C 9
R
P 0000021830F39F78
C 345
R
P 0000021830F39F78
U 2
P 0000021831979BD8
P 0000021831979B78
p 2
C 192
= 0000021831975820
R
P 0000021830F39F78
C 345
R
P 0000021830F39F78
P 0000021831975820
C 9
R
P 0000021830F39F78
C 345
R
P 0000021830F39F78
P 0000021831979BD8
P 0000021831979BA8
C 58
= 00000218319757E8
R
P 0000021830F39F78
C 345
R
P 0000021830F39F78
P 00000218319757E8
C 260
R
P 0000021830F39F78
C 345
R
P 0000021830F39F78
P 00000218319757E8
C 9
R
P 0000021830F39F78
C 345
R
P 0000021830F39F78
P 0000021831979BA8
P 0000021831979B78
C 58
= 00000218319733E8
R
P 0000021830F39F78
C 345
R
P 0000021830F39F78
P 00000218319733E8
C 260
R
P 0000021830F39F78
C 345
R
P 0000021830F39F78
P 00000218319733E8
C 9
R
P 0000021830F39F78
C 345
R
P 0000021830F39F78
U 2
P 00000218319757E8
P 00000218319733E8
p 2
C 65
= 00000218319757B0
R
P 0000021830F39F78
C 345
R
P 0000021830F39F78
P 00000218319757B0
C 260
R
P 0000021830F39F78
C 345
R
P 0000021830F39F78
P 00000218319757B0
C 9
R
P 0000021830F39F78
C 345
R
P 0000021830F39F78
S "q"
C 30
R
P 0000021830F39F78
C 345
R
P 0000021830F39F78
$ |q|
C 204
R
P 0000021830F39F78
C 345
R
P 0000021830F39F78
S "sk"
C 30
R
P 0000021830F39F78
C 345
R
P 0000021830F39F78
$ |sk|
C 204
R
P 0000021830F39F78
C 345
R
P 0000021830F39F78
I 1
U 1
$ |q|
$ |sk|
U 2
P 0000021830FC7058
P 0000021830FC7078
p 2
U 0
p 0
U 1
P 0000021831979BA8
p 1
P 00000218319757B0
C 201
= 0000021830FD8780
R
P 0000021830F39F78
C 345
R
P 0000021830F39F78
P 0000021830FD8780
C 259
R
P 0000021830F39F78
C 345
R
P 0000021830F39F78
P 0000021830FD8780
C 260
R
P 0000021830F39F78
C 345
R
P 0000021830F39F78
P 0000021830FD8780
C 259
R
P 0000021830F39F78
C 345
R
P 0000021830F39F78
P 0000021830FD8780
C 259
R
P 0000021830F39F78
C 345
R
P 0000021830F39F78
P 0000021830FD8780
C 9
R
P 0000021830F39F78
C 345
R
P 0000021830F39F78
P 0000021830FD8780
C 336
R
P 0000021830F39F78
C 345
R
P 0000021830F39F78
U 1
P 0000021830FC6738
C 193
= 0000021830FC83D8
R
P 0000021830F39F78
C 345
R
P 0000021830F39F78
P 0000021830FC83D8
C 259
R
P 0000021830F39F78
C 345
R
P 0000021830F39F78
P 0000021830FC83D8
C 256
= 0000021830FC6738
R
P 0000021830F39F78
C 345
R
P 0000021830F39F78
P 0000021830FC6738
C 211
R
P 0000021830F39F78
C 345
R
P 0000021830F39F78
P 0000021830FC83D8
C 262
R
P 0000021830F39F78
C 345
R
P 0000021830F39F78
P 0000021830FC83D8
C 261
R
P 0000021830F39F78
C 345
R
P 0000021830F39F78
P 0000021830FC83D8
C 260
R
P 0000021830F39F78
C 345
R
P 0000021830F39F78
P 0000021830FC83D8
C 259
R
P 0000021830F39F78
C 345
R
P 0000021830F39F78
P 0000021830FC83D8
C 9
R
P 0000021830F39F78
C 345
R
P 0000021830F39F78
U 0
P 0000021830FC6738
C 193
= 0000021830FC8418
R
P 0000021830F39F78
C 345
R
P 0000021830F39F78
P 0000021830FC8418
C 259
R
P 0000021830F39F78
C 345
R
P 0000021830F39F78
P 0000021830FC8418
C 256
= 0000021830FC6738
R
P 0000021830F39F78
C 345
R
P 0000021830F39F78
P 0000021830FC6738
C 211
R
P 0000021830F39F78
C 345
R
P 0000021830F39F78
P 0000021830FC8418
C 262
R
P 0000021830F39F78
C 345
R
P 0000021830F39F78
P 0000021830FC8418
C 261
R
P 0000021830F39F78
C 345
R
P 0000021830F39F78
P 0000021830FC8418
C 260
R
P 0000021830F39F78
C 345
R
P 0000021830F39F78
P 0000021830FC8418
C 259
R
P 0000021830F39F78
C 345
R
P 0000021830F39F78
P 0000021830FC8418
C 9
R
P 0000021830F39F78
C 345
R
P 0000021830F39F78
P 0000021831975858
U 1
P 0000021830FC83D8
p 1
C 50
= 0000021831979B18
R
P 0000021830F39F78
C 345
R
P 0000021830F39F78
P 0000021831979B18
C 259
R
P 0000021830F39F78
C 345
R
P 0000021830F39F78
P 0000021831979B18
C 256
= 0000021830FC6738
R
P 0000021830F39F78
C 345
R
P 0000021830F39F78
P 0000021830FC6738
C 211
R
P 0000021830F39F78
C 345
R
P 0000021830F39F78
P 0000021831979B18
C 262
R
P 0000021830F39F78
C 345
R
P 0000021830F39F78
P 0000021831979B18
C 261
R
P 0000021830F39F78
C 345
R
P 0000021830F39F78
P 0000021831979B18
C 260
R
P 0000021830F39F78
C 345
R
P 0000021830F39F78
P 0000021831979B18
C 9
R
P 0000021830F39F78
C 345
R
P 0000021830F39F78
P 0000021831975858
U 1
P 0000021830FC8418
p 1
C 50
= 0000021831979B48
R
P 0000021830F39F78
C 345
R
P 0000021830F39F78
P 0000021831979B48
C 259
R
P 0000021830F39F78
C 345
R
P 0000021830F39F78
P 0000021831979B48
C 256
= 0000021830FC6738
R
P 0000021830F39F78
C 345
R
P 0000021830F39F78
P 0000021830FC6738
C 211
R
P 0000021830F39F78
C 345
R
P 0000021830F39F78
P 0000021831979B48
C 262
R
P 0000021830F39F78
C 345
R
P 0000021830F39F78
P 0000021831979B48
C 261
R
P 0000021830F39F78
C 345
R
P 0000021830F39F78
P 0000021831979B48
C 260
R
P 0000021830F39F78
C 345
R
P 0000021830F39F78
P 0000021831979B48
C 9
R
P 0000021830F39F78
C 345
R
P 0000021830F39F78
P 0000021831975740
U 1
P 0000021830FC8418
p 1
C 50
= 0000021831979A58
R
P 0000021830F39F78
C 345
R
P 0000021830F39F78
P 0000021831979A58
C 259
R
P 0000021830F39F78
C 345
R
P 0000021830F39F78
P 0000021831979A58
C 256
= 0000021830FC6738
R
P 0000021830F39F78
C 345
R
P 0000021830F39F78
P 0000021830FC6738
C 211
R
P 0000021830F39F78
C 345
R
P 0000021830F39F78
P 0000021831979A58
C 262
R
P 0000021830F39F78
C 345
R
P 0000021830F39F78
P 0000021831979A58
C 261
R
P 0000021830F39F78
C 345
R
P 0000021830F39F78
P 0000021831979A58
C 260
R
P 0000021830F39F78
C 345
R
P 0000021830F39F78
P 0000021831979A58
C 9
R
P 0000021830F39F78
C 345
R
P 0000021830F39F78
U 2
P 0000021831979B18
P 0000021831979A58
p 2
C 192
= 00000218313BA338
R
P 0000021830F39F78
C 345
R
P 0000021830F39F78
P 00000218313BA338
C 9
R
P 0000021830F39F78
C 345
R
P 0000021830F39F78
S "x"
C 30
R
P 0000021830F39F78
C 345
R
P 0000021830F39F78
$ |x|
C 204
R
P 0000021830F39F78
C 345
R
P 0000021830F39F78
S "y"
C 30
R
P 0000021830F39F78
C 345
R
P 0000021830F39F78
$ |y|
C 204
R
P 0000021830F39F78
C 345
R
P 0000021830F39F78
P 0000021831979B18
P 0000021831979B48
C 58
= 0000021831975778
R
P 0000021830F39F78
C 345
R
P 0000021830F39F78
P 0000021831975778
C 260
R
P 0000021830F39F78
C 345
R
P 0000021830F39F78
P 0000021831975778
C 9
R
P 0000021830F39F78
C 345
R
P 0000021830F39F78
P 0000021831979B48
P 0000021831979A58
C 58
= 00000218319733B0
R
P 0000021830F39F78
C 345
R
P 0000021830F39F78
P 00000218319733B0
C 260
R
P 0000021830F39F78
C 345
R
P 0000021830F39F78
P 00000218319733B0
C 9
R
P 0000021830F39F78
C 345
R
P 0000021830F39F78
U 2
P 0000021831975778
P 00000218319733B0
p 2
C 65
= 0000021831973378
R
P 0000021830F39F78
C 345
R
P 0000021830F39F78
P 0000021831973378
C 260
R
P 0000021830F39F78
C 345
R
P 0000021830F39F78
P 0000021831973378
C 9
R
P 0000021830F39F78
C 345
R
P 0000021830F39F78
S "q"
C 30
R
P 0000021830F39F78
C 345
R
P 0000021830F39F78
$ |q|
C 204
R
P 0000021830F39F78
C 345
R
P 0000021830F39F78
S "sk"
C 30
R
P 0000021830F39F78
C 345
R
P 0000021830F39F78
$ |sk|
C 204
R
P 0000021830F39F78
C 345
R
P 0000021830F39F78
I 1
U 1
$ |q|
$ |sk|
U 0
p 0
U 1
P 0000021831979B48
p 1
U 2
P 0000021830FC6738
P 0000021830FC6738
p 2
$ |x|
$ |y|
s 2
P 0000021831973378
C 197
= 0000021830FD8780
R
P 0000021830F39F78
C 345
R
P 0000021830F39F78
P 0000021830FD8780
C 259
R
P 0000021830F39F78
C 345
R
P 0000021830F39F78
P 0000021830FD8780
C 260
R
P 0000021830F39F78
C 345
R
P 0000021830F39F78
P 0000021830FD8780
C 259
R
P 0000021830F39F78
C 345
R
P 0000021830F39F78
P 0000021830FD8780
C 259
R
P 0000021830F39F78
C 345
R
P 0000021830F39F78
P 0000021830FD8780
C 9
R
P 0000021830F39F78
C 345
R
P 0000021830F39F78
P 0000021830FD8780
C 336
R
P 0000021830F39F78
C 345
R
P 0000021830F39F78
C 345
M "LogicTest"
R
I 1
C 334
R
P 0000021830F39F78
U 32
C 35
= 0000021830FC6B78
R
P 0000021830F39F78
C 345
R
P 0000021830F39F78
P 0000021830FC6B78
C 259
R
P 0000021830F39F78
C 345
R
P 0000021830F39F78
P 0000021830FC6B78
C 9
R
P 0000021830F39F78
C 345
R
P 0000021830F39F78
S "x"
C 30
R
P 0000021830F39F78
C 345
R
P 0000021830F39F78
$ |x|
C 204
R
P 0000021830F39F78
C 345
R
P 0000021830F39F78
$ |x|
P 0000021830FC6B78
C 51
= 0000021830FC8438
R
P 0000021830F39F78
C 345
R
P 0000021830F39F78
P 0000021830FC8438
C 259
R
P 0000021830F39F78
C 345
R
P 0000021830F39F78
P 0000021830FC8438
C 256
= 0000021830FC6B78
R
P 0000021830F39F78
C 345
R
P 0000021830F39F78
P 0000021830FC6B78
C 211
R
P 0000021830F39F78
C 345
R
P 0000021830F39F78
P 0000021830FC8438
C 262
R
P 0000021830F39F78
C 345
R
P 0000021830F39F78
P 0000021830FC8438
C 261
R
P 0000021830F39F78
C 345
R
P 0000021830F39F78
P 0000021830FC8438
C 260
R
P 0000021830F39F78
C 345
R
P 0000021830F39F78
P 0000021830FC8438
C 9
R
P 0000021830F39F78
C 345
R
P 0000021830F39F78
S "y"
C 30
R
P 0000021830F39F78
C 345
R
P 0000021830F39F78
$ |y|
C 204
R
P 0000021830F39F78
C 345
R
P 0000021830F39F78
$ |y|
P 0000021830FC6B78
C 51
= 0000021830FC8458
R
P 0000021830F39F78
C 345
R
P 0000021830F39F78
P 0000021830FC8458
C 259
R
P 0000021830F39F78
C 345
R
P 0000021830F39F78
P 0000021830FC8458
C 256
= 0000021830FC6B78
R
P 0000021830F39F78
C 345
R
P 0000021830F39F78
P 0000021830FC6B78
C 211
R
P 0000021830F39F78
C 345
R
P 0000021830F39F78
P 0000021830FC8458
C 262
R
P 0000021830F39F78
C 345
R
P 0000021830F39F78
P 0000021830FC8458
C 261
R
P 0000021830F39F78
C 345
R
P 0000021830F39F78
P 0000021830FC8458
C 260
R
P 0000021830F39F78
C 345
R
P 0000021830F39F78
P 0000021830FC8458
C 9
R
P 0000021830F39F78
C 345
R
P 0000021830F39F78
P 0000021830FC8438
P 0000021830FC8458
C 58
= 0000021831975698
R
P 0000021830F39F78
C 345
R
P 0000021830F39F78
P 0000021831975698
C 260
R
P 0000021830F39F78
C 345
R
P 0000021830F39F78
P 0000021831975698
C 9
R
P 0000021830F39F78
C 345
R
P 0000021830F39F78
S "QF_BV"
C 30
R
P 0000021830F39F78
C 345
R
P 0000021830F39F78
$ |QF_BV|
C 204
R
P 0000021830F39F78
C 345
R
P 0000021830F39F78
$ |QF_BV|
C 417
= 00000218316D42D8
R
P 0000021830F39F78
C 345
R
P 0000021830F39F78
P 00000218316D42D8
C 424
R
P 0000021830F39F78
C 345
R
P 0000021830F39F78
P 00000218316D42D8
P 0000021831975698
C 430
R
P 0000021830F39F78
C 345
R
P 0000021830F39F78
P 00000218316D42D8
C 437
R
P 0000021830F39F78
C 345
R
P 0000021830F39F78
I 1
I 0
I 0
C 354
= 0000021831A429F8
R
P 0000021830F39F78
C 345
R
P 0000021830F39F78
P 0000021831A429F8
C 355
R
P 0000021830F39F78
C 345
R
P 0000021830F39F78
P 0000021831A429F8
P 0000021831975698
C 358
R
P 0000021830F39F78
C 345
R
P 0000021830F39F78
S "qfbv"
C 371
= 0000021831A34898
R
P 0000021830F39F78
C 345
R
P 0000021830F39F78
P 0000021831A34898
C 372
R
P 0000021830F39F78
C 345
R
P 0000021830F39F78
P 0000021831A34898
P 0000021831A429F8
C 408
= 00000218312174C8
R
P 0000021830F39F78
C 345
R
P 0000021830F39F78
P 00000218312174C8
C 410
R
P 0000021830F39F78
C 345
R
P 0000021830F39F78
P 00000218312174C8
C 412
R
P 0000021830F39F78
C 345
R
P 0000021830F39F78
P 00000218312174C8
C 413
R
P 0000021830F39F78
C 345
R
P 0000021830F39F78
P 00000218312174C8
C 413
R
P 0000021830F39F78
C 345
R
P 0000021830F39F78
P 00000218312174C8
U 0
C 414
= 0000021831A347D8
R
P 0000021830F39F78
C 345
R
P 0000021830F39F78
P 0000021831A347D8
C 355
R
P 0000021830F39F78
C 345
R
P 0000021830F39F78
P 0000021831A347D8
C 365
R
P 0000021830F39F78
C 345
M "ParOrExample"
R
P 0000021830F39F78
U 32
C 35
= 0000021830FC6B78
R
P 0000021830F39F78
C 345
R
P 0000021830F39F78
P 0000021830FC6B78
C 259
R
P 0000021830F39F78
C 345
R
P 0000021830F39F78
P 0000021830FC6B78
C 9
R
P 0000021830F39F78
C 345
R
P 0000021830F39F78
S "x"
C 30
R
P 0000021830F39F78
C 345
R
P 0000021830F39F78
$ |x|
C 204
R
P 0000021830F39F78
C 345
R
P 0000021830F39F78
$ |x|
P 0000021830FC6B78
C 51
= 0000021830FC8438
R
P 0000021830F39F78
C 345
R
P 0000021830F39F78
P 0000021830FC8438
C 259
R
P 0000021830F39F78
C 345
R
P 0000021830F39F78
P 0000021830FC8438
C 256
= 0000021830FC6B78
R
P 0000021830F39F78
C 345
R
P 0000021830F39F78
P 0000021830FC6B78
C 211
R
P 0000021830F39F78
C 345
R
P 0000021830F39F78
P 0000021830FC8438
C 262
R
P 0000021830F39F78
C 345
R
P 0000021830F39F78
P 0000021830FC8438
C 261
R
P 0000021830F39F78
C 345
R
P 0000021830F39F78
P 0000021830FC8438
C 260
R
P 0000021830F39F78
C 345
R
P 0000021830F39F78
P 0000021830FC8438
C 9
R
P 0000021830F39F78
C 345
R
P 0000021830F39F78
S "y"
C 30
R
P 0000021830F39F78
C 345
R
P 0000021830F39F78
$ |y|
C 204
R
P 0000021830F39F78
C 345
R
P 0000021830F39F78
$ |y|
P 0000021830FC6B78
C 51
= 0000021830FC8458
R
P 0000021830F39F78
C 345
R
P 0000021830F39F78
P 0000021830FC8458
C 259
R
P 0000021830F39F78
C 345
R
P 0000021830F39F78
P 0000021830FC8458
C 256
= 0000021830FC6B78
R
P 0000021830F39F78
C 345
R
P 0000021830F39F78
P 0000021830FC6B78
C 211
R
P 0000021830F39F78
C 345
R
P 0000021830F39F78
P 0000021830FC8458
C 262
R
P 0000021830F39F78
C 345
R
P 0000021830F39F78
P 0000021830FC8458
C 261
R
P 0000021830F39F78
C 345
R
P 0000021830F39F78
P 0000021830FC8458
C 260
R
P 0000021830F39F78
C 345
R
P 0000021830F39F78
P 0000021830FC8458
C 9
R
P 0000021830F39F78
C 345
R
P 0000021830F39F78
P 0000021830FC8438
P 0000021830FC8458
C 58
= 0000021831975698
R
P 0000021830F39F78
C 345
R
P 0000021830F39F78
P 0000021831975698
C 260
R
P 0000021830F39F78
C 345
R
P 0000021830F39F78
P 0000021831975698
C 9
R
P 0000021830F39F78
C 345
R
P 0000021830F39F78
I 1
I 0
I 0
C 354
= 0000021831A343B8
R
P 0000021830F39F78
C 345
R
P 0000021830F39F78
P 0000021831A343B8
C 355
R
P 0000021830F39F78
C 345
R
P 0000021830F39F78
P 0000021831A343B8
P 0000021831975698
C 358
R
P 0000021830F39F78
C 345
R
P 0000021830F39F78
S "qfbv"
C 371
= 0000021831A34EF8
R
P 0000021830F39F78
C 345
R
P 0000021830F39F78
P 0000021831A34EF8
C 372
R
P 0000021830F39F78
C 345
R
P 0000021830F39F78
S "qfbv"
C 371
= 0000021831A40A18
R
P 0000021830F39F78
C 345
R
P 0000021830F39F78
P 0000021831A40A18
C 372
R
P 0000021830F39F78
C 345
R
P 0000021830F39F78
U 2
P 0000021831A34EF8
P 0000021831A40A18
p 2
C 379
= 0000021831A40868
R
P 0000021830F39F78
C 345
R
P 0000021830F39F78
P 0000021831A40868
C 372
R
P 0000021830F39F78
C 345
R
P 0000021830F39F78
P 0000021831A40868
P 0000021831A343B8
C 408
= 0000021831A99EC8
R
P 0000021830F39F78
C 345
R
P 0000021830F39F78
P 0000021831A99EC8
C 410
R
P 0000021830F39F78
C 345
R
P 0000021830F39F78
P 0000021831A99EC8
C 413
R
P 0000021830F39F78
C 345
R
P 0000021830F39F78
P 0000021831A99EC8
C 413
R
P 0000021830F39F78
C 345
R
P 0000021830F39F78
P 0000021831A99EC8
U 0
C 414
= 000002183174F6C8
R
P 0000021830F39F78
C 345
R
P 0000021830F39F78
P 000002183174F6C8
C 355
R
P 0000021830F39F78
C 345
R
P 0000021830F39F78
P 000002183174F6C8
C 365
R
P 0000021830F39F78
C 345
M "FindModelExample1"
R
P 0000021830F39F78
S "x"
C 30
R
P 0000021830F39F78
C 345
R
P 0000021830F39F78
$ |x|
C 204
R
P 0000021830F39F78
C 345
R
P 0000021830F39F78
$ |x|
P 0000021830FC6678
C 51
= 0000021830FC7478
R
P 0000021830F39F78
C 345
R
P 0000021830F39F78
P 0000021830FC7478
C 259
R
P 0000021830F39F78
C 345
R
P 0000021830F39F78
P 0000021830FC7478
C 256
= 0000021830FC6678
R
P 0000021830F39F78
C 345
R
P 0000021830F39F78
P 0000021830FC6678
C 211
R
P 0000021830F39F78
C 345
R
P 0000021830F39F78
P 0000021830FC7478
C 262
R
P 0000021830F39F78
C 345
R
P 0000021830F39F78
P 0000021830FC7478
C 261
R
P 0000021830F39F78
C 345
R
P 0000021830F39F78
P 0000021830FC7478
C 260
R
P 0000021830F39F78
C 345
R
P 0000021830F39F78
P 0000021830FC7478
C 9
R
P 0000021830F39F78
C 345
R
P 0000021830F39F78
S "y"
C 30
R
P 0000021830F39F78
C 345
R
P 0000021830F39F78
$ |y|
C 204
R
P 0000021830F39F78
C 345
R
P 0000021830F39F78
$ |y|
P 0000021830FC6678
C 51
= 0000021830FC7458
R
P 0000021830F39F78
C 345
R
P 0000021830F39F78
P 0000021830FC7458
C 259
R
P 0000021830F39F78
C 345
R
P 0000021830F39F78
P 0000021830FC7458
C 256
= 0000021830FC6678
R
P 0000021830F39F78
C 345
R
P 0000021830F39F78
P 0000021830FC6678
C 211
R
P 0000021830F39F78
C 345
R
P 0000021830F39F78
P 0000021830FC7458
C 262
R
P 0000021830F39F78
C 345
R
P 0000021830F39F78
P 0000021830FC7458
C 261
R
P 0000021830F39F78
C 345
R
P 0000021830F39F78
P 0000021830FC7458
C 260
R
P 0000021830F39F78
C 345
R
P 0000021830F39F78
P 0000021830FC7458
C 9
R
P 0000021830F39F78
C 345
R
P 0000021830F39F78
P 0000021830FC7478
P 0000021830FC7458
C 64
= 0000021831973340
R
P 0000021830F39F78
C 345
R
P 0000021830F39F78
P 0000021831973340
C 260
R
P 0000021830F39F78
C 345
R
P 0000021830F39F78
P 0000021831973340
C 9
R
P 0000021830F39F78
C 345
R
P 0000021830F39F78
C 415
= 0000021831C9F7F8
R
P 0000021830F39F78
C 345
R
P 0000021830F39F78
P 0000021831C9F7F8
C 424
R
P 0000021830F39F78
C 345
R
P 0000021830F39F78
P 0000021831C9F7F8
P 0000021831973340
C 430
R
P 0000021830F39F78
C 345
R
P 0000021830F39F78
P 0000021831C9F7F8
C 437
R
P 0000021830F39F78
C 345
R
P 0000021830F39F78
P 0000021831C9F7F8
C 442
= 0000021831C20DA8
R
P 0000021830F39F78
C 345
R
P 0000021830F39F78
P 0000021831C20DA8
C 303
R
P 0000021830F39F78
C 345
R
P 0000021830F39F78
P 0000021831C20DA8
P 0000021830FC7478
I 0
P 0000000000000000
C 305
* 0000021830FC66D8 4
R
P 0000021830F39F78
C 345
R
P 0000021830F39F78
P 0000021830FC66D8
C 259
R
P 0000021830F39F78
C 345
R
P 0000021830F39F78
P 0000021830FC66D8
C 256
= 0000021830FC6678
R
P 0000021830F39F78
C 345
R
P 0000021830F39F78
P 0000021830FC6678
C 211
R
P 0000021830F39F78
C 345
R
P 0000021830F39F78
P 0000021830FC66D8
C 262
R
P 0000021830F39F78
C 345
R
P 0000021830F39F78
P 0000021830FC66D8
C 261
R
P 0000021830F39F78
C 345
R
P 0000021830F39F78
P 0000021830FC66D8
C 260
R
P 0000021830F39F78
C 345
R
P 0000021830F39F78
P 0000021830FC66D8
C 9
R
P 0000021830F39F78
C 345
R
P 0000021830F39F78
P 0000021830FC66D8
C 336
R
P 0000021830F39F78
C 345
R
P 0000021830F39F78
P 0000021831C20DA8
P 0000021830FC7458
I 0
P 0000000000000000
C 305
* 0000021830FC66F8 4
R
P 0000021830F39F78
C 345
R
P 0000021830F39F78
P 0000021830FC66F8
C 259
R
P 0000021830F39F78
C 345
R
P 0000021830F39F78
P 0000021830FC66F8
C 256
= 0000021830FC6678
R
P 0000021830F39F78
C 345
R
P 0000021830F39F78
P 0000021830FC6678
C 211
R
P 0000021830F39F78
C 345
R
P 0000021830F39F78
P 0000021830FC66F8
C 262
R
P 0000021830F39F78
C 345
R
P 0000021830F39F78
P 0000021830FC66F8
C 261
R
P 0000021830F39F78
C 345
R
P 0000021830F39F78
P 0000021830FC66F8
C 260
R
P 0000021830F39F78
C 345
R
P 0000021830F39F78
P 0000021830FC66F8
C 9
R
P 0000021830F39F78
C 345
R
P 0000021830F39F78
P 0000021830FC66F8
C 336
R
P 0000021830F39F78
C 345
M "FindModelExample2"
R
P 0000021830F39F78
S "x"
C 30
R
P 0000021830F39F78
C 345
R
P 0000021830F39F78
$ |x|
C 204
R
P 0000021830F39F78
C 345
R
P 0000021830F39F78
$ |x|
P 0000021830FC6738
C 51
= 0000021830FC7058
R
P 0000021830F39F78
C 345
R
P 0000021830F39F78
P 0000021830FC7058
C 259
R
P 0000021830F39F78
C 345
R
P 0000021830F39F78
P 0000021830FC7058
C 256
= 0000021830FC6738
R
P 0000021830F39F78
C 345
R
P 0000021830F39F78
P 0000021830FC6738
C 211
R
P 0000021830F39F78
C 345
R
P 0000021830F39F78
P 0000021830FC7058
C 262
R
P 0000021830F39F78
C 345
R
P 0000021830F39F78
P 0000021830FC7058
C 261
R
P 0000021830F39F78
C 345
R
P 0000021830F39F78
P 0000021830FC7058
C 260
R
P 0000021830F39F78
C 345
R
P 0000021830F39F78
P 0000021830FC7058
C 9
R
P 0000021830F39F78
C 345
R
P 0000021830F39F78
S "y"
C 30
R
P 0000021830F39F78
C 345
R
P 0000021830F39F78
$ |y|
C 204
R
P 0000021830F39F78
C 345
R
P 0000021830F39F78
$ |y|
P 0000021830FC6738
C 51
= 0000021830FC7078
R
P 0000021830F39F78
C 345
R
P 0000021830F39F78
P 0000021830FC7078
C 259
R
P 0000021830F39F78
C 345
R
P 0000021830F39F78
P 0000021830FC7078
C 256
= 0000021830FC6738
R
P 0000021830F39F78
C 345
R
P 0000021830F39F78
P 0000021830FC6738
C 211
R
P 0000021830F39F78
C 345
R
P 0000021830F39F78
P 0000021830FC7078
C 262
R
P 0000021830F39F78
C 345
R
P 0000021830F39F78
P 0000021830FC7078
C 261
R
P 0000021830F39F78
C 345
R
P 0000021830F39F78
P 0000021830FC7078
C 260
R
P 0000021830F39F78
C 345
R
P 0000021830F39F78
P 0000021830FC7078
C 9
R
P 0000021830F39F78
C 345
R
P 0000021830F39F78
I 1
P 0000021830FC6738
C 152
= 0000021830FC7318
R
P 0000021830F39F78
C 345
R
P 0000021830F39F78
P 0000021830FC7318
C 260
R
P 0000021830F39F78
C 345
R
P 0000021830F39F78
P 0000021830FC7318
C 9
R
P 0000021830F39F78
C 345
R
P 0000021830F39F78
I 2
P 0000021830FC6738
C 152
= 0000021830FC7558
R
P 0000021830F39F78
C 345
R
P 0000021830F39F78
P 0000021830FC7558
C 260
R
P 0000021830F39F78
C 345
R
P 0000021830F39F78
P 0000021830FC7558
C 9
R
P 0000021830F39F78
C 345
R
P 0000021830F39F78
U 2
P 0000021830FC7078
P 0000021830FC7318
p 2
C 67
= 0000021831975660
R
P 0000021830F39F78
C 345
R
P 0000021830F39F78
P 0000021831975660
C 259
R
P 0000021830F39F78
C 345
R
P 0000021830F39F78
P 0000021831975660
C 256
= 0000021830FC6738
R
P 0000021830F39F78
C 345
R
P 0000021830F39F78
P 0000021830FC6738
C 211
R
P 0000021830F39F78
C 345
R
P 0000021830F39F78
P 0000021831975660
C 262
R
P 0000021830F39F78
C 345
R
P 0000021830F39F78
P 0000021831975660
C 261
R
P 0000021830F39F78
C 345
R
P 0000021830F39F78
P 0000021831975660
C 260
R
P 0000021830F39F78
C 345
R
P 0000021830F39F78
P 0000021831975660
C 9
R
P 0000021830F39F78
C 345
R
P 0000021830F39F78
P 0000021830FC7058
P 0000021831975660
C 75
= 0000021831975628
R
P 0000021830F39F78
C 345
R
P 0000021830F39F78
P 0000021831975628
C 260
R
P 0000021830F39F78
C 345
R
P 0000021830F39F78
P 0000021831975628
C 9
R
P 0000021830F39F78
C 345
R
P 0000021830F39F78
P 0000021830FC7058
P 0000021830FC7558
C 77
= 00000218319755F0
R
P 0000021830F39F78
C 345
R
P 0000021830F39F78
P 00000218319755F0
C 260
R
P 0000021830F39F78
C 345
R
P 0000021830F39F78
P 00000218319755F0
C 9
R
P 0000021830F39F78
C 345
R
P 0000021830F39F78
U 2
P 0000021831975628
P 00000218319755F0
p 2
C 65
= 0000021831975580
R
P 0000021830F39F78
C 345
R
P 0000021830F39F78
P 0000021831975580
C 260
R
P 0000021830F39F78
C 345
R
P 0000021830F39F78
P 0000021831975580
C 9
R
P 0000021830F39F78
C 345
R
P 0000021830F39F78
C 415
= 0000021831CA06A8
R
P 0000021830F39F78
C 345
R
P 0000021830F39F78
P 0000021831CA06A8
C 424
R
P 0000021830F39F78
C 345
R
P 0000021830F39F78
P 0000021831CA06A8
P 0000021831975580
C 430
R
P 0000021830F39F78
C 345
R
P 0000021830F39F78
P 0000021831CA06A8
C 437
R
P 0000021830F39F78
C 345
R
P 0000021830F39F78
P 0000021831CA06A8
C 442
= 00000218320A3378
R
P 0000021830F39F78
C 345
R
P 0000021830F39F78
P 00000218320A3378
C 303
R
P 0000021830F39F78
C 345
R
P 0000021830F39F78
P 00000218320A3378
P 0000021830FC7058
I 0
P 0000000000000000
C 305
* 0000021830FC82D8 4
R
P 0000021830F39F78
C 345
R
P 0000021830F39F78
P 0000021830FC82D8
C 259
R
P 0000021830F39F78
C 345
R
P 0000021830F39F78
P 0000021830FC82D8
C 256
= 0000021830FC6738
R
P 0000021830F39F78
C 345
R
P 0000021830F39F78
P 0000021830FC6738
C 211
R
P 0000021830F39F78
C 345
R
P 0000021830F39F78
P 0000021830FC82D8
C 262
R
P 0000021830F39F78
C 345
R
P 0000021830F39F78
P 0000021830FC82D8
C 261
R
P 0000021830F39F78
C 345
R
P 0000021830F39F78
P 0000021830FC82D8
C 260
R
P 0000021830F39F78
C 345
R
P 0000021830F39F78
P 0000021830FC82D8
C 9
R
P 0000021830F39F78
C 345
R
P 0000021830F39F78
P 0000021830FC82D8
C 265
R
P 0000021830F39F78
C 345
R
P 0000021830F39F78
P 00000218320A3378
P 0000021830FC7078
I 0
P 0000000000000000
C 305
* 0000021830FC82D8 4
R
P 0000021830F39F78
C 345
R
P 0000021830F39F78
P 0000021830FC82D8
C 259
R
P 0000021830F39F78
C 345
R
P 0000021830F39F78
P 0000021830FC82D8
C 256
= 0000021830FC6738
R
P 0000021830F39F78
C 345
R
P 0000021830F39F78
P 0000021830FC6738
C 211
R
P 0000021830F39F78
C 345
R
P 0000021830F39F78
P 0000021830FC82D8
C 262
R
P 0000021830F39F78
C 345
R
P 0000021830F39F78
P 0000021830FC82D8
C 261
R
P 0000021830F39F78
C 345
R
P 0000021830F39F78
P 0000021830FC82D8
C 260
R
P 0000021830F39F78
C 345
R
P 0000021830F39F78
P 0000021830FC82D8
C 9
R
P 0000021830F39F78
C 345
R
P 0000021830F39F78
P 0000021830FC82D8
C 265
R
P 0000021830F39F78
C 345
R
P 0000021830F39F78
P 0000021830FC7058
P 0000021830FC7078
C 58
= 0000021830FC3110
R
P 0000021830F39F78
C 345
R
P 0000021830F39F78
P 0000021830FC3110
C 260
R
P 0000021830F39F78
C 345
R
P 0000021830F39F78
P 0000021830FC3110
C 9
R
P 0000021830F39F78
C 345
R
P 0000021830F39F78
P 0000021830FC3110
C 60
= 0000021831979878
R
P 0000021830F39F78
C 345
R
P 0000021830F39F78
P 0000021831979878
C 260
R
P 0000021830F39F78
C 345
R
P 0000021830F39F78
P 0000021831979878
C 9
R
P 0000021830F39F78
C 345
R
P 0000021830F39F78
U 2
P 0000021831975580
P 0000021831979878
p 2
C 65
= 00000218319754D8
R
P 0000021830F39F78
C 345
R
P 0000021830F39F78
P 00000218319754D8
C 260
R
P 0000021830F39F78
C 345
R
P 0000021830F39F78
P 00000218319754D8
C 9
R
P 0000021830F39F78
C 345
R
P 0000021830F39F78
C 415
= 0000021831B99B48
R
P 0000021830F39F78
C 345
R
P 0000021830F39F78
P 0000021831B99B48
C 424
R
P 0000021830F39F78
C 345
R
P 0000021830F39F78
P 0000021831B99B48
P 00000218319754D8
C 430
R
P 0000021830F39F78
C 345
R
P 0000021830F39F78
P 0000021831B99B48
C 437
R
P 0000021830F39F78
C 345
R
P 0000021830F39F78
P 0000021831B99B48
C 442
= 000002183230C398
R
P 0000021830F39F78
C 345
R
P 0000021830F39F78
P 000002183230C398
C 303
R
P 0000021830F39F78
C 345
R
P 0000021830F39F78
P 000002183230C398
P 0000021830FC7058
I 0
P 0000000000000000
C 305
* 0000021830FC82D8 4
R
P 0000021830F39F78
C 345
R
P 0000021830F39F78
P 0000021830FC82D8
C 259
R
P 0000021830F39F78
C 345
R
P 0000021830F39F78
P 0000021830FC82D8
C 256
= 0000021830FC6738
R
P 0000021830F39F78
C 345
R
P 0000021830F39F78
P 0000021830FC6738
C 211
R
P 0000021830F39F78
C 345
R
P 0000021830F39F78
P 0000021830FC82D8
C 262
R
P 0000021830F39F78
C 345
R
P 0000021830F39F78
P 0000021830FC82D8
C 261
R
P 0000021830F39F78
C 345
R
P 0000021830F39F78
P 0000021830FC82D8
C 260
R
P 0000021830F39F78
C 345
R
P 0000021830F39F78
P 0000021830FC82D8
C 9
R
P 0000021830F39F78
C 345
R
P 0000021830F39F78
P 0000021830FC82D8
C 265
R
P 0000021830F39F78
C 345
R
P 0000021830F39F78
P 000002183230C398
P 0000021830FC7078
I 0
P 0000000000000000
C 305
* 0000021830FC82B8 4
R
P 0000021830F39F78
C 345
R
P 0000021830F39F78
P 0000021830FC82B8
C 259
R
P 0000021830F39F78
C 345
R
P 0000021830F39F78
P 0000021830FC82B8
C 256
= 0000021830FC6738
R
P 0000021830F39F78
C 345
R
P 0000021830F39F78
P 0000021830FC6738
C 211
R
P 0000021830F39F78
C 345
R
P 0000021830F39F78
P 0000021830FC82B8
C 262
R
P 0000021830F39F78
C 345
R
P 0000021830F39F78
P 0000021830FC82B8
C 261
R
P 0000021830F39F78
C 345
R
P 0000021830F39F78
P 0000021830FC82B8
C 260
R
P 0000021830F39F78
C 345
R
P 0000021830F39F78
P 0000021830FC82B8
C 9
R
P 0000021830F39F78
C 345
R
P 0000021830F39F78
P 0000021830FC82B8
C 265
R
P 0000021830F39F78
C 345
M "PushPopExample1"
R
P 0000021830F39F78
S "1000000000000000000000000000000000000000000000000000000"
P 0000021830FC6738
C 150
= 0000021830FC8518
R
P 0000021830F39F78
C 345
R
P 0000021830F39F78
P 0000021830FC8518
C 260
R
P 0000021830F39F78
C 345
R
P 0000021830F39F78
P 0000021830FC8518
C 9
R
P 0000021830F39F78
C 345
R
P 0000021830F39F78
S "3"
P 0000021830FC6738
C 150
= 0000021830FC82D8
R
P 0000021830F39F78
C 345
R
P 0000021830F39F78
P 0000021830FC82D8
C 259
R
P 0000021830F39F78
C 345
R
P 0000021830F39F78
P 0000021830FC82D8
C 256
= 0000021830FC6738
R
P 0000021830F39F78
C 345
R
P 0000021830F39F78
P 0000021830FC6738
C 211
R
P 0000021830F39F78
C 345
R
P 0000021830F39F78
P 0000021830FC82D8
C 262
R
P 0000021830F39F78
C 345
R
P 0000021830F39F78
P 0000021830FC82D8
C 261
R
P 0000021830F39F78
C 345
R
P 0000021830F39F78
P 0000021830FC82D8
C 260
R
P 0000021830F39F78
C 345
R
P 0000021830F39F78
P 0000021830FC82D8
C 9
R
P 0000021830F39F78
C 345
R
P 0000021830F39F78
S "x"
C 30
R
P 0000021830F39F78
C 345
R
P 0000021830F39F78
$ |x|
C 204
R
P 0000021830F39F78
C 345
R
P 0000021830F39F78
$ |x|
P 0000021830FC6738
C 51
= 0000021830FC7058
R
P 0000021830F39F78
C 345
R
P 0000021830F39F78
P 0000021830FC7058
C 259
R
P 0000021830F39F78
C 345
R
P 0000021830F39F78
P 0000021830FC7058
C 256
= 0000021830FC6738
R
P 0000021830F39F78
C 345
R
P 0000021830F39F78
P 0000021830FC6738
C 211
R
P 0000021830F39F78
C 345
R
P 0000021830F39F78
P 0000021830FC7058
C 262
R
P 0000021830F39F78
C 345
R
P 0000021830F39F78
P 0000021830FC7058
C 261
R
P 0000021830F39F78
C 345
R
P 0000021830F39F78
P 0000021830FC7058
C 260
R
P 0000021830F39F78
C 345
R
P 0000021830F39F78
P 0000021830FC7058
C 9
R
P 0000021830F39F78
C 345
R
P 0000021830F39F78
C 415
= 00000218321287A8
R
P 0000021830F39F78
C 345
R
P 0000021830F39F78
P 00000218321287A8
C 424
R
P 0000021830F39F78
C 345
R
P 0000021830F39F78
P 0000021830FC7058
P 0000021830FC8518
C 78
= 00000218313BAB50
R
P 0000021830F39F78
C 345
R
P 0000021830F39F78
P 00000218313BAB50
C 260
R
P 0000021830F39F78
C 345
R
P 0000021830F39F78
P 00000218313BAB50
C 9
R
P 0000021830F39F78
C 345
R
P 0000021830F39F78
P 00000218321287A8
P 00000218313BAB50
C 430
R
P 0000021830F39F78
C 345
R
P 0000021830F39F78
P 00000218321287A8
C 426
R
P 0000021830F39F78
C 345
R
P 0000021830F39F78
P 0000021830FC7058
P 0000021830FC82D8
C 76
= 00000218313BAAE0
R
P 0000021830F39F78
C 345
R
P 0000021830F39F78
P 00000218313BAAE0
C 260
R
P 0000021830F39F78
C 345
R
P 0000021830F39F78
P 00000218313BAAE0
C 9
R
P 0000021830F39F78
C 345
R
P 0000021830F39F78
P 00000218321287A8
P 00000218313BAAE0
C 430
R
P 0000021830F39F78
C 345
R
P 0000021830F39F78
P 00000218321287A8
C 437
R
P 0000021830F39F78
C 345
R
P 0000021830F39F78
P 00000218321287A8
U 1
C 427
R
P 0000021830F39F78
C 345
R
P 0000021830F39F78
P 00000218321287A8
C 437
R
P 0000021830F39F78
C 345
R
P 0000021830F39F78
S "y"
C 30
R
P 0000021830F39F78
C 345
R
P 0000021830F39F78
$ |y|
C 204
R
P 0000021830F39F78
C 345
R
P 0000021830F39F78
$ |y|
P 0000021830FC6738
C 51
= 0000021830FC7078
R
P 0000021830F39F78
C 345
R
P 0000021830F39F78
P 0000021830FC7078
C 259
R
P 0000021830F39F78
C 345
R
P 0000021830F39F78
P 0000021830FC7078
C 256
= 0000021830FC6738
R
P 0000021830F39F78
C 345
R
P 0000021830F39F78
P 0000021830FC6738
C 211
R
P 0000021830F39F78
C 345
R
P 0000021830F39F78
P 0000021830FC7078
C 262
R
P 0000021830F39F78
C 345
R
P 0000021830F39F78
P 0000021830FC7078
C 261
R
P 0000021830F39F78
C 345
R
P 0000021830F39F78
P 0000021830FC7078
C 260
R
P 0000021830F39F78
C 345
R
P 0000021830F39F78
P 0000021830FC7078
C 9
R
P 0000021830F39F78
C 345
R
P 0000021830F39F78
P 0000021830FC7078
P 0000021830FC7058
C 77
= 0000021831973260
R
P 0000021830F39F78
C 345
R
P 0000021830F39F78
P 0000021831973260
C 260
R
P 0000021830F39F78
C 345
R
P 0000021830F39F78
P 0000021831973260
C 9
R
P 0000021830F39F78
C 345
R
P 0000021830F39F78
P 00000218321287A8
P 0000021831973260
C 430
R
P 0000021830F39F78
C 345
R
P 0000021830F39F78
P 00000218321287A8
C 437
R
P 0000021830F39F78
C 345
M "ArrayExample1"
R
P 0000021830F39F78
I 1
I 0
I 0
C 354
= 000002183256F4A8
R
P 0000021830F39F78
C 345
R
P 0000021830F39F78
P 000002183256F4A8
C 355
R
P 0000021830F39F78
C 345
R
P 0000021830F39F78
U 32
C 35
= 0000021830FC6B78
R
P 0000021830F39F78
C 345
R
P 0000021830F39F78
P 0000021830FC6B78
C 259
R
P 0000021830F39F78
C 345
R
P 0000021830F39F78
P 0000021830FC6B78
C 9
R
P 0000021830F39F78
C 345
R
P 0000021830F39F78
P 0000021830FC6738
P 0000021830FC6B78
C 37
= 0000021830FC8558
R
P 0000021830F39F78
C 345
R
P 0000021830F39F78
P 0000021830FC8558
C 259
R
P 0000021830F39F78
C 345
R
P 0000021830F39F78
P 0000021830FC8558
C 9
R
P 0000021830F39F78
C 345
R
P 0000021830F39F78
S "MyArray"
C 30
R
P 0000021830F39F78
C 345
R
P 0000021830F39F78
$ |MyArray|
C 204
R
P 0000021830F39F78
C 345
R
P 0000021830F39F78
$ |MyArray|
P 0000021830FC8558
C 51
= 0000021830FC8578
R
P 0000021830F39F78
C 345
R
P 0000021830F39F78
P 0000021830FC8578
C 259
R
P 0000021830F39F78
C 345
R
P 0000021830F39F78
P 0000021830FC8578
C 256
= 0000021830FC8558
R
P 0000021830F39F78
C 345
R
P 0000021830F39F78
P 0000021830FC8558
C 211
R
P 0000021830F39F78
C 345
R
P 0000021830F39F78
P 0000021830FC8578
C 262
R
P 0000021830F39F78
C 345
R
P 0000021830F39F78
P 0000021830FC8578
C 261
R
P 0000021830F39F78
C 345
R
P 0000021830F39F78
P 0000021830FC8578
C 260
R
P 0000021830F39F78
C 345
R
P 0000021830F39F78
P 0000021830FC8578
C 9
R
P 0000021830F39F78
C 345
R
P 0000021830F39F78
I 0
P 0000021830FC6738
C 152
= 0000021830FC70B8
R
P 0000021830F39F78
C 345
R
P 0000021830F39F78
P 0000021830FC70B8
C 260
R
P 0000021830F39F78
C 345
R
P 0000021830F39F78
P 0000021830FC70B8
C 9
R
P 0000021830F39F78
C 345
R
P 0000021830F39F78
P 0000021830FC8578
P 0000021830FC70B8
C 130
= 00000218319732D0
R
P 0000021830F39F78
C 345
R
P 0000021830F39F78
P 00000218319732D0
C 259
R
P 0000021830F39F78
C 345
R
P 0000021830F39F78
P 00000218319732D0
C 256
= 0000021830FC6B78
R
P 0000021830F39F78
C 345
R
P 0000021830F39F78
P 0000021830FC6B78
C 211
R
P 0000021830F39F78
C 345
R
P 0000021830F39F78
P 00000218319732D0
C 262
R
P 0000021830F39F78
C 345
R
P 0000021830F39F78
P 00000218319732D0
C 261
R
P 0000021830F39F78
C 345
R
P 0000021830F39F78
P 00000218319732D0
C 260
R
P 0000021830F39F78
C 345
R
P 0000021830F39F78
P 00000218319732D0
C 9
R
P 0000021830F39F78
C 345
R
P 0000021830F39F78
U 32
C 35
= 0000021830FC6B78
R
P 0000021830F39F78
C 345
R
P 0000021830F39F78
P 0000021830FC6B78
C 259
R
P 0000021830F39F78
C 345
R
P 0000021830F39F78
P 0000021830FC6B78
C 9
R
P 0000021830F39F78
C 345
R
P 0000021830F39F78
I 42
P 0000021830FC6B78
C 152
= 0000021830FC8598
R
P 0000021830F39F78
C 345
R
P 0000021830F39F78
P 0000021830FC8598
C 259
R
P 0000021830F39F78
C 345
R
P 0000021830F39F78
P 0000021830FC8598
C 256
= 0000021830FC6B78
R
P 0000021830F39F78
C 345
R
P 0000021830F39F78
P 0000021830FC6B78
C 211
R
P 0000021830F39F78
C 345
R
P 0000021830F39F78
P 0000021830FC8598
C 262
R
P 0000021830F39F78
C 345
R
P 0000021830F39F78
P 0000021830FC8598
C 261
R
P 0000021830F39F78
C 345
R
P 0000021830F39F78
P 0000021830FC8598
C 260
R
P 0000021830F39F78
C 345
R
P 0000021830F39F78
P 0000021830FC8598
C 9
R
P 0000021830F39F78
C 345
R
P 0000021830F39F78
P 00000218319732D0
P 0000021830FC8598
C 58
= 00000218313BAB18
R
P 0000021830F39F78
C 345
R
P 0000021830F39F78
P 00000218313BAB18
C 260
R
P 0000021830F39F78
C 345
R
P 0000021830F39F78
P 00000218313BAB18
C 9
R
P 0000021830F39F78
C 345
R
P 0000021830F39F78
P 000002183256F4A8
P 00000218313BAB18
C 358
R
P 0000021830F39F78
C 345
R
P 0000021830F39F78
S "x"
C 30
R
P 0000021830F39F78
C 345
R
P 0000021830F39F78
$ |x|
C 204
R
P 0000021830F39F78
C 345
R
P 0000021830F39F78
$ |x|
P 0000021830FC6738
C 51
= 0000021830FC7058
R
P 0000021830F39F78
C 345
R
P 0000021830F39F78
P 0000021830FC7058
C 259
R
P 0000021830F39F78
C 345
R
P 0000021830F39F78
P 0000021830FC7058
C 256
= 0000021830FC6738
R
P 0000021830F39F78
C 345
R
P 0000021830F39F78
P 0000021830FC6738
C 211
R
P 0000021830F39F78
C 345
R
P 0000021830F39F78
P 0000021830FC7058
C 262
R
P 0000021830F39F78
C 345
R
P 0000021830F39F78
P 0000021830FC7058
C 261
R
P 0000021830F39F78
C 345
R
P 0000021830F39F78
P 0000021830FC7058
C 260
R
P 0000021830F39F78
C 345
R
P 0000021830F39F78
P 0000021830FC7058
C 9
R
P 0000021830F39F78
C 345
R
P 0000021830F39F78
S "f"
C 30
R
P 0000021830F39F78
C 345
R
P 0000021830F39F78
$ |f|
C 204
R
P 0000021830F39F78
C 345
R
P 0000021830F39F78
$ |f|
U 1
P 0000021830FC6738
p 1
P 0000021830FC6738
C 49
= 0000021831975858
R
P 0000021830F39F78
C 345
R
P 0000021830F39F78
P 0000021831975858
C 259
R
P 0000021830F39F78
C 345
R
P 0000021830F39F78
P 0000021831975858
C 9
R
P 0000021830F39F78
C 345
R
P 0000021830F39F78
$ |x|
P 0000021830FC6738
C 51
= 0000021830FC7058
R
P 0000021830F39F78
C 345
R
P 0000021830F39F78
P 0000021830FC7058
C 259
R
P 0000021830F39F78
C 345
R
P 0000021830F39F78
P 0000021830FC7058
C 256
= 0000021830FC6738
R
P 0000021830F39F78
C 345
R
P 0000021830F39F78
P 0000021830FC6738
C 211
R
P 0000021830F39F78
C 345
R
P 0000021830F39F78
P 0000021830FC7058
C 262
R
P 0000021830F39F78
C 345
R
P 0000021830F39F78
P 0000021830FC7058
C 261
R
P 0000021830F39F78
C 345
R
P 0000021830F39F78
P 0000021830FC7058
C 260
R
P 0000021830F39F78
C 345
R
P 0000021830F39F78
P 0000021830FC7058
C 9
R
P 0000021830F39F78
C 345
R
P 0000021830F39F78
P 0000021831975858
U 1
P 0000021830FC7058
p 1
C 50
= 0000021831979BD8
R
P 0000021830F39F78
C 345
R
P 0000021830F39F78
P 0000021831979BD8
C 259
R
P 0000021830F39F78
C 345
R
P 0000021830F39F78
P 0000021831979BD8
C 256
= 0000021830FC6738
R
P 0000021830F39F78
C 345
R
P 0000021830F39F78
P 0000021830FC6738
C 211
R
P 0000021830F39F78
C 345
R
P 0000021830F39F78
P 0000021831979BD8
C 262
R
P 0000021830F39F78
C 345
R
P 0000021830F39F78
P 0000021831979BD8
C 261
R
P 0000021830F39F78
C 345
R
P 0000021830F39F78
P 0000021831979BD8
C 260
R
P 0000021830F39F78
C 345
R
P 0000021830F39F78
P 0000021831979BD8
C 9
R
P 0000021830F39F78
C 345
R
P 0000021830F39F78
U 2
P 0000021830FC7058
P 0000021831979BD8
p 2
C 67
= 0000021831975350
R
P 0000021830F39F78
C 345
R
P 0000021830F39F78
P 0000021831975350
C 259
R
P 0000021830F39F78
C 345
R
P 0000021830F39F78
P 0000021831975350
C 256
= 0000021830FC6738
R
P 0000021830F39F78
C 345
R
P 0000021830F39F78
P 0000021830FC6738
C 211
R
P 0000021830F39F78
C 345
R
P 0000021830F39F78
P 0000021831975350
C 262
R
P 0000021830F39F78
C 345
R
P 0000021830F39F78
P 0000021831975350
C 261
R
P 0000021830F39F78
C 345
R
P 0000021830F39F78
P 0000021831975350
C 260
R
P 0000021830F39F78
C 345
R
P 0000021830F39F78
P 0000021831975350
C 9
R
P 0000021830F39F78
C 345
R
P 0000021830F39F78
I 123
P 0000021830FC6738
C 152
= 0000021830FC85B8
R
P 0000021830F39F78
C 345
R
P 0000021830F39F78
P 0000021830FC85B8
C 260
R
P 0000021830F39F78
C 345
R
P 0000021830F39F78
P 0000021830FC85B8
C 9
R
P 0000021830F39F78
C 345
R
P 0000021830F39F78
P 0000021831975350
P 0000021830FC85B8
C 58
= 00000218313BAE28
R
P 0000021830F39F78
C 345
R
P 0000021830F39F78
P 00000218313BAE28
C 260
R
P 0000021830F39F78
C 345
R
P 0000021830F39F78
P 00000218313BAE28
C 9
R
P 0000021830F39F78
C 345
R
P 0000021830F39F78
P 000002183256F4A8
P 00000218313BAE28
C 358
R
P 0000021830F39F78
C 345
R
P 0000021830F39F78
C 415
= 000002183221DF38
R
P 0000021830F39F78
C 345
R
P 0000021830F39F78
P 000002183221DF38
C 424
R
P 0000021830F39F78
C 345
R
P 0000021830F39F78
P 000002183256F4A8
C 362
R
P 0000021830F39F78
C 345
R
P 0000021830F39F78
P 000002183256F4A8
U 0
C 363
= 00000218313BAB18
R
P 0000021830F39F78
C 345
R
P 0000021830F39F78
P 00000218313BAB18
C 259
R
P 0000021830F39F78
C 345
R
P 0000021830F39F78
P 00000218313BAB18
C 256
= 0000021830FC6678
R
P 0000021830F39F78
C 345
R
P 0000021830F39F78
P 0000021830FC6678
C 211
R
P 0000021830F39F78
C 345
R
P 0000021830F39F78
P 00000218313BAB18
C 262
R
P 0000021830F39F78
C 345
R
P 0000021830F39F78
P 00000218313BAB18
C 261
R
P 0000021830F39F78
C 345
R
P 0000021830F39F78
P 00000218313BAB18
C 260
R
P 0000021830F39F78
C 345
R
P 0000021830F39F78
P 00000218313BAB18
C 9
R
P 0000021830F39F78
C 345
R
P 0000021830F39F78
P 000002183256F4A8
U 1
C 363
= 00000218313BAE28
R
P 0000021830F39F78
C 345
R
P 0000021830F39F78
P 00000218313BAE28
C 259
R
P 0000021830F39F78
C 345
R
P 0000021830F39F78
P 00000218313BAE28
C 256
= 0000021830FC6678
R
P 0000021830F39F78
C 345
R
P 0000021830F39F78
P 0000021830FC6678
C 211
R
P 0000021830F39F78
C 345
R
P 0000021830F39F78
P 00000218313BAE28
C 262
R
P 0000021830F39F78
C 345
R
P 0000021830F39F78
P 00000218313BAE28
C 261
R
P 0000021830F39F78
C 345
R
P 0000021830F39F78
P 00000218313BAE28
C 260
R
P 0000021830F39F78
C 345
R
P 0000021830F39F78
P 00000218313BAE28
C 9
R
P 0000021830F39F78
C 345
R
P 0000021830F39F78
P 000002183221DF38
P 00000218313BAB18
C 430
R
P 0000021830F39F78
C 345
R
P 0000021830F39F78
P 000002183221DF38
P 00000218313BAE28
C 430
R
P 0000021830F39F78
C 345
R
P 0000021830F39F78
P 000002183221DF38
C 447
R
P 0000021830F39F78
C 345
R
P 0000021830F39F78
P 000002183221DF38
C 437
R
P 0000021830F39F78
C 345
R
P 0000021830F39F78
P 000002183221DF38
C 442
= 00000218328AA8A8
R
P 0000021830F39F78
C 345
R
P 0000021830F39F78
P 00000218328AA8A8
C 303
R
P 0000021830F39F78
C 345
R
P 0000021830F39F78
P 00000218328AA8A8
C 340
R
P 0000021830F39F78
C 345
R
P 0000021830F39F78
P 000002183221DF38
C 442
= 00000218328AAC08
R
P 0000021830F39F78
C 345
R
P 0000021830F39F78
P 00000218328AAC08
C 303
R
P 0000021830F39F78
C 345
R
P 0000021830F39F78
P 0000021830FC8578
C 250
= 00000218319796C8
R
P 0000021830F39F78
C 345
R
P 0000021830F39F78
P 00000218319796C8
C 259
R
P 0000021830F39F78
C 345
R
P 0000021830F39F78
P 00000218319796C8
C 9
R
P 0000021830F39F78
C 345
R
P 0000021830F39F78
P 00000218319796C8
C 239
= 0000021830FC8558
R
P 0000021830F39F78
C 345
R
P 0000021830F39F78
P 0000021830FC8558
C 211
R
P 0000021830F39F78
C 345
R
P 0000021830F39F78
P 00000218319796C8
C 237
R
P 0000021830F39F78
C 345
R
P 0000021830F39F78
P 00000218328AAC08
P 00000218319796C8
C 306
= 000002183291F168
R
P 0000021830F39F78
C 345
R
P 0000021830F39F78
P 000002183291F168
C 317
R
P 0000021830F39F78
C 345
R
P 0000021830F39F78
P 000002183221DF38
C 442
= 00000218328AAF98
R
P 0000021830F39F78
C 345
R
P 0000021830F39F78
P 00000218328AAF98
C 303
R
P 0000021830F39F78
C 345
R
P 0000021830F39F78
P 0000021830FC7058
C 250
= 0000021830FBC778
R
P 0000021830F39F78
C 345
R
P 0000021830F39F78
P 0000021830FBC778
C 259
R
P 0000021830F39F78
C 345
R
P 0000021830F39F78
P 0000021830FBC778
C 9
R
P 0000021830F39F78
C 345
R
P 0000021830F39F78
P 0000021830FBC778
C 237
R
P 0000021830F39F78
C 345
R
P 0000021830F39F78
P 0000021830FBC778
C 239
= 0000021830FC6738
R
P 0000021830F39F78
C 345
R
P 0000021830F39F78
P 0000021830FC6738
C 211
R
P 0000021830F39F78
C 345
R
P 0000021830F39F78
P 00000218328AAF98
P 0000021830FBC778
C 306
= 0000021830FC85D8
R
P 0000021830F39F78
C 345
R
P 0000021830F39F78
P 0000021830FC85D8
C 259
R
P 0000021830F39F78
C 345
R
P 0000021830F39F78
P 0000021830FC85D8
C 256
= 0000021830FC6738
R
P 0000021830F39F78
C 345
R
P 0000021830F39F78
P 0000021830FC6738
C 211
R
P 0000021830F39F78
C 345
R
P 0000021830F39F78
P 0000021830FC85D8
C 262
R
P 0000021830F39F78
C 345
R
P 0000021830F39F78
P 0000021830FC85D8
C 261
R
P 0000021830F39F78
C 345
R
P 0000021830F39F78
P 0000021830FC85D8
C 260
R
P 0000021830F39F78
C 345
R
P 0000021830F39F78
P 0000021830FC85D8
C 9
R
P 0000021830F39F78
C 345
R
P 0000021830F39F78
P 0000021830FC85D8
C 265
R
P 0000021830F39F78
C 345
R
P 0000021830F39F78
P 000002183221DF38
C 442
= 00000218328AADB8
R
P 0000021830F39F78
C 345
R
P 0000021830F39F78
P 00000218328AADB8
C 303
R
P 0000021830F39F78
C 345
R
P 0000021830F39F78
P 0000021831975858
C 239
= 0000021830FC6738
R
P 0000021830F39F78
C 345
R
P 0000021830F39F78
P 0000021830FC6738
C 211
R
P 0000021830F39F78
C 345
R
P 0000021830F39F78
P 0000021831975858
C 237
R
P 0000021830F39F78
C 345
R
P 0000021830F39F78
P 00000218328AADB8
P 0000021831975858
C 308
= 0000021831C3C958
R
P 0000021830F39F78
C 345
R
P 0000021830F39F78
P 0000021831C3C958
C 321
R
P 0000021830F39F78
C 345
R
P 0000021830F39F78
P 0000021831C3C958
C 323
R
P 0000021830F39F78
C 345
R
P 0000021830F39F78
P 0000021831C3C958
C 325
= 0000021830FC85F8
R
P 0000021830F39F78
C 345
R
P 0000021830F39F78
P 0000021830FC85F8
C 259
R
P 0000021830F39F78
C 345
R
P 0000021830F39F78
P 0000021830FC85F8
C 256
= 0000021830FC6738
R
P 0000021830F39F78
C 345
R
P 0000021830F39F78
P 0000021830FC6738
C 211
R
P 0000021830F39F78
C 345
R
P 0000021830F39F78
P 0000021830FC85F8
C 262
R
P 0000021830F39F78
C 345
R
P 0000021830F39F78
P 0000021830FC85F8
C 261
R
P 0000021830F39F78
C 345
R
P 0000021830F39F78
P 0000021830FC85F8
C 260
R
P 0000021830F39F78
C 345
R
P 0000021830F39F78
P 0000021830FC85F8
C 9
R
P 0000021830F39F78
C 345
R
P 0000021830F39F78
P 0000021830FC85F8
C 265
R
P 0000021830F39F78
C 345
R
P 0000021830F39F78
P 000002183221DF38
C 442
= 00000218328AA9C8
R
P 0000021830F39F78
C 345
R
P 0000021830F39F78
P 00000218328AA9C8
C 303
R
P 0000021830F39F78
C 345
R
P 0000021830F39F78
P 0000021830FC8578
C 250
= 00000218319796C8
R
P 0000021830F39F78
C 345
R
P 0000021830F39F78
P 00000218319796C8
C 259
R
P 0000021830F39F78
C 345
R
P 0000021830F39F78
P 00000218319796C8
C 9
R
P 0000021830F39F78
C 345
R
P 0000021830F39F78
P 00000218319796C8
C 239
= 0000021830FC8558
R
P 0000021830F39F78
C 345
R
P 0000021830F39F78
P 0000021830FC8558
C 211
R
P 0000021830F39F78
C 345
R
P 0000021830F39F78
P 00000218319796C8
C 237
R
P 0000021830F39F78
C 345
R
P 0000021830F39F78
P 00000218328AA9C8
P 00000218319796C8
C 306
= 000002183291F168
R
P 0000021830F39F78
C 345
R
P 0000021830F39F78
P 000002183291F168
C 317
R
P 0000021830F39F78
C 345
M "ArrayExample2"
R
P 0000021830F39F78
C 32
= 0000021830FC6678
R
P 0000021830F39F78
C 345
R
P 0000021830F39F78
P 0000021830FC6678
C 259
R
P 0000021830F39F78
C 345
R
P 0000021830F39F78
P 0000021830FC6678
C 9
R
P 0000021830F39F78
C 345
R
P 0000021830F39F78
P 0000021830FC6678
P 0000021830FC6678
C 37
= 0000021830FC8618
R
P 0000021830F39F78
C 345
R
P 0000021830F39F78
P 0000021830FC8618
C 259
R
P 0000021830F39F78
C 345
R
P 0000021830F39F78
P 0000021830FC8618
C 9
R
P 0000021830F39F78
C 345
R
P 0000021830F39F78
S "array_0"
C 30
R
P 0000021830F39F78
C 345
R
P 0000021830F39F78
$ |array_0|
C 204
R
P 0000021830F39F78
C 345
R
P 0000021830F39F78
$ |array_0|
P 0000021830FC8618
C 51
= 0000021830FC8638
R
P 0000021830F39F78
C 345
R
P 0000021830F39F78
P 0000021830FC8638
C 259
R
P 0000021830F39F78
C 345
R
P 0000021830F39F78
P 0000021830FC8638
C 256
= 0000021830FC8618
R
P 0000021830F39F78
C 345
R
P 0000021830F39F78
P 0000021830FC8618
C 211
R
P 0000021830F39F78
C 345
R
P 0000021830F39F78
P 0000021830FC8638
C 262
R
P 0000021830F39F78
C 345
R
P 0000021830F39F78
P 0000021830FC8638
C 261
R
P 0000021830F39F78
C 345
R
P 0000021830F39F78
P 0000021830FC8638
C 260
R
P 0000021830F39F78
C 345
R
P 0000021830F39F78
P 0000021830FC8638
C 9
R
P 0000021830F39F78
C 345
R
P 0000021830F39F78
S "array_1"
C 30
R
P 0000021830F39F78
C 345
R
P 0000021830F39F78
$ |array_1|
C 204
R
P 0000021830F39F78
C 345
R
P 0000021830F39F78
$ |array_1|
P 0000021830FC8618
C 51
= 0000021831BDA418
R
P 0000021830F39F78
C 345
R
P 0000021830F39F78
P 0000021831BDA418
C 259
R
P 0000021830F39F78
C 345
R
P 0000021830F39F78
P 0000021831BDA418
C 256
= 0000021830FC8618
R
P 0000021830F39F78
C 345
R
P 0000021830F39F78
P 0000021830FC8618
C 211
R
P 0000021830F39F78
C 345
R
P 0000021830F39F78
P 0000021831BDA418
C 262
R
P 0000021830F39F78
C 345
R
P 0000021830F39F78
P 0000021831BDA418
C 261
R
P 0000021830F39F78
C 345
R
P 0000021830F39F78
P 0000021831BDA418
C 260
R
P 0000021830F39F78
C 345
R
P 0000021830F39F78
P 0000021831BDA418
C 9
R
P 0000021830F39F78
C 345
R
P 0000021830F39F78
U 2
P 0000021830FC8638
P 0000021831BDA418
p 2
C 59
= 0000021831968CE8
R
P 0000021830F39F78
C 345
R
P 0000021830F39F78
P 0000021831968CE8
C 260
R
P 0000021830F39F78
C 345
R
P 0000021830F39F78
P 0000021831968CE8
C 9
R
P 0000021830F39F78
C 345
R
P 0000021830F39F78
P 0000021831968CE8
C 336
R
P 0000021830F39F78
C 345
R
P 0000021830F39F78
C 415
= 00000218322151F8
R
P 0000021830F39F78
C 345
R
P 0000021830F39F78
P 00000218322151F8
C 424
R
P 0000021830F39F78
C 345
R
P 0000021830F39F78
P 00000218322151F8
P 0000021831968CE8
C 430
R
P 0000021830F39F78
C 345
R
P 0000021830F39F78
P 00000218322151F8
C 437
R
P 0000021830F39F78
C 345
R
P 0000021830F39F78
P 00000218322151F8
C 442
= 0000021832B8EAB8
R
P 0000021830F39F78
C 345
R
P 0000021830F39F78
P 0000021832B8EAB8
C 303
R
P 0000021830F39F78
C 345
R
P 0000021830F39F78
P 0000021830FC8638
C 336
R
P 0000021830F39F78
C 345
R
P 0000021830F39F78
P 0000021832B8EAB8
P 0000021830FC8638
I 0
P 0000000000000000
C 305
* 0000021831F1F3F8 4
R
P 0000021830F39F78
C 345
R
P 0000021830F39F78
P 0000021831F1F3F8
C 259
R
P 0000021830F39F78
C 345
R
P 0000021830F39F78
P 0000021831F1F3F8
C 256
= 0000021830FC8618
R
P 0000021830F39F78
C 345
R
P 0000021830F39F78
P 0000021830FC8618
C 211
R
P 0000021830F39F78
C 345
R
P 0000021830F39F78
P 0000021831F1F3F8
C 262
R
P 0000021830F39F78
C 345
R
P 0000021830F39F78
P 0000021831F1F3F8
C 261
R
P 0000021830F39F78
C 345
R
P 0000021830F39F78
P 0000021831F1F3F8
C 260
R
P 0000021830F39F78
C 345
R
P 0000021830F39F78
P 0000021831F1F3F8
C 9
R
P 0000021830F39F78
C 345
R
P 0000021830F39F78
P 0000021831F1F3F8
C 336
R
P 0000021830F39F78
C 345
R
P 0000021830F39F78
P 0000021831BDA418
C 336
R
P 0000021830F39F78
C 345
R
P 0000021830F39F78
P 0000021832B8EAB8
P 0000021831BDA418
I 0
P 0000000000000000
C 305
* 00000218319795D8 4
R
P 0000021830F39F78
C 345
R
P 0000021830F39F78
P 00000218319795D8
C 259
R
P 0000021830F39F78
C 345
R
P 0000021830F39F78
P 00000218319795D8
C 256
= 0000021830FC8618
R
P 0000021830F39F78
C 345
R
P 0000021830F39F78
P 0000021830FC8618
C 211
R
P 0000021830F39F78
C 345
R
P 0000021830F39F78
P 00000218319795D8
C 262
R
P 0000021830F39F78
C 345
R
P 0000021830F39F78
P 00000218319795D8
C 261
R
P 0000021830F39F78
C 345
R
P 0000021830F39F78
P 00000218319795D8
C 260
R
P 0000021830F39F78
C 345
R
P 0000021830F39F78
P 00000218319795D8
C 9
R
P 0000021830F39F78
C 345
R
P 0000021830F39F78
P 00000218319795D8
C 336
R
P 0000021830F39F78
C 345
R
P 0000021830F39F78
C 32
= 0000021830FC6678
R
P 0000021830F39F78
C 345
R
P 0000021830F39F78
P 0000021830FC6678
C 259
R
P 0000021830F39F78
C 345
R
P 0000021830F39F78
P 0000021830FC6678
C 9
R
P 0000021830F39F78
C 345
R
P 0000021830F39F78
P 0000021830FC6678
P 0000021830FC6678
C 37
= 0000021830FC8618
R
P 0000021830F39F78
C 345
R
P 0000021830F39F78
P 0000021830FC8618
C 259
R
P 0000021830F39F78
C 345
R
P 0000021830F39F78
P 0000021830FC8618
C 9
R
P 0000021830F39F78
C 345
R
P 0000021830F39F78
S "array_0"
C 30
R
P 0000021830F39F78
C 345
R
P 0000021830F39F78
$ |array_0|
C 204
R
P 0000021830F39F78
C 345
R
P 0000021830F39F78
$ |array_0|
P 0000021830FC8618
C 51
= 0000021830FC8638
R
P 0000021830F39F78
C 345
R
P 0000021830F39F78
P 0000021830FC8638
C 259
R
P 0000021830F39F78
C 345
R
P 0000021830F39F78
P 0000021830FC8638
C 256
= 0000021830FC8618
R
P 0000021830F39F78
C 345
R
P 0000021830F39F78
P 0000021830FC8618
C 211
R
P 0000021830F39F78
C 345
R
P 0000021830F39F78
P 0000021830FC8638
C 262
R
P 0000021830F39F78
C 345
R
P 0000021830F39F78
P 0000021830FC8638
C 261
R
P 0000021830F39F78
C 345
R
P 0000021830F39F78
P 0000021830FC8638
C 260
R
P 0000021830F39F78
C 345
R
P 0000021830F39F78
P 0000021830FC8638
C 9
R
P 0000021830F39F78
C 345
R
P 0000021830F39F78
S "array_1"
C 30
R
P 0000021830F39F78
C 345
R
P 0000021830F39F78
$ |array_1|
C 204
R
P 0000021830F39F78
C 345
R
P 0000021830F39F78
$ |array_1|
P 0000021830FC8618
C 51
= 0000021831BDA418
R
P 0000021830F39F78
C 345
R
P 0000021830F39F78
P 0000021831BDA418
C 259
R
P 0000021830F39F78
C 345
R
P 0000021830F39F78
P 0000021831BDA418
C 256
= 0000021830FC8618
R
P 0000021830F39F78
C 345
R
P 0000021830F39F78
P 0000021830FC8618
C 211
R
P 0000021830F39F78
C 345
R
P 0000021830F39F78
P 0000021831BDA418
C 262
R
P 0000021830F39F78
C 345
R
P 0000021830F39F78
P 0000021831BDA418
C 261
R
P 0000021830F39F78
C 345
R
P 0000021830F39F78
P 0000021831BDA418
C 260
R
P 0000021830F39F78
C 345
R
P 0000021830F39F78
P 0000021831BDA418
C 9
R
P 0000021830F39F78
C 345
R
P 0000021830F39F78
S "array_2"
C 30
R
P 0000021830F39F78
C 345
R
P 0000021830F39F78
$ |array_2|
C 204
R
P 0000021830F39F78
C 345
R
P 0000021830F39F78
$ |array_2|
P 0000021830FC8618
C 51
= 0000021831BDA478
R
P 0000021830F39F78
C 345
R
P 0000021830F39F78
P 0000021831BDA478
C 259
R
P 0000021830F39F78
C 345
R
P 0000021830F39F78
P 0000021831BDA478
C 256
= 0000021830FC8618
R
P 0000021830F39F78
C 345
R
P 0000021830F39F78
P 0000021830FC8618
C 211
R
P 0000021830F39F78
C 345
R
P 0000021830F39F78
P 0000021831BDA478
C 262
R
P 0000021830F39F78
C 345
R
P 0000021830F39F78
P 0000021831BDA478
C 261
R
P 0000021830F39F78
C 345
R
P 0000021830F39F78
P 0000021831BDA478
C 260
R
P 0000021830F39F78
C 345
R
P 0000021830F39F78
P 0000021831BDA478
C 9
R
P 0000021830F39F78
C 345
R
P 0000021830F39F78
U 3
P 0000021830FC8638
P 0000021831BDA418
P 0000021831BDA478
p 3
C 59
= 0000021831F1F438
R
P 0000021830F39F78
C 345
R
P 0000021830F39F78
P 0000021831F1F438
C 260
R
P 0000021830F39F78
C 345
R
P 0000021830F39F78
P 0000021831F1F438
C 9
R
P 0000021830F39F78
C 345
R
P 0000021830F39F78
P 0000021831F1F438
C 336
R
P 0000021830F39F78
C 345
R
P 0000021830F39F78
C 415
= 0000021832ADD018
R
P 0000021830F39F78
C 345
R
P 0000021830F39F78
P 0000021832ADD018
C 424
R
P 0000021830F39F78
C 345
R
P 0000021830F39F78
P 0000021832ADD018
P 0000021831F1F438
C 430
R
P 0000021830F39F78
C 345
R
P 0000021830F39F78
P 0000021832ADD018
C 437
R
P 0000021830F39F78
C 345
R
P 0000021830F39F78
P 0000021832ADD018
C 442
= 0000021832BA09D8
R
P 0000021830F39F78
C 345
R
P 0000021830F39F78
P 0000021832BA09D8
C 303
R
P 0000021830F39F78
C 345
R
P 0000021830F39F78
P 0000021830FC8638
C 336
R
P 0000021830F39F78
C 345
R
P 0000021830F39F78
P 0000021832BA09D8
P 0000021830FC8638
I 0
P 0000000000000000
C 305
* 000002183291F1C8 4
R
P 0000021830F39F78
C 345
R
P 0000021830F39F78
P 000002183291F1C8
C 259
R
P 0000021830F39F78
C 345
R
P 0000021830F39F78
P 000002183291F1C8
C 259
R
P 0000021830F39F78
C 345
R
P 0000021830F39F78
P 000002183291F1C8
C 260
R
P 0000021830F39F78
C 345
R
P 0000021830F39F78
P 000002183291F1C8
C 259
R
P 0000021830F39F78
C 345
R
P 0000021830F39F78
P 000002183291F1C8
C 259
R
P 0000021830F39F78
C 345
R
P 0000021830F39F78
P 000002183291F1C8
C 9
R
P 0000021830F39F78
C 345
R
P 0000021830F39F78
P 000002183291F1C8
C 336
R
P 0000021830F39F78
C 345
R
P 0000021830F39F78
P 0000021831BDA418
C 336
R
P 0000021830F39F78
C 345
R
P 0000021830F39F78
P 0000021832BA09D8
P 0000021831BDA418
I 0
P 0000000000000000
C 305
* 000002183291F228 4
R
P 0000021830F39F78
C 345
R
P 0000021830F39F78
P 000002183291F228
C 259
R
P 0000021830F39F78
C 345
R
P 0000021830F39F78
P 000002183291F228
C 259
R
P 0000021830F39F78
C 345
R
P 0000021830F39F78
P 000002183291F228
C 260
R
P 0000021830F39F78
C 345
R
P 0000021830F39F78
P 000002183291F228
C 259
R
P 0000021830F39F78
C 345
R
P 0000021830F39F78
P 000002183291F228
C 259
R
P 0000021830F39F78
C 345
R
P 0000021830F39F78
P 000002183291F228
C 9
R
P 0000021830F39F78
C 345
R
P 0000021830F39F78
P 000002183291F228
C 336
R
P 0000021830F39F78
C 345
R
P 0000021830F39F78
P 0000021831BDA478
C 336
R
P 0000021830F39F78
C 345
R
P 0000021830F39F78
P 0000021832BA09D8
P 0000021831BDA478
I 0
P 0000000000000000
C 305
* 000002183291F288 4
R
P 0000021830F39F78
C 345
R
P 0000021830F39F78
P 000002183291F288
C 259
R
P 0000021830F39F78
C 345
R
P 0000021830F39F78
P 000002183291F288
C 259
R
P 0000021830F39F78
C 345
R
P 0000021830F39F78
P 000002183291F288
C 260
R
P 0000021830F39F78
C 345
R
P 0000021830F39F78
P 000002183291F288
C 259
R
P 0000021830F39F78
C 345
R
P 0000021830F39F78
P 000002183291F288
C 259
R
P 0000021830F39F78
C 345
R
P 0000021830F39F78
P 000002183291F288
C 9
R
P 0000021830F39F78
C 345
R
P 0000021830F39F78
P 000002183291F288
C 336
R
P 0000021830F39F78
C 345
R
P 0000021830F39F78
C 32
= 0000021830FC6678
R
P 0000021830F39F78
C 345
R
P 0000021830F39F78
P 0000021830FC6678
C 259
R
P 0000021830F39F78
C 345
R
P 0000021830F39F78
P 0000021830FC6678
C 9
R
P 0000021830F39F78
C 345
R
P 0000021830F39F78
P 0000021830FC6678
P 0000021830FC6678
C 37
= 0000021830FC8618
R
P 0000021830F39F78
C 345
R
P 0000021830F39F78
P 0000021830FC8618
C 259
R
P 0000021830F39F78
C 345
R
P 0000021830F39F78
P 0000021830FC8618
C 9
R
P 0000021830F39F78
C 345
R
P 0000021830F39F78
S "array_0"
C 30
R
P 0000021830F39F78
C 345
R
P 0000021830F39F78
$ |array_0|
C 204
R
P 0000021830F39F78
C 345
R
P 0000021830F39F78
$ |array_0|
P 0000021830FC8618
C 51
= 0000021830FC8638
R
P 0000021830F39F78
C 345
R
P 0000021830F39F78
P 0000021830FC8638
C 259
R
P 0000021830F39F78
C 345
R
P 0000021830F39F78
P 0000021830FC8638
C 256
= 0000021830FC8618
R
P 0000021830F39F78
C 345
R
P 0000021830F39F78
P 0000021830FC8618
C 211
R
P 0000021830F39F78
C 345
R
P 0000021830F39F78
P 0000021830FC8638
C 262
R
P 0000021830F39F78
C 345
R
P 0000021830F39F78
P 0000021830FC8638
C 261
R
P 0000021830F39F78
C 345
R
P 0000021830F39F78
P 0000021830FC8638
C 260
R
P 0000021830F39F78
C 345
R
P 0000021830F39F78
P 0000021830FC8638
C 9
R
P 0000021830F39F78
C 345
R
P 0000021830F39F78
S "array_1"
C 30
R
P 0000021830F39F78
C 345
R
P 0000021830F39F78
$ |array_1|
C 204
R
P 0000021830F39F78
C 345
R
P 0000021830F39F78
$ |array_1|
P 0000021830FC8618
C 51
= 0000021831BDA418
R
P 0000021830F39F78
C 345
R
P 0000021830F39F78
P 0000021831BDA418
C 259
R
P 0000021830F39F78
C 345
R
P 0000021830F39F78
P 0000021831BDA418
C 256
= 0000021830FC8618
R
P 0000021830F39F78
C 345
R
P 0000021830F39F78
P 0000021830FC8618
C 211
R
P 0000021830F39F78
C 345
R
P 0000021830F39F78
P 0000021831BDA418
C 262
R
P 0000021830F39F78
C 345
R
P 0000021830F39F78
P 0000021831BDA418
C 261
R
P 0000021830F39F78
C 345
R
P 0000021830F39F78
P 0000021831BDA418
C 260
R
P 0000021830F39F78
C 345
R
P 0000021830F39F78
P 0000021831BDA418
C 9
R
P 0000021830F39F78
C 345
R
P 0000021830F39F78
S "array_2"
C 30
R
P 0000021830F39F78
C 345
R
P 0000021830F39F78
$ |array_2|
C 204
R
P 0000021830F39F78
C 345
R
P 0000021830F39F78
$ |array_2|
P 0000021830FC8618
C 51
= 0000021831BDA478
R
P 0000021830F39F78
C 345
R
P 0000021830F39F78
P 0000021831BDA478
C 259
R
P 0000021830F39F78
C 345
R
P 0000021830F39F78
P 0000021831BDA478
C 256
= 0000021830FC8618
R
P 0000021830F39F78
C 345
R
P 0000021830F39F78
P 0000021830FC8618
C 211
R
P 0000021830F39F78
C 345
R
P 0000021830F39F78
P 0000021831BDA478
C 262
R
P 0000021830F39F78
C 345
R
P 0000021830F39F78
P 0000021831BDA478
C 261
R
P 0000021830F39F78
C 345
R
P 0000021830F39F78
P 0000021831BDA478
C 260
R
P 0000021830F39F78
C 345
R
P 0000021830F39F78
P 0000021831BDA478
C 9
R
P 0000021830F39F78
C 345
R
P 0000021830F39F78
S "array_3"
C 30
R
P 0000021830F39F78
C 345
R
P 0000021830F39F78
$ |array_3|
C 204
R
P 0000021830F39F78
C 345
R
P 0000021830F39F78
$ |array_3|
P 0000021830FC8618
C 51
= 0000021831BDA4F8
R
P 0000021830F39F78
C 345
R
P 0000021830F39F78
P 0000021831BDA4F8
C 259
R
P 0000021830F39F78
C 345
R
P 0000021830F39F78
P 0000021831BDA4F8
C 256
= 0000021830FC8618
R
P 0000021830F39F78
C 345
R
P 0000021830F39F78
P 0000021830FC8618
C 211
R
P 0000021830F39F78
C 345
R
P 0000021830F39F78
P 0000021831BDA4F8
C 262
R
P 0000021830F39F78
C 345
R
P 0000021830F39F78
P 0000021831BDA4F8
C 261
R
P 0000021830F39F78
C 345
R
P 0000021830F39F78
P 0000021831BDA4F8
C 260
R
P 0000021830F39F78
C 345
R
P 0000021830F39F78
P 0000021831BDA4F8
C 9
R
P 0000021830F39F78
C 345
R
P 0000021830F39F78
U 4
P 0000021830FC8638
P 0000021831BDA418
P 0000021831BDA478
P 0000021831BDA4F8
p 4
C 59
= 0000021830FB8800
R
P 0000021830F39F78
C 345
R
P 0000021830F39F78
P 0000021830FB8800
C 260
R
P 0000021830F39F78
C 345
R
P 0000021830F39F78
P 0000021830FB8800
C 9
R
P 0000021830F39F78
C 345
R
P 0000021830F39F78
P 0000021830FB8800
C 336
R
P 0000021830F39F78
C 345
R
P 0000021830F39F78
C 415
= 0000021832ADF318
R
P 0000021830F39F78
C 345
R
P 0000021830F39F78
P 0000021832ADF318
C 424
R
P 0000021830F39F78
C 345
R
P 0000021830F39F78
P 0000021832ADF318
P 0000021830FB8800
C 430
R
P 0000021830F39F78
C 345
R
P 0000021830F39F78
P 0000021832ADF318
C 437
R
P 0000021830F39F78
C 345
R
P 0000021830F39F78
P 0000021832ADF318
C 442
= 00000218331315B8
R
P 0000021830F39F78
C 345
R
P 0000021830F39F78
P 00000218331315B8
C 303
R
P 0000021830F39F78
C 345
R
P 0000021830F39F78
P 0000021830FC8638
C 336
R
P 0000021830F39F78
C 345
R
P 0000021830F39F78
P 00000218331315B8
P 0000021830FC8638
I 0
P 0000000000000000
C 305
* 000002183291F1C8 4
R
P 0000021830F39F78
C 345
R
P 0000021830F39F78
P 000002183291F1C8
C 259
R
P 0000021830F39F78
C 345
R
P 0000021830F39F78
P 000002183291F1C8
C 259
R
P 0000021830F39F78
C 345
R
P 0000021830F39F78
P 000002183291F1C8
C 260
R
P 0000021830F39F78
C 345
R
P 0000021830F39F78
P 000002183291F1C8
C 259
R
P 0000021830F39F78
C 345
R
P 0000021830F39F78
P 000002183291F1C8
C 259
R
P 0000021830F39F78
C 345
R
P 0000021830F39F78
P 000002183291F1C8
C 9
R
P 0000021830F39F78
C 345
R
P 0000021830F39F78
P 000002183291F1C8
C 336
R
P 0000021830F39F78
C 345
R
P 0000021830F39F78
P 0000021831BDA418
C 336
R
P 0000021830F39F78
C 345
R
P 0000021830F39F78
P 00000218331315B8
P 0000021831BDA418
I 0
P 0000000000000000
C 305
* 000002183291F228 4
R
P 0000021830F39F78
C 345
R
P 0000021830F39F78
P 000002183291F228
C 259
R
P 0000021830F39F78
C 345
R
P 0000021830F39F78
P 000002183291F228
C 259
R
P 0000021830F39F78
C 345
R
P 0000021830F39F78
P 000002183291F228
C 260
R
P 0000021830F39F78
C 345
R
P 0000021830F39F78
P 000002183291F228
C 259
R
P 0000021830F39F78
C 345
R
P 0000021830F39F78
P 000002183291F228
C 259
R
P 0000021830F39F78
C 345
R
P 0000021830F39F78
P 000002183291F228
C 9
R
P 0000021830F39F78
C 345
R
P 0000021830F39F78
P 000002183291F228
C 336
R
P 0000021830F39F78
C 345
R
P 0000021830F39F78
P 0000021831BDA478
C 336
R
P 0000021830F39F78
C 345
R
P 0000021830F39F78
P 00000218331315B8
P 0000021831BDA478
I 0
P 0000000000000000
C 305
* 000002183291F2E8 4
R
P 0000021830F39F78
C 345
R
P 0000021830F39F78
P 000002183291F2E8
C 259
R
P 0000021830F39F78
C 345
R
P 0000021830F39F78
P 000002183291F2E8
C 259
R
P 0000021830F39F78
C 345
R
P 0000021830F39F78
P 000002183291F2E8
C 260
R
P 0000021830F39F78
C 345
R
P 0000021830F39F78
P 000002183291F2E8
C 259
R
P 0000021830F39F78
C 345
R
P 0000021830F39F78
P 000002183291F2E8
C 259
R
P 0000021830F39F78
C 345
R
P 0000021830F39F78
P 000002183291F2E8
C 9
R
P 0000021830F39F78
C 345
R
P 0000021830F39F78
P 000002183291F2E8
C 336
R
P 0000021830F39F78
C 345
R
P 0000021830F39F78
P 0000021831BDA4F8
C 336
R
P 0000021830F39F78
C 345
R
P 0000021830F39F78
P 00000218331315B8
P 0000021831BDA4F8
I 0
P 0000000000000000
C 305
* 000002183291F288 4
R
P 0000021830F39F78
C 345
R
P 0000021830F39F78
P 000002183291F288
C 259
R
P 0000021830F39F78
C 345
R
P 0000021830F39F78
P 000002183291F288
C 259
R
P 0000021830F39F78
C 345
R
P 0000021830F39F78
P 000002183291F288
C 260
R
P 0000021830F39F78
C 345
R
P 0000021830F39F78
P 000002183291F288
C 259
R
P 0000021830F39F78
C 345
R
P 0000021830F39F78
P 000002183291F288
C 259
R
P 0000021830F39F78
C 345
R
P 0000021830F39F78
P 000002183291F288
C 9
R
P 0000021830F39F78
C 345
R
P 0000021830F39F78
P 000002183291F288
C 336
R
P 0000021830F39F78
C 345
R
P 0000021830F39F78
C 32
= 0000021830FC6678
R
P 0000021830F39F78
C 345
R
P 0000021830F39F78
P 0000021830FC6678
C 259
R
P 0000021830F39F78
C 345
R
P 0000021830F39F78
P 0000021830FC6678
C 9
R
P 0000021830F39F78
C 345
R
P 0000021830F39F78
P 0000021830FC6678
P 0000021830FC6678
C 37
= 0000021830FC8618
R
P 0000021830F39F78
C 345
R
P 0000021830F39F78
P 0000021830FC8618
C 259
R
P 0000021830F39F78
C 345
R
P 0000021830F39F78
P 0000021830FC8618
C 9
R
P 0000021830F39F78
C 345
R
P 0000021830F39F78
S "array_0"
C 30
R
P 0000021830F39F78
C 345
R
P 0000021830F39F78
$ |array_0|
C 204
R
P 0000021830F39F78
C 345
R
P 0000021830F39F78
$ |array_0|
P 0000021830FC8618
C 51
= 0000021830FC8638
R
P 0000021830F39F78
C 345
R
P 0000021830F39F78
P 0000021830FC8638
C 259
R
P 0000021830F39F78
C 345
R
P 0000021830F39F78
P 0000021830FC8638
C 256
= 0000021830FC8618
R
P 0000021830F39F78
C 345
R
P 0000021830F39F78
P 0000021830FC8618
C 211
R
P 0000021830F39F78
C 345
R
P 0000021830F39F78
P 0000021830FC8638
C 262
R
P 0000021830F39F78
C 345
R
P 0000021830F39F78
P 0000021830FC8638
C 261
R
P 0000021830F39F78
C 345
R
P 0000021830F39F78
P 0000021830FC8638
C 260
R
P 0000021830F39F78
C 345
R
P 0000021830F39F78
P 0000021830FC8638
C 9
R
P 0000021830F39F78
C 345
R
P 0000021830F39F78
S "array_1"
C 30
R
P 0000021830F39F78
C 345
R
P 0000021830F39F78
$ |array_1|
C 204
R
P 0000021830F39F78
C 345
R
P 0000021830F39F78
$ |array_1|
P 0000021830FC8618
C 51
= 0000021831BDA418
R
P 0000021830F39F78
C 345
R
P 0000021830F39F78
P 0000021831BDA418
C 259
R
P 0000021830F39F78
C 345
R
P 0000021830F39F78
P 0000021831BDA418
C 256
= 0000021830FC8618
R
P 0000021830F39F78
C 345
R
P 0000021830F39F78
P 0000021830FC8618
C 211
R
P 0000021830F39F78
C 345
R
P 0000021830F39F78
P 0000021831BDA418
C 262
R
P 0000021830F39F78
C 345
R
P 0000021830F39F78
P 0000021831BDA418
C 261
R
P 0000021830F39F78
C 345
R
P 0000021830F39F78
P 0000021831BDA418
C 260
R
P 0000021830F39F78
C 345
R
P 0000021830F39F78
P 0000021831BDA418
C 9
R
P 0000021830F39F78
C 345
R
P 0000021830F39F78
S "array_2"
C 30
R
P 0000021830F39F78
C 345
R
P 0000021830F39F78
$ |array_2|
C 204
R
P 0000021830F39F78
C 345
R
P 0000021830F39F78
$ |array_2|
P 0000021830FC8618
C 51
= 0000021831BDA478
R
P 0000021830F39F78
C 345
R
P 0000021830F39F78
P 0000021831BDA478
C 259
R
P 0000021830F39F78
C 345
R
P 0000021830F39F78
P 0000021831BDA478
C 256
= 0000021830FC8618
R
P 0000021830F39F78
C 345
R
P 0000021830F39F78
P 0000021830FC8618
C 211
R
P 0000021830F39F78
C 345
R
P 0000021830F39F78
P 0000021831BDA478
C 262
R
P 0000021830F39F78
C 345
R
P 0000021830F39F78
P 0000021831BDA478
C 261
R
P 0000021830F39F78
C 345
R
P 0000021830F39F78
P 0000021831BDA478
C 260
R
P 0000021830F39F78
C 345
R
P 0000021830F39F78
P 0000021831BDA478
C 9
R
P 0000021830F39F78
C 345
R
P 0000021830F39F78
S "array_3"
C 30
R
P 0000021830F39F78
C 345
R
P 0000021830F39F78
$ |array_3|
C 204
R
P 0000021830F39F78
C 345
R
P 0000021830F39F78
$ |array_3|
P 0000021830FC8618
C 51
= 0000021831BDA4F8
R
P 0000021830F39F78
C 345
R
P 0000021830F39F78
P 0000021831BDA4F8
C 259
R
P 0000021830F39F78
C 345
R
P 0000021830F39F78
P 0000021831BDA4F8
C 256
= 0000021830FC8618
R
P 0000021830F39F78
C 345
R
P 0000021830F39F78
P 0000021830FC8618
C 211
R
P 0000021830F39F78
C 345
R
P 0000021830F39F78
P 0000021831BDA4F8
C 262
R
P 0000021830F39F78
C 345
R
P 0000021830F39F78
P 0000021831BDA4F8
C 261
R
P 0000021830F39F78
C 345
R
P 0000021830F39F78
P 0000021831BDA4F8
C 260
R
P 0000021830F39F78
C 345
R
P 0000021830F39F78
P 0000021831BDA4F8
C 9
R
P 0000021830F39F78
C 345
R
P 0000021830F39F78
S "array_4"
C 30
R
P 0000021830F39F78
C 345
R
P 0000021830F39F78
$ |array_4|
C 204
R
P 0000021830F39F78
C 345
R
P 0000021830F39F78
$ |array_4|
P 0000021830FC8618
C 51
= 0000021831BDA5B8
R
P 0000021830F39F78
C 345
R
P 0000021830F39F78
P 0000021831BDA5B8
C 259
R
P 0000021830F39F78
C 345
R
P 0000021830F39F78
P 0000021831BDA5B8
C 256
= 0000021830FC8618
R
P 0000021830F39F78
C 345
R
P 0000021830F39F78
P 0000021830FC8618
C 211
R
P 0000021830F39F78
C 345
R
P 0000021830F39F78
P 0000021831BDA5B8
C 262
R
P 0000021830F39F78
C 345
R
P 0000021830F39F78
P 0000021831BDA5B8
C 261
R
P 0000021830F39F78
C 345
R
P 0000021830F39F78
P 0000021831BDA5B8
C 260
R
P 0000021830F39F78
C 345
R
P 0000021830F39F78
P 0000021831BDA5B8
C 9
R
P 0000021830F39F78
C 345
R
P 0000021830F39F78
U 5
P 0000021830FC8638
P 0000021831BDA418
P 0000021831BDA478
P 0000021831BDA4F8
P 0000021831BDA5B8
p 5
C 59
= 0000021832F1E198
R
P 0000021830F39F78
C 345
R
P 0000021830F39F78
P 0000021832F1E198
C 260
R
P 0000021830F39F78
C 345
R
P 0000021830F39F78
P 0000021832F1E198
C 9
R
P 0000021830F39F78
C 345
R
P 0000021830F39F78
P 0000021832F1E198
C 336
R
P 0000021830F39F78
C 345
R
P 0000021830F39F78
C 415
= 00000218331201D8
R
P 0000021830F39F78
C 345
R
P 0000021830F39F78
P 00000218331201D8
C 424
R
P 0000021830F39F78
C 345
R
P 0000021830F39F78
P 00000218331201D8
P 0000021832F1E198
C 430
R
P 0000021830F39F78
C 345
R
P 0000021830F39F78
P 00000218331201D8
C 437
R
P 0000021830F39F78
C 345
M "BitvectorExample1"
R
P 0000021830F39F78
U 32
C 35
= 0000021830FC6B78
R
P 0000021830F39F78
C 345
R
P 0000021830F39F78
P 0000021830FC6B78
C 259
R
P 0000021830F39F78
C 345
R
P 0000021830F39F78
P 0000021830FC6B78
C 9
R
P 0000021830F39F78
C 345
R
P 0000021830F39F78
S "x"
C 30
R
P 0000021830F39F78
C 345
R
P 0000021830F39F78
$ |x|
C 204
R
P 0000021830F39F78
C 345
R
P 0000021830F39F78
$ |x|
P 0000021830FC6B78
C 51
= 0000021830FC8438
R
P 0000021830F39F78
C 345
R
P 0000021830F39F78
P 0000021830FC8438
C 259
R
P 0000021830F39F78
C 345
R
P 0000021830F39F78
P 0000021830FC8438
C 256
= 0000021830FC6B78
R
P 0000021830F39F78
C 345
R
P 0000021830F39F78
P 0000021830FC6B78
C 211
R
P 0000021830F39F78
C 345
R
P 0000021830F39F78
P 0000021830FC8438
C 262
R
P 0000021830F39F78
C 345
R
P 0000021830F39F78
P 0000021830FC8438
C 261
R
P 0000021830F39F78
C 345
R
P 0000021830F39F78
P 0000021830FC8438
C 260
R
P 0000021830F39F78
C 345
R
P 0000021830F39F78
P 0000021830FC8438
C 9
R
P 0000021830F39F78
C 345
R
P 0000021830F39F78
S "0"
P 0000021830FC6B78
C 150
= 0000021830FC8478
R
P 0000021830F39F78
C 345
R
P 0000021830F39F78
P 0000021830FC8478
C 259
R
P 0000021830F39F78
C 345
R
P 0000021830F39F78
P 0000021830FC8478
C 256
= 0000021830FC6B78
R
P 0000021830F39F78
C 345
R
P 0000021830F39F78
P 0000021830FC6B78
C 211
R
P 0000021830F39F78
C 345
R
P 0000021830F39F78
P 0000021830FC8478
C 262
R
P 0000021830F39F78
C 345
R
P 0000021830F39F78
P 0000021830FC8478
C 261
R
P 0000021830F39F78
C 345
R
P 0000021830F39F78
P 0000021830FC8478
C 260
R
P 0000021830F39F78
C 345
R
P 0000021830F39F78
P 0000021830FC8478
C 9
R
P 0000021830F39F78
C 345
R
P 0000021830F39F78
U 32
C 35
= 0000021830FC6B78
R
P 0000021830F39F78
C 345
R
P 0000021830F39F78
P 0000021830FC6B78
C 259
R
P 0000021830F39F78
C 345
R
P 0000021830F39F78
P 0000021830FC6B78
C 9
R
P 0000021830F39F78
C 345
R
P 0000021830F39F78
I 10
P 0000021830FC6B78
C 152
= 0000021831BDA5F8
R
P 0000021830F39F78
C 345
R
P 0000021830F39F78
P 0000021831BDA5F8
C 259
R
P 0000021830F39F78
C 345
R
P 0000021830F39F78
P 0000021831BDA5F8
C 256
= 0000021830FC6B78
R
P 0000021830F39F78
C 345
R
P 0000021830F39F78
P 0000021830FC6B78
C 211
R
P 0000021830F39F78
C 345
R
P 0000021830F39F78
P 0000021831BDA5F8
C 262
R
P 0000021830F39F78
C 345
R
P 0000021830F39F78
P 0000021831BDA5F8
C 261
R
P 0000021830F39F78
C 345
R
P 0000021830F39F78
P 0000021831BDA5F8
C 260
R
P 0000021830F39F78
C 345
R
P 0000021830F39F78
P 0000021831BDA5F8
C 9
R
P 0000021830F39F78
C 345
R
P 0000021830F39F78
P 0000021830FC8438
P 0000021831BDA5F8
C 93
= 0000021831978F60
R
P 0000021830F39F78
C 345
R
P 0000021830F39F78
P 0000021831978F60
C 260
R
P 0000021830F39F78
C 345
R
P 0000021830F39F78
P 0000021831978F60
C 9
R
P 0000021830F39F78
C 345
R
P 0000021830F39F78
P 0000021830FC8438
P 0000021831BDA5F8
C 103
= 0000021831978FD0
R
P 0000021830F39F78
C 345
R
P 0000021830F39F78
P 0000021831978FD0
C 260
R
P 0000021830F39F78
C 345
R
P 0000021830F39F78
P 0000021831978FD0
C 9
R
P 0000021830F39F78
C 345
R
P 0000021830F39F78
P 0000021831978F60
P 0000021830FC8478
C 103
= 0000021831968930
R
P 0000021830F39F78
C 345
R
P 0000021830F39F78
P 0000021831968930
C 260
R
P 0000021830F39F78
C 345
R
P 0000021830F39F78
P 0000021831968930
C 9
R
P 0000021830F39F78
C 345
R
P 0000021830F39F78
P 0000021831978FD0
P 0000021831968930
C 62
= 0000021831978EB8
R
P 0000021830F39F78
C 345
R
P 0000021830F39F78
P 0000021831978EB8
C 260
R
P 0000021830F39F78
C 345
R
P 0000021830F39F78
P 0000021831978EB8
C 9
R
P 0000021830F39F78
C 345
R
P 0000021830F39F78
P 0000021831978EB8
C 336
R
P 0000021830F39F78
C 345
R
P 0000021830F39F78
C 415
= 000002183311F468
R
P 0000021830F39F78
C 345
R
P 0000021830F39F78
P 000002183311F468
C 424
R
P 0000021830F39F78
C 345
R
P 0000021830F39F78
C 13
= 000002183312C458
R
P 0000021830F39F78
C 345
R
P 0000021830F39F78
P 000002183312C458
C 14
R
P 0000021830F39F78
C 345
R
P 0000021830F39F78
S "mbqi"
C 30
R
P 0000021830F39F78
C 345
R
P 0000021830F39F78
$ |mbqi|
C 204
R
P 0000021830F39F78
C 345
R
P 0000021830F39F78
P 000002183312C458
$ |mbqi|
I 0
C 16
R
P 0000021830F39F78
C 345
R
P 0000021830F39F78
P 000002183311F468
P 000002183312C458
C 423
R
P 0000021830F39F78
C 345
R
P 0000021830F39F78
P 0000021831978EB8
C 60
= 0000021831979368
R
P 0000021830F39F78
C 345
R
P 0000021830F39F78
P 0000021831979368
C 260
R
P 0000021830F39F78
C 345
R
P 0000021830F39F78
P 0000021831979368
C 9
R
P 0000021830F39F78
C 345
R
P 0000021830F39F78
P 000002183311F468
P 0000021831979368
C 430
R
P 0000021830F39F78
C 345
R
P 0000021830F39F78
P 000002183311F468
C 437
R
P 0000021830F39F78
C 345
R
P 0000021830F39F78
P 000002183311F468
C 442
= 0000021833454368
R
P 0000021830F39F78
C 345
R
P 0000021830F39F78
P 0000021833454368
C 303
R
P 0000021830F39F78
C 345
R
P 0000021830F39F78
P 0000021833454368
C 340
R
P 0000021830F39F78
C 345
M "BitvectorExample2"
R
P 0000021830F39F78
U 32
C 35
= 0000021830FC6B78
R
P 0000021830F39F78
C 345
R
P 0000021830F39F78
P 0000021830FC6B78
C 259
R
P 0000021830F39F78
C 345
R
P 0000021830F39F78
P 0000021830FC6B78
C 9
R
P 0000021830F39F78
C 345
R
P 0000021830F39F78
U 32
C 35
= 0000021830FC6B78
R
P 0000021830F39F78
C 345
R
P 0000021830F39F78
P 0000021830FC6B78
C 259
R
P 0000021830F39F78
C 345
R
P 0000021830F39F78
P 0000021830FC6B78
C 9
R
P 0000021830F39F78
C 345
R
P 0000021830F39F78
S "x"
C 30
R
P 0000021830F39F78
C 345
R
P 0000021830F39F78
$ |x|
C 204
R
P 0000021830F39F78
C 345
R
P 0000021830F39F78
$ |x|
P 0000021830FC6B78
C 51
= 0000021830FC8438
R
P 0000021830F39F78
C 345
R
P 0000021830F39F78
P 0000021830FC8438
C 259
R
P 0000021830F39F78
C 345
R
P 0000021830F39F78
P 0000021830FC8438
C 256
= 0000021830FC6B78
R
P 0000021830F39F78
C 345
R
P 0000021830F39F78
P 0000021830FC6B78
C 211
R
P 0000021830F39F78
C 345
R
P 0000021830F39F78
P 0000021830FC8438
C 262
R
P 0000021830F39F78
C 345
R
P 0000021830F39F78
P 0000021830FC8438
C 261
R
P 0000021830F39F78
C 345
R
P 0000021830F39F78
P 0000021830FC8438
C 260
R
P 0000021830F39F78
C 345
R
P 0000021830F39F78
P 0000021830FC8438
C 9
R
P 0000021830F39F78
C 345
R
P 0000021830F39F78
U 32
C 35
= 0000021830FC6B78
R
P 0000021830F39F78
C 345
R
P 0000021830F39F78
P 0000021830FC6B78
C 259
R
P 0000021830F39F78
C 345
R
P 0000021830F39F78
P 0000021830FC6B78
C 9
R
P 0000021830F39F78
C 345
R
P 0000021830F39F78
S "y"
C 30
R
P 0000021830F39F78
C 345
R
P 0000021830F39F78
$ |y|
C 204
R
P 0000021830F39F78
C 345
R
P 0000021830F39F78
$ |y|
P 0000021830FC6B78
C 51
= 0000021830FC8458
R
P 0000021830F39F78
C 345
R
P 0000021830F39F78
P 0000021830FC8458
C 259
R
P 0000021830F39F78
C 345
R
P 0000021830F39F78
P 0000021830FC8458
C 256
= 0000021830FC6B78
R
P 0000021830F39F78
C 345
R
P 0000021830F39F78
P 0000021830FC6B78
C 211
R
P 0000021830F39F78
C 345
R
P 0000021830F39F78
P 0000021830FC8458
C 262
R
P 0000021830F39F78
C 345
R
P 0000021830F39F78
P 0000021830FC8458
C 261
R
P 0000021830F39F78
C 345
R
P 0000021830F39F78
P 0000021830FC8458
C 260
R
P 0000021830F39F78
C 345
R
P 0000021830F39F78
P 0000021830FC8458
C 9
R
P 0000021830F39F78
C 345
R
P 0000021830F39F78
P 0000021830FC8438
P 0000021830FC8458
C 87
= 0000021831978E80
R
P 0000021830F39F78
C 345
R
P 0000021830F39F78
P 0000021831978E80
C 260
R
P 0000021830F39F78
C 345
R
P 0000021830F39F78
P 0000021831978E80
C 9
R
P 0000021830F39F78
C 345
R
P 0000021830F39F78
S "103"
P 0000021830FC6B78
C 150
= 0000021831BDA4B8
R
P 0000021830F39F78
C 345
R
P 0000021830F39F78
P 0000021831BDA4B8
C 259
R
P 0000021830F39F78
C 345
R
P 0000021830F39F78
P 0000021831BDA4B8
C 256
= 0000021830FC6B78
R
P 0000021830F39F78
C 345
R
P 0000021830F39F78
P 0000021830FC6B78
C 211
R
P 0000021830F39F78
C 345
R
P 0000021830F39F78
P 0000021831BDA4B8
C 262
R
P 0000021830F39F78
C 345
R
P 0000021830F39F78
P 0000021831BDA4B8
C 261
R
P 0000021830F39F78
C 345
R
P 0000021830F39F78
P 0000021831BDA4B8
C 260
R
P 0000021830F39F78
C 345
R
P 0000021830F39F78
P 0000021831BDA4B8
C 9
R
P 0000021830F39F78
C 345
R
P 0000021830F39F78
P 0000021831978E80
P 0000021831BDA4B8
C 93
= 00000218319687E0
R
P 0000021830F39F78
C 345
R
P 0000021830F39F78
P 00000218319687E0
C 260
R
P 0000021830F39F78
C 345
R
P 0000021830F39F78
P 00000218319687E0
C 9
R
P 0000021830F39F78
C 345
R
P 0000021830F39F78
P 0000021830FC8438
P 0000021830FC8458
C 94
= 00000218313BA370
R
P 0000021830F39F78
C 345
R
P 0000021830F39F78
P 00000218313BA370
C 260
R
P 0000021830F39F78
C 345
R
P 0000021830F39F78
P 00000218313BA370
C 9
R
P 0000021830F39F78
C 345
R
P 0000021830F39F78
P 00000218319687E0
P 00000218313BA370
C 58
= 0000021831BD4B90
R
P 0000021830F39F78
C 345
R
P 0000021830F39F78
P 0000021831BD4B90
C 260
R
P 0000021830F39F78
C 345
R
P 0000021830F39F78
P 0000021831BD4B90
C 9
R
P 0000021830F39F78
C 345
R
P 0000021830F39F78
C 415
= 0000021832216238
R
P 0000021830F39F78
C 345
R
P 0000021830F39F78
P 0000021832216238
C 424
R
P 0000021830F39F78
C 345
R
P 0000021830F39F78
P 0000021832216238
P 0000021831BD4B90
C 430
R
P 0000021830F39F78
C 345
R
P 0000021830F39F78
P 0000021832216238
C 437
R
P 0000021830F39F78
C 345
R
P 0000021830F39F78
P 0000021832216238
C 442
= 0000021833CBF708
R
P 0000021830F39F78
C 345
R
P 0000021830F39F78
P 0000021833CBF708
C 303
R
P 0000021830F39F78
C 345
R
P 0000021830F39F78
P 0000021833CBF708
C 340
R
P 0000021830F39F78
C 345
M "ParserExample1"
R
P 0000021830F39F78
S "\040declare-const x Int\041 \040declare-const y Int\041 \040assert \040and \040> x y\041 \040> x 0\041\041\041"
U 0
s 0
p 0
U 0
s 0
p 0
C 342
= 0000021833A7A618
R
P 0000021830F39F78
C 345
R
P 0000021830F39F78
P 0000021833A7A618
C 459
R
P 0000021830F39F78
C 345
R
P 0000021830F39F78
P 0000021833A7A618
C 461
R
P 0000021830F39F78
C 345
R
P 0000021830F39F78
P 0000021833A7A618
U 0
C 462
= 00000218339FA9A8
R
P 0000021830F39F78
C 345
R
P 0000021830F39F78
P 00000218339FA9A8
C 9
R
P 0000021830F39F78
C 345
R
P 0000021830F39F78
P 00000218339FA9A8
C 259
R
P 0000021830F39F78
C 345
R
P 0000021830F39F78
P 00000218339FA9A8
C 256
= 0000021830FC6678
R
P 0000021830F39F78
C 345
R
P 0000021830F39F78
P 0000021830FC6678
C 211
R
P 0000021830F39F78
C 345
R
P 0000021830F39F78
P 00000218339FA9A8
C 262
R
P 0000021830F39F78
C 345
R
P 0000021830F39F78
P 00000218339FA9A8
C 261
R
P 0000021830F39F78
C 345
R
P 0000021830F39F78
P 00000218339FA9A8
C 260
R
P 0000021830F39F78
C 345
R
P 0000021830F39F78
P 00000218339FA9A8
C 9
R
P 0000021830F39F78
C 345
R
P 0000021830F39F78
P 00000218339FA9A8
C 336
R
P 0000021830F39F78
C 345
R
P 0000021830F39F78
C 415
= 0000021833260DB8
R
P 0000021830F39F78
C 345
R
P 0000021830F39F78
P 0000021833260DB8
C 424
R
P 0000021830F39F78
C 345
R
P 0000021830F39F78
P 0000021833260DB8
P 00000218339FA9A8
C 430
R
P 0000021830F39F78
C 345
R
P 0000021830F39F78
P 0000021833260DB8
C 437
R
P 0000021830F39F78
C 345
R
P 0000021830F39F78
P 0000021833260DB8
C 442
= 00000218337E83F8
R
P 0000021830F39F78
C 345
R
P 0000021830F39F78
P 00000218337E83F8
C 303
R
P 0000021830F39F78
C 345
M "ParserExample2"
R
P 0000021830F39F78
S "a"
C 30
R
P 0000021830F39F78
C 345
R
P 0000021830F39F78
$ |a|
C 204
R
P 0000021830F39F78
C 345
R
P 0000021830F39F78
S "b"
C 30
R
P 0000021830F39F78
C 345
R
P 0000021830F39F78
$ |b|
C 204
R
P 0000021830F39F78
C 345
R
P 0000021830F39F78
C 33
= 0000021830FC6738
R
P 0000021830F39F78
C 345
R
P 0000021830F39F78
P 0000021830FC6738
C 259
R
P 0000021830F39F78
C 345
R
P 0000021830F39F78
P 0000021830FC6738
C 9
R
P 0000021830F39F78
C 345
R
P 0000021830F39F78
$ |a|
U 0
p 0
P 0000021830FC6738
C 49
= 0000021831979308
R
P 0000021830F39F78
C 345
R
P 0000021830F39F78
P 0000021831979308
C 259
R
P 0000021830F39F78
C 345
R
P 0000021830F39F78
P 0000021831979308
C 9
R
P 0000021830F39F78
C 345
R
P 0000021830F39F78
C 33
= 0000021830FC6738
R
P 0000021830F39F78
C 345
R
P 0000021830F39F78
P 0000021830FC6738
C 259
R
P 0000021830F39F78
C 345
R
P 0000021830F39F78
P 0000021830FC6738
C 9
R
P 0000021830F39F78
C 345
R
P 0000021830F39F78
$ |b|
U 0
p 0
P 0000021830FC6738
C 49
= 0000021831979518
R
P 0000021830F39F78
C 345
R
P 0000021830F39F78
P 0000021831979518
C 259
R
P 0000021830F39F78
C 345
R
P 0000021830F39F78
P 0000021831979518
C 9
R
P 0000021830F39F78
C 345
R
P 0000021830F39F78
S "\040assert \040> a b\041\041"
U 0
s 0
p 0
U 2
$ |a|
$ |b|
s 2
P 0000021831979308
P 0000021831979518
p 2
C 342
= 0000021833A7CA98
R
P 0000021830F39F78
C 345
R
P 0000021830F39F78
P 0000021833A7CA98
C 459
R
P 0000021830F39F78
C 345
R
P 0000021830F39F78
P 0000021833A7CA98
C 461
R
P 0000021830F39F78
C 345
R
P 0000021830F39F78
P 0000021833A7CA98
U 0
C 462
= 00000218339FA900
R
P 0000021830F39F78
C 345
R
P 0000021830F39F78
P 00000218339FA900
C 9
R
P 0000021830F39F78
C 345
R
P 0000021830F39F78
P 00000218339FA900
C 259
R
P 0000021830F39F78
C 345
R
P 0000021830F39F78
P 00000218339FA900
C 256
= 0000021830FC6678
R
P 0000021830F39F78
C 345
R
P 0000021830F39F78
P 0000021830FC6678
C 211
R
P 0000021830F39F78
C 345
R
P 0000021830F39F78
P 00000218339FA900
C 262
R
P 0000021830F39F78
C 345
R
P 0000021830F39F78
P 00000218339FA900
C 261
R
P 0000021830F39F78
C 345
R
P 0000021830F39F78
P 00000218339FA900
C 260
R
P 0000021830F39F78
C 345
R
P 0000021830F39F78
P 00000218339FA900
C 9
R
P 0000021830F39F78
C 345
R
P 0000021830F39F78
P 00000218339FA900
C 336
R
P 0000021830F39F78
C 345
R
P 0000021830F39F78
C 415
= 00000218332613F8
R
P 0000021830F39F78
C 345
R
P 0000021830F39F78
P 00000218332613F8
C 424
R
P 0000021830F39F78
C 345
R
P 0000021830F39F78
P 00000218332613F8
P 00000218339FA900
C 430
R
P 0000021830F39F78
C 345
R
P 0000021830F39F78
P 00000218332613F8
C 437
R
P 0000021830F39F78
C 345
R
P 0000021830F39F78
P 00000218332613F8
C 442
= 0000021833FD5308
R
P 0000021830F39F78
C 345
R
P 0000021830F39F78
P 0000021833FD5308
C 303
R
P 0000021830F39F78
C 345
R
P 0000021830F39F78
S "\040declare-const x Int \040declare-const y Int\041\041 \040assert \040> x y\041\041"
U 0
s 0
p 0
U 0
s 0
p 0
C 342
= 0000021833DEF148
R
P 0000021830F39F78
C 345
R
P 0000021830F39F78
U 4
C 347
M "ITEExample"
R
P 0000021830F39F78
C 57
= 0000021830FC66F8
R
P 0000021830F39F78
C 345
R
P 0000021830F39F78
P 0000021830FC66F8
C 260
R
P 0000021830F39F78
C 345
R
P 0000021830F39F78
P 0000021830FC66F8
C 9
R
P 0000021830F39F78
C 345
R
P 0000021830F39F78
I 1
P 0000021830FC6738
C 152
= 0000021830FC7318
R
P 0000021830F39F78
C 345
R
P 0000021830F39F78
P 0000021830FC7318
C 260
R
P 0000021830F39F78
C 345
R
P 0000021830F39F78
P 0000021830FC7318
C 9
R
P 0000021830F39F78
C 345
R
P 0000021830F39F78
I 0
P 0000021830FC6738
C 152
= 0000021830FC70B8
R
P 0000021830F39F78
C 345
R
P 0000021830F39F78
P 0000021830FC70B8
C 260
R
P 0000021830F39F78
C 345
R
P 0000021830F39F78
P 0000021830FC70B8
C 9
R
P 0000021830F39F78
C 345
R
P 0000021830F39F78
P 0000021830FC66F8
P 0000021830FC7318
P 0000021830FC70B8
C 61
= 00000218336DB4B8
R
P 0000021830F39F78
C 345
R
P 0000021830F39F78
P 00000218336DB4B8
C 259
R
P 0000021830F39F78
C 345
R
P 0000021830F39F78
P 00000218336DB4B8
C 256
= 0000021830FC6738
R
P 0000021830F39F78
C 345
R
P 0000021830F39F78
P 0000021830FC6738
C 211
R
P 0000021830F39F78
C 345
R
P 0000021830F39F78
P 00000218336DB4B8
C 262
R
P 0000021830F39F78
C 345
R
P 0000021830F39F78
P 00000218336DB4B8
C 261
R
P 0000021830F39F78
C 345
R
P 0000021830F39F78
P 00000218336DB4B8
C 260
R
P 0000021830F39F78
C 345
R
P 0000021830F39F78
P 00000218336DB4B8
C 9
R
P 0000021830F39F78
C 345
R
P 0000021830F39F78
P 00000218336DB4B8
C 336
R
P 0000021830F39F78
C 345
M "EvalExample1"
R
P 0000021830F39F78
S "x"
C 30
R
P 0000021830F39F78
C 345
R
P 0000021830F39F78
$ |x|
C 204
R
P 0000021830F39F78
C 345
R
P 0000021830F39F78
$ |x|
P 0000021830FC6738
C 51
= 0000021830FC7058
R
P 0000021830F39F78
C 345
R
P 0000021830F39F78
P 0000021830FC7058
C 259
R
P 0000021830F39F78
C 345
R
P 0000021830F39F78
P 0000021830FC7058
C 256
= 0000021830FC6738
R
P 0000021830F39F78
C 345
R
P 0000021830F39F78
P 0000021830FC6738
C 211
R
P 0000021830F39F78
C 345
R
P 0000021830F39F78
P 0000021830FC7058
C 262
R
P 0000021830F39F78
C 345
R
P 0000021830F39F78
P 0000021830FC7058
C 261
R
P 0000021830F39F78
C 345
R
P 0000021830F39F78
P 0000021830FC7058
C 260
R
P 0000021830F39F78
C 345
R
P 0000021830F39F78
P 0000021830FC7058
C 9
R
P 0000021830F39F78
C 345
R
P 0000021830F39F78
S "y"
C 30
R
P 0000021830F39F78
C 345
R
P 0000021830F39F78
$ |y|
C 204
R
P 0000021830F39F78
C 345
R
P 0000021830F39F78
$ |y|
P 0000021830FC6738
C 51
= 0000021830FC7078
R
P 0000021830F39F78
C 345
R
P 0000021830F39F78
P 0000021830FC7078
C 259
R
P 0000021830F39F78
C 345
R
P 0000021830F39F78
P 0000021830FC7078
C 256
= 0000021830FC6738
R
P 0000021830F39F78
C 345
R
P 0000021830F39F78
P 0000021830FC6738
C 211
R
P 0000021830F39F78
C 345
R
P 0000021830F39F78
P 0000021830FC7078
C 262
R
P 0000021830F39F78
C 345
R
P 0000021830F39F78
P 0000021830FC7078
C 261
R
P 0000021830F39F78
C 345
R
P 0000021830F39F78
P 0000021830FC7078
C 260
R
P 0000021830F39F78
C 345
R
P 0000021830F39F78
P 0000021830FC7078
C 9
R
P 0000021830F39F78
C 345
R
P 0000021830F39F78
I 2
P 0000021830FC6738
C 152
= 0000021830FC7558
R
P 0000021830F39F78
C 345
R
P 0000021830F39F78
P 0000021830FC7558
C 260
R
P 0000021830F39F78
C 345
R
P 0000021830F39F78
P 0000021830FC7558
C 9
R
P 0000021830F39F78
C 345
R
P 0000021830F39F78
C 415
= 0000021833B8FC48
R
P 0000021830F39F78
C 345
R
P 0000021830F39F78
P 0000021833B8FC48
C 424
R
P 0000021830F39F78
C 345
R
P 0000021830F39F78
P 0000021830FC7058
P 0000021830FC7078
C 75
= 00000218339FAC48
R
P 0000021830F39F78
C 345
R
P 0000021830F39F78
P 00000218339FAC48
C 260
R
P 0000021830F39F78
C 345
R
P 0000021830F39F78
P 00000218339FAC48
C 9
R
P 0000021830F39F78
C 345
R
P 0000021830F39F78
P 0000021833B8FC48
P 00000218339FAC48
C 430
R
P 0000021830F39F78
C 345
R
P 0000021830F39F78
P 0000021830FC7058
P 0000021830FC7558
C 77
= 00000218319755F0
R
P 0000021830F39F78
C 345
R
P 0000021830F39F78
P 00000218319755F0
C 260
R
P 0000021830F39F78
C 345
R
P 0000021830F39F78
P 00000218319755F0
C 9
R
P 0000021830F39F78
C 345
R
P 0000021830F39F78
P 0000021833B8FC48
P 00000218319755F0
C 430
R
P 0000021830F39F78
C 345
R
P 0000021830F39F78
P 0000021833B8FC48
C 437
R
P 0000021830F39F78
C 345
R
P 0000021830F39F78
P 0000021833B8FC48
C 442
= 0000021833C94E18
R
P 0000021830F39F78
C 345
R
P 0000021830F39F78
P 0000021833C94E18
C 303
R
P 0000021830F39F78
C 345
R
P 0000021830F39F78
P 0000021833C94E18
C 340
R
P 0000021830F39F78
C 345
R
P 0000021830F39F78
U 2
P 0000021830FC7058
P 0000021830FC7078
p 2
C 67
= 0000021830FC2B28
R
P 0000021830F39F78
C 345
R
P 0000021830F39F78
P 0000021830FC2B28
C 259
R
P 0000021830F39F78
C 345
R
P 0000021830F39F78
P 0000021830FC2B28
C 256
= 0000021830FC6738
R
P 0000021830F39F78
C 345
R
P 0000021830F39F78
P 0000021830FC6738
C 211
R
P 0000021830F39F78
C 345
R
P 0000021830F39F78
P 0000021830FC2B28
C 262
R
P 0000021830F39F78
C 345
R
P 0000021830F39F78
P 0000021830FC2B28
C 261
R
P 0000021830F39F78
C 345
R
P 0000021830F39F78
P 0000021830FC2B28
C 260
R
P 0000021830F39F78
C 345
R
P 0000021830F39F78
P 0000021830FC2B28
C 9
R
P 0000021830F39F78
C 345
R
P 0000021830F39F78
P 0000021833C94E18
P 0000021830FC2B28
I 0
P 0000000000000000
C 305
* 0000021830FC8318 4
R
P 0000021830F39F78
C 345
R
P 0000021830F39F78
P 0000021830FC8318
C 259
R
P 0000021830F39F78
C 345
R
P 0000021830F39F78
P 0000021830FC8318
C 256
= 0000021830FC6738
R
P 0000021830F39F78
C 345
R
P 0000021830F39F78
P 0000021830FC6738
C 211
R
P 0000021830F39F78
C 345
R
P 0000021830F39F78
P 0000021830FC8318
C 262
R
P 0000021830F39F78
C 345
R
P 0000021830F39F78
P 0000021830FC8318
C 261
R
P 0000021830F39F78
C 345
R
P 0000021830F39F78
P 0000021830FC8318
C 260
R
P 0000021830F39F78
C 345
R
P 0000021830F39F78
P 0000021830FC8318
C 9
R
P 0000021830F39F78
C 345
R
P 0000021830F39F78
P 0000021830FC8318
C 265
R
P 0000021830F39F78
C 345
M "EvalExample2"
R
P 0000021830F39F78
S "mk_tuple"
C 30
R
P 0000021830F39F78
C 345
R
P 0000021830F39F78
$ |mk_tuple|
C 204
R
P 0000021830F39F78
C 345
R
P 0000021830F39F78
S "first"
C 30
R
P 0000021830F39F78
C 345
R
P 0000021830F39F78
$ |first|
C 204
R
P 0000021830F39F78
C 345
R
P 0000021830F39F78
S "second"
C 30
R
P 0000021830F39F78
C 345
R
P 0000021830F39F78
$ |second|
C 204
R
P 0000021830F39F78
C 345
R
P 0000021830F39F78
$ |mk_tuple|
U 2
$ |first|
$ |second|
s 2
P 0000021830FC6738
P 0000021830FC6738
p 2
P 0000000000000000
P 0000000000000000
P 0000000000000000
p 2
C 39
= 0000021831BDA8D8
* 00000218336DB3F8 5
@ 00000218339FABD8 6 0
@ 00000218339FAD98 6 1
R
P 0000021830F39F78
C 345
R
P 0000021830F39F78
P 0000021831BDA8D8
C 259
R
P 0000021830F39F78
C 345
R
P 0000021830F39F78
P 0000021831BDA8D8
C 9
R
P 0000021830F39F78
C 345
R
P 0000021830F39F78
P 0000021831BDA8D8
C 217
R
P 0000021830F39F78
C 345
R
P 0000021830F39F78
P 0000021831BDA8D8
U 0
C 218
= 00000218339FABD8
R
P 0000021830F39F78
C 345
R
P 0000021830F39F78
P 00000218339FABD8
C 259
R
P 0000021830F39F78
C 345
R
P 0000021830F39F78
P 00000218339FABD8
C 9
R
P 0000021830F39F78
C 345
R
P 0000021830F39F78
P 0000021831BDA8D8
U 1
C 218
= 00000218339FAD98
R
P 0000021830F39F78
C 345
R
P 0000021830F39F78
P 00000218339FAD98
C 259
R
P 0000021830F39F78
C 345
R
P 0000021830F39F78
P 00000218339FAD98
C 9
R
P 0000021830F39F78
C 345
R
P 0000021830F39F78
P 0000021831BDA8D8
C 217
R
P 0000021830F39F78
C 345
R
P 0000021830F39F78
P 0000021831BDA8D8
U 0
C 218
= 00000218339FABD8
R
P 0000021830F39F78
C 345
R
P 0000021830F39F78
P 00000218339FABD8
C 259
R
P 0000021830F39F78
C 345
R
P 0000021830F39F78
P 00000218339FABD8
C 9
R
P 0000021830F39F78
C 345
R
P 0000021830F39F78
P 0000021831BDA8D8
U 1
C 218
= 00000218339FAD98
R
P 0000021830F39F78
C 345
R
P 0000021830F39F78
P 00000218339FAD98
C 259
R
P 0000021830F39F78
C 345
R
P 0000021830F39F78
P 00000218339FAD98
C 9
R
P 0000021830F39F78
C 345
R
P 0000021830F39F78
S "t1"
C 30
R
P 0000021830F39F78
C 345
R
P 0000021830F39F78
$ |t1|
C 204
R
P 0000021830F39F78
C 345
R
P 0000021830F39F78
$ |t1|
P 0000021831BDA8D8
C 51
= 0000021831BDA8F8
R
P 0000021830F39F78
C 345
R
P 0000021830F39F78
P 0000021831BDA8F8
C 259
R
P 0000021830F39F78
C 345
R
P 0000021830F39F78
P 0000021831BDA8F8
C 256
= 0000021831BDA8D8
R
P 0000021830F39F78
C 345
R
P 0000021830F39F78
P 0000021831BDA8D8
C 211
R
P 0000021830F39F78
C 345
R
P 0000021830F39F78
P 0000021831BDA8F8
C 262
R
P 0000021830F39F78
C 345
R
P 0000021830F39F78
P 0000021831BDA8F8
C 261
R
P 0000021830F39F78
C 345
R
P 0000021830F39F78
P 0000021831BDA8F8
C 260
R
P 0000021830F39F78
C 345
R
P 0000021830F39F78
P 0000021831BDA8F8
C 9
R
P 0000021830F39F78
C 345
R
P 0000021830F39F78
S "t2"
C 30
R
P 0000021830F39F78
C 345
R
P 0000021830F39F78
$ |t2|
C 204
R
P 0000021830F39F78
C 345
R
P 0000021830F39F78
$ |t2|
P 0000021831BDA8D8
C 51
= 0000021831BDA918
R
P 0000021830F39F78
C 345
R
P 0000021830F39F78
P 0000021831BDA918
C 259
R
P 0000021830F39F78
C 345
R
P 0000021830F39F78
P 0000021831BDA918
C 256
= 0000021831BDA8D8
R
P 0000021830F39F78
C 345
R
P 0000021830F39F78
P 0000021831BDA8D8
C 211
R
P 0000021830F39F78
C 345
R
P 0000021830F39F78
P 0000021831BDA918
C 262
R
P 0000021830F39F78
C 345
R
P 0000021830F39F78
P 0000021831BDA918
C 261
R
P 0000021830F39F78
C 345
R
P 0000021830F39F78
P 0000021831BDA918
C 260
R
P 0000021830F39F78
C 345
R
P 0000021830F39F78
P 0000021831BDA918
C 9
R
P 0000021830F39F78
C 345
R
P 0000021830F39F78
C 415
= 0000021833B8F158
R
P 0000021830F39F78
C 345
R
P 0000021830F39F78
P 0000021833B8F158
C 424
R
P 0000021830F39F78
C 345
R
P 0000021830F39F78
P 0000021831BDA8F8
P 0000021831BDA918
C 58
= 00000218339FA8C8
R
P 0000021830F39F78
C 345
R
P 0000021830F39F78
P 00000218339FA8C8
C 260
R
P 0000021830F39F78
C 345
R
P 0000021830F39F78
P 00000218339FA8C8
C 9
R
P 0000021830F39F78
C 345
R
P 0000021830F39F78
P 00000218339FA8C8
C 60
= 0000021831952D58
R
P 0000021830F39F78
C 345
R
P 0000021830F39F78
P 0000021831952D58
C 260
R
P 0000021830F39F78
C 345
R
P 0000021830F39F78
P 0000021831952D58
C 9
R
P 0000021830F39F78
C 345
R
P 0000021830F39F78
P 0000021833B8F158
P 0000021831952D58
C 430
R
P 0000021830F39F78
C 345
R
P 0000021830F39F78
P 00000218339FABD8
U 1
P 0000021831BDA8F8
p 1
C 50
= 0000021831952C68
R
P 0000021830F39F78
C 345
R
P 0000021830F39F78
P 0000021831952C68
C 259
R
P 0000021830F39F78
C 345
R
P 0000021830F39F78
P 0000021831952C68
C 256
= 0000021830FC6738
R
P 0000021830F39F78
C 345
R
P 0000021830F39F78
P 0000021830FC6738
C 211
R
P 0000021830F39F78
C 345
R
P 0000021830F39F78
P 0000021831952C68
C 262
R
P 0000021830F39F78
C 345
R
P 0000021830F39F78
P 0000021831952C68
C 261
R
P 0000021830F39F78
C 345
R
P 0000021830F39F78
P 0000021831952C68
C 260
R
P 0000021830F39F78
C 345
R
P 0000021830F39F78
P 0000021831952C68
C 9
R
P 0000021830F39F78
C 345
R
P 0000021830F39F78
P 00000218339FABD8
U 1
P 0000021831BDA918
p 1
C 50
= 0000021831952C98
R
P 0000021830F39F78
C 345
R
P 0000021830F39F78
P 0000021831952C98
C 259
R
P 0000021830F39F78
C 345
R
P 0000021830F39F78
P 0000021831952C98
C 256
= 0000021830FC6738
R
P 0000021830F39F78
C 345
R
P 0000021830F39F78
P 0000021830FC6738
C 211
R
P 0000021830F39F78
C 345
R
P 0000021830F39F78
P 0000021831952C98
C 262
R
P 0000021830F39F78
C 345
R
P 0000021830F39F78
P 0000021831952C98
C 261
R
P 0000021830F39F78
C 345
R
P 0000021830F39F78
P 0000021831952C98
C 260
R
P 0000021830F39F78
C 345
R
P 0000021830F39F78
P 0000021831952C98
C 9
R
P 0000021830F39F78
C 345
R
P 0000021830F39F78
P 0000021831952C68
P 0000021831952C98
C 58
= 00000218339FAC80
R
P 0000021830F39F78
C 345
R
P 0000021830F39F78
P 00000218339FAC80
C 260
R
P 0000021830F39F78
C 345
R
P 0000021830F39F78
P 00000218339FAC80
C 9
R
P 0000021830F39F78
C 345
R
P 0000021830F39F78
P 0000021833B8F158
P 00000218339FAC80
C 430
R
P 0000021830F39F78
C 345
R
P 0000021830F39F78
P 0000021833B8F158
C 437
R
P 0000021830F39F78
C 345
R
P 0000021830F39F78
P 0000021833B8F158
C 442
= 0000021833B29D38
R
P 0000021830F39F78
C 345
R
P 0000021830F39F78
P 0000021833B29D38
C 303
R
P 0000021830F39F78
C 345
R
P 0000021830F39F78
P 0000021833B29D38
C 340
R
P 0000021830F39F78
C 345
R
P 0000021830F39F78
P 0000021833B29D38
P 0000021831BDA8F8
I 0
P 0000000000000000
C 305
* 00000218339FAA50 4
R
P 0000021830F39F78
C 345
R
P 0000021830F39F78
P 00000218339FAA50
C 259
R
P 0000021830F39F78
C 345
R
P 0000021830F39F78
P 00000218339FAA50
C 256
= 0000021831BDA8D8
R
P 0000021830F39F78
C 345
R
P 0000021830F39F78
P 0000021831BDA8D8
C 211
R
P 0000021830F39F78
C 345
R
P 0000021830F39F78
P 00000218339FAA50
C 262
R
P 0000021830F39F78
C 345
R
P 0000021830F39F78
P 00000218339FAA50
C 261
R
P 0000021830F39F78
C 345
R
P 0000021830F39F78
P 00000218339FAA50
C 260
R
P 0000021830F39F78
C 345
R
P 0000021830F39F78
P 00000218339FAA50
C 9
R
P 0000021830F39F78
C 345
R
P 0000021830F39F78
P 00000218339FAA50
C 336
R
P 0000021830F39F78
C 345
R
P 0000021830F39F78
P 0000021833B29D38
P 0000021831BDA918
I 0
P 0000000000000000
C 305
* 00000218339FA970 4
R
P 0000021830F39F78
C 345
R
P 0000021830F39F78
P 00000218339FA970
C 259
R
P 0000021830F39F78
C 345
R
P 0000021830F39F78
P 00000218339FA970
C 256
= 0000021831BDA8D8
R
P 0000021830F39F78
C 345
R
P 0000021830F39F78
P 0000021831BDA8D8
C 211
R
P 0000021830F39F78
C 345
R
P 0000021830F39F78
P 00000218339FA970
C 262
R
P 0000021830F39F78
C 345
R
P 0000021830F39F78
P 00000218339FA970
C 261
R
P 0000021830F39F78
C 345
R
P 0000021830F39F78
P 00000218339FA970
C 260
R
P 0000021830F39F78
C 345
R
P 0000021830F39F78
P 00000218339FA970
C 9
R
P 0000021830F39F78
C 345
R
P 0000021830F39F78
P 00000218339FA970
C 336
R
P 0000021830F39F78
C 345
R
P 0000021830F39F78
P 00000218339FAD98
U 1
P 0000021831BDA918
p 1
C 50
= 00000218319529F8
R
P 0000021830F39F78
C 345
R
P 0000021830F39F78
P 00000218319529F8
C 259
R
P 0000021830F39F78
C 345
R
P 0000021830F39F78
P 00000218319529F8
C 256
= 0000021830FC6738
R
P 0000021830F39F78
C 345
R
P 0000021830F39F78
P 0000021830FC6738
C 211
R
P 0000021830F39F78
C 345
R
P 0000021830F39F78
P 00000218319529F8
C 262
R
P 0000021830F39F78
C 345
R
P 0000021830F39F78
P 00000218319529F8
C 261
R
P 0000021830F39F78
C 345
R
P 0000021830F39F78
P 00000218319529F8
C 260
R
P 0000021830F39F78
C 345
R
P 0000021830F39F78
P 00000218319529F8
C 9
R
P 0000021830F39F78
C 345
R
P 0000021830F39F78
P 0000021833B29D38
P 00000218319529F8
I 0
P 0000000000000000
C 305
* 0000021830FC7558 4
R
P 0000021830F39F78
C 345
R
P 0000021830F39F78
P 0000021830FC7558
C 259
R
P 0000021830F39F78
C 345
R
P 0000021830F39F78
P 0000021830FC7558
C 256
= 0000021830FC6738
R
P 0000021830F39F78
C 345
R
P 0000021830F39F78
P 0000021830FC6738
C 211
R
P 0000021830F39F78
C 345
R
P 0000021830F39F78
P 0000021830FC7558
C 262
R
P 0000021830F39F78
C 345
R
P 0000021830F39F78
P 0000021830FC7558
C 261
R
P 0000021830F39F78
C 345
R
P 0000021830F39F78
P 0000021830FC7558
C 260
R
P 0000021830F39F78
C 345
R
P 0000021830F39F78
P 0000021830FC7558
C 9
R
P 0000021830F39F78
C 345
R
P 0000021830F39F78
P 0000021830FC7558
C 265
R
P 0000021830F39F78
C 345
M "FindSmallModelExample"
R
P 0000021830F39F78
U 32
C 35
= 0000021830FC6B78
R
P 0000021830F39F78
C 345
R
P 0000021830F39F78
P 0000021830FC6B78
C 259
R
P 0000021830F39F78
C 345
R
P 0000021830F39F78
P 0000021830FC6B78
C 9
R
P 0000021830F39F78
C 345
R
P 0000021830F39F78
S "x"
C 30
R
P 0000021830F39F78
C 345
R
P 0000021830F39F78
$ |x|
C 204
R
P 0000021830F39F78
C 345
R
P 0000021830F39F78
$ |x|
P 0000021830FC6B78
C 51
= 0000021830FC8438
R
P 0000021830F39F78
C 345
R
P 0000021830F39F78
P 0000021830FC8438
C 259
R
P 0000021830F39F78
C 345
R
P 0000021830F39F78
P 0000021830FC8438
C 256
= 0000021830FC6B78
R
P 0000021830F39F78
C 345
R
P 0000021830F39F78
P 0000021830FC6B78
C 211
R
P 0000021830F39F78
C 345
R
P 0000021830F39F78
P 0000021830FC8438
C 262
R
P 0000021830F39F78
C 345
R
P 0000021830F39F78
P 0000021830FC8438
C 261
R
P 0000021830F39F78
C 345
R
P 0000021830F39F78
P 0000021830FC8438
C 260
R
P 0000021830F39F78
C 345
R
P 0000021830F39F78
P 0000021830FC8438
C 9
R
P 0000021830F39F78
C 345
R
P 0000021830F39F78
U 32
C 35
= 0000021830FC6B78
R
P 0000021830F39F78
C 345
R
P 0000021830F39F78
P 0000021830FC6B78
C 259
R
P 0000021830F39F78
C 345
R
P 0000021830F39F78
P 0000021830FC6B78
C 9
R
P 0000021830F39F78
C 345
R
P 0000021830F39F78
S "y"
C 30
R
P 0000021830F39F78
C 345
R
P 0000021830F39F78
$ |y|
C 204
R
P 0000021830F39F78
C 345
R
P 0000021830F39F78
$ |y|
P 0000021830FC6B78
C 51
= 0000021830FC8458
R
P 0000021830F39F78
C 345
R
P 0000021830F39F78
P 0000021830FC8458
C 259
R
P 0000021830F39F78
C 345
R
P 0000021830F39F78
P 0000021830FC8458
C 256
= 0000021830FC6B78
R
P 0000021830F39F78
C 345
R
P 0000021830F39F78
P 0000021830FC6B78
C 211
R
P 0000021830F39F78
C 345
R
P 0000021830F39F78
P 0000021830FC8458
C 262
R
P 0000021830F39F78
C 345
R
P 0000021830F39F78
P 0000021830FC8458
C 261
R
P 0000021830F39F78
C 345
R
P 0000021830F39F78
P 0000021830FC8458
C 260
R
P 0000021830F39F78
C 345
R
P 0000021830F39F78
P 0000021830FC8458
C 9
R
P 0000021830F39F78
C 345
R
P 0000021830F39F78
U 32
C 35
= 0000021830FC6B78
R
P 0000021830F39F78
C 345
R
P 0000021830F39F78
P 0000021830FC6B78
C 259
R
P 0000021830F39F78
C 345
R
P 0000021830F39F78
P 0000021830FC6B78
C 9
R
P 0000021830F39F78
C 345
R
P 0000021830F39F78
S "z"
C 30
R
P 0000021830F39F78
C 345
R
P 0000021830F39F78
$ |z|
C 204
R
P 0000021830F39F78
C 345
R
P 0000021830F39F78
$ |z|
P 0000021830FC6B78
C 51
= 0000021831BDA938
R
P 0000021830F39F78
C 345
R
P 0000021830F39F78
P 0000021831BDA938
C 259
R
P 0000021830F39F78
C 345
R
P 0000021830F39F78
P 0000021831BDA938
C 256
= 0000021830FC6B78
R
P 0000021830F39F78
C 345
R
P 0000021830F39F78
P 0000021830FC6B78
C 211
R
P 0000021830F39F78
C 345
R
P 0000021830F39F78
P 0000021831BDA938
C 262
R
P 0000021830F39F78
C 345
R
P 0000021830F39F78
P 0000021831BDA938
C 261
R
P 0000021830F39F78
C 345
R
P 0000021830F39F78
P 0000021831BDA938
C 260
R
P 0000021830F39F78
C 345
R
P 0000021830F39F78
P 0000021831BDA938
C 9
R
P 0000021830F39F78
C 345
R
P 0000021830F39F78
C 415
= 0000021833B96B38
R
P 0000021830F39F78
C 345
R
P 0000021830F39F78
P 0000021833B96B38
C 424
R
P 0000021830F39F78
C 345
R
P 0000021830F39F78
P 0000021830FC8458
P 0000021831BDA938
C 92
= 0000021831BD4A78
R
P 0000021830F39F78
C 345
R
P 0000021830F39F78
P 0000021831BD4A78
C 260
R
P 0000021830F39F78
C 345
R
P 0000021830F39F78
P 0000021831BD4A78
C 9
R
P 0000021830F39F78
C 345
R
P 0000021830F39F78
P 0000021830FC8438
P 0000021831BD4A78
C 102
= 00000218339FAAF8
R
P 0000021830F39F78
C 345
R
P 0000021830F39F78
P 00000218339FAAF8
C 260
R
P 0000021830F39F78
C 345
R
P 0000021830F39F78
P 00000218339FAAF8
C 9
R
P 0000021830F39F78
C 345
R
P 0000021830F39F78
P 0000021833B96B38
P 00000218339FAAF8
C 430
R
P 0000021830F39F78
C 345
R
P 0000021830F39F78
P 0000021833B96B38
C 426
R
P 0000021830F39F78
C 345
R
P 0000021830F39F78
U 32
C 35
= 0000021830FC6B78
R
P 0000021830F39F78
C 345
R
P 0000021830F39F78
P 0000021830FC6B78
C 259
R
P 0000021830F39F78
C 345
R
P 0000021830F39F78
P 0000021830FC6B78
C 9
R
P 0000021830F39F78
C 345
R
P 0000021830F39F78
I 2147483647
P 0000021830FC6B78
C 152
= 0000021831BDA958
R
P 0000021830F39F78
C 345
R
P 0000021830F39F78
P 0000021831BDA958
C 259
R
P 0000021830F39F78
C 345
R
P 0000021830F39F78
P 0000021831BDA958
C 256
= 0000021830FC6B78
R
P 0000021830F39F78
C 345
R
P 0000021830F39F78
P 0000021830FC6B78
C 211
R
P 0000021830F39F78
C 345
R
P 0000021830F39F78
P 0000021831BDA958
C 262
R
P 0000021830F39F78
C 345
R
P 0000021830F39F78
P 0000021831BDA958
C 261
R
P 0000021830F39F78
C 345
R
P 0000021830F39F78
P 0000021831BDA958
C 260
R
P 0000021830F39F78
C 345
R
P 0000021830F39F78
P 0000021831BDA958
C 9
R
P 0000021830F39F78
C 345
R
P 0000021830F39F78
P 0000021830FC8438
P 0000021831BDA958
C 102
= 00000218339F3398
R
P 0000021830F39F78
C 345
R
P 0000021830F39F78
P 00000218339F3398
C 260
R
P 0000021830F39F78
C 345
R
P 0000021830F39F78
P 00000218339F3398
C 9
R
P 0000021830F39F78
C 345
R
P 0000021830F39F78
P 0000021833B96B38
P 00000218339F3398
C 430
R
P 0000021830F39F78
C 345
R
P 0000021830F39F78
U 32
C 35
= 0000021830FC6B78
R
P 0000021830F39F78
C 345
R
P 0000021830F39F78
P 0000021830FC6B78
C 259
R
P 0000021830F39F78
C 345
R
P 0000021830F39F78
P 0000021830FC6B78
C 9
R
P 0000021830F39F78
C 345
R
P 0000021830F39F78
I 2147483647
P 0000021830FC6B78
C 152
= 0000021831BDA958
R
P 0000021830F39F78
C 345
R
P 0000021830F39F78
P 0000021831BDA958
C 259
R
P 0000021830F39F78
C 345
R
P 0000021830F39F78
P 0000021831BDA958
C 256
= 0000021830FC6B78
R
P 0000021830F39F78
C 345
R
P 0000021830F39F78
P 0000021830FC6B78
C 211
R
P 0000021830F39F78
C 345
R
P 0000021830F39F78
P 0000021831BDA958
C 262
R
P 0000021830F39F78
C 345
R
P 0000021830F39F78
P 0000021831BDA958
C 261
R
P 0000021830F39F78
C 345
R
P 0000021830F39F78
P 0000021831BDA958
C 260
R
P 0000021830F39F78
C 345
R
P 0000021830F39F78
P 0000021831BDA958
C 9
R
P 0000021830F39F78
C 345
R
P 0000021830F39F78
P 0000021830FC8458
P 0000021831BDA958
C 102
= 00000218339F3248
R
P 0000021830F39F78
C 345
R
P 0000021830F39F78
P 00000218339F3248
C 260
R
P 0000021830F39F78
C 345
R
P 0000021830F39F78
P 00000218339F3248
C 9
R
P 0000021830F39F78
C 345
R
P 0000021830F39F78
P 0000021833B96B38
P 00000218339F3248
C 430
R
P 0000021830F39F78
C 345
R
P 0000021830F39F78
U 32
C 35
= 0000021830FC6B78
R
P 0000021830F39F78
C 345
R
P 0000021830F39F78
P 0000021830FC6B78
C 259
R
P 0000021830F39F78
C 345
R
P 0000021830F39F78
P 0000021830FC6B78
C 9
R
P 0000021830F39F78
C 345
R
P 0000021830F39F78
I 2147483647
P 0000021830FC6B78
C 152
= 0000021831BDA958
R
P 0000021830F39F78
C 345
R
P 0000021830F39F78
P 0000021831BDA958
C 259
R
P 0000021830F39F78
C 345
R
P 0000021830F39F78
P 0000021831BDA958
C 256
= 0000021830FC6B78
R
P 0000021830F39F78
C 345
R
P 0000021830F39F78
P 0000021830FC6B78
C 211
R
P 0000021830F39F78
C 345
R
P 0000021830F39F78
P 0000021831BDA958
C 262
R
P 0000021830F39F78
C 345
R
P 0000021830F39F78
P 0000021831BDA958
C 261
R
P 0000021830F39F78
C 345
R
P 0000021830F39F78
P 0000021831BDA958
C 260
R
P 0000021830F39F78
C 345
R
P 0000021830F39F78
P 0000021831BDA958
C 9
R
P 0000021830F39F78
C 345
R
P 0000021830F39F78
P 0000021831BDA938
P 0000021831BDA958
C 102
= 00000218339F3168
R
P 0000021830F39F78
C 345
R
P 0000021830F39F78
P 00000218339F3168
C 260
R
P 0000021830F39F78
C 345
R
P 0000021830F39F78
P 00000218339F3168
C 9
R
P 0000021830F39F78
C 345
R
P 0000021830F39F78
P 0000021833B96B38
P 00000218339F3168
C 430
R
P 0000021830F39F78
C 345
R
P 0000021830F39F78
P 0000021833B96B38
C 437
R
P 0000021830F39F78
C 345
R
P 0000021830F39F78
P 0000021833B96B38
C 442
= 00000218346E09A8
R
P 0000021830F39F78
C 345
R
P 0000021830F39F78
P 00000218346E09A8
C 303
R
P 0000021830F39F78
C 345
R
P 0000021830F39F78
P 00000218346E09A8
C 340
R
P 0000021830F39F78
C 345
R
P 0000021830F39F78
P 0000021833B96B38
C 442
= 00000218346E07F8
R
P 0000021830F39F78
C 345
R
P 0000021830F39F78
P 00000218346E07F8
C 303
R
P 0000021830F39F78
C 345
R
P 0000021830F39F78
P 00000218346E07F8
P 0000021830FC8438
I 0
P 0000000000000000
C 305
* 0000021831BDAC78 4
R
P 0000021830F39F78
C 345
R
P 0000021830F39F78
P 0000021831BDAC78
C 259
R
P 0000021830F39F78
C 345
R
P 0000021830F39F78
P 0000021831BDAC78
C 256
= 0000021830FC6B78
R
P 0000021830F39F78
C 345
R
P 0000021830F39F78
P 0000021830FC6B78
C 211
R
P 0000021830F39F78
C 345
R
P 0000021830F39F78
P 0000021831BDAC78
C 262
R
P 0000021830F39F78
C 345
R
P 0000021830F39F78
P 0000021831BDAC78
C 261
R
P 0000021830F39F78
C 345
R
P 0000021830F39F78
P 0000021831BDAC78
C 260
R
P 0000021830F39F78
C 345
R
P 0000021830F39F78
P 0000021831BDAC78
C 9
R
P 0000021830F39F78
C 345
R
P 0000021830F39F78
P 0000021831BDAC78
I 0
C 271
R
P 0000021830F39F78
C 345
R
P 0000021830F39F78
P 0000021833B96B38
C 442
= 00000218346E0D98
R
P 0000021830F39F78
C 345
R
P 0000021830F39F78
P 00000218346E0D98
C 303
R
P 0000021830F39F78
C 345
R
P 0000021830F39F78
P 00000218346E0D98
P 0000021830FC8458
I 0
P 0000000000000000
C 305
* 0000021831BDACB8 4
R
P 0000021830F39F78
C 345
R
P 0000021830F39F78
P 0000021831BDACB8
C 259
R
P 0000021830F39F78
C 345
R
P 0000021830F39F78
P 0000021831BDACB8
C 256
= 0000021830FC6B78
R
P 0000021830F39F78
C 345
R
P 0000021830F39F78
P 0000021830FC6B78
C 211
R
P 0000021830F39F78
C 345
R
P 0000021830F39F78
P 0000021831BDACB8
C 262
R
P 0000021830F39F78
C 345
R
P 0000021830F39F78
P 0000021831BDACB8
C 261
R
P 0000021830F39F78
C 345
R
P 0000021830F39F78
P 0000021831BDACB8
C 260
R
P 0000021830F39F78
C 345
R
P 0000021830F39F78
P 0000021831BDACB8
C 9
R
P 0000021830F39F78
C 345
R
P 0000021830F39F78
P 0000021831BDACB8
I 0
C 271
R
P 0000021830F39F78
C 345
R
P 0000021830F39F78
P 0000021833B96B38
C 442
= 00000218346E0E58
R
P 0000021830F39F78
C 345
R
P 0000021830F39F78
P 00000218346E0E58
C 303
R
P 0000021830F39F78
C 345
R
P 0000021830F39F78
P 00000218346E0E58
P 0000021831BDA938
I 0
P 0000000000000000
C 305
* 0000021831BDAC98 4
R
P 0000021830F39F78
C 345
R
P 0000021830F39F78
P 0000021831BDAC98
C 259
R
P 0000021830F39F78
C 345
R
P 0000021830F39F78
P 0000021831BDAC98
C 256
= 0000021830FC6B78
R
P 0000021830F39F78
C 345
R
P 0000021830F39F78
P 0000021830FC6B78
C 211
R
P 0000021830F39F78
C 345
R
P 0000021830F39F78
P 0000021831BDAC98
C 262
R
P 0000021830F39F78
C 345
R
P 0000021830F39F78
P 0000021831BDAC98
C 261
R
P 0000021830F39F78
C 345
R
P 0000021830F39F78
P 0000021831BDAC98
C 260
R
P 0000021830F39F78
C 345
R
P 0000021830F39F78
P 0000021831BDAC98
C 9
R
P 0000021830F39F78
C 345
R
P 0000021830F39F78
P 0000021831BDAC98
I 0
C 271
R
P 0000021830F39F78
C 345
R
P 0000021830F39F78
U 32
C 35
= 0000021830FC6B78
R
P 0000021830F39F78
C 345
R
P 0000021830F39F78
P 0000021830FC6B78
C 259
R
P 0000021830F39F78
C 345
R
P 0000021830F39F78
P 0000021830FC6B78
C 9
R
P 0000021830F39F78
C 345
R
P 0000021830F39F78
I 66568
P 0000021830FC6B78
C 152
= 0000021831BDAD18
R
P 0000021830F39F78
C 345
R
P 0000021830F39F78
P 0000021831BDAD18
C 259
R
P 0000021830F39F78
C 345
R
P 0000021830F39F78
P 0000021831BDAD18
C 256
= 0000021830FC6B78
R
P 0000021830F39F78
C 345
R
P 0000021830F39F78
P 0000021830FC6B78
C 211
R
P 0000021830F39F78
C 345
R
P 0000021830F39F78
P 0000021831BDAD18
C 262
R
P 0000021830F39F78
C 345
R
P 0000021830F39F78
P 0000021831BDAD18
C 261
R
P 0000021830F39F78
C 345
R
P 0000021830F39F78
P 0000021831BDAD18
C 260
R
P 0000021830F39F78
C 345
R
P 0000021830F39F78
P 0000021831BDAD18
C 9
R
P 0000021830F39F78
C 345
R
P 0000021830F39F78
P 0000021830FC8438
P 0000021831BDAD18
C 102
= 00000218339F3328
R
P 0000021830F39F78
C 345
R
P 0000021830F39F78
P 00000218339F3328
C 260
R
P 0000021830F39F78
C 345
R
P 0000021830F39F78
P 00000218339F3328
C 9
R
P 0000021830F39F78
C 345
R
P 0000021830F39F78
P 0000021833B96B38
P 00000218339F3328
C 430
R
P 0000021830F39F78
C 345
R
P 0000021830F39F78
U 32
C 35
= 0000021830FC6B78
R
P 0000021830F39F78
C 345
R
P 0000021830F39F78
P 0000021830FC6B78
C 259
R
P 0000021830F39F78
C 345
R
P 0000021830F39F78
P 0000021830FC6B78
C 9
R
P 0000021830F39F78
C 345
R
P 0000021830F39F78
I 133137
P 0000021830FC6B78
C 152
= 0000021831BDAC78
R
P 0000021830F39F78
C 345
R
P 0000021830F39F78
P 0000021831BDAC78
C 259
R
P 0000021830F39F78
C 345
R
P 0000021830F39F78
P 0000021831BDAC78
C 256
= 0000021830FC6B78
R
P 0000021830F39F78
C 345
R
P 0000021830F39F78
P 0000021830FC6B78
C 211
R
P 0000021830F39F78
C 345
R
P 0000021830F39F78
P 0000021831BDAC78
C 262
R
P 0000021830F39F78
C 345
R
P 0000021830F39F78
P 0000021831BDAC78
C 261
R
P 0000021830F39F78
C 345
R
P 0000021830F39F78
P 0000021831BDAC78
C 260
R
P 0000021830F39F78
C 345
R
P 0000021830F39F78
P 0000021831BDAC78
C 9
R
P 0000021830F39F78
C 345
R
P 0000021830F39F78
P 0000021830FC8438
P 0000021831BDAC78
C 102
= 00000218339F2FA8
R
P 0000021830F39F78
C 345
R
P 0000021830F39F78
P 00000218339F2FA8
C 260
R
P 0000021830F39F78
C 345
R
P 0000021830F39F78
P 00000218339F2FA8
C 9
R
P 0000021830F39F78
C 345
R
P 0000021830F39F78
P 0000021833B96B38
P 00000218339F2FA8
C 430
R
P 0000021830F39F78
C 345
R
P 0000021830F39F78
U 32
C 35
= 0000021830FC6B78
R
P 0000021830F39F78
C 345
R
P 0000021830F39F78
P 0000021830FC6B78
C 259
R
P 0000021830F39F78
C 345
R
P 0000021830F39F78
P 0000021830FC6B78
C 9
R
P 0000021830F39F78
C 345
R
P 0000021830F39F78
I 2139095056
P 0000021830FC6B78
C 152
= 0000021831BDACB8
R
P 0000021830F39F78
C 345
R
P 0000021830F39F78
P 0000021831BDACB8
C 259
R
P 0000021830F39F78
C 345
R
P 0000021830F39F78
P 0000021831BDACB8
C 256
= 0000021830FC6B78
R
P 0000021830F39F78
C 345
R
P 0000021830F39F78
P 0000021830FC6B78
C 211
R
P 0000021830F39F78
C 345
R
P 0000021830F39F78
P 0000021831BDACB8
C 262
R
P 0000021830F39F78
C 345
R
P 0000021830F39F78
P 0000021831BDACB8
C 261
R
P 0000021830F39F78
C 345
R
P 0000021830F39F78
P 0000021831BDACB8
C 260
R
P 0000021830F39F78
C 345
R
P 0000021830F39F78
P 0000021831BDACB8
C 9
R
P 0000021830F39F78
C 345
R
P 0000021830F39F78
P 0000021830FC8458
P 0000021831BDACB8
C 102
= 00000218339F2DE8
R
P 0000021830F39F78
C 345
R
P 0000021830F39F78
P 00000218339F2DE8
C 260
R
P 0000021830F39F78
C 345
R
P 0000021830F39F78
P 00000218339F2DE8
C 9
R
P 0000021830F39F78
C 345
R
P 0000021830F39F78
P 0000021833B96B38
P 00000218339F2DE8
C 430
R
P 0000021830F39F78
C 345
R
P 0000021830F39F78
U 32
C 35
= 0000021830FC6B78
R
P 0000021830F39F78
C 345
R
P 0000021830F39F78
P 0000021830FC6B78
C 259
R
P 0000021830F39F78
C 345
R
P 0000021830F39F78
P 0000021830FC6B78
C 9
R
P 0000021830F39F78
C 345
R
P 0000021830F39F78
I 8521728
P 0000021830FC6B78
C 152
= 0000021831BDAC98
R
P 0000021830F39F78
C 345
R
P 0000021830F39F78
P 0000021831BDAC98
C 259
R
P 0000021830F39F78
C 345
R
P 0000021830F39F78
P 0000021831BDAC98
C 256
= 0000021830FC6B78
R
P 0000021830F39F78
C 345
R
P 0000021830F39F78
P 0000021830FC6B78
C 211
R
P 0000021830F39F78
C 345
R
P 0000021830F39F78
P 0000021831BDAC98
C 262
R
P 0000021830F39F78
C 345
R
P 0000021830F39F78
P 0000021831BDAC98
C 261
R
P 0000021830F39F78
C 345
R
P 0000021830F39F78
P 0000021831BDAC98
C 260
R
P 0000021830F39F78
C 345
R
P 0000021830F39F78
P 0000021831BDAC98
C 9
R
P 0000021830F39F78
C 345
R
P 0000021830F39F78
P 0000021831BDA938
P 0000021831BDAC98
C 102
= 00000218339F0C68
R
P 0000021830F39F78
C 345
R
P 0000021830F39F78
P 00000218339F0C68
C 260
R
P 0000021830F39F78
C 345
R
P 0000021830F39F78
P 00000218339F0C68
C 9
R
P 0000021830F39F78
C 345
R
P 0000021830F39F78
P 0000021833B96B38
P 00000218339F0C68
C 430
R
P 0000021830F39F78
C 345
R
P 0000021830F39F78
P 0000021833B96B38
C 437
R
P 0000021830F39F78
C 345
R
P 0000021830F39F78
P 0000021833B96B38
C 442
= 00000218346E0678
R
P 0000021830F39F78
C 345
R
P 0000021830F39F78
P 00000218346E0678
C 303
R
P 0000021830F39F78
C 345
R
P 0000021830F39F78
P 00000218346E0678
C 340
R
P 0000021830F39F78
C 345
R
P 0000021830F39F78
P 0000021833B96B38
C 442
= 00000218346E0528
R
P 0000021830F39F78
C 345
R
P 0000021830F39F78
P 00000218346E0528
C 303
R
P 0000021830F39F78
C 345
R
P 0000021830F39F78
P 00000218346E0528
P 0000021830FC8438
I 0
P 0000000000000000
C 305
* 0000021831BDACD8 4
R
P 0000021830F39F78
C 345
R
P 0000021830F39F78
P 0000021831BDACD8
C 259
R
P 0000021830F39F78
C 345
R
P 0000021830F39F78
P 0000021831BDACD8
C 256
= 0000021830FC6B78
R
P 0000021830F39F78
C 345
R
P 0000021830F39F78
P 0000021830FC6B78
C 211
R
P 0000021830F39F78
C 345
R
P 0000021830F39F78
P 0000021831BDACD8
C 262
R
P 0000021830F39F78
C 345
R
P 0000021830F39F78
P 0000021831BDACD8
C 261
R
P 0000021830F39F78
C 345
R
P 0000021830F39F78
P 0000021831BDACD8
C 260
R
P 0000021830F39F78
C 345
R
P 0000021830F39F78
P 0000021831BDACD8
C 9
R
P 0000021830F39F78
C 345
R
P 0000021830F39F78
P 0000021831BDACD8
I 0
C 271
R
P 0000021830F39F78
C 345
R
P 0000021830F39F78
P 0000021833B96B38
C 442
= 00000218346E0588
R
P 0000021830F39F78
C 345
R
P 0000021830F39F78
P 00000218346E0588
C 303
R
P 0000021830F39F78
C 345
R
P 0000021830F39F78
P 00000218346E0588
P 0000021830FC8458
I 0
P 0000000000000000
C 305
* 0000021831BDF498 4
R
P 0000021830F39F78
C 345
R
P 0000021830F39F78
P 0000021831BDF498
C 259
R
P 0000021830F39F78
C 345
R
P 0000021830F39F78
P 0000021831BDF498
C 256
= 0000021830FC6B78
R
P 0000021830F39F78
C 345
R
P 0000021830F39F78
P 0000021830FC6B78
C 211
R
P 0000021830F39F78
C 345
R
P 0000021830F39F78
P 0000021831BDF498
C 262
R
P 0000021830F39F78
C 345
R
P 0000021830F39F78
P 0000021831BDF498
C 261
R
P 0000021830F39F78
C 345
R
P 0000021830F39F78
P 0000021831BDF498
C 260
R
P 0000021830F39F78
C 345
R
P 0000021830F39F78
P 0000021831BDF498
C 9
R
P 0000021830F39F78
C 345
R
P 0000021830F39F78
P 0000021831BDF498
I 0
C 271
R
P 0000021830F39F78
C 345
R
P 0000021830F39F78
P 0000021833B96B38
C 442
= 00000218346E0798
R
P 0000021830F39F78
C 345
R
P 0000021830F39F78
P 00000218346E0798
C 303
R
P 0000021830F39F78
C 345
R
P 0000021830F39F78
P 00000218346E0798
P 0000021831BDA938
I 0
P 0000000000000000
C 305
* 0000021831BDF4B8 4
R
P 0000021830F39F78
C 345
R
P 0000021830F39F78
P 0000021831BDF4B8
C 259
R
P 0000021830F39F78
C 345
R
P 0000021830F39F78
P 0000021831BDF4B8
C 256
= 0000021830FC6B78
R
P 0000021830F39F78
C 345
R
P 0000021830F39F78
P 0000021830FC6B78
C 211
R
P 0000021830F39F78
C 345
R
P 0000021830F39F78
P 0000021831BDF4B8
C 262
R
P 0000021830F39F78
C 345
R
P 0000021830F39F78
P 0000021831BDF4B8
C 261
R
P 0000021830F39F78
C 345
R
P 0000021830F39F78
P 0000021831BDF4B8
C 260
R
P 0000021830F39F78
C 345
R
P 0000021830F39F78
P 0000021831BDF4B8
C 9
R
P 0000021830F39F78
C 345
R
P 0000021830F39F78
P 0000021831BDF4B8
I 0
C 271
R
P 0000021830F39F78
C 345
R
P 0000021830F39F78
U 32
C 35
= 0000021830FC6B78
R
P 0000021830F39F78
C 345
R
P 0000021830F39F78
P 0000021830FC6B78
C 259
R
P 0000021830F39F78
C 345
R
P 0000021830F39F78
P 0000021830FC6B78
C 9
R
P 0000021830F39F78
C 345
R
P 0000021830F39F78
I 1033
P 0000021830FC6B78
C 152
= 0000021831BDF3D8
R
P 0000021830F39F78
C 345
R
P 0000021830F39F78
P 0000021831BDF3D8
C 259
R
P 0000021830F39F78
C 345
R
P 0000021830F39F78
P 0000021831BDF3D8
C 256
= 0000021830FC6B78
R
P 0000021830F39F78
C 345
R
P 0000021830F39F78
P 0000021830FC6B78
C 211
R
P 0000021830F39F78
C 345
R
P 0000021830F39F78
P 0000021831BDF3D8
C 262
R
P 0000021830F39F78
C 345
R
P 0000021830F39F78
P 0000021831BDF3D8
C 261
R
P 0000021830F39F78
C 345
R
P 0000021830F39F78
P 0000021831BDF3D8
C 260
R
P 0000021830F39F78
C 345
R
P 0000021830F39F78
P 0000021831BDF3D8
C 9
R
P 0000021830F39F78
C 345
R
P 0000021830F39F78
P 0000021830FC8438
P 0000021831BDF3D8
C 102
= 00000218339F0AA8
R
P 0000021830F39F78
C 345
R
P 0000021830F39F78
P 00000218339F0AA8
C 260
R
P 0000021830F39F78
C 345
R
P 0000021830F39F78
P 00000218339F0AA8
C 9
R
P 0000021830F39F78
C 345
R
P 0000021830F39F78
P 0000021833B96B38
P 00000218339F0AA8
C 430
R
P 0000021830F39F78
C 345
R
P 0000021830F39F78
U 32
C 35
= 0000021830FC6B78
R
P 0000021830F39F78
C 345
R
P 0000021830F39F78
P 0000021830FC6B78
C 259
R
P 0000021830F39F78
C 345
R
P 0000021830F39F78
P 0000021830FC6B78
C 9
R
P 0000021830F39F78
C 345
R
P 0000021830F39F78
I 2067
P 0000021830FC6B78
C 152
= 0000021831BDACD8
R
P 0000021830F39F78
C 345
R
P 0000021830F39F78
P 0000021831BDACD8
C 259
R
P 0000021830F39F78
C 345
R
P 0000021830F39F78
P 0000021831BDACD8
C 256
= 0000021830FC6B78
R
P 0000021830F39F78
C 345
R
P 0000021830F39F78
P 0000021830FC6B78
C 211
R
P 0000021830F39F78
C 345
R
P 0000021830F39F78
P 0000021831BDACD8
C 262
R
P 0000021830F39F78
C 345
R
P 0000021830F39F78
P 0000021831BDACD8
C 261
R
P 0000021830F39F78
C 345
R
P 0000021830F39F78
P 0000021831BDACD8
C 260
R
P 0000021830F39F78
C 345
R
P 0000021830F39F78
P 0000021831BDACD8
C 9
R
P 0000021830F39F78
C 345
R
P 0000021830F39F78
P 0000021830FC8438
P 0000021831BDACD8
C 102
= 00000218339F08E8
R
P 0000021830F39F78
C 345
R
P 0000021830F39F78
P 00000218339F08E8
C 260
R
P 0000021830F39F78
C 345
R
P 0000021830F39F78
P 00000218339F08E8
C 9
R
P 0000021830F39F78
C 345
R
P 0000021830F39F78
P 0000021833B96B38
P 00000218339F08E8
C 430
R
P 0000021830F39F78
C 345
R
P 0000021830F39F78
U 32
C 35
= 0000021830FC6B78
R
P 0000021830F39F78
C 345
R
P 0000021830F39F78
P 0000021830FC6B78
C 259
R
P 0000021830F39F78
C 345
R
P 0000021830F39F78
P 0000021830FC6B78
C 9
R
P 0000021830F39F78
C 345
R
P 0000021830F39F78
I 2139095042
P 0000021830FC6B78
C 152
= 0000021831BDF498
R
P 0000021830F39F78
C 345
R
P 0000021830F39F78
P 0000021831BDF498
C 259
R
P 0000021830F39F78
C 345
R
P 0000021830F39F78
P 0000021831BDF498
C 256
= 0000021830FC6B78
R
P 0000021830F39F78
C 345
R
P 0000021830F39F78
P 0000021830FC6B78
C 211
R
P 0000021830F39F78
C 345
R
P 0000021830F39F78
P 0000021831BDF498
C 262
R
P 0000021830F39F78
C 345
R
P 0000021830F39F78
P 0000021831BDF498
C 261
R
P 0000021830F39F78
C 345
R
P 0000021830F39F78
P 0000021831BDF498
C 260
R
P 0000021830F39F78
C 345
R
P 0000021830F39F78
P 0000021831BDF498
C 9
R
P 0000021830F39F78
C 345
R
P 0000021830F39F78
P 0000021830FC8458
P 0000021831BDF498
C 102
= 00000218339F0728
R
P 0000021830F39F78
C 345
R
P 0000021830F39F78
P 00000218339F0728
C 260
R
P 0000021830F39F78
C 345
R
P 0000021830F39F78
P 00000218339F0728
C 9
R
P 0000021830F39F78
C 345
R
P 0000021830F39F78
P 0000021833B96B38
P 00000218339F0728
C 430
R
P 0000021830F39F78
C 345
R
P 0000021830F39F78
U 32
C 35
= 0000021830FC6B78
R
P 0000021830F39F78
C 345
R
P 0000021830F39F78
P 0000021830FC6B78
C 259
R
P 0000021830F39F78
C 345
R
P 0000021830F39F78
P 0000021830FC6B78
C 9
R
P 0000021830F39F78
C 345
R
P 0000021830F39F78
I 8390672
P 0000021830FC6B78
C 152
= 0000021831BDF4B8
R
P 0000021830F39F78
C 345
R
P 0000021830F39F78
P 0000021831BDF4B8
C 259
R
P 0000021830F39F78
C 345
R
P 0000021830F39F78
P 0000021831BDF4B8
C 256
= 0000021830FC6B78
R
P 0000021830F39F78
C 345
R
P 0000021830F39F78
P 0000021830FC6B78
C 211
R
P 0000021830F39F78
C 345
R
P 0000021830F39F78
P 0000021831BDF4B8
C 262
R
P 0000021830F39F78
C 345
R
P 0000021830F39F78
P 0000021831BDF4B8
C 261
R
P 0000021830F39F78
C 345
R
P 0000021830F39F78
P 0000021831BDF4B8
C 260
R
P 0000021830F39F78
C 345
R
P 0000021830F39F78
P 0000021831BDF4B8
C 9
R
P 0000021830F39F78
C 345
R
P 0000021830F39F78
P 0000021831BDA938
P 0000021831BDF4B8
C 102
= 00000218339F0648
R
P 0000021830F39F78
C 345
R
P 0000021830F39F78
P 00000218339F0648
C 260
R
P 0000021830F39F78
C 345
R
P 0000021830F39F78
P 00000218339F0648
C 9
R
P 0000021830F39F78
C 345
R
P 0000021830F39F78
P 0000021833B96B38
P 00000218339F0648
C 430
R
P 0000021830F39F78
C 345
R
P 0000021830F39F78
P 0000021833B96B38
C 437
R
P 0000021830F39F78
C 345
R
P 0000021830F39F78
P 0000021833B96B38
C 442
= 00000218346E23E8
R
P 0000021830F39F78
C 345
R
P 0000021830F39F78
P 00000218346E23E8
C 303
R
P 0000021830F39F78
C 345
R
P 0000021830F39F78
P 00000218346E23E8
C 340
R
P 0000021830F39F78
C 345
R
P 0000021830F39F78
P 0000021833B96B38
C 442
= 00000218346E1E48
R
P 0000021830F39F78
C 345
R
P 0000021830F39F78
P 00000218346E1E48
C 303
R
P 0000021830F39F78
C 345
R
P 0000021830F39F78
P 00000218346E1E48
P 0000021830FC8438
I 0
P 0000000000000000
C 305
* 0000021831BDF438 4
R
P 0000021830F39F78
C 345
R
P 0000021830F39F78
P 0000021831BDF438
C 259
R
P 0000021830F39F78
C 345
R
P 0000021830F39F78
P 0000021831BDF438
C 256
= 0000021830FC6B78
R
P 0000021830F39F78
C 345
R
P 0000021830F39F78
P 0000021830FC6B78
C 211
R
P 0000021830F39F78
C 345
R
P 0000021830F39F78
P 0000021831BDF438
C 262
R
P 0000021830F39F78
C 345
R
P 0000021830F39F78
P 0000021831BDF438
C 261
R
P 0000021830F39F78
C 345
R
P 0000021830F39F78
P 0000021831BDF438
C 260
R
P 0000021830F39F78
C 345
R
P 0000021830F39F78
P 0000021831BDF438
C 9
R
P 0000021830F39F78
C 345
R
P 0000021830F39F78
P 0000021831BDF438
I 0
C 271
R
P 0000021830F39F78
C 345
R
P 0000021830F39F78
P 0000021833B96B38
C 442
= 00000218346E2418
R
P 0000021830F39F78
C 345
R
P 0000021830F39F78
P 00000218346E2418
C 303
R
P 0000021830F39F78
C 345
R
P 0000021830F39F78
P 00000218346E2418
P 0000021830FC8458
I 0
P 0000000000000000
C 305
* 0000021831BDF498 4
R
P 0000021830F39F78
C 345
R
P 0000021830F39F78
P 0000021831BDF498
C 259
R
P 0000021830F39F78
C 345
R
P 0000021830F39F78
P 0000021831BDF498
C 256
= 0000021830FC6B78
R
P 0000021830F39F78
C 345
R
P 0000021830F39F78
P 0000021830FC6B78
C 211
R
P 0000021830F39F78
C 345
R
P 0000021830F39F78
P 0000021831BDF498
C 262
R
P 0000021830F39F78
C 345
R
P 0000021830F39F78
P 0000021831BDF498
C 261
R
P 0000021830F39F78
C 345
R
P 0000021830F39F78
P 0000021831BDF498
C 260
R
P 0000021830F39F78
C 345
R
P 0000021830F39F78
P 0000021831BDF498
C 9
R
P 0000021830F39F78
C 345
R
P 0000021830F39F78
P 0000021831BDF498
I 0
C 271
R
P 0000021830F39F78
C 345
R
P 0000021830F39F78
P 0000021833B96B38
C 442
= 00000218346E2568
R
P 0000021830F39F78
C 345
R
P 0000021830F39F78
P 00000218346E2568
C 303
R
P 0000021830F39F78
C 345
R
P 0000021830F39F78
P 00000218346E2568
P 0000021831BDA938
I 0
P 0000000000000000
C 305
* 0000021831BDF458 4
R
P 0000021830F39F78
C 345
R
P 0000021830F39F78
P 0000021831BDF458
C 259
R
P 0000021830F39F78
C 345
R
P 0000021830F39F78
P 0000021831BDF458
C 256
= 0000021830FC6B78
R
P 0000021830F39F78
C 345
R
P 0000021830F39F78
P 0000021830FC6B78
C 211
R
P 0000021830F39F78
C 345
R
P 0000021830F39F78
P 0000021831BDF458
C 262
R
P 0000021830F39F78
C 345
R
P 0000021830F39F78
P 0000021831BDF458
C 261
R
P 0000021830F39F78
C 345
R
P 0000021830F39F78
P 0000021831BDF458
C 260
R
P 0000021830F39F78
C 345
R
P 0000021830F39F78
P 0000021831BDF458
C 9
R
P 0000021830F39F78
C 345
R
P 0000021830F39F78
P 0000021831BDF458
I 0
C 271
R
P 0000021830F39F78
C 345
R
P 0000021830F39F78
U 32
C 35
= 0000021830FC6B78
R
P 0000021830F39F78
C 345
R
P 0000021830F39F78
P 0000021830FC6B78
C 259
R
P 0000021830F39F78
C 345
R
P 0000021830F39F78
P 0000021830FC6B78
C 9
R
P 0000021830F39F78
C 345
R
P 0000021830F39F78
I 17
P 0000021830FC6B78
C 152
= 0000021831BDF1D8
R
P 0000021830F39F78
C 345
R
P 0000021830F39F78
P 0000021831BDF1D8
C 259
R
P 0000021830F39F78
C 345
R
P 0000021830F39F78
P 0000021831BDF1D8
C 256
= 0000021830FC6B78
R
P 0000021830F39F78
C 345
R
P 0000021830F39F78
P 0000021830FC6B78
C 211
R
P 0000021830F39F78
C 345
R
P 0000021830F39F78
P 0000021831BDF1D8
C 262
R
P 0000021830F39F78
C 345
R
P 0000021830F39F78
P 0000021831BDF1D8
C 261
R
P 0000021830F39F78
C 345
R
P 0000021830F39F78
P 0000021831BDF1D8
C 260
R
P 0000021830F39F78
C 345
R
P 0000021830F39F78
P 0000021831BDF1D8
C 9
R
P 0000021830F39F78
C 345
R
P 0000021830F39F78
P 0000021830FC8438
P 0000021831BDF1D8
C 102
= 00000218339EF730
R
P 0000021830F39F78
C 345
R
P 0000021830F39F78
P 00000218339EF730
C 260
R
P 0000021830F39F78
C 345
R
P 0000021830F39F78
P 00000218339EF730
C 9
R
P 0000021830F39F78
C 345
R
P 0000021830F39F78
P 0000021833B96B38
P 00000218339EF730
C 430
R
P 0000021830F39F78
C 345
R
P 0000021830F39F78
U 32
C 35
= 0000021830FC6B78
R
P 0000021830F39F78
C 345
R
P 0000021830F39F78
P 0000021830FC6B78
C 259
R
P 0000021830F39F78
C 345
R
P 0000021830F39F78
P 0000021830FC6B78
C 9
R
P 0000021830F39F78
C 345
R
P 0000021830F39F78
I 35
P 0000021830FC6B78
C 152
= 0000021831BDF438
R
P 0000021830F39F78
C 345
R
P 0000021830F39F78
P 0000021831BDF438
C 259
R
P 0000021830F39F78
C 345
R
P 0000021830F39F78
P 0000021831BDF438
C 256
= 0000021830FC6B78
R
P 0000021830F39F78
C 345
R
P 0000021830F39F78
P 0000021830FC6B78
C 211
R
P 0000021830F39F78
C 345
R
P 0000021830F39F78
P 0000021831BDF438
C 262
R
P 0000021830F39F78
C 345
R
P 0000021830F39F78
P 0000021831BDF438
C 261
R
P 0000021830F39F78
C 345
R
P 0000021830F39F78
P 0000021831BDF438
C 260
R
P 0000021830F39F78
C 345
R
P 0000021830F39F78
P 0000021831BDF438
C 9
R
P 0000021830F39F78
C 345
R
P 0000021830F39F78
P 0000021830FC8438
P 0000021831BDF438
C 102
= 00000218339F01E8
R
P 0000021830F39F78
C 345
R
P 0000021830F39F78
P 00000218339F01E8
C 260
R
P 0000021830F39F78
C 345
R
P 0000021830F39F78
P 00000218339F01E8
C 9
R
P 0000021830F39F78
C 345
R
P 0000021830F39F78
P 0000021833B96B38
P 00000218339F01E8
C 430
R
P 0000021830F39F78
C 345
R
P 0000021830F39F78
U 32
C 35
= 0000021830FC6B78
R
P 0000021830F39F78
C 345
R
P 0000021830F39F78
P 0000021830FC6B78
C 259
R
P 0000021830F39F78
C 345
R
P 0000021830F39F78
P 0000021830FC6B78
C 9
R
P 0000021830F39F78
C 345
R
P 0000021830F39F78
I 2139095042
P 0000021830FC6B78
C 152
= 0000021831BDF498
R
P 0000021830F39F78
C 345
R
P 0000021830F39F78
P 0000021831BDF498
C 259
R
P 0000021830F39F78
C 345
R
P 0000021830F39F78
P 0000021831BDF498
C 256
= 0000021830FC6B78
R
P 0000021830F39F78
C 345
R
P 0000021830F39F78
P 0000021830FC6B78
C 211
R
P 0000021830F39F78
C 345
R
P 0000021830F39F78
P 0000021831BDF498
C 262
R
P 0000021830F39F78
C 345
R
P 0000021830F39F78
P 0000021831BDF498
C 261
R
P 0000021830F39F78
C 345
R
P 0000021830F39F78
P 0000021831BDF498
C 260
R
P 0000021830F39F78
C 345
R
P 0000021830F39F78
P 0000021831BDF498
C 9
R
P 0000021830F39F78
C 345
R
P 0000021830F39F78
P 0000021830FC8458
P 0000021831BDF498
C 102
= 00000218339F0728
R
P 0000021830F39F78
C 345
R
P 0000021830F39F78
P 00000218339F0728
C 260
R
P 0000021830F39F78
C 345
R
P 0000021830F39F78
P 00000218339F0728
C 9
R
P 0000021830F39F78
C 345
R
P 0000021830F39F78
P 0000021833B96B38
P 00000218339F0728
C 430
R
P 0000021830F39F78
C 345
R
P 0000021830F39F78
U 32
C 35
= 0000021830FC6B78
R
P 0000021830F39F78
C 345
R
P 0000021830F39F78
P 0000021830FC6B78
C 259
R
P 0000021830F39F78
C 345
R
P 0000021830F39F78
P 0000021830FC6B78
C 9
R
P 0000021830F39F78
C 345
R
P 0000021830F39F78
I 8388624
P 0000021830FC6B78
C 152
= 0000021831BDF458
R
P 0000021830F39F78
C 345
R
P 0000021830F39F78
P 0000021831BDF458
C 259
R
P 0000021830F39F78
C 345
R
P 0000021830F39F78
P 0000021831BDF458
C 256
= 0000021830FC6B78
R
P 0000021830F39F78
C 345
R
P 0000021830F39F78
P 0000021830FC6B78
C 211
R
P 0000021830F39F78
C 345
R
P 0000021830F39F78
P 0000021831BDF458
C 262
R
P 0000021830F39F78
C 345
R
P 0000021830F39F78
P 0000021831BDF458
C 261
R
P 0000021830F39F78
C 345
R
P 0000021830F39F78
P 0000021831BDF458
C 260
R
P 0000021830F39F78
C 345
R
P 0000021830F39F78
P 0000021831BDF458
C 9
R
P 0000021830F39F78
C 345
R
P 0000021830F39F78
P 0000021831BDA938
P 0000021831BDF458
C 102
= 00000218339EFD88
R
P 0000021830F39F78
C 345
R
P 0000021830F39F78
P 00000218339EFD88
C 260
R
P 0000021830F39F78
C 345
R
P 0000021830F39F78
P 00000218339EFD88
C 9
R
P 0000021830F39F78
C 345
R
P 0000021830F39F78
P 0000021833B96B38
P 00000218339EFD88
C 430
R
P 0000021830F39F78
C 345
R
P 0000021830F39F78
P 0000021833B96B38
C 437
R
P 0000021830F39F78
C 345
R
P 0000021830F39F78
P 0000021833B96B38
C 442
= 00000218346E21D8
R
P 0000021830F39F78
C 345
R
P 0000021830F39F78
P 00000218346E21D8
C 303
R
P 0000021830F39F78
C 345
R
P 0000021830F39F78
P 00000218346E21D8
C 340
R
P 0000021830F39F78
C 345
R
P 0000021830F39F78
P 0000021833B96B38
C 442
= 00000218346E1E18
R
P 0000021830F39F78
C 345
R
P 0000021830F39F78
P 00000218346E1E18
C 303
R
P 0000021830F39F78
C 345
R
P 0000021830F39F78
P 00000218346E1E18
P 0000021830FC8438
I 0
P 0000000000000000
C 305
* 0000021831BDF238 4
R
P 0000021830F39F78
C 345
R
P 0000021830F39F78
P 0000021831BDF238
C 259
R
P 0000021830F39F78
C 345
R
P 0000021830F39F78
P 0000021831BDF238
C 256
= 0000021830FC6B78
R
P 0000021830F39F78
C 345
R
P 0000021830F39F78
P 0000021830FC6B78
C 211
R
P 0000021830F39F78
C 345
R
P 0000021830F39F78
P 0000021831BDF238
C 262
R
P 0000021830F39F78
C 345
R
P 0000021830F39F78
P 0000021831BDF238
C 261
R
P 0000021830F39F78
C 345
R
P 0000021830F39F78
P 0000021831BDF238
C 260
R
P 0000021830F39F78
C 345
R
P 0000021830F39F78
P 0000021831BDF238
C 9
R
P 0000021830F39F78
C 345
R
P 0000021830F39F78
P 0000021831BDF238
I 0
C 271
R
P 0000021830F39F78
C 345
R
P 0000021830F39F78
P 0000021833B96B38
C 442
= 00000218346E2478
R
P 0000021830F39F78
C 345
R
P 0000021830F39F78
P 00000218346E2478
C 303
R
P 0000021830F39F78
C 345
R
P 0000021830F39F78
P 00000218346E2478
P 0000021830FC8458
I 0
P 0000000000000000
C 305
* 0000021831BDF498 4
R
P 0000021830F39F78
C 345
R
P 0000021830F39F78
P 0000021831BDF498
C 259
R
P 0000021830F39F78
C 345
R
P 0000021830F39F78
P 0000021831BDF498
C 256
= 0000021830FC6B78
R
P 0000021830F39F78
C 345
R
P 0000021830F39F78
P 0000021830FC6B78
C 211
R
P 0000021830F39F78
C 345
R
P 0000021830F39F78
P 0000021831BDF498
C 262
R
P 0000021830F39F78
C 345
R
P 0000021830F39F78
P 0000021831BDF498
C 261
R
P 0000021830F39F78
C 345
R
P 0000021830F39F78
P 0000021831BDF498
C 260
R
P 0000021830F39F78
C 345
R
P 0000021830F39F78
P 0000021831BDF498
C 9
R
P 0000021830F39F78
C 345
R
P 0000021830F39F78
P 0000021831BDF498
I 0
C 271
R
P 0000021830F39F78
C 345
R
P 0000021830F39F78
P 0000021833B96B38
C 442
= 00000218346E2658
R
P 0000021830F39F78
C 345
R
P 0000021830F39F78
P 00000218346E2658
C 303
R
P 0000021830F39F78
C 345
R
P 0000021830F39F78
P 00000218346E2658
P 0000021831BDA938
I 0
P 0000000000000000
C 305
* 0000021831BDF258 4
R
P 0000021830F39F78
C 345
R
P 0000021830F39F78
P 0000021831BDF258
C 259
R
P 0000021830F39F78
C 345
R
P 0000021830F39F78
P 0000021831BDF258
C 256
= 0000021830FC6B78
R
P 0000021830F39F78
C 345
R
P 0000021830F39F78
P 0000021830FC6B78
C 211
R
P 0000021830F39F78
C 345
R
P 0000021830F39F78
P 0000021831BDF258
C 262
R
P 0000021830F39F78
C 345
R
P 0000021830F39F78
P 0000021831BDF258
C 261
R
P 0000021830F39F78
C 345
R
P 0000021830F39F78
P 0000021831BDF258
C 260
R
P 0000021830F39F78
C 345
R
P 0000021830F39F78
P 0000021831BDF258
C 9
R
P 0000021830F39F78
C 345
R
P 0000021830F39F78
P 0000021831BDF258
I 0
C 271
R
P 0000021830F39F78
C 345
R
P 0000021830F39F78
U 32
C 35
= 0000021830FC6B78
R
P 0000021830F39F78
C 345
R
P 0000021830F39F78
P 0000021830FC6B78
C 259
R
P 0000021830F39F78
C 345
R
P 0000021830F39F78
P 0000021830FC6B78
C 9
R
P 0000021830F39F78
C 345
R
P 0000021830F39F78
I 5
P 0000021830FC6B78
C 152
= 0000021831BDEFF8
R
P 0000021830F39F78
C 345
R
P 0000021830F39F78
P 0000021831BDEFF8
C 259
R
P 0000021830F39F78
C 345
R
P 0000021830F39F78
P 0000021831BDEFF8
C 256
= 0000021830FC6B78
R
P 0000021830F39F78
C 345
R
P 0000021830F39F78
P 0000021830FC6B78
C 211
R
P 0000021830F39F78
C 345
R
P 0000021830F39F78
P 0000021831BDEFF8
C 262
R
P 0000021830F39F78
C 345
R
P 0000021830F39F78
P 0000021831BDEFF8
C 261
R
P 0000021830F39F78
C 345
R
P 0000021830F39F78
P 0000021831BDEFF8
C 260
R
P 0000021830F39F78
C 345
R
P 0000021830F39F78
P 0000021831BDEFF8
C 9
R
P 0000021830F39F78
C 345
R
P 0000021830F39F78
P 0000021830FC8438
P 0000021831BDEFF8
C 102
= 00000218339EF490
R
P 0000021830F39F78
C 345
R
P 0000021830F39F78
P 00000218339EF490
C 260
R
P 0000021830F39F78
C 345
R
P 0000021830F39F78
P 00000218339EF490
C 9
R
P 0000021830F39F78
C 345
R
P 0000021830F39F78
P 0000021833B96B38
P 00000218339EF490
C 430
R
P 0000021830F39F78
C 345
R
P 0000021830F39F78
U 32
C 35
= 0000021830FC6B78
R
P 0000021830F39F78
C 345
R
P 0000021830F39F78
P 0000021830FC6B78
C 259
R
P 0000021830F39F78
C 345
R
P 0000021830F39F78
P 0000021830FC6B78
C 9
R
P 0000021830F39F78
C 345
R
P 0000021830F39F78
I 11
P 0000021830FC6B78
C 152
= 0000021831BDF238
R
P 0000021830F39F78
C 345
R
P 0000021830F39F78
P 0000021831BDF238
C 259
R
P 0000021830F39F78
C 345
R
P 0000021830F39F78
P 0000021831BDF238
C 256
= 0000021830FC6B78
R
P 0000021830F39F78
C 345
R
P 0000021830F39F78
P 0000021830FC6B78
C 211
R
P 0000021830F39F78
C 345
R
P 0000021830F39F78
P 0000021831BDF238
C 262
R
P 0000021830F39F78
C 345
R
P 0000021830F39F78
P 0000021831BDF238
C 261
R
P 0000021830F39F78
C 345
R
P 0000021830F39F78
P 0000021831BDF238
C 260
R
P 0000021830F39F78
C 345
R
P 0000021830F39F78
P 0000021831BDF238
C 9
R
P 0000021830F39F78
C 345
R
P 0000021830F39F78
P 0000021830FC8438
P 0000021831BDF238
C 102
= 00000218339EFDF8
R
P 0000021830F39F78
C 345
R
P 0000021830F39F78
P 00000218339EFDF8
C 260
R
P 0000021830F39F78
C 345
R
P 0000021830F39F78
P 00000218339EFDF8
C 9
R
P 0000021830F39F78
C 345
R
P 0000021830F39F78
P 0000021833B96B38
P 00000218339EFDF8
C 430
R
P 0000021830F39F78
C 345
R
P 0000021830F39F78
U 32
C 35
= 0000021830FC6B78
R
P 0000021830F39F78
C 345
R
P 0000021830F39F78
P 0000021830FC6B78
C 259
R
P 0000021830F39F78
C 345
R
P 0000021830F39F78
P 0000021830FC6B78
C 9
R
P 0000021830F39F78
C 345
R
P 0000021830F39F78
I 2139095042
P 0000021830FC6B78
C 152
= 0000021831BDF498
R
P 0000021830F39F78
C 345
R
P 0000021830F39F78
P 0000021831BDF498
C 259
R
P 0000021830F39F78
C 345
R
P 0000021830F39F78
P 0000021831BDF498
C 256
= 0000021830FC6B78
R
P 0000021830F39F78
C 345
R
P 0000021830F39F78
P 0000021830FC6B78
C 211
R
P 0000021830F39F78
C 345
R
P 0000021830F39F78
P 0000021831BDF498
C 262
R
P 0000021830F39F78
C 345
R
P 0000021830F39F78
P 0000021831BDF498
C 261
R
P 0000021830F39F78
C 345
R
P 0000021830F39F78
P 0000021831BDF498
C 260
R
P 0000021830F39F78
C 345
R
P 0000021830F39F78
P 0000021831BDF498
C 9
R
P 0000021830F39F78
C 345
R
P 0000021830F39F78
P 0000021830FC8458
P 0000021831BDF498
C 102
= 00000218339F0728
R
P 0000021830F39F78
C 345
R
P 0000021830F39F78
P 00000218339F0728
C 260
R
P 0000021830F39F78
C 345
R
P 0000021830F39F78
P 00000218339F0728
C 9
R
P 0000021830F39F78
C 345
R
P 0000021830F39F78
P 0000021833B96B38
P 00000218339F0728
C 430
R
P 0000021830F39F78
C 345
R
P 0000021830F39F78
U 32
C 35
= 0000021830FC6B78
R
P 0000021830F39F78
C 345
R
P 0000021830F39F78
P 0000021830FC6B78
C 259
R
P 0000021830F39F78
C 345
R
P 0000021830F39F78
P 0000021830FC6B78
C 9
R
P 0000021830F39F78
C 345
R
P 0000021830F39F78
I 8388608
P 0000021830FC6B78
C 152
= 0000021831BDF258
R
P 0000021830F39F78
C 345
R
P 0000021830F39F78
P 0000021831BDF258
C 259
R
P 0000021830F39F78
C 345
R
P 0000021830F39F78
P 0000021831BDF258
C 256
= 0000021830FC6B78
R
P 0000021830F39F78
C 345
R
P 0000021830F39F78
P 0000021830FC6B78
C 211
R
P 0000021830F39F78
C 345
R
P 0000021830F39F78
P 0000021831BDF258
C 262
R
P 0000021830F39F78
C 345
R
P 0000021830F39F78
P 0000021831BDF258
C 261
R
P 0000021830F39F78
C 345
R
P 0000021830F39F78
P 0000021831BDF258
C 260
R
P 0000021830F39F78
C 345
R
P 0000021830F39F78
P 0000021831BDF258
C 9
R
P 0000021830F39F78
C 345
R
P 0000021830F39F78
P 0000021831BDA938
P 0000021831BDF258
C 102
= 00000218339EF8B8
R
P 0000021830F39F78
C 345
R
P 0000021830F39F78
P 00000218339EF8B8
C 260
R
P 0000021830F39F78
C 345
R
P 0000021830F39F78
P 00000218339EF8B8
C 9
R
P 0000021830F39F78
C 345
R
P 0000021830F39F78
P 0000021833B96B38
P 00000218339EF8B8
C 430
R
P 0000021830F39F78
C 345
R
P 0000021830F39F78
P 0000021833B96B38
C 437
R
P 0000021830F39F78
C 345
R
P 0000021830F39F78
P 0000021833B96B38
C 442
= 00000218346E2F28
R
P 0000021830F39F78
C 345
R
P 0000021830F39F78
P 00000218346E2F28
C 303
R
P 0000021830F39F78
C 345
R
P 0000021830F39F78
P 00000218346E2F28
C 340
R
P 0000021830F39F78
C 345
R
P 0000021830F39F78
P 0000021833B96B38
C 442
= 00000218346E2CE8
R
P 0000021830F39F78
C 345
R
P 0000021830F39F78
P 00000218346E2CE8
C 303
R
P 0000021830F39F78
C 345
R
P 0000021830F39F78
P 00000218346E2CE8
P 0000021830FC8438
I 0
P 0000000000000000
C 305
* 0000021831BDEFF8 4
R
P 0000021830F39F78
C 345
R
P 0000021830F39F78
P 0000021831BDEFF8
C 259
R
P 0000021830F39F78
C 345
R
P 0000021830F39F78
P 0000021831BDEFF8
C 256
= 0000021830FC6B78
R
P 0000021830F39F78
C 345
R
P 0000021830F39F78
P 0000021830FC6B78
C 211
R
P 0000021830F39F78
C 345
R
P 0000021830F39F78
P 0000021831BDEFF8
C 262
R
P 0000021830F39F78
C 345
R
P 0000021830F39F78
P 0000021831BDEFF8
C 261
R
P 0000021830F39F78
C 345
R
P 0000021830F39F78
P 0000021831BDEFF8
C 260
R
P 0000021830F39F78
C 345
R
P 0000021830F39F78
P 0000021831BDEFF8
C 9
R
P 0000021830F39F78
C 345
R
P 0000021830F39F78
P 0000021831BDEFF8
I 0
C 271
R
P 0000021830F39F78
C 345
R
P 0000021830F39F78
P 0000021833B96B38
C 442
= 00000218346E2E98
R
P 0000021830F39F78
C 345
R
P 0000021830F39F78
P 00000218346E2E98
C 303
R
P 0000021830F39F78
C 345
R
P 0000021830F39F78
P 00000218346E2E98
P 0000021830FC8458
I 0
P 0000000000000000
C 305
* 0000021831BDF498 4
R
P 0000021830F39F78
C 345
R
P 0000021830F39F78
P 0000021831BDF498
C 259
R
P 0000021830F39F78
C 345
R
P 0000021830F39F78
P 0000021831BDF498
C 256
= 0000021830FC6B78
R
P 0000021830F39F78
C 345
R
P 0000021830F39F78
P 0000021830FC6B78
C 211
R
P 0000021830F39F78
C 345
R
P 0000021830F39F78
P 0000021831BDF498
C 262
R
P 0000021830F39F78
C 345
R
P 0000021830F39F78
P 0000021831BDF498
C 261
R
P 0000021830F39F78
C 345
R
P 0000021830F39F78
P 0000021831BDF498
C 260
R
P 0000021830F39F78
C 345
R
P 0000021830F39F78
P 0000021831BDF498
C 9
R
P 0000021830F39F78
C 345
R
P 0000021830F39F78
P 0000021831BDF498
I 0
C 271
R
P 0000021830F39F78
C 345
R
P 0000021830F39F78
P 0000021833B96B38
C 442
= 00000218346E2B08
R
P 0000021830F39F78
C 345
R
P 0000021830F39F78
P 00000218346E2B08
C 303
R
P 0000021830F39F78
C 345
R
P 0000021830F39F78
P 00000218346E2B08
P 0000021831BDA938
I 0
P 0000000000000000
C 305
* 0000021831BDF258 4
R
P 0000021830F39F78
C 345
R
P 0000021830F39F78
P 0000021831BDF258
C 259
R
P 0000021830F39F78
C 345
R
P 0000021830F39F78
P 0000021831BDF258
C 256
= 0000021830FC6B78
R
P 0000021830F39F78
C 345
R
P 0000021830F39F78
P 0000021830FC6B78
C 211
R
P 0000021830F39F78
C 345
R
P 0000021830F39F78
P 0000021831BDF258
C 262
R
P 0000021830F39F78
C 345
R
P 0000021830F39F78
P 0000021831BDF258
C 261
R
P 0000021830F39F78
C 345
R
P 0000021830F39F78
P 0000021831BDF258
C 260
R
P 0000021830F39F78
C 345
R
P 0000021830F39F78
P 0000021831BDF258
C 9
R
P 0000021830F39F78
C 345
R
P 0000021830F39F78
P 0000021831BDF258
I 0
C 271
R
P 0000021830F39F78
C 345
R
P 0000021830F39F78
U 32
C 35
= 0000021830FC6B78
R
P 0000021830F39F78
C 345
R
P 0000021830F39F78
P 0000021830FC6B78
C 259
R
P 0000021830F39F78
C 345
R
P 0000021830F39F78
P 0000021830FC6B78
C 9
R
P 0000021830F39F78
C 345
R
P 0000021830F39F78
I 2
P 0000021830FC6B78
C 152
= 0000021830FC7538
R
P 0000021830F39F78
C 345
R
P 0000021830F39F78
P 0000021830FC7538
C 259
R
P 0000021830F39F78
C 345
R
P 0000021830F39F78
P 0000021830FC7538
C 256
= 0000021830FC6B78
R
P 0000021830F39F78
C 345
R
P 0000021830F39F78
P 0000021830FC6B78
C 211
R
P 0000021830F39F78
C 345
R
P 0000021830F39F78
P 0000021830FC7538
C 262
R
P 0000021830F39F78
C 345
R
P 0000021830F39F78
P 0000021830FC7538
C 261
R
P 0000021830F39F78
C 345
R
P 0000021830F39F78
P 0000021830FC7538
C 260
R
P 0000021830F39F78
C 345
R
P 0000021830F39F78
P 0000021830FC7538
C 9
R
P 0000021830F39F78
C 345
R
P 0000021830F39F78
P 0000021830FC8438
P 0000021830FC7538
C 102
= 00000218339DC490
R
P 0000021830F39F78
C 345
R
P 0000021830F39F78
P 00000218339DC490
C 260
R
P 0000021830F39F78
C 345
R
P 0000021830F39F78
P 00000218339DC490
C 9
R
P 0000021830F39F78
C 345
R
P 0000021830F39F78
P 0000021833B96B38
P 00000218339DC490
C 430
R
P 0000021830F39F78
C 345
R
P 0000021830F39F78
U 32
C 35
= 0000021830FC6B78
R
P 0000021830F39F78
C 345
R
P 0000021830F39F78
P 0000021830FC6B78
C 259
R
P 0000021830F39F78
C 345
R
P 0000021830F39F78
P 0000021830FC6B78
C 9
R
P 0000021830F39F78
C 345
R
P 0000021830F39F78
I 5
P 0000021830FC6B78
C 152
= 0000021831BDEFF8
R
P 0000021830F39F78
C 345
R
P 0000021830F39F78
P 0000021831BDEFF8
C 259
R
P 0000021830F39F78
C 345
R
P 0000021830F39F78
P 0000021831BDEFF8
C 256
= 0000021830FC6B78
R
P 0000021830F39F78
C 345
R
P 0000021830F39F78
P 0000021830FC6B78
C 211
R
P 0000021830F39F78
C 345
R
P 0000021830F39F78
P 0000021831BDEFF8
C 262
R
P 0000021830F39F78
C 345
R
P 0000021830F39F78
P 0000021831BDEFF8
C 261
R
P 0000021830F39F78
C 345
R
P 0000021830F39F78
P 0000021831BDEFF8
C 260
R
P 0000021830F39F78
C 345
R
P 0000021830F39F78
P 0000021831BDEFF8
C 9
R
P 0000021830F39F78
C 345
R
P 0000021830F39F78
P 0000021830FC8438
P 0000021831BDEFF8
C 102
= 00000218339EF490
R
P 0000021830F39F78
C 345
R
P 0000021830F39F78
P 00000218339EF490
C 260
R
P 0000021830F39F78
C 345
R
P 0000021830F39F78
P 00000218339EF490
C 9
R
P 0000021830F39F78
C 345
R
P 0000021830F39F78
P 0000021833B96B38
P 00000218339EF490
C 430
R
P 0000021830F39F78
C 345
R
P 0000021830F39F78
U 32
C 35
= 0000021830FC6B78
R
P 0000021830F39F78
C 345
R
P 0000021830F39F78
P 0000021830FC6B78
C 259
R
P 0000021830F39F78
C 345
R
P 0000021830F39F78
P 0000021830FC6B78
C 9
R
P 0000021830F39F78
C 345
R
P 0000021830F39F78
I 2139095042
P 0000021830FC6B78
C 152
= 0000021831BDF498
R
P 0000021830F39F78
C 345
R
P 0000021830F39F78
P 0000021831BDF498
C 259
R
P 0000021830F39F78
C 345
R
P 0000021830F39F78
P 0000021831BDF498
C 256
= 0000021830FC6B78
R
P 0000021830F39F78
C 345
R
P 0000021830F39F78
P 0000021830FC6B78
C 211
R
P 0000021830F39F78
C 345
R
P 0000021830F39F78
P 0000021831BDF498
C 262
R
P 0000021830F39F78
C 345
R
P 0000021830F39F78
P 0000021831BDF498
C 261
R
P 0000021830F39F78
C 345
R
P 0000021830F39F78
P 0000021831BDF498
C 260
R
P 0000021830F39F78
C 345
R
P 0000021830F39F78
P 0000021831BDF498
C 9
R
P 0000021830F39F78
C 345
R
P 0000021830F39F78
P 0000021830FC8458
P 0000021831BDF498
C 102
= 00000218339F0728
R
P 0000021830F39F78
C 345
R
P 0000021830F39F78
P 00000218339F0728
C 260
R
P 0000021830F39F78
C 345
R
P 0000021830F39F78
P 00000218339F0728
C 9
R
P 0000021830F39F78
C 345
R
P 0000021830F39F78
P 0000021833B96B38
P 00000218339F0728
C 430
R
P 0000021830F39F78
C 345
R
P 0000021830F39F78
U 32
C 35
= 0000021830FC6B78
R
P 0000021830F39F78
C 345
R
P 0000021830F39F78
P 0000021830FC6B78
C 259
R
P 0000021830F39F78
C 345
R
P 0000021830F39F78
P 0000021830FC6B78
C 9
R
P 0000021830F39F78
C 345
R
P 0000021830F39F78
I 8388608
P 0000021830FC6B78
C 152
= 0000021831BDF258
R
P 0000021830F39F78
C 345
R
P 0000021830F39F78
P 0000021831BDF258
C 259
R
P 0000021830F39F78
C 345
R
P 0000021830F39F78
P 0000021831BDF258
C 256
= 0000021830FC6B78
R
P 0000021830F39F78
C 345
R
P 0000021830F39F78
P 0000021830FC6B78
C 211
R
P 0000021830F39F78
C 345
R
P 0000021830F39F78
P 0000021831BDF258
C 262
R
P 0000021830F39F78
C 345
R
P 0000021830F39F78
P 0000021831BDF258
C 261
R
P 0000021830F39F78
C 345
R
P 0000021830F39F78
P 0000021831BDF258
C 260
R
P 0000021830F39F78
C 345
R
P 0000021830F39F78
P 0000021831BDF258
C 9
R
P 0000021830F39F78
C 345
R
P 0000021830F39F78
P 0000021831BDA938
P 0000021831BDF258
C 102
= 00000218339EF8B8
R
P 0000021830F39F78
C 345
R
P 0000021830F39F78
P 00000218339EF8B8
C 260
R
P 0000021830F39F78
C 345
R
P 0000021830F39F78
P 00000218339EF8B8
C 9
R
P 0000021830F39F78
C 345
R
P 0000021830F39F78
P 0000021833B96B38
P 00000218339EF8B8
C 430
R
P 0000021830F39F78
C 345
R
P 0000021830F39F78
P 0000021833B96B38
C 437
R
P 0000021830F39F78
C 345
R
P 0000021830F39F78
P 0000021833B96B38
C 442
= 00000218346D25D8
R
P 0000021830F39F78
C 345
R
P 0000021830F39F78
P 00000218346D25D8
C 303
R
P 0000021830F39F78
C 345
R
P 0000021830F39F78
P 00000218346D25D8
C 340
R
P 0000021830F39F78
C 345
R
P 0000021830F39F78
P 0000021833B96B38
C 442
= 00000218346D2668
R
P 0000021830F39F78
C 345
R
P 0000021830F39F78
P 00000218346D2668
C 303
R
P 0000021830F39F78
C 345
R
P 0000021830F39F78
P 00000218346D2668
P 0000021830FC8438
I 0
P 0000000000000000
C 305
* 0000021830FC7538 4
R
P 0000021830F39F78
C 345
R
P 0000021830F39F78
P 0000021830FC7538
C 259
R
P 0000021830F39F78
C 345
R
P 0000021830F39F78
P 0000021830FC7538
C 256
= 0000021830FC6B78
R
P 0000021830F39F78
C 345
R
P 0000021830F39F78
P 0000021830FC6B78
C 211
R
P 0000021830F39F78
C 345
R
P 0000021830F39F78
P 0000021830FC7538
C 262
R
P 0000021830F39F78
C 345
R
P 0000021830F39F78
P 0000021830FC7538
C 261
R
P 0000021830F39F78
C 345
R
P 0000021830F39F78
P 0000021830FC7538
C 260
R
P 0000021830F39F78
C 345
R
P 0000021830F39F78
P 0000021830FC7538
C 9
R
P 0000021830F39F78
C 345
R
P 0000021830F39F78
P 0000021830FC7538
I 0
C 271
R
P 0000021830F39F78
C 345
R
P 0000021830F39F78
P 0000021833B96B38
C 442
= 00000218346D2968
R
P 0000021830F39F78
C 345
R
P 0000021830F39F78
P 00000218346D2968
C 303
R
P 0000021830F39F78
C 345
R
P 0000021830F39F78
P 00000218346D2968
P 0000021830FC8458
I 0
P 0000000000000000
C 305
* 0000021831BDEF58 4
R
P 0000021830F39F78
C 345
R
P 0000021830F39F78
P 0000021831BDEF58
C 259
R
P 0000021830F39F78
C 345
R
P 0000021830F39F78
P 0000021831BDEF58
C 256
= 0000021830FC6B78
R
P 0000021830F39F78
C 345
R
P 0000021830F39F78
P 0000021830FC6B78
C 211
R
P 0000021830F39F78
C 345
R
P 0000021830F39F78
P 0000021831BDEF58
C 262
R
P 0000021830F39F78
C 345
R
P 0000021830F39F78
P 0000021831BDEF58
C 261
R
P 0000021830F39F78
C 345
R
P 0000021830F39F78
P 0000021831BDEF58
C 260
R
P 0000021830F39F78
C 345
R
P 0000021830F39F78
P 0000021831BDEF58
C 9
R
P 0000021830F39F78
C 345
R
P 0000021830F39F78
P 0000021831BDEF58
I 0
C 271
R
P 0000021830F39F78
C 345
R
P 0000021830F39F78
P 0000021833B96B38
C 442
= 00000218346D2728
R
P 0000021830F39F78
C 345
R
P 0000021830F39F78
P 00000218346D2728
C 303
R
P 0000021830F39F78
C 345
R
P 0000021830F39F78
P 00000218346D2728
P 0000021831BDA938
I 0
P 0000000000000000
C 305
* 0000021831BDF258 4
R
P 0000021830F39F78
C 345
R
P 0000021830F39F78
P 0000021831BDF258
C 259
R
P 0000021830F39F78
C 345
R
P 0000021830F39F78
P 0000021831BDF258
C 256
= 0000021830FC6B78
R
P 0000021830F39F78
C 345
R
P 0000021830F39F78
P 0000021830FC6B78
C 211
R
P 0000021830F39F78
C 345
R
P 0000021830F39F78
P 0000021831BDF258
C 262
R
P 0000021830F39F78
C 345
R
P 0000021830F39F78
P 0000021831BDF258
C 261
R
P 0000021830F39F78
C 345
R
P 0000021830F39F78
P 0000021831BDF258
C 260
R
P 0000021830F39F78
C 345
R
P 0000021830F39F78
P 0000021831BDF258
C 9
R
P 0000021830F39F78
C 345
R
P 0000021830F39F78
P 0000021831BDF258
I 0
C 271
R
P 0000021830F39F78
C 345
R
P 0000021830F39F78
U 32
C 35
= 0000021830FC6B78
R
P 0000021830F39F78
C 345
R
P 0000021830F39F78
P 0000021830FC6B78
C 259
R
P 0000021830F39F78
C 345
R
P 0000021830F39F78
P 0000021830FC6B78
C 9
R
P 0000021830F39F78
C 345
R
P 0000021830F39F78
I 1
P 0000021830FC6B78
C 152
= 0000021830FC7518
R
P 0000021830F39F78
C 345
R
P 0000021830F39F78
P 0000021830FC7518
C 259
R
P 0000021830F39F78
C 345
R
P 0000021830F39F78
P 0000021830FC7518
C 256
= 0000021830FC6B78
R
P 0000021830F39F78
C 345
R
P 0000021830F39F78
P 0000021830FC6B78
C 211
R
P 0000021830F39F78
C 345
R
P 0000021830F39F78
P 0000021830FC7518
C 262
R
P 0000021830F39F78
C 345
R
P 0000021830F39F78
P 0000021830FC7518
C 261
R
P 0000021830F39F78
C 345
R
P 0000021830F39F78
P 0000021830FC7518
C 260
R
P 0000021830F39F78
C 345
R
P 0000021830F39F78
P 0000021830FC7518
C 9
R
P 0000021830F39F78
C 345
R
P 0000021830F39F78
P 0000021830FC8438
P 0000021830FC7518
C 102
= 00000218339DCA08
R
P 0000021830F39F78
C 345
R
P 0000021830F39F78
P 00000218339DCA08
C 260
R
P 0000021830F39F78
C 345
R
P 0000021830F39F78
P 00000218339DCA08
C 9
R
P 0000021830F39F78
C 345
R
P 0000021830F39F78
P 0000021833B96B38
P 00000218339DCA08
C 430
R
P 0000021830F39F78
C 345
R
P 0000021830F39F78
U 32
C 35
= 0000021830FC6B78
R
P 0000021830F39F78
C 345
R
P 0000021830F39F78
P 0000021830FC6B78
C 259
R
P 0000021830F39F78
C 345
R
P 0000021830F39F78
P 0000021830FC6B78
C 9
R
P 0000021830F39F78
C 345
R
P 0000021830F39F78
I 2
P 0000021830FC6B78
C 152
= 0000021830FC7538
R
P 0000021830F39F78
C 345
R
P 0000021830F39F78
P 0000021830FC7538
C 259
R
P 0000021830F39F78
C 345
R
P 0000021830F39F78
P 0000021830FC7538
C 256
= 0000021830FC6B78
R
P 0000021830F39F78
C 345
R
P 0000021830F39F78
P 0000021830FC6B78
C 211
R
P 0000021830F39F78
C 345
R
P 0000021830F39F78
P 0000021830FC7538
C 262
R
P 0000021830F39F78
C 345
R
P 0000021830F39F78
P 0000021830FC7538
C 261
R
P 0000021830F39F78
C 345
R
P 0000021830F39F78
P 0000021830FC7538
C 260
R
P 0000021830F39F78
C 345
R
P 0000021830F39F78
P 0000021830FC7538
C 9
R
P 0000021830F39F78
C 345
R
P 0000021830F39F78
P 0000021830FC8438
P 0000021830FC7538
C 102
= 00000218339DC490
R
P 0000021830F39F78
C 345
R
P 0000021830F39F78
P 00000218339DC490
C 260
R
P 0000021830F39F78
C 345
R
P 0000021830F39F78
P 00000218339DC490
C 9
R
P 0000021830F39F78
C 345
R
P 0000021830F39F78
P 0000021833B96B38
P 00000218339DC490
C 430
R
P 0000021830F39F78
C 345
R
P 0000021830F39F78
U 32
C 35
= 0000021830FC6B78
R
P 0000021830F39F78
C 345
R
P 0000021830F39F78
P 0000021830FC6B78
C 259
R
P 0000021830F39F78
C 345
R
P 0000021830F39F78
P 0000021830FC6B78
C 9
R
P 0000021830F39F78
C 345
R
P 0000021830F39F78
I 2139095040
P 0000021830FC6B78
C 152
= 0000021831BDEF58
R
P 0000021830F39F78
C 345
R
P 0000021830F39F78
P 0000021831BDEF58
C 259
R
P 0000021830F39F78
C 345
R
P 0000021830F39F78
P 0000021831BDEF58
C 256
= 0000021830FC6B78
R
P 0000021830F39F78
C 345
R
P 0000021830F39F78
P 0000021830FC6B78
C 211
R
P 0000021830F39F78
C 345
R
P 0000021830F39F78
P 0000021831BDEF58
C 262
R
P 0000021830F39F78
C 345
R
P 0000021830F39F78
P 0000021831BDEF58
C 261
R
P 0000021830F39F78
C 345
R
P 0000021830F39F78
P 0000021831BDEF58
C 260
R
P 0000021830F39F78
C 345
R
P 0000021830F39F78
P 0000021831BDEF58
C 9
R
P 0000021830F39F78
C 345
R
P 0000021830F39F78
P 0000021830FC8458
P 0000021831BDEF58
C 102
= 00000218339EF228
R
P 0000021830F39F78
C 345
R
P 0000021830F39F78
P 00000218339EF228
C 260
R
P 0000021830F39F78
C 345
R
P 0000021830F39F78
P 00000218339EF228
C 9
R
P 0000021830F39F78
C 345
R
P 0000021830F39F78
P 0000021833B96B38
P 00000218339EF228
C 430
R
P 0000021830F39F78
C 345
R
P 0000021830F39F78
U 32
C 35
= 0000021830FC6B78
R
P 0000021830F39F78
C 345
R
P 0000021830F39F78
P 0000021830FC6B78
C 259
R
P 0000021830F39F78
C 345
R
P 0000021830F39F78
P 0000021830FC6B78
C 9
R
P 0000021830F39F78
C 345
R
P 0000021830F39F78
I 8388608
P 0000021830FC6B78
C 152
= 0000021831BDF258
R
P 0000021830F39F78
C 345
R
P 0000021830F39F78
P 0000021831BDF258
C 259
R
P 0000021830F39F78
C 345
R
P 0000021830F39F78
P 0000021831BDF258
C 256
= 0000021830FC6B78
R
P 0000021830F39F78
C 345
R
P 0000021830F39F78
P 0000021830FC6B78
C 211
R
P 0000021830F39F78
C 345
R
P 0000021830F39F78
P 0000021831BDF258
C 262
R
P 0000021830F39F78
C 345
R
P 0000021830F39F78
P 0000021831BDF258
C 261
R
P 0000021830F39F78
C 345
R
P 0000021830F39F78
P 0000021831BDF258
C 260
R
P 0000021830F39F78
C 345
R
P 0000021830F39F78
P 0000021831BDF258
C 9
R
P 0000021830F39F78
C 345
R
P 0000021830F39F78
P 0000021831BDA938
P 0000021831BDF258
C 102
= 00000218339EF8B8
R
P 0000021830F39F78
C 345
R
P 0000021830F39F78
P 00000218339EF8B8
C 260
R
P 0000021830F39F78
C 345
R
P 0000021830F39F78
P 00000218339EF8B8
C 9
R
P 0000021830F39F78
C 345
R
P 0000021830F39F78
P 0000021833B96B38
P 00000218339EF8B8
C 430
R
P 0000021830F39F78
C 345
R
P 0000021830F39F78
P 0000021833B96B38
C 437
R
P 0000021830F39F78
C 345
R
P 0000021830F39F78
P 0000021833B96B38
C 442
= 00000218346D33B8
R
P 0000021830F39F78
C 345
R
P 0000021830F39F78
P 00000218346D33B8
C 303
R
P 0000021830F39F78
C 345
R
P 0000021830F39F78
P 00000218346D33B8
C 340
R
P 0000021830F39F78
C 345
R
P 0000021830F39F78
P 0000021833B96B38
C 442
= 00000218346D36B8
R
P 0000021830F39F78
C 345
R
P 0000021830F39F78
P 00000218346D36B8
C 303
R
P 0000021830F39F78
C 345
R
P 0000021830F39F78
P 00000218346D36B8
P 0000021830FC8438
I 0
P 0000000000000000
C 305
* 0000021830FC7518 4
R
P 0000021830F39F78
C 345
R
P 0000021830F39F78
P 0000021830FC7518
C 259
R
P 0000021830F39F78
C 345
R
P 0000021830F39F78
P 0000021830FC7518
C 256
= 0000021830FC6B78
R
P 0000021830F39F78
C 345
R
P 0000021830F39F78
P 0000021830FC6B78
C 211
R
P 0000021830F39F78
C 345
R
P 0000021830F39F78
P 0000021830FC7518
C 262
R
P 0000021830F39F78
C 345
R
P 0000021830F39F78
P 0000021830FC7518
C 261
R
P 0000021830F39F78
C 345
R
P 0000021830F39F78
P 0000021830FC7518
C 260
R
P 0000021830F39F78
C 345
R
P 0000021830F39F78
P 0000021830FC7518
C 9
R
P 0000021830F39F78
C 345
R
P 0000021830F39F78
P 0000021830FC7518
I 0
C 271
R
P 0000021830F39F78
C 345
R
P 0000021830F39F78
P 0000021833B96B38
C 442
= 00000218346D3118
R
P 0000021830F39F78
C 345
R
P 0000021830F39F78
P 00000218346D3118
C 303
R
P 0000021830F39F78
C 345
R
P 0000021830F39F78
P 00000218346D3118
P 0000021830FC8458
I 0
P 0000000000000000
C 305
* 0000021831BDEF58 4
R
P 0000021830F39F78
C 345
R
P 0000021830F39F78
P 0000021831BDEF58
C 259
R
P 0000021830F39F78
C 345
R
P 0000021830F39F78
P 0000021831BDEF58
C 256
= 0000021830FC6B78
R
P 0000021830F39F78
C 345
R
P 0000021830F39F78
P 0000021830FC6B78
C 211
R
P 0000021830F39F78
C 345
R
P 0000021830F39F78
P 0000021831BDEF58
C 262
R
P 0000021830F39F78
C 345
R
P 0000021830F39F78
P 0000021831BDEF58
C 261
R
P 0000021830F39F78
C 345
R
P 0000021830F39F78
P 0000021831BDEF58
C 260
R
P 0000021830F39F78
C 345
R
P 0000021830F39F78
P 0000021831BDEF58
C 9
R
P 0000021830F39F78
C 345
R
P 0000021830F39F78
P 0000021831BDEF58
I 0
C 271
R
P 0000021830F39F78
C 345
R
P 0000021830F39F78
P 0000021833B96B38
C 442
= 00000218346D3538
R
P 0000021830F39F78
C 345
R
P 0000021830F39F78
P 00000218346D3538
C 303
R
P 0000021830F39F78
C 345
R
P 0000021830F39F78
P 00000218346D3538
P 0000021831BDA938
I 0
P 0000000000000000
C 305
* 0000021831BDF258 4
R
P 0000021830F39F78
C 345
R
P 0000021830F39F78
P 0000021831BDF258
C 259
R
P 0000021830F39F78
C 345
R
P 0000021830F39F78
P 0000021831BDF258
C 256
= 0000021830FC6B78
R
P 0000021830F39F78
C 345
R
P 0000021830F39F78
P 0000021830FC6B78
C 211
R
P 0000021830F39F78
C 345
R
P 0000021830F39F78
P 0000021831BDF258
C 262
R
P 0000021830F39F78
C 345
R
P 0000021830F39F78
P 0000021831BDF258
C 261
R
P 0000021830F39F78
C 345
R
P 0000021830F39F78
P 0000021831BDF258
C 260
R
P 0000021830F39F78
C 345
R
P 0000021830F39F78
P 0000021831BDF258
C 9
R
P 0000021830F39F78
C 345
R
P 0000021830F39F78
P 0000021831BDF258
I 0
C 271
R
P 0000021830F39F78
C 345
R
P 0000021830F39F78
U 32
C 35
= 0000021830FC6B78
R
P 0000021830F39F78
C 345
R
P 0000021830F39F78
P 0000021830FC6B78
C 259
R
P 0000021830F39F78
C 345
R
P 0000021830F39F78
P 0000021830FC6B78
C 9
R
P 0000021830F39F78
C 345
R
P 0000021830F39F78
I 0
P 0000021830FC6B78
C 152
= 0000021830FC8478
R
P 0000021830F39F78
C 345
R
P 0000021830F39F78
P 0000021830FC8478
C 259
R
P 0000021830F39F78
C 345
R
P 0000021830F39F78
P 0000021830FC8478
C 256
= 0000021830FC6B78
R
P 0000021830F39F78
C 345
R
P 0000021830F39F78
P 0000021830FC6B78
C 211
R
P 0000021830F39F78
C 345
R
P 0000021830F39F78
P 0000021830FC8478
C 262
R
P 0000021830F39F78
C 345
R
P 0000021830F39F78
P 0000021830FC8478
C 261
R
P 0000021830F39F78
C 345
R
P 0000021830F39F78
P 0000021830FC8478
C 260
R
P 0000021830F39F78
C 345
R
P 0000021830F39F78
P 0000021830FC8478
C 9
R
P 0000021830F39F78
C 345
R
P 0000021830F39F78
P 0000021830FC8438
P 0000021830FC8478
C 102
= 00000218339DC0A0
R
P 0000021830F39F78
C 345
R
P 0000021830F39F78
P 00000218339DC0A0
C 260
R
P 0000021830F39F78
C 345
R
P 0000021830F39F78
P 00000218339DC0A0
C 9
R
P 0000021830F39F78
C 345
R
P 0000021830F39F78
P 0000021833B96B38
P 00000218339DC0A0
C 430
R
P 0000021830F39F78
C 345
R
P 0000021830F39F78
U 32
C 35
= 0000021830FC6B78
R
P 0000021830F39F78
C 345
R
P 0000021830F39F78
P 0000021830FC6B78
C 259
R
P 0000021830F39F78
C 345
R
P 0000021830F39F78
P 0000021830FC6B78
C 9
R
P 0000021830F39F78
C 345
R
P 0000021830F39F78
I 1
P 0000021830FC6B78
C 152
= 0000021830FC7518
R
P 0000021830F39F78
C 345
R
P 0000021830F39F78
P 0000021830FC7518
C 259
R
P 0000021830F39F78
C 345
R
P 0000021830F39F78
P 0000021830FC7518
C 256
= 0000021830FC6B78
R
P 0000021830F39F78
C 345
R
P 0000021830F39F78
P 0000021830FC6B78
C 211
R
P 0000021830F39F78
C 345
R
P 0000021830F39F78
P 0000021830FC7518
C 262
R
P 0000021830F39F78
C 345
R
P 0000021830F39F78
P 0000021830FC7518
C 261
R
P 0000021830F39F78
C 345
R
P 0000021830F39F78
P 0000021830FC7518
C 260
R
P 0000021830F39F78
C 345
R
P 0000021830F39F78
P 0000021830FC7518
C 9
R
P 0000021830F39F78
C 345
R
P 0000021830F39F78
P 0000021830FC8438
P 0000021830FC7518
C 102
= 00000218339DCA08
R
P 0000021830F39F78
C 345
R
P 0000021830F39F78
P 00000218339DCA08
C 260
R
P 0000021830F39F78
C 345
R
P 0000021830F39F78
P 00000218339DCA08
C 9
R
P 0000021830F39F78
C 345
R
P 0000021830F39F78
P 0000021833B96B38
P 00000218339DCA08
C 430
R
P 0000021830F39F78
C 345
R
P 0000021830F39F78
U 32
C 35
= 0000021830FC6B78
R
P 0000021830F39F78
C 345
R
P 0000021830F39F78
P 0000021830FC6B78
C 259
R
P 0000021830F39F78
C 345
R
P 0000021830F39F78
P 0000021830FC6B78
C 9
R
P 0000021830F39F78
C 345
R
P 0000021830F39F78
I 2139095040
P 0000021830FC6B78
C 152
= 0000021831BDEF58
R
P 0000021830F39F78
C 345
R
P 0000021830F39F78
P 0000021831BDEF58
C 259
R
P 0000021830F39F78
C 345
R
P 0000021830F39F78
P 0000021831BDEF58
C 256
= 0000021830FC6B78
R
P 0000021830F39F78
C 345
R
P 0000021830F39F78
P 0000021830FC6B78
C 211
R
P 0000021830F39F78
C 345
R
P 0000021830F39F78
P 0000021831BDEF58
C 262
R
P 0000021830F39F78
C 345
R
P 0000021830F39F78
P 0000021831BDEF58
C 261
R
P 0000021830F39F78
C 345
R
P 0000021830F39F78
P 0000021831BDEF58
C 260
R
P 0000021830F39F78
C 345
R
P 0000021830F39F78
P 0000021831BDEF58
C 9
R
P 0000021830F39F78
C 345
R
P 0000021830F39F78
P 0000021830FC8458
P 0000021831BDEF58
C 102
= 00000218339EF228
R
P 0000021830F39F78
C 345
R
P 0000021830F39F78
P 00000218339EF228
C 260
R
P 0000021830F39F78
C 345
R
P 0000021830F39F78
P 00000218339EF228
C 9
R
P 0000021830F39F78
C 345
R
P 0000021830F39F78
P 0000021833B96B38
P 00000218339EF228
C 430
R
P 0000021830F39F78
C 345
R
P 0000021830F39F78
U 32
C 35
= 0000021830FC6B78
R
P 0000021830F39F78
C 345
R
P 0000021830F39F78
P 0000021830FC6B78
C 259
R
P 0000021830F39F78
C 345
R
P 0000021830F39F78
P 0000021830FC6B78
C 9
R
P 0000021830F39F78
C 345
R
P 0000021830F39F78
I 8388608
P 0000021830FC6B78
C 152
= 0000021831BDF258
R
P 0000021830F39F78
C 345
R
P 0000021830F39F78
P 0000021831BDF258
C 259
R
P 0000021830F39F78
C 345
R
P 0000021830F39F78
P 0000021831BDF258
C 256
= 0000021830FC6B78
R
P 0000021830F39F78
C 345
R
P 0000021830F39F78
P 0000021830FC6B78
C 211
R
P 0000021830F39F78
C 345
R
P 0000021830F39F78
P 0000021831BDF258
C 262
R
P 0000021830F39F78
C 345
R
P 0000021830F39F78
P 0000021831BDF258
C 261
R
P 0000021830F39F78
C 345
R
P 0000021830F39F78
P 0000021831BDF258
C 260
R
P 0000021830F39F78
C 345
R
P 0000021830F39F78
P 0000021831BDF258
C 9
R
P 0000021830F39F78
C 345
R
P 0000021830F39F78
P 0000021831BDA938
P 0000021831BDF258
C 102
= 00000218339EF8B8
R
P 0000021830F39F78
C 345
R
P 0000021830F39F78
P 00000218339EF8B8
C 260
R
P 0000021830F39F78
C 345
R
P 0000021830F39F78
P 00000218339EF8B8
C 9
R
P 0000021830F39F78
C 345
R
P 0000021830F39F78
P 0000021833B96B38
P 00000218339EF8B8
C 430
R
P 0000021830F39F78
C 345
R
P 0000021830F39F78
P 0000021833B96B38
C 437
R
P 0000021830F39F78
C 345
R
P 0000021830F39F78
P 0000021833B96B38
C 442
= 00000218346D3568
R
P 0000021830F39F78
C 345
R
P 0000021830F39F78
P 00000218346D3568
C 303
R
P 0000021830F39F78
C 345
R
P 0000021830F39F78
P 00000218346D3568
C 340
R
P 0000021830F39F78
C 345
R
P 0000021830F39F78
P 0000021833B96B38
C 442
= 00000218346D35C8
R
P 0000021830F39F78
C 345
R
P 0000021830F39F78
P 00000218346D35C8
C 303
R
P 0000021830F39F78
C 345
R
P 0000021830F39F78
P 00000218346D35C8
P 0000021830FC8438
I 0
P 0000000000000000
C 305
* 0000021830FC8478 4
R
P 0000021830F39F78
C 345
R
P 0000021830F39F78
P 0000021830FC8478
C 259
R
P 0000021830F39F78
C 345
R
P 0000021830F39F78
P 0000021830FC8478
C 256
= 0000021830FC6B78
R
P 0000021830F39F78
C 345
R
P 0000021830F39F78
P 0000021830FC6B78
C 211
R
P 0000021830F39F78
C 345
R
P 0000021830F39F78
P 0000021830FC8478
C 262
R
P 0000021830F39F78
C 345
R
P 0000021830F39F78
P 0000021830FC8478
C 261
R
P 0000021830F39F78
C 345
R
P 0000021830F39F78
P 0000021830FC8478
C 260
R
P 0000021830F39F78
C 345
R
P 0000021830F39F78
P 0000021830FC8478
C 9
R
P 0000021830F39F78
C 345
R
P 0000021830F39F78
P 0000021830FC8478
I 0
C 271
R
P 0000021830F39F78
C 345
R
P 0000021830F39F78
P 0000021833B96B38
C 442
= 00000218346D2EA8
R
P 0000021830F39F78
C 345
R
P 0000021830F39F78
P 00000218346D2EA8
C 303
R
P 0000021830F39F78
C 345
R
P 0000021830F39F78
P 00000218346D2EA8
P 0000021830FC8458
I 0
P 0000000000000000
C 305
* 0000021831BDEF58 4
R
P 0000021830F39F78
C 345
R
P 0000021830F39F78
P 0000021831BDEF58
C 259
R
P 0000021830F39F78
C 345
R
P 0000021830F39F78
P 0000021831BDEF58
C 256
= 0000021830FC6B78
R
P 0000021830F39F78
C 345
R
P 0000021830F39F78
P 0000021830FC6B78
C 211
R
P 0000021830F39F78
C 345
R
P 0000021830F39F78
P 0000021831BDEF58
C 262
R
P 0000021830F39F78
C 345
R
P 0000021830F39F78
P 0000021831BDEF58
C 261
R
P 0000021830F39F78
C 345
R
P 0000021830F39F78
P 0000021831BDEF58
C 260
R
P 0000021830F39F78
C 345
R
P 0000021830F39F78
P 0000021831BDEF58
C 9
R
P 0000021830F39F78
C 345
R
P 0000021830F39F78
P 0000021831BDEF58
I 0
C 271
R
P 0000021830F39F78
C 345
R
P 0000021830F39F78
P 0000021833B96B38
C 442
= 00000218346D2FF8
R
P 0000021830F39F78
C 345
R
P 0000021830F39F78
P 00000218346D2FF8
C 303
R
P 0000021830F39F78
C 345
R
P 0000021830F39F78
P 00000218346D2FF8
P 0000021831BDA938
I 0
P 0000000000000000
C 305
* 0000021831BDF258 4
R
P 0000021830F39F78
C 345
R
P 0000021830F39F78
P 0000021831BDF258
C 259
R
P 0000021830F39F78
C 345
R
P 0000021830F39F78
P 0000021831BDF258
C 256
= 0000021830FC6B78
R
P 0000021830F39F78
C 345
R
P 0000021830F39F78
P 0000021830FC6B78
C 211
R
P 0000021830F39F78
C 345
R
P 0000021830F39F78
P 0000021831BDF258
C 262
R
P 0000021830F39F78
C 345
R
P 0000021830F39F78
P 0000021831BDF258
C 261
R
P 0000021830F39F78
C 345
R
P 0000021830F39F78
P 0000021831BDF258
C 260
R
P 0000021830F39F78
C 345
R
P 0000021830F39F78
P 0000021831BDF258
C 9
R
P 0000021830F39F78
C 345
R
P 0000021830F39F78
P 0000021831BDF258
I 0
C 271
R
P 0000021830F39F78
C 345
R
P 0000021830F39F78
U 32
C 35
= 0000021830FC6B78
R
P 0000021830F39F78
C 345
R
P 0000021830F39F78
P 0000021830FC6B78
C 259
R
P 0000021830F39F78
C 345
R
P 0000021830F39F78
P 0000021830FC6B78
C 9
R
P 0000021830F39F78
C 345
R
P 0000021830F39F78
I 1069547520
P 0000021830FC6B78
C 152
= 0000021831BDF538
R
P 0000021830F39F78
C 345
R
P 0000021830F39F78
P 0000021831BDF538
C 259
R
P 0000021830F39F78
C 345
R
P 0000021830F39F78
P 0000021831BDF538
C 256
= 0000021830FC6B78
R
P 0000021830F39F78
C 345
R
P 0000021830F39F78
P 0000021830FC6B78
C 211
R
P 0000021830F39F78
C 345
R
P 0000021830F39F78
P 0000021831BDF538
C 262
R
P 0000021830F39F78
C 345
R
P 0000021830F39F78
P 0000021831BDF538
C 261
R
P 0000021830F39F78
C 345
R
P 0000021830F39F78
P 0000021831BDF538
C 260
R
P 0000021830F39F78
C 345
R
P 0000021830F39F78
P 0000021831BDF538
C 9
R
P 0000021830F39F78
C 345
R
P 0000021830F39F78
P 0000021830FC8458
P 0000021831BDF538
C 102
= 00000218339DBFF8
R
P 0000021830F39F78
C 345
R
P 0000021830F39F78
P 00000218339DBFF8
C 260
R
P 0000021830F39F78
C 345
R
P 0000021830F39F78
P 00000218339DBFF8
C 9
R
P 0000021830F39F78
C 345
R
P 0000021830F39F78
P 0000021833B96B38
P 00000218339DBFF8
C 430
R
P 0000021830F39F78
C 345
R
P 0000021830F39F78
U 32
C 35
= 0000021830FC6B78
R
P 0000021830F39F78
C 345
R
P 0000021830F39F78
P 0000021830FC6B78
C 259
R
P 0000021830F39F78
C 345
R
P 0000021830F39F78
P 0000021830FC6B78
C 9
R
P 0000021830F39F78
C 345
R
P 0000021830F39F78
I 0
P 0000021830FC6B78
C 152
= 0000021830FC8478
R
P 0000021830F39F78
C 345
R
P 0000021830F39F78
P 0000021830FC8478
C 259
R
P 0000021830F39F78
C 345
R
P 0000021830F39F78
P 0000021830FC8478
C 256
= 0000021830FC6B78
R
P 0000021830F39F78
C 345
R
P 0000021830F39F78
P 0000021830FC6B78
C 211
R
P 0000021830F39F78
C 345
R
P 0000021830F39F78
P 0000021830FC8478
C 262
R
P 0000021830F39F78
C 345
R
P 0000021830F39F78
P 0000021830FC8478
C 261
R
P 0000021830F39F78
C 345
R
P 0000021830F39F78
P 0000021830FC8478
C 260
R
P 0000021830F39F78
C 345
R
P 0000021830F39F78
P 0000021830FC8478
C 9
R
P 0000021830F39F78
C 345
R
P 0000021830F39F78
P 0000021830FC8438
P 0000021830FC8478
C 102
= 00000218339DC0A0
R
P 0000021830F39F78
C 345
R
P 0000021830F39F78
P 00000218339DC0A0
C 260
R
P 0000021830F39F78
C 345
R
P 0000021830F39F78
P 00000218339DC0A0
C 9
R
P 0000021830F39F78
C 345
R
P 0000021830F39F78
P 0000021833B96B38
P 00000218339DC0A0
C 430
R
P 0000021830F39F78
C 345
R
P 0000021830F39F78
U 32
C 35
= 0000021830FC6B78
R
P 0000021830F39F78
C 345
R
P 0000021830F39F78
P 0000021830FC6B78
C 259
R
P 0000021830F39F78
C 345
R
P 0000021830F39F78
P 0000021830FC6B78
C 9
R
P 0000021830F39F78
C 345
R
P 0000021830F39F78
I 2139095040
P 0000021830FC6B78
C 152
= 0000021831BDEF58
R
P 0000021830F39F78
C 345
R
P 0000021830F39F78
P 0000021831BDEF58
C 259
R
P 0000021830F39F78
C 345
R
P 0000021830F39F78
P 0000021831BDEF58
C 256
= 0000021830FC6B78
R
P 0000021830F39F78
C 345
R
P 0000021830F39F78
P 0000021830FC6B78
C 211
R
P 0000021830F39F78
C 345
R
P 0000021830F39F78
P 0000021831BDEF58
C 262
R
P 0000021830F39F78
C 345
R
P 0000021830F39F78
P 0000021831BDEF58
C 261
R
P 0000021830F39F78
C 345
R
P 0000021830F39F78
P 0000021831BDEF58
C 260
R
P 0000021830F39F78
C 345
R
P 0000021830F39F78
P 0000021831BDEF58
C 9
R
P 0000021830F39F78
C 345
R
P 0000021830F39F78
P 0000021830FC8458
P 0000021831BDEF58
C 102
= 00000218339EF228
R
P 0000021830F39F78
C 345
R
P 0000021830F39F78
P 00000218339EF228
C 260
R
P 0000021830F39F78
C 345
R
P 0000021830F39F78
P 00000218339EF228
C 9
R
P 0000021830F39F78
C 345
R
P 0000021830F39F78
P 0000021833B96B38
P 00000218339EF228
C 430
R
P 0000021830F39F78
C 345
R
P 0000021830F39F78
U 32
C 35
= 0000021830FC6B78
R
P 0000021830F39F78
C 345
R
P 0000021830F39F78
P 0000021830FC6B78
C 259
R
P 0000021830F39F78
C 345
R
P 0000021830F39F78
P 0000021830FC6B78
C 9
R
P 0000021830F39F78
C 345
R
P 0000021830F39F78
I 8388608
P 0000021830FC6B78
C 152
= 0000021831BDF258
R
P 0000021830F39F78
C 345
R
P 0000021830F39F78
P 0000021831BDF258
C 259
R
P 0000021830F39F78
C 345
R
P 0000021830F39F78
P 0000021831BDF258
C 256
= 0000021830FC6B78
R
P 0000021830F39F78
C 345
R
P 0000021830F39F78
P 0000021830FC6B78
C 211
R
P 0000021830F39F78
C 345
R
P 0000021830F39F78
P 0000021831BDF258
C 262
R
P 0000021830F39F78
C 345
R
P 0000021830F39F78
P 0000021831BDF258
C 261
R
P 0000021830F39F78
C 345
R
P 0000021830F39F78
P 0000021831BDF258
C 260
R
P 0000021830F39F78
C 345
R
P 0000021830F39F78
P 0000021831BDF258
C 9
R
P 0000021830F39F78
C 345
R
P 0000021830F39F78
P 0000021831BDA938
P 0000021831BDF258
C 102
= 00000218339EF8B8
R
P 0000021830F39F78
C 345
R
P 0000021830F39F78
P 00000218339EF8B8
C 260
R
P 0000021830F39F78
C 345
R
P 0000021830F39F78
P 00000218339EF8B8
C 9
R
P 0000021830F39F78
C 345
R
P 0000021830F39F78
P 0000021833B96B38
P 00000218339EF8B8
C 430
R
P 0000021830F39F78
C 345
R
P 0000021830F39F78
P 0000021833B96B38
C 437
R
P 0000021830F39F78
C 345
R
P 0000021830F39F78
P 0000021833B96B38
C 442
= 00000218346D3B38
R
P 0000021830F39F78
C 345
R
P 0000021830F39F78
P 00000218346D3B38
C 303
R
P 0000021830F39F78
C 345
R
P 0000021830F39F78
P 00000218346D3B38
C 340
R
P 0000021830F39F78
C 345
R
P 0000021830F39F78
P 0000021833B96B38
C 442
= 00000218346D4258
R
P 0000021830F39F78
C 345
R
P 0000021830F39F78
P 00000218346D4258
C 303
R
P 0000021830F39F78
C 345
R
P 0000021830F39F78
P 00000218346D4258
P 0000021830FC8438
I 0
P 0000000000000000
C 305
* 0000021830FC8478 4
R
P 0000021830F39F78
C 345
R
P 0000021830F39F78
P 0000021830FC8478
C 259
R
P 0000021830F39F78
C 345
R
P 0000021830F39F78
P 0000021830FC8478
C 256
= 0000021830FC6B78
R
P 0000021830F39F78
C 345
R
P 0000021830F39F78
P 0000021830FC6B78
C 211
R
P 0000021830F39F78
C 345
R
P 0000021830F39F78
P 0000021830FC8478
C 262
R
P 0000021830F39F78
C 345
R
P 0000021830F39F78
P 0000021830FC8478
C 261
R
P 0000021830F39F78
C 345
R
P 0000021830F39F78
P 0000021830FC8478
C 260
R
P 0000021830F39F78
C 345
R
P 0000021830F39F78
P 0000021830FC8478
C 9
R
P 0000021830F39F78
C 345
R
P 0000021830F39F78
P 0000021830FC8478
I 0
C 271
R
P 0000021830F39F78
C 345
R
P 0000021830F39F78
P 0000021833B96B38
C 442
= 00000218346D3DA8
R
P 0000021830F39F78
C 345
R
P 0000021830F39F78
P 00000218346D3DA8
C 303
R
P 0000021830F39F78
C 345
R
P 0000021830F39F78
P 00000218346D3DA8
P 0000021830FC8458
I 0
P 0000000000000000
C 305
* 0000021831BDEEF8 4
R
P 0000021830F39F78
C 345
R
P 0000021830F39F78
P 0000021831BDEEF8
C 259
R
P 0000021830F39F78
C 345
R
P 0000021830F39F78
P 0000021831BDEEF8
C 256
= 0000021830FC6B78
R
P 0000021830F39F78
C 345
R
P 0000021830F39F78
P 0000021830FC6B78
C 211
R
P 0000021830F39F78
C 345
R
P 0000021830F39F78
P 0000021831BDEEF8
C 262
R
P 0000021830F39F78
C 345
R
P 0000021830F39F78
P 0000021831BDEEF8
C 261
R
P 0000021830F39F78
C 345
R
P 0000021830F39F78
P 0000021831BDEEF8
C 260
R
P 0000021830F39F78
C 345
R
P 0000021830F39F78
P 0000021831BDEEF8
C 9
R
P 0000021830F39F78
C 345
R
P 0000021830F39F78
P 0000021831BDEEF8
I 0
C 271
R
P 0000021830F39F78
C 345
R
P 0000021830F39F78
P 0000021833B96B38
C 442
= 00000218346D3CB8
R
P 0000021830F39F78
C 345
R
P 0000021830F39F78
P 00000218346D3CB8
C 303
R
P 0000021830F39F78
C 345
R
P 0000021830F39F78
P 00000218346D3CB8
P 0000021831BDA938
I 0
P 0000000000000000
C 305
* 0000021831BDF258 4
R
P 0000021830F39F78
C 345
R
P 0000021830F39F78
P 0000021831BDF258
C 259
R
P 0000021830F39F78
C 345
R
P 0000021830F39F78
P 0000021831BDF258
C 256
= 0000021830FC6B78
R
P 0000021830F39F78
C 345
R
P 0000021830F39F78
P 0000021830FC6B78
C 211
R
P 0000021830F39F78
C 345
R
P 0000021830F39F78
P 0000021831BDF258
C 262
R
P 0000021830F39F78
C 345
R
P 0000021830F39F78
P 0000021831BDF258
C 261
R
P 0000021830F39F78
C 345
R
P 0000021830F39F78
P 0000021831BDF258
C 260
R
P 0000021830F39F78
C 345
R
P 0000021830F39F78
P 0000021831BDF258
C 9
R
P 0000021830F39F78
C 345
R
P 0000021830F39F78
P 0000021831BDF258
I 0
C 271
R
P 0000021830F39F78
C 345
R
P 0000021830F39F78
U 32
C 35
= 0000021830FC6B78
R
P 0000021830F39F78
C 345
R
P 0000021830F39F78
P 0000021830FC6B78
C 259
R
P 0000021830F39F78
C 345
R
P 0000021830F39F78
P 0000021830FC6B78
C 9
R
P 0000021830F39F78
C 345
R
P 0000021830F39F78
I 532676608
P 0000021830FC6B78
C 152
= 0000021831BDEDB8
R
P 0000021830F39F78
C 345
R
P 0000021830F39F78
P 0000021831BDEDB8
C 259
R
P 0000021830F39F78
C 345
R
P 0000021830F39F78
P 0000021831BDEDB8
C 256
= 0000021830FC6B78
R
P 0000021830F39F78
C 345
R
P 0000021830F39F78
P 0000021830FC6B78
C 211
R
P 0000021830F39F78
C 345
R
P 0000021830F39F78
P 0000021831BDEDB8
C 262
R
P 0000021830F39F78
C 345
R
P 0000021830F39F78
P 0000021831BDEDB8
C 261
R
P 0000021830F39F78
C 345
R
P 0000021830F39F78
P 0000021831BDEDB8
C 260
R
P 0000021830F39F78
C 345
R
P 0000021830F39F78
P 0000021831BDEDB8
C 9
R
P 0000021830F39F78
C 345
R
P 0000021830F39F78
P 0000021830FC8458
P 0000021831BDEDB8
C 102
= 00000218339DC3E8
R
P 0000021830F39F78
C 345
R
P 0000021830F39F78
P 00000218339DC3E8
C 260
R
P 0000021830F39F78
C 345
R
P 0000021830F39F78
P 00000218339DC3E8
C 9
R
P 0000021830F39F78
C 345
R
P 0000021830F39F78
P 0000021833B96B38
P 00000218339DC3E8
C 430
R
P 0000021830F39F78
C 345
R
P 0000021830F39F78
U 32
C 35
= 0000021830FC6B78
R
P 0000021830F39F78
C 345
R
P 0000021830F39F78
P 0000021830FC6B78
C 259
R
P 0000021830F39F78
C 345
R
P 0000021830F39F78
P 0000021830FC6B78
C 9
R
P 0000021830F39F78
C 345
R
P 0000021830F39F78
I 0
P 0000021830FC6B78
C 152
= 0000021830FC8478
R
P 0000021830F39F78
C 345
R
P 0000021830F39F78
P 0000021830FC8478
C 259
R
P 0000021830F39F78
C 345
R
P 0000021830F39F78
P 0000021830FC8478
C 256
= 0000021830FC6B78
R
P 0000021830F39F78
C 345
R
P 0000021830F39F78
P 0000021830FC6B78
C 211
R
P 0000021830F39F78
C 345
R
P 0000021830F39F78
P 0000021830FC8478
C 262
R
P 0000021830F39F78
C 345
R
P 0000021830F39F78
P 0000021830FC8478
C 261
R
P 0000021830F39F78
C 345
R
P 0000021830F39F78
P 0000021830FC8478
C 260
R
P 0000021830F39F78
C 345
R
P 0000021830F39F78
P 0000021830FC8478
C 9
R
P 0000021830F39F78
C 345
R
P 0000021830F39F78
P 0000021830FC8438
P 0000021830FC8478
C 102
= 00000218339DC0A0
R
P 0000021830F39F78
C 345
R
P 0000021830F39F78
P 00000218339DC0A0
C 260
R
P 0000021830F39F78
C 345
R
P 0000021830F39F78
P 00000218339DC0A0
C 9
R
P 0000021830F39F78
C 345
R
P 0000021830F39F78
P 0000021833B96B38
P 00000218339DC0A0
C 430
R
P 0000021830F39F78
C 345
R
P 0000021830F39F78
U 32
C 35
= 0000021830FC6B78
R
P 0000021830F39F78
C 345
R
P 0000021830F39F78
P 0000021830FC6B78
C 259
R
P 0000021830F39F78
C 345
R
P 0000021830F39F78
P 0000021830FC6B78
C 9
R
P 0000021830F39F78
C 345
R
P 0000021830F39F78
I 1065353216
P 0000021830FC6B78
C 152
= 0000021831BDEEF8
R
P 0000021830F39F78
C 345
R
P 0000021830F39F78
P 0000021831BDEEF8
C 259
R
P 0000021830F39F78
C 345
R
P 0000021830F39F78
P 0000021831BDEEF8
C 256
= 0000021830FC6B78
R
P 0000021830F39F78
C 345
R
P 0000021830F39F78
P 0000021830FC6B78
C 211
R
P 0000021830F39F78
C 345
R
P 0000021830F39F78
P 0000021831BDEEF8
C 262
R
P 0000021830F39F78
C 345
R
P 0000021830F39F78
P 0000021831BDEEF8
C 261
R
P 0000021830F39F78
C 345
R
P 0000021830F39F78
P 0000021831BDEEF8
C 260
R
P 0000021830F39F78
C 345
R
P 0000021830F39F78
P 0000021831BDEEF8
C 9
R
P 0000021830F39F78
C 345
R
P 0000021830F39F78
P 0000021830FC8458
P 0000021831BDEEF8
C 102
= 00000218339DC810
R
P 0000021830F39F78
C 345
R
P 0000021830F39F78
P 00000218339DC810
C 260
R
P 0000021830F39F78
C 345
R
P 0000021830F39F78
P 00000218339DC810
C 9
R
P 0000021830F39F78
C 345
R
P 0000021830F39F78
P 0000021833B96B38
P 00000218339DC810
C 430
R
P 0000021830F39F78
C 345
R
P 0000021830F39F78
U 32
C 35
= 0000021830FC6B78
R
P 0000021830F39F78
C 345
R
P 0000021830F39F78
P 0000021830FC6B78
C 259
R
P 0000021830F39F78
C 345
R
P 0000021830F39F78
P 0000021830FC6B78
C 9
R
P 0000021830F39F78
C 345
R
P 0000021830F39F78
I 8388608
P 0000021830FC6B78
C 152
= 0000021831BDF258
R
P 0000021830F39F78
C 345
R
P 0000021830F39F78
P 0000021831BDF258
C 259
R
P 0000021830F39F78
C 345
R
P 0000021830F39F78
P 0000021831BDF258
C 256
= 0000021830FC6B78
R
P 0000021830F39F78
C 345
R
P 0000021830F39F78
P 0000021830FC6B78
C 211
R
P 0000021830F39F78
C 345
R
P 0000021830F39F78
P 0000021831BDF258
C 262
R
P 0000021830F39F78
C 345
R
P 0000021830F39F78
P 0000021831BDF258
C 261
R
P 0000021830F39F78
C 345
R
P 0000021830F39F78
P 0000021831BDF258
C 260
R
P 0000021830F39F78
C 345
R
P 0000021830F39F78
P 0000021831BDF258
C 9
R
P 0000021830F39F78
C 345
R
P 0000021830F39F78
P 0000021831BDA938
P 0000021831BDF258
C 102
= 00000218339EF8B8
R
P 0000021830F39F78
C 345
R
P 0000021830F39F78
P 00000218339EF8B8
C 260
R
P 0000021830F39F78
C 345
R
P 0000021830F39F78
P 00000218339EF8B8
C 9
R
P 0000021830F39F78
C 345
R
P 0000021830F39F78
P 0000021833B96B38
P 00000218339EF8B8
C 430
R
P 0000021830F39F78
C 345
R
P 0000021830F39F78
P 0000021833B96B38
C 437
R
P 0000021830F39F78
C 345
R
P 0000021830F39F78
P 0000021833B96B38
C 442
= 00000218346D3CE8
R
P 0000021830F39F78
C 345
R
P 0000021830F39F78
P 00000218346D3CE8
C 303
R
P 0000021830F39F78
C 345
R
P 0000021830F39F78
P 00000218346D3CE8
C 340
R
P 0000021830F39F78
C 345
R
P 0000021830F39F78
P 0000021833B96B38
C 442
= 00000218346D44F8
R
P 0000021830F39F78
C 345
R
P 0000021830F39F78
P 00000218346D44F8
C 303
R
P 0000021830F39F78
C 345
R
P 0000021830F39F78
P 00000218346D44F8
P 0000021830FC8438
I 0
P 0000000000000000
C 305
* 0000021830FC8478 4
R
P 0000021830F39F78
C 345
R
P 0000021830F39F78
P 0000021830FC8478
C 259
R
P 0000021830F39F78
C 345
R
P 0000021830F39F78
P 0000021830FC8478
C 256
= 0000021830FC6B78
R
P 0000021830F39F78
C 345
R
P 0000021830F39F78
P 0000021830FC6B78
C 211
R
P 0000021830F39F78
C 345
R
P 0000021830F39F78
P 0000021830FC8478
C 262
R
P 0000021830F39F78
C 345
R
P 0000021830F39F78
P 0000021830FC8478
C 261
R
P 0000021830F39F78
C 345
R
P 0000021830F39F78
P 0000021830FC8478
C 260
R
P 0000021830F39F78
C 345
R
P 0000021830F39F78
P 0000021830FC8478
C 9
R
P 0000021830F39F78
C 345
R
P 0000021830F39F78
P 0000021830FC8478
I 0
C 271
R
P 0000021830F39F78
C 345
R
P 0000021830F39F78
P 0000021833B96B38
C 442
= 00000218346D4078
R
P 0000021830F39F78
C 345
R
P 0000021830F39F78
P 00000218346D4078
C 303
R
P 0000021830F39F78
C 345
R
P 0000021830F39F78
P 00000218346D4078
P 0000021830FC8458
I 0
P 0000000000000000
C 305
* 0000021831BDEDF8 4
R
P 0000021830F39F78
C 345
R
P 0000021830F39F78
P 0000021831BDEDF8
C 259
R
P 0000021830F39F78
C 345
R
P 0000021830F39F78
P 0000021831BDEDF8
C 256
= 0000021830FC6B78
R
P 0000021830F39F78
C 345
R
P 0000021830F39F78
P 0000021830FC6B78
C 211
R
P 0000021830F39F78
C 345
R
P 0000021830F39F78
P 0000021831BDEDF8
C 262
R
P 0000021830F39F78
C 345
R
P 0000021830F39F78
P 0000021831BDEDF8
C 261
R
P 0000021830F39F78
C 345
R
P 0000021830F39F78
P 0000021831BDEDF8
C 260
R
P 0000021830F39F78
C 345
R
P 0000021830F39F78
P 0000021831BDEDF8
C 9
R
P 0000021830F39F78
C 345
R
P 0000021830F39F78
P 0000021831BDEDF8
I 0
C 271
R
P 0000021830F39F78
C 345
R
P 0000021830F39F78
P 0000021833B96B38
C 442
= 00000218346D3A78
R
P 0000021830F39F78
C 345
R
P 0000021830F39F78
P 00000218346D3A78
C 303
R
P 0000021830F39F78
C 345
R
P 0000021830F39F78
P 00000218346D3A78
P 0000021831BDA938
I 0
P 0000000000000000
C 305
* 0000021831BDF258 4
R
P 0000021830F39F78
C 345
R
P 0000021830F39F78
P 0000021831BDF258
C 259
R
P 0000021830F39F78
C 345
R
P 0000021830F39F78
P 0000021831BDF258
C 256
= 0000021830FC6B78
R
P 0000021830F39F78
C 345
R
P 0000021830F39F78
P 0000021830FC6B78
C 211
R
P 0000021830F39F78
C 345
R
P 0000021830F39F78
P 0000021831BDF258
C 262
R
P 0000021830F39F78
C 345
R
P 0000021830F39F78
P 0000021831BDF258
C 261
R
P 0000021830F39F78
C 345
R
P 0000021830F39F78
P 0000021831BDF258
C 260
R
P 0000021830F39F78
C 345
R
P 0000021830F39F78
P 0000021831BDF258
C 9
R
P 0000021830F39F78
C 345
R
P 0000021830F39F78
P 0000021831BDF258
I 0
C 271
R
P 0000021830F39F78
C 345
R
P 0000021830F39F78
U 32
C 35
= 0000021830FC6B78
R
P 0000021830F39F78
C 345
R
P 0000021830F39F78
P 0000021830FC6B78
C 259
R
P 0000021830F39F78
C 345
R
P 0000021830F39F78
P 0000021830FC6B78
C 9
R
P 0000021830F39F78
C 345
R
P 0000021830F39F78
I 163577856
P 0000021830FC6B78
C 152
= 0000021831BDED18
R
P 0000021830F39F78
C 345
R
P 0000021830F39F78
P 0000021831BDED18
C 259
R
P 0000021830F39F78
C 345
R
P 0000021830F39F78
P 0000021831BDED18
C 256
= 0000021830FC6B78
R
P 0000021830F39F78
C 345
R
P 0000021830F39F78
P 0000021830FC6B78
C 211
R
P 0000021830F39F78
C 345
R
P 0000021830F39F78
P 0000021831BDED18
C 262
R
P 0000021830F39F78
C 345
R
P 0000021830F39F78
P 0000021831BDED18
C 261
R
P 0000021830F39F78
C 345
R
P 0000021830F39F78
P 0000021831BDED18
C 260
R
P 0000021830F39F78
C 345
R
P 0000021830F39F78
P 0000021831BDED18
C 9
R
P 0000021830F39F78
C 345
R
P 0000021830F39F78
P 0000021830FC8458
P 0000021831BDED18
C 102
= 00000218339DC180
R
P 0000021830F39F78
C 345
R
P 0000021830F39F78
P 00000218339DC180
C 260
R
P 0000021830F39F78
C 345
R
P 0000021830F39F78
P 00000218339DC180
C 9
R
P 0000021830F39F78
C 345
R
P 0000021830F39F78
P 0000021833B96B38
P 00000218339DC180
C 430
R
P 0000021830F39F78
C 345
R
P 0000021830F39F78
U 32
C 35
= 0000021830FC6B78
R
P 0000021830F39F78
C 345
R
P 0000021830F39F78
P 0000021830FC6B78
C 259
R
P 0000021830F39F78
C 345
R
P 0000021830F39F78
P 0000021830FC6B78
C 9
R
P 0000021830F39F78
C 345
R
P 0000021830F39F78
I 0
P 0000021830FC6B78
C 152
= 0000021830FC8478
R
P 0000021830F39F78
C 345
R
P 0000021830F39F78
P 0000021830FC8478
C 259
R
P 0000021830F39F78
C 345
R
P 0000021830F39F78
P 0000021830FC8478
C 256
= 0000021830FC6B78
R
P 0000021830F39F78
C 345
R
P 0000021830F39F78
P 0000021830FC6B78
C 211
R
P 0000021830F39F78
C 345
R
P 0000021830F39F78
P 0000021830FC8478
C 262
R
P 0000021830F39F78
C 345
R
P 0000021830F39F78
P 0000021830FC8478
C 261
R
P 0000021830F39F78
C 345
R
P 0000021830F39F78
P 0000021830FC8478
C 260
R
P 0000021830F39F78
C 345
R
P 0000021830F39F78
P 0000021830FC8478
C 9
R
P 0000021830F39F78
C 345
R
P 0000021830F39F78
P 0000021830FC8438
P 0000021830FC8478
C 102
= 00000218339DC0A0
R
P 0000021830F39F78
C 345
R
P 0000021830F39F78
P 00000218339DC0A0
C 260
R
P 0000021830F39F78
C 345
R
P 0000021830F39F78
P 00000218339DC0A0
C 9
R
P 0000021830F39F78
C 345
R
P 0000021830F39F78
P 0000021833B96B38
P 00000218339DC0A0
C 430
R
P 0000021830F39F78
C 345
R
P 0000021830F39F78
U 32
C 35
= 0000021830FC6B78
R
P 0000021830F39F78
C 345
R
P 0000021830F39F78
P 0000021830FC6B78
C 259
R
P 0000021830F39F78
C 345
R
P 0000021830F39F78
P 0000021830FC6B78
C 9
R
P 0000021830F39F78
C 345
R
P 0000021830F39F78
I 327155712
P 0000021830FC6B78
C 152
= 0000021831BDEDF8
R
P 0000021830F39F78
C 345
R
P 0000021830F39F78
P 0000021831BDEDF8
C 259
R
P 0000021830F39F78
C 345
R
P 0000021830F39F78
P 0000021831BDEDF8
C 256
= 0000021830FC6B78
R
P 0000021830F39F78
C 345
R
P 0000021830F39F78
P 0000021830FC6B78
C 211
R
P 0000021830F39F78
C 345
R
P 0000021830F39F78
P 0000021831BDEDF8
C 262
R
P 0000021830F39F78
C 345
R
P 0000021830F39F78
P 0000021831BDEDF8
C 261
R
P 0000021830F39F78
C 345
R
P 0000021830F39F78
P 0000021831BDEDF8
C 260
R
P 0000021830F39F78
C 345
R
P 0000021830F39F78
P 0000021831BDEDF8
C 9
R
P 0000021830F39F78
C 345
R
P 0000021830F39F78
P 0000021830FC8458
P 0000021831BDEDF8
C 102
= 00000218339DC5E0
R
P 0000021830F39F78
C 345
R
P 0000021830F39F78
P 00000218339DC5E0
C 260
R
P 0000021830F39F78
C 345
R
P 0000021830F39F78
P 00000218339DC5E0
C 9
R
P 0000021830F39F78
C 345
R
P 0000021830F39F78
P 0000021833B96B38
P 00000218339DC5E0
C 430
R
P 0000021830F39F78
C 345
R
P 0000021830F39F78
U 32
C 35
= 0000021830FC6B78
R
P 0000021830F39F78
C 345
R
P 0000021830F39F78
P 0000021830FC6B78
C 259
R
P 0000021830F39F78
C 345
R
P 0000021830F39F78
P 0000021830FC6B78
C 9
R
P 0000021830F39F78
C 345
R
P 0000021830F39F78
I 8388608
P 0000021830FC6B78
C 152
= 0000021831BDF258
R
P 0000021830F39F78
C 345
R
P 0000021830F39F78
P 0000021831BDF258
C 259
R
P 0000021830F39F78
C 345
R
P 0000021830F39F78
P 0000021831BDF258
C 256
= 0000021830FC6B78
R
P 0000021830F39F78
C 345
R
P 0000021830F39F78
P 0000021830FC6B78
C 211
R
P 0000021830F39F78
C 345
R
P 0000021830F39F78
P 0000021831BDF258
C 262
R
P 0000021830F39F78
C 345
R
P 0000021830F39F78
P 0000021831BDF258
C 261
R
P 0000021830F39F78
C 345
R
P 0000021830F39F78
P 0000021831BDF258
C 260
R
P 0000021830F39F78
C 345
R
P 0000021830F39F78
P 0000021831BDF258
C 9
R
P 0000021830F39F78
C 345
R
P 0000021830F39F78
P 0000021831BDA938
P 0000021831BDF258
C 102
= 00000218339EF8B8
R
P 0000021830F39F78
C 345
R
P 0000021830F39F78
P 00000218339EF8B8
C 260
R
P 0000021830F39F78
C 345
R
P 0000021830F39F78
P 00000218339EF8B8
C 9
R
P 0000021830F39F78
C 345
R
P 0000021830F39F78
P 0000021833B96B38
P 00000218339EF8B8
C 430
R
P 0000021830F39F78
C 345
R
P 0000021830F39F78
P 0000021833B96B38
C 437
R
P 0000021830F39F78
C 345
R
P 0000021830F39F78
P 0000021833B96B38
C 442
= 00000218346D4648
R
P 0000021830F39F78
C 345
R
P 0000021830F39F78
P 00000218346D4648
C 303
R
P 0000021830F39F78
C 345
R
P 0000021830F39F78
P 00000218346D4648
C 340
R
P 0000021830F39F78
C 345
R
P 0000021830F39F78
P 0000021833B96B38
C 442
= 00000218346D49A8
R
P 0000021830F39F78
C 345
R
P 0000021830F39F78
P 00000218346D49A8
C 303
R
P 0000021830F39F78
C 345
R
P 0000021830F39F78
P 00000218346D49A8
P 0000021830FC8438
I 0
P 0000000000000000
C 305
* 0000021830FC8478 4
R
P 0000021830F39F78
C 345
R
P 0000021830F39F78
P 0000021830FC8478
C 259
R
P 0000021830F39F78
C 345
R
P 0000021830F39F78
P 0000021830FC8478
C 256
= 0000021830FC6B78
R
P 0000021830F39F78
C 345
R
P 0000021830F39F78
P 0000021830FC6B78
C 211
R
P 0000021830F39F78
C 345
R
P 0000021830F39F78
P 0000021830FC8478
C 262
R
P 0000021830F39F78
C 345
R
P 0000021830F39F78
P 0000021830FC8478
C 261
R
P 0000021830F39F78
C 345
R
P 0000021830F39F78
P 0000021830FC8478
C 260
R
P 0000021830F39F78
C 345
R
P 0000021830F39F78
P 0000021830FC8478
C 9
R
P 0000021830F39F78
C 345
R
P 0000021830F39F78
P 0000021830FC8478
I 0
C 271
R
P 0000021830F39F78
C 345
R
P 0000021830F39F78
P 0000021833B96B38
C 442
= 00000218346D4B58
R
P 0000021830F39F78
C 345
R
P 0000021830F39F78
P 00000218346D4B58
C 303
R
P 0000021830F39F78
C 345
R
P 0000021830F39F78
P 00000218346D4B58
P 0000021830FC8458
I 0
P 0000000000000000
C 305
* 0000021831BDED58 4
R
P 0000021830F39F78
C 345
R
P 0000021830F39F78
P 0000021831BDED58
C 259
R
P 0000021830F39F78
C 345
R
P 0000021830F39F78
P 0000021831BDED58
C 256
= 0000021830FC6B78
R
P 0000021830F39F78
C 345
R
P 0000021830F39F78
P 0000021830FC6B78
C 211
R
P 0000021830F39F78
C 345
R
P 0000021830F39F78
P 0000021831BDED58
C 262
R
P 0000021830F39F78
C 345
R
P 0000021830F39F78
P 0000021831BDED58
C 261
R
P 0000021830F39F78
C 345
R
P 0000021830F39F78
P 0000021831BDED58
C 260
R
P 0000021830F39F78
C 345
R
P 0000021830F39F78
P 0000021831BDED58
C 9
R
P 0000021830F39F78
C 345
R
P 0000021830F39F78
P 0000021831BDED58
I 0
C 271
R
P 0000021830F39F78
C 345
R
P 0000021830F39F78
P 0000021833B96B38
C 442
= 00000218346D4C18
R
P 0000021830F39F78
C 345
R
P 0000021830F39F78
P 00000218346D4C18
C 303
R
P 0000021830F39F78
C 345
R
P 0000021830F39F78
P 00000218346D4C18
P 0000021831BDA938
I 0
P 0000000000000000
C 305
* 0000021831BDF258 4
R
P 0000021830F39F78
C 345
R
P 0000021830F39F78
P 0000021831BDF258
C 259
R
P 0000021830F39F78
C 345
R
P 0000021830F39F78
P 0000021831BDF258
C 256
= 0000021830FC6B78
R
P 0000021830F39F78
C 345
R
P 0000021830F39F78
P 0000021830FC6B78
C 211
R
P 0000021830F39F78
C 345
R
P 0000021830F39F78
P 0000021831BDF258
C 262
R
P 0000021830F39F78
C 345
R
P 0000021830F39F78
P 0000021831BDF258
C 261
R
P 0000021830F39F78
C 345
R
P 0000021830F39F78
P 0000021831BDF258
C 260
R
P 0000021830F39F78
C 345
R
P 0000021830F39F78
P 0000021831BDF258
C 9
R
P 0000021830F39F78
C 345
R
P 0000021830F39F78
P 0000021831BDF258
I 0
C 271
R
P 0000021830F39F78
C 345
R
P 0000021830F39F78
U 32
C 35
= 0000021830FC6B78
R
P 0000021830F39F78
C 345
R
P 0000021830F39F78
P 0000021830FC6B78
C 259
R
P 0000021830F39F78
C 345
R
P 0000021830F39F78
P 0000021830FC6B78
C 9
R
P 0000021830F39F78
C 345
R
P 0000021830F39F78
I 29360128
P 0000021830FC6B78
C 152
= 0000021831BDEC58
R
P 0000021830F39F78
C 345
R
P 0000021830F39F78
P 0000021831BDEC58
C 259
R
P 0000021830F39F78
C 345
R
P 0000021830F39F78
P 0000021831BDEC58
C 256
= 0000021830FC6B78
R
P 0000021830F39F78
C 345
R
P 0000021830F39F78
P 0000021830FC6B78
C 211
R
P 0000021830F39F78
C 345
R
P 0000021830F39F78
P 0000021831BDEC58
C 262
R
P 0000021830F39F78
C 345
R
P 0000021830F39F78
P 0000021831BDEC58
C 261
R
P 0000021830F39F78
C 345
R
P 0000021830F39F78
P 0000021831BDEC58
C 260
R
P 0000021830F39F78
C 345
R
P 0000021830F39F78
P 0000021831BDEC58
C 9
R
P 0000021830F39F78
C 345
R
P 0000021830F39F78
P 0000021830FC8458
P 0000021831BDEC58
C 102
= 00000218339DBD58
R
P 0000021830F39F78
C 345
R
P 0000021830F39F78
P 00000218339DBD58
C 260
R
P 0000021830F39F78
C 345
R
P 0000021830F39F78
P 00000218339DBD58
C 9
R
P 0000021830F39F78
C 345
R
P 0000021830F39F78
P 0000021833B96B38
P 00000218339DBD58
C 430
R
P 0000021830F39F78
C 345
R
P 0000021830F39F78
U 32
C 35
= 0000021830FC6B78
R
P 0000021830F39F78
C 345
R
P 0000021830F39F78
P 0000021830FC6B78
C 259
R
P 0000021830F39F78
C 345
R
P 0000021830F39F78
P 0000021830FC6B78
C 9
R
P 0000021830F39F78
C 345
R
P 0000021830F39F78
I 0
P 0000021830FC6B78
C 152
= 0000021830FC8478
R
P 0000021830F39F78
C 345
R
P 0000021830F39F78
P 0000021830FC8478
C 259
R
P 0000021830F39F78
C 345
R
P 0000021830F39F78
P 0000021830FC8478
C 256
= 0000021830FC6B78
R
P 0000021830F39F78
C 345
R
P 0000021830F39F78
P 0000021830FC6B78
C 211
R
P 0000021830F39F78
C 345
R
P 0000021830F39F78
P 0000021830FC8478
C 262
R
P 0000021830F39F78
C 345
R
P 0000021830F39F78
P 0000021830FC8478
C 261
R
P 0000021830F39F78
C 345
R
P 0000021830F39F78
P 0000021830FC8478
C 260
R
P 0000021830F39F78
C 345
R
P 0000021830F39F78
P 0000021830FC8478
C 9
R
P 0000021830F39F78
C 345
R
P 0000021830F39F78
P 0000021830FC8438
P 0000021830FC8478
C 102
= 00000218339DC0A0
R
P 0000021830F39F78
C 345
R
P 0000021830F39F78
P 00000218339DC0A0
C 260
R
P 0000021830F39F78
C 345
R
P 0000021830F39F78
P 00000218339DC0A0
C 9
R
P 0000021830F39F78
C 345
R
P 0000021830F39F78
P 0000021833B96B38
P 00000218339DC0A0
C 430
R
P 0000021830F39F78
C 345
R
P 0000021830F39F78
U 32
C 35
= 0000021830FC6B78
R
P 0000021830F39F78
C 345
R
P 0000021830F39F78
P 0000021830FC6B78
C 259
R
P 0000021830F39F78
C 345
R
P 0000021830F39F78
P 0000021830FC6B78
C 9
R
P 0000021830F39F78
C 345
R
P 0000021830F39F78
I 58720256
P 0000021830FC6B78
C 152
= 0000021831BDED58
R
P 0000021830F39F78
C 345
R
P 0000021830F39F78
P 0000021831BDED58
C 259
R
P 0000021830F39F78
C 345
R
P 0000021830F39F78
P 0000021831BDED58
C 256
= 0000021830FC6B78
R
P 0000021830F39F78
C 345
R
P 0000021830F39F78
P 0000021830FC6B78
C 211
R
P 0000021830F39F78
C 345
R
P 0000021830F39F78
P 0000021831BDED58
C 262
R
P 0000021830F39F78
C 345
R
P 0000021830F39F78
P 0000021831BDED58
C 261
R
P 0000021830F39F78
C 345
R
P 0000021830F39F78
P 0000021831BDED58
C 260
R
P 0000021830F39F78
C 345
R
P 0000021830F39F78
P 0000021831BDED58
C 9
R
P 0000021830F39F78
C 345
R
P 0000021830F39F78
P 0000021830FC8458
P 0000021831BDED58
C 102
= 00000218339DC1F0
R
P 0000021830F39F78
C 345
R
P 0000021830F39F78
P 00000218339DC1F0
C 260
R
P 0000021830F39F78
C 345
R
P 0000021830F39F78
P 00000218339DC1F0
C 9
R
P 0000021830F39F78
C 345
R
P 0000021830F39F78
P 0000021833B96B38
P 00000218339DC1F0
C 430
R
P 0000021830F39F78
C 345
R
P 0000021830F39F78
U 32
C 35
= 0000021830FC6B78
R
P 0000021830F39F78
C 345
R
P 0000021830F39F78
P 0000021830FC6B78
C 259
R
P 0000021830F39F78
C 345
R
P 0000021830F39F78
P 0000021830FC6B78
C 9
R
P 0000021830F39F78
C 345
R
P 0000021830F39F78
I 8388608
P 0000021830FC6B78
C 152
= 0000021831BDF258
R
P 0000021830F39F78
C 345
R
P 0000021830F39F78
P 0000021831BDF258
C 259
R
P 0000021830F39F78
C 345
R
P 0000021830F39F78
P 0000021831BDF258
C 256
= 0000021830FC6B78
R
P 0000021830F39F78
C 345
R
P 0000021830F39F78
P 0000021830FC6B78
C 211
R
P 0000021830F39F78
C 345
R
P 0000021830F39F78
P 0000021831BDF258
C 262
R
P 0000021830F39F78
C 345
R
P 0000021830F39F78
P 0000021831BDF258
C 261
R
P 0000021830F39F78
C 345
R
P 0000021830F39F78
P 0000021831BDF258
C 260
R
P 0000021830F39F78
C 345
R
P 0000021830F39F78
P 0000021831BDF258
C 9
R
P 0000021830F39F78
C 345
R
P 0000021830F39F78
P 0000021831BDA938
P 0000021831BDF258
C 102
= 00000218339EF8B8
R
P 0000021830F39F78
C 345
R
P 0000021830F39F78
P 00000218339EF8B8
C 260
R
P 0000021830F39F78
C 345
R
P 0000021830F39F78
P 00000218339EF8B8
C 9
R
P 0000021830F39F78
C 345
R
P 0000021830F39F78
P 0000021833B96B38
P 00000218339EF8B8
C 430
R
P 0000021830F39F78
C 345
R
P 0000021830F39F78
P 0000021833B96B38
C 437
R
P 0000021830F39F78
C 345
R
P 0000021830F39F78
P 0000021833B96B38
C 442
= 00000218346D4BB8
R
P 0000021830F39F78
C 345
R
P 0000021830F39F78
P 00000218346D4BB8
C 303
R
P 0000021830F39F78
C 345
R
P 0000021830F39F78
P 00000218346D4BB8
C 340
R
P 0000021830F39F78
C 345
R
P 0000021830F39F78
P 0000021833B96B38
C 442
= 00000218346D4CD8
R
P 0000021830F39F78
C 345
R
P 0000021830F39F78
P 00000218346D4CD8
C 303
R
P 0000021830F39F78
C 345
R
P 0000021830F39F78
P 00000218346D4CD8
P 0000021830FC8438
I 0
P 0000000000000000
C 305
* 0000021830FC8478 4
R
P 0000021830F39F78
C 345
R
P 0000021830F39F78
P 0000021830FC8478
C 259
R
P 0000021830F39F78
C 345
R
P 0000021830F39F78
P 0000021830FC8478
C 256
= 0000021830FC6B78
R
P 0000021830F39F78
C 345
R
P 0000021830F39F78
P 0000021830FC6B78
C 211
R
P 0000021830F39F78
C 345
R
P 0000021830F39F78
P 0000021830FC8478
C 262
R
P 0000021830F39F78
C 345
R
P 0000021830F39F78
P 0000021830FC8478
C 261
R
P 0000021830F39F78
C 345
R
P 0000021830F39F78
P 0000021830FC8478
C 260
R
P 0000021830F39F78
C 345
R
P 0000021830F39F78
P 0000021830FC8478
C 9
R
P 0000021830F39F78
C 345
R
P 0000021830F39F78
P 0000021830FC8478
I 0
C 271
R
P 0000021830F39F78
C 345
R
P 0000021830F39F78
P 0000021833B96B38
C 442
= 00000218346D4D68
R
P 0000021830F39F78
C 345
R
P 0000021830F39F78
P 00000218346D4D68
C 303
R
P 0000021830F39F78
C 345
R
P 0000021830F39F78
P 00000218346D4D68
P 0000021830FC8458
I 0
P 0000000000000000
C 305
* 0000021831BDEC78 4
R
P 0000021830F39F78
C 345
R
P 0000021830F39F78
P 0000021831BDEC78
C 259
R
P 0000021830F39F78
C 345
R
P 0000021830F39F78
P 0000021831BDEC78
C 256
= 0000021830FC6B78
R
P 0000021830F39F78
C 345
R
P 0000021830F39F78
P 0000021830FC6B78
C 211
R
P 0000021830F39F78
C 345
R
P 0000021830F39F78
P 0000021831BDEC78
C 262
R
P 0000021830F39F78
C 345
R
P 0000021830F39F78
P 0000021831BDEC78
C 261
R
P 0000021830F39F78
C 345
R
P 0000021830F39F78
P 0000021831BDEC78
C 260
R
P 0000021830F39F78
C 345
R
P 0000021830F39F78
P 0000021831BDEC78
C 9
R
P 0000021830F39F78
C 345
R
P 0000021830F39F78
P 0000021831BDEC78
I 0
C 271
R
P 0000021830F39F78
C 345
R
P 0000021830F39F78
P 0000021833B96B38
C 442
= 00000218346D4D38
R
P 0000021830F39F78
C 345
R
P 0000021830F39F78
P 00000218346D4D38
C 303
R
P 0000021830F39F78
C 345
R
P 0000021830F39F78
P 00000218346D4D38
P 0000021831BDA938
I 0
P 0000000000000000
C 305
* 0000021831BDF258 4
R
P 0000021830F39F78
C 345
R
P 0000021830F39F78
P 0000021831BDF258
C 259
R
P 0000021830F39F78
C 345
R
P 0000021830F39F78
P 0000021831BDF258
C 256
= 0000021830FC6B78
R
P 0000021830F39F78
C 345
R
P 0000021830F39F78
P 0000021830FC6B78
C 211
R
P 0000021830F39F78
C 345
R
P 0000021830F39F78
P 0000021831BDF258
C 262
R
P 0000021830F39F78
C 345
R
P 0000021830F39F78
P 0000021831BDF258
C 261
R
P 0000021830F39F78
C 345
R
P 0000021830F39F78
P 0000021831BDF258
C 260
R
P 0000021830F39F78
C 345
R
P 0000021830F39F78
P 0000021831BDF258
C 9
R
P 0000021830F39F78
C 345
R
P 0000021830F39F78
P 0000021831BDF258
I 0
C 271
R
P 0000021830F39F78
C 345
R
P 0000021830F39F78
U 32
C 35
= 0000021830FC6B78
R
P 0000021830F39F78
C 345
R
P 0000021830F39F78
P 0000021830FC6B78
C 259
R
P 0000021830F39F78
C 345
R
P 0000021830F39F78
P 0000021830FC6B78
C 9
R
P 0000021830F39F78
C 345
R
P 0000021830F39F78
I 1024
P 0000021830FC6B78
C 152
= 0000021831BDEB78
R
P 0000021830F39F78
C 345
R
P 0000021830F39F78
P 0000021831BDEB78
C 259
R
P 0000021830F39F78
C 345
R
P 0000021830F39F78
P 0000021831BDEB78
C 256
= 0000021830FC6B78
R
P 0000021830F39F78
C 345
R
P 0000021830F39F78
P 0000021830FC6B78
C 211
R
P 0000021830F39F78
C 345
R
P 0000021830F39F78
P 0000021831BDEB78
C 262
R
P 0000021830F39F78
C 345
R
P 0000021830F39F78
P 0000021831BDEB78
C 261
R
P 0000021830F39F78
C 345
R
P 0000021830F39F78
P 0000021831BDEB78
C 260
R
P 0000021830F39F78
C 345
R
P 0000021830F39F78
P 0000021831BDEB78
C 9
R
P 0000021830F39F78
C 345
R
P 0000021830F39F78
P 0000021830FC8458
P 0000021831BDEB78
C 102
= 00000218339DB850
R
P 0000021830F39F78
C 345
R
P 0000021830F39F78
P 00000218339DB850
C 260
R
P 0000021830F39F78
C 345
R
P 0000021830F39F78
P 00000218339DB850
C 9
R
P 0000021830F39F78
C 345
R
P 0000021830F39F78
P 0000021833B96B38
P 00000218339DB850
C 430
R
P 0000021830F39F78
C 345
R
P 0000021830F39F78
U 32
C 35
= 0000021830FC6B78
R
P 0000021830F39F78
C 345
R
P 0000021830F39F78
P 0000021830FC6B78
C 259
R
P 0000021830F39F78
C 345
R
P 0000021830F39F78
P 0000021830FC6B78
C 9
R
P 0000021830F39F78
C 345
R
P 0000021830F39F78
I 0
P 0000021830FC6B78
C 152
= 0000021830FC8478
R
P 0000021830F39F78
C 345
R
P 0000021830F39F78
P 0000021830FC8478
C 259
R
P 0000021830F39F78
C 345
R
P 0000021830F39F78
P 0000021830FC8478
C 256
= 0000021830FC6B78
R
P 0000021830F39F78
C 345
R
P 0000021830F39F78
P 0000021830FC6B78
C 211
R
P 0000021830F39F78
C 345
R
P 0000021830F39F78
P 0000021830FC8478
C 262
R
P 0000021830F39F78
C 345
R
P 0000021830F39F78
P 0000021830FC8478
C 261
R
P 0000021830F39F78
C 345
R
P 0000021830F39F78
P 0000021830FC8478
C 260
R
P 0000021830F39F78
C 345
R
P 0000021830F39F78
P 0000021830FC8478
C 9
R
P 0000021830F39F78
C 345
R
P 0000021830F39F78
P 0000021830FC8438
P 0000021830FC8478
C 102
= 00000218339DC0A0
R
P 0000021830F39F78
C 345
R
P 0000021830F39F78
P 00000218339DC0A0
C 260
R
P 0000021830F39F78
C 345
R
P 0000021830F39F78
P 00000218339DC0A0
C 9
R
P 0000021830F39F78
C 345
R
P 0000021830F39F78
P 0000021833B96B38
P 00000218339DC0A0
C 430
R
P 0000021830F39F78
C 345
R
P 0000021830F39F78
U 32
C 35
= 0000021830FC6B78
R
P 0000021830F39F78
C 345
R
P 0000021830F39F78
P 0000021830FC6B78
C 259
R
P 0000021830F39F78
C 345
R
P 0000021830F39F78
P 0000021830FC6B78
C 9
R
P 0000021830F39F78
C 345
R
P 0000021830F39F78
I 2048
P 0000021830FC6B78
C 152
= 0000021831BDEC78
R
P 0000021830F39F78
C 345
R
P 0000021830F39F78
P 0000021831BDEC78
C 259
R
P 0000021830F39F78
C 345
R
P 0000021830F39F78
P 0000021831BDEC78
C 256
= 0000021830FC6B78
R
P 0000021830F39F78
C 345
R
P 0000021830F39F78
P 0000021830FC6B78
C 211
R
P 0000021830F39F78
C 345
R
P 0000021830F39F78
P 0000021831BDEC78
C 262
R
P 0000021830F39F78
C 345
R
P 0000021830F39F78
P 0000021831BDEC78
C 261
R
P 0000021830F39F78
C 345
R
P 0000021830F39F78
P 0000021831BDEC78
C 260
R
P 0000021830F39F78
C 345
R
P 0000021830F39F78
P 0000021831BDEC78
C 9
R
P 0000021830F39F78
C 345
R
P 0000021830F39F78
P 0000021830FC8458
P 0000021831BDEC78
C 102
= 00000218339DBCB0
R
P 0000021830F39F78
C 345
R
P 0000021830F39F78
P 00000218339DBCB0
C 260
R
P 0000021830F39F78
C 345
R
P 0000021830F39F78
P 00000218339DBCB0
C 9
R
P 0000021830F39F78
C 345
R
P 0000021830F39F78
P 0000021833B96B38
P 00000218339DBCB0
C 430
R
P 0000021830F39F78
C 345
R
P 0000021830F39F78
U 32
C 35
= 0000021830FC6B78
R
P 0000021830F39F78
C 345
R
P 0000021830F39F78
P 0000021830FC6B78
C 259
R
P 0000021830F39F78
C 345
R
P 0000021830F39F78
P 0000021830FC6B78
C 9
R
P 0000021830F39F78
C 345
R
P 0000021830F39F78
I 8388608
P 0000021830FC6B78
C 152
= 0000021831BDF258
R
P 0000021830F39F78
C 345
R
P 0000021830F39F78
P 0000021831BDF258
C 259
R
P 0000021830F39F78
C 345
R
P 0000021830F39F78
P 0000021831BDF258
C 256
= 0000021830FC6B78
R
P 0000021830F39F78
C 345
R
P 0000021830F39F78
P 0000021830FC6B78
C 211
R
P 0000021830F39F78
C 345
R
P 0000021830F39F78
P 0000021831BDF258
C 262
R
P 0000021830F39F78
C 345
R
P 0000021830F39F78
P 0000021831BDF258
C 261
R
P 0000021830F39F78
C 345
R
P 0000021830F39F78
P 0000021831BDF258
C 260
R
P 0000021830F39F78
C 345
R
P 0000021830F39F78
P 0000021831BDF258
C 9
R
P 0000021830F39F78
C 345
R
P 0000021830F39F78
P 0000021831BDA938
P 0000021831BDF258
C 102
= 00000218339EF8B8
R
P 0000021830F39F78
C 345
R
P 0000021830F39F78
P 00000218339EF8B8
C 260
R
P 0000021830F39F78
C 345
R
P 0000021830F39F78
P 00000218339EF8B8
C 9
R
P 0000021830F39F78
C 345
R
P 0000021830F39F78
P 0000021833B96B38
P 00000218339EF8B8
C 430
R
P 0000021830F39F78
C 345
R
P 0000021830F39F78
P 0000021833B96B38
C 437
R
P 0000021830F39F78
C 345
R
P 0000021830F39F78
P 0000021833B96B38
C 442
= 00000218346D5758
R
P 0000021830F39F78
C 345
R
P 0000021830F39F78
P 00000218346D5758
C 303
R
P 0000021830F39F78
C 345
R
P 0000021830F39F78
P 00000218346D5758
C 340
R
P 0000021830F39F78
C 345
R
P 0000021830F39F78
P 0000021833B96B38
C 442
= 00000218346D5788
R
P 0000021830F39F78
C 345
R
P 0000021830F39F78
P 00000218346D5788
C 303
R
P 0000021830F39F78
C 345
R
P 0000021830F39F78
P 00000218346D5788
P 0000021830FC8438
I 0
P 0000000000000000
C 305
* 0000021830FC8478 4
R
P 0000021830F39F78
C 345
R
P 0000021830F39F78
P 0000021830FC8478
C 259
R
P 0000021830F39F78
C 345
R
P 0000021830F39F78
P 0000021830FC8478
C 256
= 0000021830FC6B78
R
P 0000021830F39F78
C 345
R
P 0000021830F39F78
P 0000021830FC6B78
C 211
R
P 0000021830F39F78
C 345
R
P 0000021830F39F78
P 0000021830FC8478
C 262
R
P 0000021830F39F78
C 345
R
P 0000021830F39F78
P 0000021830FC8478
C 261
R
P 0000021830F39F78
C 345
R
P 0000021830F39F78
P 0000021830FC8478
C 260
R
P 0000021830F39F78
C 345
R
P 0000021830F39F78
P 0000021830FC8478
C 9
R
P 0000021830F39F78
C 345
R
P 0000021830F39F78
P 0000021830FC8478
I 0
C 271
R
P 0000021830F39F78
C 345
R
P 0000021830F39F78
P 0000021833B96B38
C 442
= 00000218346D5908
R
P 0000021830F39F78
C 345
R
P 0000021830F39F78
P 00000218346D5908
C 303
R
P 0000021830F39F78
C 345
R
P 0000021830F39F78
P 00000218346D5908
P 0000021830FC8458
I 0
P 0000000000000000
C 305
* 0000021831BDEB98 4
R
P 0000021830F39F78
C 345
R
P 0000021830F39F78
P 0000021831BDEB98
C 259
R
P 0000021830F39F78
C 345
R
P 0000021830F39F78
P 0000021831BDEB98
C 256
= 0000021830FC6B78
R
P 0000021830F39F78
C 345
R
P 0000021830F39F78
P 0000021830FC6B78
C 211
R
P 0000021830F39F78
C 345
R
P 0000021830F39F78
P 0000021831BDEB98
C 262
R
P 0000021830F39F78
C 345
R
P 0000021830F39F78
P 0000021831BDEB98
C 261
R
P 0000021830F39F78
C 345
R
P 0000021830F39F78
P 0000021831BDEB98
C 260
R
P 0000021830F39F78
C 345
R
P 0000021830F39F78
P 0000021831BDEB98
C 9
R
P 0000021830F39F78
C 345
R
P 0000021830F39F78
P 0000021831BDEB98
I 0
C 271
R
P 0000021830F39F78
C 345
R
P 0000021830F39F78
P 0000021833B96B38
C 442
= 00000218346D51E8
R
P 0000021830F39F78
C 345
R
P 0000021830F39F78
P 00000218346D51E8
C 303
R
P 0000021830F39F78
C 345
R
P 0000021830F39F78
P 00000218346D51E8
P 0000021831BDA938
I 0
P 0000000000000000
C 305
* 0000021831BDF258 4
R
P 0000021830F39F78
C 345
R
P 0000021830F39F78
P 0000021831BDF258
C 259
R
P 0000021830F39F78
C 345
R
P 0000021830F39F78
P 0000021831BDF258
C 256
= 0000021830FC6B78
R
P 0000021830F39F78
C 345
R
P 0000021830F39F78
P 0000021830FC6B78
C 211
R
P 0000021830F39F78
C 345
R
P 0000021830F39F78
P 0000021831BDF258
C 262
R
P 0000021830F39F78
C 345
R
P 0000021830F39F78
P 0000021831BDF258
C 261
R
P 0000021830F39F78
C 345
R
P 0000021830F39F78
P 0000021831BDF258
C 260
R
P 0000021830F39F78
C 345
R
P 0000021830F39F78
P 0000021831BDF258
C 9
R
P 0000021830F39F78
C 345
R
P 0000021830F39F78
P 0000021831BDF258
I 0
C 271
R
P 0000021830F39F78
C 345
R
P 0000021830F39F78
U 32
C 35
= 0000021830FC6B78
R
P 0000021830F39F78
C 345
R
P 0000021830F39F78
P 0000021830FC6B78
C 259
R
P 0000021830F39F78
C 345
R
P 0000021830F39F78
P 0000021830FC6B78
C 9
R
P 0000021830F39F78
C 345
R
P 0000021830F39F78
I 64
P 0000021830FC6B78
C 152
= 0000021831BDEAB8
R
P 0000021830F39F78
C 345
R
P 0000021830F39F78
P 0000021831BDEAB8
C 259
R
P 0000021830F39F78
C 345
R
P 0000021830F39F78
P 0000021831BDEAB8
C 256
= 0000021830FC6B78
R
P 0000021830F39F78
C 345
R
P 0000021830F39F78
P 0000021830FC6B78
C 211
R
P 0000021830F39F78
C 345
R
P 0000021830F39F78
P 0000021831BDEAB8
C 262
R
P 0000021830F39F78
C 345
R
P 0000021830F39F78
P 0000021831BDEAB8
C 261
R
P 0000021830F39F78
C 345
R
P 0000021830F39F78
P 0000021831BDEAB8
C 260
R
P 0000021830F39F78
C 345
R
P 0000021830F39F78
P 0000021831BDEAB8
C 9
R
P 0000021830F39F78
C 345
R
P 0000021830F39F78
P 0000021830FC8458
P 0000021831BDEAB8
C 102
= 00000218339DB658
R
P 0000021830F39F78
C 345
R
P 0000021830F39F78
P 00000218339DB658
C 260
R
P 0000021830F39F78
C 345
R
P 0000021830F39F78
P 00000218339DB658
C 9
R
P 0000021830F39F78
C 345
R
P 0000021830F39F78
P 0000021833B96B38
P 00000218339DB658
C 430
R
P 0000021830F39F78
C 345
R
P 0000021830F39F78
U 32
C 35
= 0000021830FC6B78
R
P 0000021830F39F78
C 345
R
P 0000021830F39F78
P 0000021830FC6B78
C 259
R
P 0000021830F39F78
C 345
R
P 0000021830F39F78
P 0000021830FC6B78
C 9
R
P 0000021830F39F78
C 345
R
P 0000021830F39F78
I 0
P 0000021830FC6B78
C 152
= 0000021830FC8478
R
P 0000021830F39F78
C 345
R
P 0000021830F39F78
P 0000021830FC8478
C 259
R
P 0000021830F39F78
C 345
R
P 0000021830F39F78
P 0000021830FC8478
C 256
= 0000021830FC6B78
R
P 0000021830F39F78
C 345
R
P 0000021830F39F78
P 0000021830FC6B78
C 211
R
P 0000021830F39F78
C 345
R
P 0000021830F39F78
P 0000021830FC8478
C 262
R
P 0000021830F39F78
C 345
R
P 0000021830F39F78
P 0000021830FC8478
C 261
R
P 0000021830F39F78
C 345
R
P 0000021830F39F78
P 0000021830FC8478
C 260
R
P 0000021830F39F78
C 345
R
P 0000021830F39F78
P 0000021830FC8478
C 9
R
P 0000021830F39F78
C 345
R
P 0000021830F39F78
P 0000021830FC8438
P 0000021830FC8478
C 102
= 00000218339DC0A0
R
P 0000021830F39F78
C 345
R
P 0000021830F39F78
P 00000218339DC0A0
C 260
R
P 0000021830F39F78
C 345
R
P 0000021830F39F78
P 00000218339DC0A0
C 9
R
P 0000021830F39F78
C 345
R
P 0000021830F39F78
P 0000021833B96B38
P 00000218339DC0A0
C 430
R
P 0000021830F39F78
C 345
R
P 0000021830F39F78
U 32
C 35
= 0000021830FC6B78
R
P 0000021830F39F78
C 345
R
P 0000021830F39F78
P 0000021830FC6B78
C 259
R
P 0000021830F39F78
C 345
R
P 0000021830F39F78
P 0000021830FC6B78
C 9
R
P 0000021830F39F78
C 345
R
P 0000021830F39F78
I 128
P 0000021830FC6B78
C 152
= 0000021831BDEB98
R
P 0000021830F39F78
C 345
R
P 0000021830F39F78
P 0000021831BDEB98
C 259
R
P 0000021830F39F78
C 345
R
P 0000021830F39F78
P 0000021831BDEB98
C 256
= 0000021830FC6B78
R
P 0000021830F39F78
C 345
R
P 0000021830F39F78
P 0000021830FC6B78
C 211
R
P 0000021830F39F78
C 345
R
P 0000021830F39F78
P 0000021831BDEB98
C 262
R
P 0000021830F39F78
C 345
R
P 0000021830F39F78
P 0000021831BDEB98
C 261
R
P 0000021830F39F78
C 345
R
P 0000021830F39F78
P 0000021831BDEB98
C 260
R
P 0000021830F39F78
C 345
R
P 0000021830F39F78
P 0000021831BDEB98
C 9
R
P 0000021830F39F78
C 345
R
P 0000021830F39F78
P 0000021830FC8458
P 0000021831BDEB98
C 102
= 00000218339DBA80
R
P 0000021830F39F78
C 345
R
P 0000021830F39F78
P 00000218339DBA80
C 260
R
P 0000021830F39F78
C 345
R
P 0000021830F39F78
P 00000218339DBA80
C 9
R
P 0000021830F39F78
C 345
R
P 0000021830F39F78
P 0000021833B96B38
P 00000218339DBA80
C 430
R
P 0000021830F39F78
C 345
R
P 0000021830F39F78
U 32
C 35
= 0000021830FC6B78
R
P 0000021830F39F78
C 345
R
P 0000021830F39F78
P 0000021830FC6B78
C 259
R
P 0000021830F39F78
C 345
R
P 0000021830F39F78
P 0000021830FC6B78
C 9
R
P 0000021830F39F78
C 345
R
P 0000021830F39F78
I 8388608
P 0000021830FC6B78
C 152
= 0000021831BDF258
R
P 0000021830F39F78
C 345
R
P 0000021830F39F78
P 0000021831BDF258
C 259
R
P 0000021830F39F78
C 345
R
P 0000021830F39F78
P 0000021831BDF258
C 256
= 0000021830FC6B78
R
P 0000021830F39F78
C 345
R
P 0000021830F39F78
P 0000021830FC6B78
C 211
R
P 0000021830F39F78
C 345
R
P 0000021830F39F78
P 0000021831BDF258
C 262
R
P 0000021830F39F78
C 345
R
P 0000021830F39F78
P 0000021831BDF258
C 261
R
P 0000021830F39F78
C 345
R
P 0000021830F39F78
P 0000021831BDF258
C 260
R
P 0000021830F39F78
C 345
R
P 0000021830F39F78
P 0000021831BDF258
C 9
R
P 0000021830F39F78
C 345
R
P 0000021830F39F78
P 0000021831BDA938
P 0000021831BDF258
C 102
= 00000218339EF8B8
R
P 0000021830F39F78
C 345
R
P 0000021830F39F78
P 00000218339EF8B8
C 260
R
P 0000021830F39F78
C 345
R
P 0000021830F39F78
P 00000218339EF8B8
C 9
R
P 0000021830F39F78
C 345
R
P 0000021830F39F78
P 0000021833B96B38
P 00000218339EF8B8
C 430
R
P 0000021830F39F78
C 345
R
P 0000021830F39F78
P 0000021833B96B38
C 437
R
P 0000021830F39F78
C 345
R
P 0000021830F39F78
P 0000021833B96B38
C 442
= 00000218346D5ED8
R
P 0000021830F39F78
C 345
R
P 0000021830F39F78
P 00000218346D5ED8
C 303
R
P 0000021830F39F78
C 345
R
P 0000021830F39F78
P 00000218346D5ED8
C 340
R
P 0000021830F39F78
C 345
R
P 0000021830F39F78
P 0000021833B96B38
C 442
= 00000218346D6028
R
P 0000021830F39F78
C 345
R
P 0000021830F39F78
P 00000218346D6028
C 303
R
P 0000021830F39F78
C 345
R
P 0000021830F39F78
P 00000218346D6028
P 0000021830FC8438
I 0
P 0000000000000000
C 305
* 0000021830FC8478 4
R
P 0000021830F39F78
C 345
R
P 0000021830F39F78
P 0000021830FC8478
C 259
R
P 0000021830F39F78
C 345
R
P 0000021830F39F78
P 0000021830FC8478
C 256
= 0000021830FC6B78
R
P 0000021830F39F78
C 345
R
P 0000021830F39F78
P 0000021830FC6B78
C 211
R
P 0000021830F39F78
C 345
R
P 0000021830F39F78
P 0000021830FC8478
C 262
R
P 0000021830F39F78
C 345
R
P 0000021830F39F78
P 0000021830FC8478
C 261
R
P 0000021830F39F78
C 345
R
P 0000021830F39F78
P 0000021830FC8478
C 260
R
P 0000021830F39F78
C 345
R
P 0000021830F39F78
P 0000021830FC8478
C 9
R
P 0000021830F39F78
C 345
R
P 0000021830F39F78
P 0000021830FC8478
I 0
C 271
R
P 0000021830F39F78
C 345
R
P 0000021830F39F78
P 0000021833B96B38
C 442
= 00000218346D6238
R
P 0000021830F39F78
C 345
R
P 0000021830F39F78
P 00000218346D6238
C 303
R
P 0000021830F39F78
C 345
R
P 0000021830F39F78
P 00000218346D6238
P 0000021830FC8458
I 0
P 0000000000000000
C 305
* 0000021831BDEAD8 4
R
P 0000021830F39F78
C 345
R
P 0000021830F39F78
P 0000021831BDEAD8
C 259
R
P 0000021830F39F78
C 345
R
P 0000021830F39F78
P 0000021831BDEAD8
C 256
= 0000021830FC6B78
R
P 0000021830F39F78
C 345
R
P 0000021830F39F78
P 0000021830FC6B78
C 211
R
P 0000021830F39F78
C 345
R
P 0000021830F39F78
P 0000021831BDEAD8
C 262
R
P 0000021830F39F78
C 345
R
P 0000021830F39F78
P 0000021831BDEAD8
C 261
R
P 0000021830F39F78
C 345
R
P 0000021830F39F78
P 0000021831BDEAD8
C 260
R
P 0000021830F39F78
C 345
R
P 0000021830F39F78
P 0000021831BDEAD8
C 9
R
P 0000021830F39F78
C 345
R
P 0000021830F39F78
P 0000021831BDEAD8
I 0
C 271
R
P 0000021830F39F78
C 345
R
P 0000021830F39F78
P 0000021833B96B38
C 442
= 00000218346D6868
R
P 0000021830F39F78
C 345
R
P 0000021830F39F78
P 00000218346D6868
C 303
R
P 0000021830F39F78
C 345
R
P 0000021830F39F78
P 00000218346D6868
P 0000021831BDA938
I 0
P 0000000000000000
C 305
* 0000021831BDF258 4
R
P 0000021830F39F78
C 345
R
P 0000021830F39F78
P 0000021831BDF258
C 259
R
P 0000021830F39F78
C 345
R
P 0000021830F39F78
P 0000021831BDF258
C 256
= 0000021830FC6B78
R
P 0000021830F39F78
C 345
R
P 0000021830F39F78
P 0000021830FC6B78
C 211
R
P 0000021830F39F78
C 345
R
P 0000021830F39F78
P 0000021831BDF258
C 262
R
P 0000021830F39F78
C 345
R
P 0000021830F39F78
P 0000021831BDF258
C 261
R
P 0000021830F39F78
C 345
R
P 0000021830F39F78
P 0000021831BDF258
C 260
R
P 0000021830F39F78
C 345
R
P 0000021830F39F78
P 0000021831BDF258
C 9
R
P 0000021830F39F78
C 345
R
P 0000021830F39F78
P 0000021831BDF258
I 0
C 271
R
P 0000021830F39F78
C 345
R
P 0000021830F39F78
U 32
C 35
= 0000021830FC6B78
R
P 0000021830F39F78
C 345
R
P 0000021830F39F78
P 0000021830FC6B78
C 259
R
P 0000021830F39F78
C 345
R
P 0000021830F39F78
P 0000021830FC6B78
C 9
R
P 0000021830F39F78
C 345
R
P 0000021830F39F78
I 9
P 0000021830FC6B78
C 152
= 0000021831BDE9B8
R
P 0000021830F39F78
C 345
R
P 0000021830F39F78
P 0000021831BDE9B8
C 259
R
P 0000021830F39F78
C 345
R
P 0000021830F39F78
P 0000021831BDE9B8
C 256
= 0000021830FC6B78
R
P 0000021830F39F78
C 345
R
P 0000021830F39F78
P 0000021830FC6B78
C 211
R
P 0000021830F39F78
C 345
R
P 0000021830F39F78
P 0000021831BDE9B8
C 262
R
P 0000021830F39F78
C 345
R
P 0000021830F39F78
P 0000021831BDE9B8
C 261
R
P 0000021830F39F78
C 345
R
P 0000021830F39F78
P 0000021831BDE9B8
C 260
R
P 0000021830F39F78
C 345
R
P 0000021830F39F78
P 0000021831BDE9B8
C 9
R
P 0000021830F39F78
C 345
R
P 0000021830F39F78
P 0000021830FC8458
P 0000021831BDE9B8
C 102
= 00000218339DB428
R
P 0000021830F39F78
C 345
R
P 0000021830F39F78
P 00000218339DB428
C 260
R
P 0000021830F39F78
C 345
R
P 0000021830F39F78
P 00000218339DB428
C 9
R
P 0000021830F39F78
C 345
R
P 0000021830F39F78
P 0000021833B96B38
P 00000218339DB428
C 430
R
P 0000021830F39F78
C 345
R
P 0000021830F39F78
U 32
C 35
= 0000021830FC6B78
R
P 0000021830F39F78
C 345
R
P 0000021830F39F78
P 0000021830FC6B78
C 259
R
P 0000021830F39F78
C 345
R
P 0000021830F39F78
P 0000021830FC6B78
C 9
R
P 0000021830F39F78
C 345
R
P 0000021830F39F78
I 0
P 0000021830FC6B78
C 152
= 0000021830FC8478
R
P 0000021830F39F78
C 345
R
P 0000021830F39F78
P 0000021830FC8478
C 259
R
P 0000021830F39F78
C 345
R
P 0000021830F39F78
P 0000021830FC8478
C 256
= 0000021830FC6B78
R
P 0000021830F39F78
C 345
R
P 0000021830F39F78
P 0000021830FC6B78
C 211
R
P 0000021830F39F78
C 345
R
P 0000021830F39F78
P 0000021830FC8478
C 262
R
P 0000021830F39F78
C 345
R
P 0000021830F39F78
P 0000021830FC8478
C 261
R
P 0000021830F39F78
C 345
R
P 0000021830F39F78
P 0000021830FC8478
C 260
R
P 0000021830F39F78
C 345
R
P 0000021830F39F78
P 0000021830FC8478
C 9
R
P 0000021830F39F78
C 345
R
P 0000021830F39F78
P 0000021830FC8438
P 0000021830FC8478
C 102
= 00000218339DC0A0
R
P 0000021830F39F78
C 345
R
P 0000021830F39F78
P 00000218339DC0A0
C 260
R
P 0000021830F39F78
C 345
R
P 0000021830F39F78
P 00000218339DC0A0
C 9
R
P 0000021830F39F78
C 345
R
P 0000021830F39F78
P 0000021833B96B38
P 00000218339DC0A0
C 430
R
P 0000021830F39F78
C 345
R
P 0000021830F39F78
U 32
C 35
= 0000021830FC6B78
R
P 0000021830F39F78
C 345
R
P 0000021830F39F78
P 0000021830FC6B78
C 259
R
P 0000021830F39F78
C 345
R
P 0000021830F39F78
P 0000021830FC6B78
C 9
R
P 0000021830F39F78
C 345
R
P 0000021830F39F78
I 18
P 0000021830FC6B78
C 152
= 0000021831BDEAD8
R
P 0000021830F39F78
C 345
R
P 0000021830F39F78
P 0000021831BDEAD8
C 259
R
P 0000021830F39F78
C 345
R
P 0000021830F39F78
P 0000021831BDEAD8
C 256
= 0000021830FC6B78
R
P 0000021830F39F78
C 345
R
P 0000021830F39F78
P 0000021830FC6B78
C 211
R
P 0000021830F39F78
C 345
R
P 0000021830F39F78
P 0000021831BDEAD8
C 262
R
P 0000021830F39F78
C 345
R
P 0000021830F39F78
P 0000021831BDEAD8
C 261
R
P 0000021830F39F78
C 345
R
P 0000021830F39F78
P 0000021831BDEAD8
C 260
R
P 0000021830F39F78
C 345
R
P 0000021830F39F78
P 0000021831BDEAD8
C 9
R
P 0000021830F39F78
C 345
R
P 0000021830F39F78
P 0000021830FC8458
P 0000021831BDEAD8
C 102
= 00000218339DBD90
R
P 0000021830F39F78
C 345
R
P 0000021830F39F78
P 00000218339DBD90
C 260
R
P 0000021830F39F78
C 345
R
P 0000021830F39F78
P 00000218339DBD90
C 9
R
P 0000021830F39F78
C 345
R
P 0000021830F39F78
P 0000021833B96B38
P 00000218339DBD90
C 430
R
P 0000021830F39F78
C 345
R
P 0000021830F39F78
U 32
C 35
= 0000021830FC6B78
R
P 0000021830F39F78
C 345
R
P 0000021830F39F78
P 0000021830FC6B78
C 259
R
P 0000021830F39F78
C 345
R
P 0000021830F39F78
P 0000021830FC6B78
C 9
R
P 0000021830F39F78
C 345
R
P 0000021830F39F78
I 8388608
P 0000021830FC6B78
C 152
= 0000021831BDF258
R
P 0000021830F39F78
C 345
R
P 0000021830F39F78
P 0000021831BDF258
C 259
R
P 0000021830F39F78
C 345
R
P 0000021830F39F78
P 0000021831BDF258
C 256
= 0000021830FC6B78
R
P 0000021830F39F78
C 345
R
P 0000021830F39F78
P 0000021830FC6B78
C 211
R
P 0000021830F39F78
C 345
R
P 0000021830F39F78
P 0000021831BDF258
C 262
R
P 0000021830F39F78
C 345
R
P 0000021830F39F78
P 0000021831BDF258
C 261
R
P 0000021830F39F78
C 345
R
P 0000021830F39F78
P 0000021831BDF258
C 260
R
P 0000021830F39F78
C 345
R
P 0000021830F39F78
P 0000021831BDF258
C 9
R
P 0000021830F39F78
C 345
R
P 0000021830F39F78
P 0000021831BDA938
P 0000021831BDF258
C 102
= 00000218339EF8B8
R
P 0000021830F39F78
C 345
R
P 0000021830F39F78
P 00000218339EF8B8
C 260
R
P 0000021830F39F78
C 345
R
P 0000021830F39F78
P 00000218339EF8B8
C 9
R
P 0000021830F39F78
C 345
R
P 0000021830F39F78
P 0000021833B96B38
P 00000218339EF8B8
C 430
R
P 0000021830F39F78
C 345
R
P 0000021830F39F78
P 0000021833B96B38
C 437
R
P 0000021830F39F78
C 345
R
P 0000021830F39F78
P 0000021833B96B38
C 442
= 00000218346D6CB8
R
P 0000021830F39F78
C 345
R
P 0000021830F39F78
P 00000218346D6CB8
C 303
R
P 0000021830F39F78
C 345
R
P 0000021830F39F78
P 00000218346D6CB8
C 340
R
P 0000021830F39F78
C 345
R
P 0000021830F39F78
P 0000021833B96B38
C 442
= 00000218346D72B8
R
P 0000021830F39F78
C 345
R
P 0000021830F39F78
P 00000218346D72B8
C 303
R
P 0000021830F39F78
C 345
R
P 0000021830F39F78
P 00000218346D72B8
P 0000021830FC8438
I 0
P 0000000000000000
C 305
* 0000021830FC8478 4
R
P 0000021830F39F78
C 345
R
P 0000021830F39F78
P 0000021830FC8478
C 259
R
P 0000021830F39F78
C 345
R
P 0000021830F39F78
P 0000021830FC8478
C 256
= 0000021830FC6B78
R
P 0000021830F39F78
C 345
R
P 0000021830F39F78
P 0000021830FC6B78
C 211
R
P 0000021830F39F78
C 345
R
P 0000021830F39F78
P 0000021830FC8478
C 262
R
P 0000021830F39F78
C 345
R
P 0000021830F39F78
P 0000021830FC8478
C 261
R
P 0000021830F39F78
C 345
R
P 0000021830F39F78
P 0000021830FC8478
C 260
R
P 0000021830F39F78
C 345
R
P 0000021830F39F78
P 0000021830FC8478
C 9
R
P 0000021830F39F78
C 345
R
P 0000021830F39F78
P 0000021830FC8478
I 0
C 271
R
P 0000021830F39F78
C 345
R
P 0000021830F39F78
P 0000021833B96B38
C 442
= 00000218346D6FE8
R
P 0000021830F39F78
C 345
R
P 0000021830F39F78
P 00000218346D6FE8
C 303
R
P 0000021830F39F78
C 345
R
P 0000021830F39F78
P 00000218346D6FE8
P 0000021830FC8458
I 0
P 0000000000000000
C 305
* 0000021830FC7538 4
R
P 0000021830F39F78
C 345
R
P 0000021830F39F78
P 0000021830FC7538
C 259
R
P 0000021830F39F78
C 345
R
P 0000021830F39F78
P 0000021830FC7538
C 256
= 0000021830FC6B78
R
P 0000021830F39F78
C 345
R
P 0000021830F39F78
P 0000021830FC6B78
C 211
R
P 0000021830F39F78
C 345
R
P 0000021830F39F78
P 0000021830FC7538
C 262
R
P 0000021830F39F78
C 345
R
P 0000021830F39F78
P 0000021830FC7538
C 261
R
P 0000021830F39F78
C 345
R
P 0000021830F39F78
P 0000021830FC7538
C 260
R
P 0000021830F39F78
C 345
R
P 0000021830F39F78
P 0000021830FC7538
C 9
R
P 0000021830F39F78
C 345
R
P 0000021830F39F78
P 0000021830FC7538
I 0
C 271
R
P 0000021830F39F78
C 345
R
P 0000021830F39F78
P 0000021833B96B38
C 442
= 00000218346D7408
R
P 0000021830F39F78
C 345
R
P 0000021830F39F78
P 00000218346D7408
C 303
R
P 0000021830F39F78
C 345
R
P 0000021830F39F78
P 00000218346D7408
P 0000021831BDA938
I 0
P 0000000000000000
C 305
* 0000021831BDF258 4
R
P 0000021830F39F78
C 345
R
P 0000021830F39F78
P 0000021831BDF258
C 259
R
P 0000021830F39F78
C 345
R
P 0000021830F39F78
P 0000021831BDF258
C 256
= 0000021830FC6B78
R
P 0000021830F39F78
C 345
R
P 0000021830F39F78
P 0000021830FC6B78
C 211
R
P 0000021830F39F78
C 345
R
P 0000021830F39F78
P 0000021831BDF258
C 262
R
P 0000021830F39F78
C 345
R
P 0000021830F39F78
P 0000021831BDF258
C 261
R
P 0000021830F39F78
C 345
R
P 0000021830F39F78
P 0000021831BDF258
C 260
R
P 0000021830F39F78
C 345
R
P 0000021830F39F78
P 0000021831BDF258
C 9
R
P 0000021830F39F78
C 345
R
P 0000021830F39F78
P 0000021831BDF258
I 0
C 271
R
P 0000021830F39F78
C 345
R
P 0000021830F39F78
U 32
C 35
= 0000021830FC6B78
R
P 0000021830F39F78
C 345
R
P 0000021830F39F78
P 0000021830FC6B78
C 259
R
P 0000021830F39F78
C 345
R
P 0000021830F39F78
P 0000021830FC6B78
C 9
R
P 0000021830F39F78
C 345
R
P 0000021830F39F78
I 1
P 0000021830FC6B78
C 152
= 0000021830FC7518
R
P 0000021830F39F78
C 345
R
P 0000021830F39F78
P 0000021830FC7518
C 259
R
P 0000021830F39F78
C 345
R
P 0000021830F39F78
P 0000021830FC7518
C 256
= 0000021830FC6B78
R
P 0000021830F39F78
C 345
R
P 0000021830F39F78
P 0000021830FC6B78
C 211
R
P 0000021830F39F78
C 345
R
P 0000021830F39F78
P 0000021830FC7518
C 262
R
P 0000021830F39F78
C 345
R
P 0000021830F39F78
P 0000021830FC7518
C 261
R
P 0000021830F39F78
C 345
R
P 0000021830F39F78
P 0000021830FC7518
C 260
R
P 0000021830F39F78
C 345
R
P 0000021830F39F78
P 0000021830FC7518
C 9
R
P 0000021830F39F78
C 345
R
P 0000021830F39F78
P 0000021830FC8458
P 0000021830FC7518
C 102
= 00000218339DB2A0
R
P 0000021830F39F78
C 345
R
P 0000021830F39F78
P 00000218339DB2A0
C 260
R
P 0000021830F39F78
C 345
R
P 0000021830F39F78
P 00000218339DB2A0
C 9
R
P 0000021830F39F78
C 345
R
P 0000021830F39F78
P 0000021833B96B38
P 00000218339DB2A0
C 430
R
P 0000021830F39F78
C 345
R
P 0000021830F39F78
U 32
C 35
= 0000021830FC6B78
R
P 0000021830F39F78
C 345
R
P 0000021830F39F78
P 0000021830FC6B78
C 259
R
P 0000021830F39F78
C 345
R
P 0000021830F39F78
P 0000021830FC6B78
C 9
R
P 0000021830F39F78
C 345
R
P 0000021830F39F78
I 0
P 0000021830FC6B78
C 152
= 0000021830FC8478
R
P 0000021830F39F78
C 345
R
P 0000021830F39F78
P 0000021830FC8478
C 259
R
P 0000021830F39F78
C 345
R
P 0000021830F39F78
P 0000021830FC8478
C 256
= 0000021830FC6B78
R
P 0000021830F39F78
C 345
R
P 0000021830F39F78
P 0000021830FC6B78
C 211
R
P 0000021830F39F78
C 345
R
P 0000021830F39F78
P 0000021830FC8478
C 262
R
P 0000021830F39F78
C 345
R
P 0000021830F39F78
P 0000021830FC8478
C 261
R
P 0000021830F39F78
C 345
R
P 0000021830F39F78
P 0000021830FC8478
C 260
R
P 0000021830F39F78
C 345
R
P 0000021830F39F78
P 0000021830FC8478
C 9
R
P 0000021830F39F78
C 345
R
P 0000021830F39F78
P 0000021830FC8438
P 0000021830FC8478
C 102
= 00000218339DC0A0
R
P 0000021830F39F78
C 345
R
P 0000021830F39F78
P 00000218339DC0A0
C 260
R
P 0000021830F39F78
C 345
R
P 0000021830F39F78
P 00000218339DC0A0
C 9
R
P 0000021830F39F78
C 345
R
P 0000021830F39F78
P 0000021833B96B38
P 00000218339DC0A0
C 430
R
P 0000021830F39F78
C 345
R
P 0000021830F39F78
U 32
C 35
= 0000021830FC6B78
R
P 0000021830F39F78
C 345
R
P 0000021830F39F78
P 0000021830FC6B78
C 259
R
P 0000021830F39F78
C 345
R
P 0000021830F39F78
P 0000021830FC6B78
C 9
R
P 0000021830F39F78
C 345
R
P 0000021830F39F78
I 2
P 0000021830FC6B78
C 152
= 0000021830FC7538
R
P 0000021830F39F78
C 345
R
P 0000021830F39F78
P 0000021830FC7538
C 259
R
P 0000021830F39F78
C 345
R
P 0000021830F39F78
P 0000021830FC7538
C 256
= 0000021830FC6B78
R
P 0000021830F39F78
C 345
R
P 0000021830F39F78
P 0000021830FC6B78
C 211
R
P 0000021830F39F78
C 345
R
P 0000021830F39F78
P 0000021830FC7538
C 262
R
P 0000021830F39F78
C 345
R
P 0000021830F39F78
P 0000021830FC7538
C 261
R
P 0000021830F39F78
C 345
R
P 0000021830F39F78
P 0000021830FC7538
C 260
R
P 0000021830F39F78
C 345
R
P 0000021830F39F78
P 0000021830FC7538
C 9
R
P 0000021830F39F78
C 345
R
P 0000021830F39F78
P 0000021830FC8458
P 0000021830FC7538
C 102
= 00000218339DBB28
R
P 0000021830F39F78
C 345
R
P 0000021830F39F78
P 00000218339DBB28
C 260
R
P 0000021830F39F78
C 345
R
P 0000021830F39F78
P 00000218339DBB28
C 9
R
P 0000021830F39F78
C 345
R
P 0000021830F39F78
P 0000021833B96B38
P 00000218339DBB28
C 430
R
P 0000021830F39F78
C 345
R
P 0000021830F39F78
U 32
C 35
= 0000021830FC6B78
R
P 0000021830F39F78
C 345
R
P 0000021830F39F78
P 0000021830FC6B78
C 259
R
P 0000021830F39F78
C 345
R
P 0000021830F39F78
P 0000021830FC6B78
C 9
R
P 0000021830F39F78
C 345
R
P 0000021830F39F78
I 8388608
P 0000021830FC6B78
C 152
= 0000021831BDF258
R
P 0000021830F39F78
C 345
R
P 0000021830F39F78
P 0000021831BDF258
C 259
R
P 0000021830F39F78
C 345
R
P 0000021830F39F78
P 0000021831BDF258
C 256
= 0000021830FC6B78
R
P 0000021830F39F78
C 345
R
P 0000021830F39F78
P 0000021830FC6B78
C 211
R
P 0000021830F39F78
C 345
R
P 0000021830F39F78
P 0000021831BDF258
C 262
R
P 0000021830F39F78
C 345
R
P 0000021830F39F78
P 0000021831BDF258
C 261
R
P 0000021830F39F78
C 345
R
P 0000021830F39F78
P 0000021831BDF258
C 260
R
P 0000021830F39F78
C 345
R
P 0000021830F39F78
P 0000021831BDF258
C 9
R
P 0000021830F39F78
C 345
R
P 0000021830F39F78
P 0000021831BDA938
P 0000021831BDF258
C 102
= 00000218339EF8B8
R
P 0000021830F39F78
C 345
R
P 0000021830F39F78
P 00000218339EF8B8
C 260
R
P 0000021830F39F78
C 345
R
P 0000021830F39F78
P 00000218339EF8B8
C 9
R
P 0000021830F39F78
C 345
R
P 0000021830F39F78
P 0000021833B96B38
P 00000218339EF8B8
C 430
R
P 0000021830F39F78
C 345
R
P 0000021830F39F78
P 0000021833B96B38
C 437
R
P 0000021830F39F78
C 345
R
P 0000021830F39F78
P 0000021833B96B38
C 442
= 00000218346D6928
R
P 0000021830F39F78
C 345
R
P 0000021830F39F78
P 00000218346D6928
C 303
R
P 0000021830F39F78
C 345
R
P 0000021830F39F78
P 00000218346D6928
C 340
R
P 0000021830F39F78
C 345
R
P 0000021830F39F78
P 0000021833B96B38
C 442
= 00000218346D6988
R
P 0000021830F39F78
C 345
R
P 0000021830F39F78
P 00000218346D6988
C 303
R
P 0000021830F39F78
C 345
R
P 0000021830F39F78
P 00000218346D6988
P 0000021830FC8438
I 0
P 0000000000000000
C 305
* 0000021830FC8478 4
R
P 0000021830F39F78
C 345
R
P 0000021830F39F78
P 0000021830FC8478
C 259
R
P 0000021830F39F78
C 345
R
P 0000021830F39F78
P 0000021830FC8478
C 256
= 0000021830FC6B78
R
P 0000021830F39F78
C 345
R
P 0000021830F39F78
P 0000021830FC6B78
C 211
R
P 0000021830F39F78
C 345
R
P 0000021830F39F78
P 0000021830FC8478
C 262
R
P 0000021830F39F78
C 345
R
P 0000021830F39F78
P 0000021830FC8478
C 261
R
P 0000021830F39F78
C 345
R
P 0000021830F39F78
P 0000021830FC8478
C 260
R
P 0000021830F39F78
C 345
R
P 0000021830F39F78
P 0000021830FC8478
C 9
R
P 0000021830F39F78
C 345
R
P 0000021830F39F78
P 0000021830FC8478
I 0
C 271
R
P 0000021830F39F78
C 345
R
P 0000021830F39F78
P 0000021833B96B38
C 442
= 00000218346D69B8
R
P 0000021830F39F78
C 345
R
P 0000021830F39F78
P 00000218346D69B8
C 303
R
P 0000021830F39F78
C 345
R
P 0000021830F39F78
P 00000218346D69B8
P 0000021830FC8458
I 0
P 0000000000000000
C 305
* 0000021830FC8478 4
R
P 0000021830F39F78
C 345
R
P 0000021830F39F78
P 0000021830FC8478
C 259
R
P 0000021830F39F78
C 345
R
P 0000021830F39F78
P 0000021830FC8478
C 256
= 0000021830FC6B78
R
P 0000021830F39F78
C 345
R
P 0000021830F39F78
P 0000021830FC6B78
C 211
R
P 0000021830F39F78
C 345
R
P 0000021830F39F78
P 0000021830FC8478
C 262
R
P 0000021830F39F78
C 345
R
P 0000021830F39F78
P 0000021830FC8478
C 261
R
P 0000021830F39F78
C 345
R
P 0000021830F39F78
P 0000021830FC8478
C 260
R
P 0000021830F39F78
C 345
R
P 0000021830F39F78
P 0000021830FC8478
C 9
R
P 0000021830F39F78
C 345
R
P 0000021830F39F78
P 0000021830FC8478
I 0
C 271
R
P 0000021830F39F78
C 345
R
P 0000021830F39F78
P 0000021833B96B38
C 442
= 00000218346D69E8
R
P 0000021830F39F78
C 345
R
P 0000021830F39F78
P 00000218346D69E8
C 303
R
P 0000021830F39F78
C 345
R
P 0000021830F39F78
P 00000218346D69E8
P 0000021831BDA938
I 0
P 0000000000000000
C 305
* 0000021831BDF258 4
R
P 0000021830F39F78
C 345
R
P 0000021830F39F78
P 0000021831BDF258
C 259
R
P 0000021830F39F78
C 345
R
P 0000021830F39F78
P 0000021831BDF258
C 256
= 0000021830FC6B78
R
P 0000021830F39F78
C 345
R
P 0000021830F39F78
P 0000021830FC6B78
C 211
R
P 0000021830F39F78
C 345
R
P 0000021830F39F78
P 0000021831BDF258
C 262
R
P 0000021830F39F78
C 345
R
P 0000021830F39F78
P 0000021831BDF258
C 261
R
P 0000021830F39F78
C 345
R
P 0000021830F39F78
P 0000021831BDF258
C 260
R
P 0000021830F39F78
C 345
R
P 0000021830F39F78
P 0000021831BDF258
C 9
R
P 0000021830F39F78
C 345
R
P 0000021830F39F78
P 0000021831BDF258
I 0
C 271
R
P 0000021830F39F78
C 345
R
P 0000021830F39F78
U 32
C 35
= 0000021830FC6B78
R
P 0000021830F39F78
C 345
R
P 0000021830F39F78
P 0000021830FC6B78
C 259
R
P 0000021830F39F78
C 345
R
P 0000021830F39F78
P 0000021830FC6B78
C 9
R
P 0000021830F39F78
C 345
R
P 0000021830F39F78
I 4194304
P 0000021830FC6B78
C 152
= 0000021831BDF558
R
P 0000021830F39F78
C 345
R
P 0000021830F39F78
P 0000021831BDF558
C 259
R
P 0000021830F39F78
C 345
R
P 0000021830F39F78
P 0000021831BDF558
C 256
= 0000021830FC6B78
R
P 0000021830F39F78
C 345
R
P 0000021830F39F78
P 0000021830FC6B78
C 211
R
P 0000021830F39F78
C 345
R
P 0000021830F39F78
P 0000021831BDF558
C 262
R
P 0000021830F39F78
C 345
R
P 0000021830F39F78
P 0000021831BDF558
C 261
R
P 0000021830F39F78
C 345
R
P 0000021830F39F78
P 0000021831BDF558
C 260
R
P 0000021830F39F78
C 345
R
P 0000021830F39F78
P 0000021831BDF558
C 9
R
P 0000021830F39F78
C 345
R
P 0000021830F39F78
P 0000021831BDA938
P 0000021831BDF558
C 102
= 00000218339D0820
R
P 0000021830F39F78
C 345
R
P 0000021830F39F78
P 00000218339D0820
C 260
R
P 0000021830F39F78
C 345
R
P 0000021830F39F78
P 00000218339D0820
C 9
R
P 0000021830F39F78
C 345
R
P 0000021830F39F78
P 0000021833B96B38
P 00000218339D0820
C 430
R
P 0000021830F39F78
C 345
R
P 0000021830F39F78
U 32
C 35
= 0000021830FC6B78
R
P 0000021830F39F78
C 345
R
P 0000021830F39F78
P 0000021830FC6B78
C 259
R
P 0000021830F39F78
C 345
R
P 0000021830F39F78
P 0000021830FC6B78
C 9
R
P 0000021830F39F78
C 345
R
P 0000021830F39F78
I 0
P 0000021830FC6B78
C 152
= 0000021830FC8478
R
P 0000021830F39F78
C 345
R
P 0000021830F39F78
P 0000021830FC8478
C 259
R
P 0000021830F39F78
C 345
R
P 0000021830F39F78
P 0000021830FC8478
C 256
= 0000021830FC6B78
R
P 0000021830F39F78
C 345
R
P 0000021830F39F78
P 0000021830FC6B78
C 211
R
P 0000021830F39F78
C 345
R
P 0000021830F39F78
P 0000021830FC8478
C 262
R
P 0000021830F39F78
C 345
R
P 0000021830F39F78
P 0000021830FC8478
C 261
R
P 0000021830F39F78
C 345
R
P 0000021830F39F78
P 0000021830FC8478
C 260
R
P 0000021830F39F78
C 345
R
P 0000021830F39F78
P 0000021830FC8478
C 9
R
P 0000021830F39F78
C 345
R
P 0000021830F39F78
P 0000021830FC8438
P 0000021830FC8478
C 102
= 00000218339DC0A0
R
P 0000021830F39F78
C 345
R
P 0000021830F39F78
P 00000218339DC0A0
C 260
R
P 0000021830F39F78
C 345
R
P 0000021830F39F78
P 00000218339DC0A0
C 9
R
P 0000021830F39F78
C 345
R
P 0000021830F39F78
P 0000021833B96B38
P 00000218339DC0A0
C 430
R
P 0000021830F39F78
C 345
R
P 0000021830F39F78
U 32
C 35
= 0000021830FC6B78
R
P 0000021830F39F78
C 345
R
P 0000021830F39F78
P 0000021830FC6B78
C 259
R
P 0000021830F39F78
C 345
R
P 0000021830F39F78
P 0000021830FC6B78
C 9
R
P 0000021830F39F78
C 345
R
P 0000021830F39F78
I 0
P 0000021830FC6B78
C 152
= 0000021830FC8478
R
P 0000021830F39F78
C 345
R
P 0000021830F39F78
P 0000021830FC8478
C 259
R
P 0000021830F39F78
C 345
R
P 0000021830F39F78
P 0000021830FC8478
C 256
= 0000021830FC6B78
R
P 0000021830F39F78
C 345
R
P 0000021830F39F78
P 0000021830FC6B78
C 211
R
P 0000021830F39F78
C 345
R
P 0000021830F39F78
P 0000021830FC8478
C 262
R
P 0000021830F39F78
C 345
R
P 0000021830F39F78
P 0000021830FC8478
C 261
R
P 0000021830F39F78
C 345
R
P 0000021830F39F78
P 0000021830FC8478
C 260
R
P 0000021830F39F78
C 345
R
P 0000021830F39F78
P 0000021830FC8478
C 9
R
P 0000021830F39F78
C 345
R
P 0000021830F39F78
P 0000021830FC8458
P 0000021830FC8478
C 102
= 00000218339DB5E8
R
P 0000021830F39F78
C 345
R
P 0000021830F39F78
P 00000218339DB5E8
C 260
R
P 0000021830F39F78
C 345
R
P 0000021830F39F78
P 00000218339DB5E8
C 9
R
P 0000021830F39F78
C 345
R
P 0000021830F39F78
P 0000021833B96B38
P 00000218339DB5E8
C 430
R
P 0000021830F39F78
C 345
R
P 0000021830F39F78
U 32
C 35
= 0000021830FC6B78
R
P 0000021830F39F78
C 345
R
P 0000021830F39F78
P 0000021830FC6B78
C 259
R
P 0000021830F39F78
C 345
R
P 0000021830F39F78
P 0000021830FC6B78
C 9
R
P 0000021830F39F78
C 345
R
P 0000021830F39F78
I 8388608
P 0000021830FC6B78
C 152
= 0000021831BDF258
R
P 0000021830F39F78
C 345
R
P 0000021830F39F78
P 0000021831BDF258
C 259
R
P 0000021830F39F78
C 345
R
P 0000021830F39F78
P 0000021831BDF258
C 256
= 0000021830FC6B78
R
P 0000021830F39F78
C 345
R
P 0000021830F39F78
P 0000021830FC6B78
C 211
R
P 0000021830F39F78
C 345
R
P 0000021830F39F78
P 0000021831BDF258
C 262
R
P 0000021830F39F78
C 345
R
P 0000021830F39F78
P 0000021831BDF258
C 261
R
P 0000021830F39F78
C 345
R
P 0000021830F39F78
P 0000021831BDF258
C 260
R
P 0000021830F39F78
C 345
R
P 0000021830F39F78
P 0000021831BDF258
C 9
R
P 0000021830F39F78
C 345
R
P 0000021830F39F78
P 0000021831BDA938
P 0000021831BDF258
C 102
= 00000218339EF8B8
R
P 0000021830F39F78
C 345
R
P 0000021830F39F78
P 00000218339EF8B8
C 260
R
P 0000021830F39F78
C 345
R
P 0000021830F39F78
P 00000218339EF8B8
C 9
R
P 0000021830F39F78
C 345
R
P 0000021830F39F78
P 0000021833B96B38
P 00000218339EF8B8
C 430
R
P 0000021830F39F78
C 345
R
P 0000021830F39F78
P 0000021833B96B38
C 437
R
P 0000021830F39F78
C 345
R
P 0000021830F39F78
P 0000021833B96B38
C 442
= 00000218346D7078
R
P 0000021830F39F78
C 345
R
P 0000021830F39F78
P 00000218346D7078
C 303
R
P 0000021830F39F78
C 345
R
P 0000021830F39F78
P 00000218346D7078
C 340
R
P 0000021830F39F78
C 345
R
P 0000021830F39F78
P 0000021833B96B38
C 442
= 00000218346D70A8
R
P 0000021830F39F78
C 345
R
P 0000021830F39F78
P 00000218346D70A8
C 303
R
P 0000021830F39F78
C 345
R
P 0000021830F39F78
P 00000218346D70A8
P 0000021830FC8438
I 0
P 0000000000000000
C 305
* 0000021830FC8478 4
R
P 0000021830F39F78
C 345
R
P 0000021830F39F78
P 0000021830FC8478
C 259
R
P 0000021830F39F78
C 345
R
P 0000021830F39F78
P 0000021830FC8478
C 256
= 0000021830FC6B78
R
P 0000021830F39F78
C 345
R
P 0000021830F39F78
P 0000021830FC6B78
C 211
R
P 0000021830F39F78
C 345
R
P 0000021830F39F78
P 0000021830FC8478
C 262
R
P 0000021830F39F78
C 345
R
P 0000021830F39F78
P 0000021830FC8478
C 261
R
P 0000021830F39F78
C 345
R
P 0000021830F39F78
P 0000021830FC8478
C 260
R
P 0000021830F39F78
C 345
R
P 0000021830F39F78
P 0000021830FC8478
C 9
R
P 0000021830F39F78
C 345
R
P 0000021830F39F78
P 0000021830FC8478
I 0
C 271
R
P 0000021830F39F78
C 345
R
P 0000021830F39F78
P 0000021833B96B38
C 442
= 00000218346D7498
R
P 0000021830F39F78
C 345
R
P 0000021830F39F78
P 00000218346D7498
C 303
R
P 0000021830F39F78
C 345
R
P 0000021830F39F78
P 00000218346D7498
P 0000021830FC8458
I 0
P 0000000000000000
C 305
* 0000021830FC8478 4
R
P 0000021830F39F78
C 345
R
P 0000021830F39F78
P 0000021830FC8478
C 259
R
P 0000021830F39F78
C 345
R
P 0000021830F39F78
P 0000021830FC8478
C 256
= 0000021830FC6B78
R
P 0000021830F39F78
C 345
R
P 0000021830F39F78
P 0000021830FC6B78
C 211
R
P 0000021830F39F78
C 345
R
P 0000021830F39F78
P 0000021830FC8478
C 262
R
P 0000021830F39F78
C 345
R
P 0000021830F39F78
P 0000021830FC8478
C 261
R
P 0000021830F39F78
C 345
R
P 0000021830F39F78
P 0000021830FC8478
C 260
R
P 0000021830F39F78
C 345
R
P 0000021830F39F78
P 0000021830FC8478
C 9
R
P 0000021830F39F78
C 345
R
P 0000021830F39F78
P 0000021830FC8478
I 0
C 271
R
P 0000021830F39F78
C 345
R
P 0000021830F39F78
P 0000021833B96B38
C 442
= 00000218346D6E08
R
P 0000021830F39F78
C 345
R
P 0000021830F39F78
P 00000218346D6E08
C 303
R
P 0000021830F39F78
C 345
R
P 0000021830F39F78
P 00000218346D6E08
P 0000021831BDA938
I 0
P 0000000000000000
C 305
* 0000021830FC8478 4
R
P 0000021830F39F78
C 345
R
P 0000021830F39F78
P 0000021830FC8478
C 259
R
P 0000021830F39F78
C 345
R
P 0000021830F39F78
P 0000021830FC8478
C 256
= 0000021830FC6B78
R
P 0000021830F39F78
C 345
R
P 0000021830F39F78
P 0000021830FC6B78
C 211
R
P 0000021830F39F78
C 345
R
P 0000021830F39F78
P 0000021830FC8478
C 262
R
P 0000021830F39F78
C 345
R
P 0000021830F39F78
P 0000021830FC8478
C 261
R
P 0000021830F39F78
C 345
R
P 0000021830F39F78
P 0000021830FC8478
C 260
R
P 0000021830F39F78
C 345
R
P 0000021830F39F78
P 0000021830FC8478
C 9
R
P 0000021830F39F78
C 345
R
P 0000021830F39F78
P 0000021830FC8478
I 0
C 271
R
P 0000021830F39F78
C 345
R
P 0000021830F39F78
P 0000021833B96B38
U 1
C 427
R
P 0000021830F39F78
C 345
M "SimplifierExample"
R
P 0000021830F39F78
S "x"
C 30
R
P 0000021830F39F78
C 345
R
P 0000021830F39F78
$ |x|
C 204
R
P 0000021830F39F78
C 345
R
P 0000021830F39F78
$ |x|
P 0000021830FC6738
C 51
= 0000021830FC7058
R
P 0000021830F39F78
C 345
R
P 0000021830F39F78
P 0000021830FC7058
C 259
R
P 0000021830F39F78
C 345
R
P 0000021830F39F78
P 0000021830FC7058
C 256
= 0000021830FC6738
R
P 0000021830F39F78
C 345
R
P 0000021830F39F78
P 0000021830FC6738
C 211
R
P 0000021830F39F78
C 345
R
P 0000021830F39F78
P 0000021830FC7058
C 262
R
P 0000021830F39F78
C 345
R
P 0000021830F39F78
P 0000021830FC7058
C 261
R
P 0000021830F39F78
C 345
R
P 0000021830F39F78
P 0000021830FC7058
C 260
R
P 0000021830F39F78
C 345
R
P 0000021830F39F78
P 0000021830FC7058
C 9
R
P 0000021830F39F78
C 345
R
P 0000021830F39F78
S "y"
C 30
R
P 0000021830F39F78
C 345
R
P 0000021830F39F78
$ |y|
C 204
R
P 0000021830F39F78
C 345
R
P 0000021830F39F78
$ |y|
P 0000021830FC6738
C 51
= 0000021830FC7078
R
P 0000021830F39F78
C 345
R
P 0000021830F39F78
P 0000021830FC7078
C 259
R
P 0000021830F39F78
C 345
R
P 0000021830F39F78
P 0000021830FC7078
C 256
= 0000021830FC6738
R
P 0000021830F39F78
C 345
R
P 0000021830F39F78
P 0000021830FC6738
C 211
R
P 0000021830F39F78
C 345
R
P 0000021830F39F78
P 0000021830FC7078
C 262
R
P 0000021830F39F78
C 345
R
P 0000021830F39F78
P 0000021830FC7078
C 261
R
P 0000021830F39F78
C 345
R
P 0000021830F39F78
P 0000021830FC7078
C 260
R
P 0000021830F39F78
C 345
R
P 0000021830F39F78
P 0000021830FC7078
C 9
R
P 0000021830F39F78
C 345
R
P 0000021830F39F78
S "z"
C 30
R
P 0000021830F39F78
C 345
R
P 0000021830F39F78
$ |z|
C 204
R
P 0000021830F39F78
C 345
R
P 0000021830F39F78
$ |z|
P 0000021830FC6738
C 51
= 0000021831BDF318
R
P 0000021830F39F78
C 345
R
P 0000021830F39F78
P 0000021831BDF318
C 259
R
P 0000021830F39F78
C 345
R
P 0000021830F39F78
P 0000021831BDF318
C 256
= 0000021830FC6738
R
P 0000021830F39F78
C 345
R
P 0000021830F39F78
P 0000021830FC6738
C 211
R
P 0000021830F39F78
C 345
R
P 0000021830F39F78
P 0000021831BDF318
C 262
R
P 0000021830F39F78
C 345
R
P 0000021830F39F78
P 0000021831BDF318
C 261
R
P 0000021830F39F78
C 345
R
P 0000021830F39F78
P 0000021831BDF318
C 260
R
P 0000021830F39F78
C 345
R
P 0000021830F39F78
P 0000021831BDF318
C 9
R
P 0000021830F39F78
C 345
R
P 0000021830F39F78
S "u"
C 30
R
P 0000021830F39F78
C 345
R
P 0000021830F39F78
$ |u|
C 204
R
P 0000021830F39F78
C 345
R
P 0000021830F39F78
$ |u|
P 0000021830FC6738
C 51
= 0000021831BDF2F8
R
P 0000021830F39F78
C 345
R
P 0000021830F39F78
P 0000021831BDF2F8
C 259
R
P 0000021830F39F78
C 345
R
P 0000021830F39F78
P 0000021831BDF2F8
C 256
= 0000021830FC6738
R
P 0000021830F39F78
C 345
R
P 0000021830F39F78
P 0000021830FC6738
C 211
R
P 0000021830F39F78
C 345
R
P 0000021830F39F78
P 0000021831BDF2F8
C 262
R
P 0000021830F39F78
C 345
R
P 0000021830F39F78
P 0000021831BDF2F8
C 261
R
P 0000021830F39F78
C 345
R
P 0000021830F39F78
P 0000021831BDF2F8
C 260
R
P 0000021830F39F78
C 345
R
P 0000021830F39F78
P 0000021831BDF2F8
C 9
R
P 0000021830F39F78
C 345
R
P 0000021830F39F78
U 2
P 0000021830FC7058
P 0000021831BDF318
p 2
C 67
= 00000218339DB690
R
P 0000021830F39F78
C 345
R
P 0000021830F39F78
P 00000218339DB690
C 259
R
P 0000021830F39F78
C 345
R
P 0000021830F39F78
P 00000218339DB690
C 256
= 0000021830FC6738
R
P 0000021830F39F78
C 345
R
P 0000021830F39F78
P 0000021830FC6738
C 211
R
P 0000021830F39F78
C 345
R
P 0000021830F39F78
P 00000218339DB690
C 262
R
P 0000021830F39F78
C 345
R
P 0000021830F39F78
P 00000218339DB690
C 261
R
P 0000021830F39F78
C 345
R
P 0000021830F39F78
P 00000218339DB690
C 260
R
P 0000021830F39F78
C 345
R
P 0000021830F39F78
P 00000218339DB690
C 9
R
P 0000021830F39F78
C 345
R
P 0000021830F39F78
U 2
P 0000021830FC7078
P 00000218339DB690
p 2
C 69
= 00000218339DC9D0
R
P 0000021830F39F78
C 345
R
P 0000021830F39F78
P 00000218339DC9D0
C 259
R
P 0000021830F39F78
C 345
R
P 0000021830F39F78
P 00000218339DC9D0
C 256
= 0000021830FC6738
R
P 0000021830F39F78
C 345
R
P 0000021830F39F78
P 0000021830FC6738
C 211
R
P 0000021830F39F78
C 345
R
P 0000021830F39F78
P 00000218339DC9D0
C 262
R
P 0000021830F39F78
C 345
R
P 0000021830F39F78
P 00000218339DC9D0
C 261
R
P 0000021830F39F78
C 345
R
P 0000021830F39F78
P 00000218339DC9D0
C 260
R
P 0000021830F39F78
C 345
R
P 0000021830F39F78
P 00000218339DC9D0
C 9
R
P 0000021830F39F78
C 345
R
P 0000021830F39F78
U 2
P 0000021830FC7058
P 00000218339DC9D0
p 2
C 67
= 00000218339DB818
R
P 0000021830F39F78
C 345
R
P 0000021830F39F78
P 00000218339DB818
C 259
R
P 0000021830F39F78
C 345
R
P 0000021830F39F78
P 00000218339DB818
C 256
= 0000021830FC6738
R
P 0000021830F39F78
C 345
R
P 0000021830F39F78
P 0000021830FC6738
C 211
R
P 0000021830F39F78
C 345
R
P 0000021830F39F78
P 00000218339DB818
C 262
R
P 0000021830F39F78
C 345
R
P 0000021830F39F78
P 00000218339DB818
C 261
R
P 0000021830F39F78
C 345
R
P 0000021830F39F78
P 00000218339DB818
C 260
R
P 0000021830F39F78
C 345
R
P 0000021830F39F78
P 00000218339DB818
C 9
R
P 0000021830F39F78
C 345
R
P 0000021830F39F78
P 00000218339DB818
C 294
= 00000218339DB968
R
P 0000021830F39F78
C 345
R
P 0000021830F39F78
P 00000218339DB968
C 259
R
P 0000021830F39F78
C 345
R
P 0000021830F39F78
P 00000218339DB968
C 256
= 0000021830FC6738
R
P 0000021830F39F78
C 345
R
P 0000021830F39F78
P 0000021830FC6738
C 211
R
P 0000021830F39F78
C 345
R
P 0000021830F39F78
P 00000218339DB968
C 262
R
P 0000021830F39F78
C 345
R
P 0000021830F39F78
P 00000218339DB968
C 261
R
P 0000021830F39F78
C 345
R
P 0000021830F39F78
P 00000218339DB968
C 260
R
P 0000021830F39F78
C 345
R
P 0000021830F39F78
P 00000218339DB968
C 9
R
P 0000021830F39F78
C 345
R
P 0000021830F39F78
P 00000218339DB818
C 336
R
P 0000021830F39F78
C 345
R
P 0000021830F39F78
P 00000218339DB968
C 336
R
P 0000021830F39F78
C 345
M "FiniteDomainExample"
R
P 0000021830F39F78
S "S"
C 30
R
P 0000021830F39F78
C 345
R
P 0000021830F39F78
$ |S|
C 204
R
P 0000021830F39F78
C 345
R
P 0000021830F39F78
$ |S|
U 10
C 36
= 0000021831BDAA58
R
P 0000021830F39F78
C 345
R
P 0000021830F39F78
P 0000021831BDAA58
C 259
R
P 0000021830F39F78
C 345
R
P 0000021830F39F78
P 0000021831BDAA58
C 9
R
P 0000021830F39F78
C 345
R
P 0000021830F39F78
S "T"
C 30
R
P 0000021830F39F78
C 345
R
P 0000021830F39F78
$ |T|
C 204
R
P 0000021830F39F78
C 345
R
P 0000021830F39F78
$ |T|
U 10
C 36
= 0000021831BDABF8
R
P 0000021830F39F78
C 345
R
P 0000021830F39F78
P 0000021831BDABF8
C 259
R
P 0000021830F39F78
C 345
R
P 0000021830F39F78
P 0000021831BDABF8
C 9
R
P 0000021830F39F78
C 345
R
P 0000021830F39F78
I 1
P 0000021831BDAA58
C 152
= 0000021831BDAC38
R
P 0000021830F39F78
C 345
R
P 0000021830F39F78
P 0000021831BDAC38
C 259
R
P 0000021830F39F78
C 345
R
P 0000021830F39F78
P 0000021831BDAC38
C 256
= 0000021831BDAA58
R
P 0000021830F39F78
C 345
R
P 0000021830F39F78
P 0000021831BDAA58
C 211
R
P 0000021830F39F78
C 345
R
P 0000021830F39F78
P 0000021831BDAC38
C 262
R
P 0000021830F39F78
C 345
R
P 0000021830F39F78
P 0000021831BDAC38
C 261
R
P 0000021830F39F78
C 345
R
P 0000021830F39F78
P 0000021831BDAC38
C 260
R
P 0000021830F39F78
C 345
R
P 0000021830F39F78
P 0000021831BDAC38
C 9
R
P 0000021830F39F78
C 345
R
P 0000021830F39F78
I 1
P 0000021831BDABF8
C 152
= 0000021831BDAC58
R
P 0000021830F39F78
C 345
R
P 0000021830F39F78
P 0000021831BDAC58
C 259
R
P 0000021830F39F78
C 345
R
P 0000021830F39F78
P 0000021831BDAC58
C 256
= 0000021831BDABF8
R
P 0000021830F39F78
C 345
R
P 0000021830F39F78
P 0000021831BDABF8
C 211
R
P 0000021830F39F78
C 345
R
P 0000021830F39F78
P 0000021831BDAC58
C 262
R
P 0000021830F39F78
C 345
R
P 0000021830F39F78
P 0000021831BDAC58
C 261
R
P 0000021830F39F78
C 345
R
P 0000021830F39F78
P 0000021831BDAC58
C 260
R
P 0000021830F39F78
C 345
R
P 0000021830F39F78
P 0000021831BDAC58
C 9
R
P 0000021830F39F78
C 345
R
P 0000021830F39F78
P 0000021831BDAA58
C 336
R
P 0000021830F39F78
C 345
R
P 0000021830F39F78
P 0000021831BDABF8
C 336
R
P 0000021830F39F78
C 345
R
P 0000021830F39F78
P 0000021831BDAC38
C 265
R
P 0000021830F39F78
C 345
R
P 0000021830F39F78
P 0000021831BDAC58
C 265
R
P 0000021830F39F78
C 345
R
P 0000021830F39F78
P 0000021831BDAC38
I 0
C 271
R
P 0000021830F39F78
C 345
R
P 0000021830F39F78
P 0000021831BDAC58
I 0
C 271
R
P 0000021830F39F78
C 345
M "FloatingPointExample1"
R
P 0000021830F39F78
U 11
U 53
C 586
= 0000021831BDAB18
R
P 0000021830F39F78
C 345
R
P 0000021830F39F78
P 0000021831BDAB18
C 259
R
P 0000021830F39F78
C 345
R
P 0000021830F39F78
P 0000021831BDAB18
C 9
R
P 0000021830F39F78
C 345
R
P 0000021830F39F78
P 0000021831BDAB18
C 336
R
P 0000021830F39F78
C 345
R
P 0000021830F39F78
S "-1e1"
P 0000021831BDAB18
C 150
= 0000021831BDAAB8
R
P 0000021830F39F78
C 345
R
P 0000021830F39F78
P 0000021831BDAAB8
C 259
R
P 0000021830F39F78
C 345
R
P 0000021830F39F78
P 0000021831BDAAB8
C 256
= 0000021831BDAB18
R
P 0000021830F39F78
C 345
R
P 0000021830F39F78
P 0000021831BDAB18
C 211
R
P 0000021830F39F78
C 345
R
P 0000021830F39F78
P 0000021831BDAAB8
C 262
R
P 0000021830F39F78
C 345
R
P 0000021830F39F78
P 0000021831BDAAB8
C 261
R
P 0000021830F39F78
C 345
R
P 0000021830F39F78
P 0000021831BDAAB8
C 260
R
P 0000021830F39F78
C 345
R
P 0000021830F39F78
P 0000021831BDAAB8
C 9
R
P 0000021830F39F78
C 345
R
P 0000021830F39F78
S "-10"
P 0000021831BDAB18
C 150
= 0000021831BDAAB8
R
P 0000021830F39F78
C 345
R
P 0000021830F39F78
P 0000021831BDAAB8
C 259
R
P 0000021830F39F78
C 345
R
P 0000021830F39F78
P 0000021831BDAAB8
C 256
= 0000021831BDAB18
R
P 0000021830F39F78
C 345
R
P 0000021830F39F78
P 0000021831BDAB18
C 211
R
P 0000021830F39F78
C 345
R
P 0000021830F39F78
P 0000021831BDAAB8
C 262
R
P 0000021830F39F78
C 345
R
P 0000021830F39F78
P 0000021831BDAAB8
C 261
R
P 0000021830F39F78
C 345
R
P 0000021830F39F78
P 0000021831BDAAB8
C 260
R
P 0000021830F39F78
C 345
R
P 0000021830F39F78
P 0000021831BDAAB8
C 9
R
P 0000021830F39F78
C 345
R
P 0000021830F39F78
S "-1.25p3"
P 0000021831BDAB18
C 150
= 0000021831BDAAB8
R
P 0000021830F39F78
C 345
R
P 0000021830F39F78
P 0000021831BDAAB8
C 259
R
P 0000021830F39F78
C 345
R
P 0000021830F39F78
P 0000021831BDAAB8
C 256
= 0000021831BDAB18
R
P 0000021830F39F78
C 345
R
P 0000021830F39F78
P 0000021831BDAB18
C 211
R
P 0000021830F39F78
C 345
R
P 0000021830F39F78
P 0000021831BDAAB8
C 262
R
P 0000021830F39F78
C 345
R
P 0000021830F39F78
P 0000021831BDAAB8
C 261
R
P 0000021830F39F78
C 345
R
P 0000021830F39F78
P 0000021831BDAAB8
C 260
R
P 0000021830F39F78
C 345
R
P 0000021830F39F78
P 0000021831BDAAB8
C 9
R
P 0000021830F39F78
C 345
R
P 0000021830F39F78
P 0000021831BDAAB8
C 265
R
P 0000021830F39F78
C 345
R
P 0000021830F39F78
P 0000021831BDAAB8
C 265
R
P 0000021830F39F78
C 345
R
P 0000021830F39F78
P 0000021831BDAAB8
C 265
R
P 0000021830F39F78
C 345
R
P 0000021830F39F78
P 0000021831BDAAB8
P 0000021831BDAAB8
C 620
= 00000218339F0B50
R
P 0000021830F39F78
C 345
R
P 0000021830F39F78
P 00000218339F0B50
C 260
R
P 0000021830F39F78
C 345
R
P 0000021830F39F78
P 00000218339F0B50
C 9
R
P 0000021830F39F78
C 345
R
P 0000021830F39F78
P 0000021831BDAAB8
P 0000021831BDAAB8
C 620
= 00000218339F0B50
R
P 0000021830F39F78
C 345
R
P 0000021830F39F78
P 00000218339F0B50
C 260
R
P 0000021830F39F78
C 345
R
P 0000021830F39F78
P 00000218339F0B50
C 9
R
P 0000021830F39F78
C 345
R
P 0000021830F39F78
U 2
P 00000218339F0B50
P 00000218339F0B50
p 2
C 65
= 00000218339F0108
R
P 0000021830F39F78
C 345
R
P 0000021830F39F78
P 00000218339F0108
C 260
R
P 0000021830F39F78
C 345
R
P 0000021830F39F78
P 00000218339F0108
C 9
R
P 0000021830F39F78
C 345
R
P 0000021830F39F78
P 00000218339F0108
C 60
= 0000021831951288
R
P 0000021830F39F78
C 345
R
P 0000021830F39F78
P 0000021831951288
C 260
R
P 0000021830F39F78
C 345
R
P 0000021830F39F78
P 0000021831951288
C 9
R
P 0000021830F39F78
C 345
R
P 0000021830F39F78
C 415
= 0000021833B851F8
R
P 0000021830F39F78
C 345
R
P 0000021830F39F78
P 0000021833B851F8
C 424
R
P 0000021830F39F78
C 345
R
P 0000021830F39F78
P 0000021833B851F8
P 0000021831951288
C 430
R
P 0000021830F39F78
C 345
R
P 0000021830F39F78
P 0000021833B851F8
C 437
R
P 0000021830F39F78
C 345
R
P 0000021830F39F78
S "x"
C 30
R
P 0000021830F39F78
C 345
R
P 0000021830F39F78
$ |x|
C 204
R
P 0000021830F39F78
C 345
R
P 0000021830F39F78
$ |x|
P 0000021831BDAB18
C 51
= 0000021831BDAA38
R
P 0000021830F39F78
C 345
R
P 0000021830F39F78
P 0000021831BDAA38
C 259
R
P 0000021830F39F78
C 345
R
P 0000021830F39F78
P 0000021831BDAA38
C 256
= 0000021831BDAB18
R
P 0000021830F39F78
C 345
R
P 0000021830F39F78
P 0000021831BDAB18
C 211
R
P 0000021830F39F78
C 345
R
P 0000021830F39F78
P 0000021831BDAA38
C 262
R
P 0000021830F39F78
C 345
R
P 0000021830F39F78
P 0000021831BDAA38
C 261
R
P 0000021830F39F78
C 345
R
P 0000021830F39F78
P 0000021831BDAA38
C 260
R
P 0000021830F39F78
C 345
R
P 0000021830F39F78
P 0000021831BDAA38
C 9
R
P 0000021830F39F78
C 345
R
P 0000021830F39F78
P 0000021831BDAB18
C 595
= 0000021831BDA998
R
P 0000021830F39F78
C 345
R
P 0000021830F39F78
P 0000021831BDA998
C 260
R
P 0000021830F39F78
C 345
R
P 0000021830F39F78
P 0000021831BDA998
C 9
R
P 0000021830F39F78
C 345
R
P 0000021830F39F78
S "QF_FP"
C 30
R
P 0000021830F39F78
C 345
R
P 0000021830F39F78
$ |QF_FP|
C 204
R
P 0000021830F39F78
C 345
R
P 0000021830F39F78
$ |QF_FP|
C 417
= 0000021832216878
R
P 0000021830F39F78
C 345
R
P 0000021830F39F78
P 0000021832216878
C 424
R
P 0000021830F39F78
C 345
R
P 0000021830F39F78
P 0000021831BDA998
P 0000021831BDAA38
C 620
= 00000218339F0568
R
P 0000021830F39F78
C 345
R
P 0000021830F39F78
P 00000218339F0568
C 260
R
P 0000021830F39F78
C 345
R
P 0000021830F39F78
P 00000218339F0568
C 9
R
P 0000021830F39F78
C 345
R
P 0000021830F39F78
P 0000021832216878
P 00000218339F0568
C 430
R
P 0000021830F39F78
C 345
R
P 0000021830F39F78
P 0000021832216878
C 437
R
P 0000021830F39F78
C 345
R
P 0000021830F39F78
P 0000021832216878
C 447
R
P 0000021830F39F78
C 345
R
P 0000021830F39F78
S "QF_FP"
C 30
R
P 0000021830F39F78
C 345
R
P 0000021830F39F78
$ |QF_FP|
C 204
R
P 0000021830F39F78
C 345
R
P 0000021830F39F78
$ |QF_FP|
C 417
= 0000021833B859C8
R
P 0000021830F39F78
C 345
R
P 0000021830F39F78
P 0000021833B859C8
C 424
R
P 0000021830F39F78
C 345
R
P 0000021830F39F78
P 0000021831BDA998
P 0000021831BDA998
C 58
= 00000218339DB7E0
R
P 0000021830F39F78
C 345
R
P 0000021830F39F78
P 00000218339DB7E0
C 260
R
P 0000021830F39F78
C 345
R
P 0000021830F39F78
P 00000218339DB7E0
C 9
R
P 0000021830F39F78
C 345
R
P 0000021830F39F78
P 0000021833B859C8
P 00000218339DB7E0
C 430
R
P 0000021830F39F78
C 345
R
P 0000021830F39F78
P 0000021833B859C8
C 437
R
P 0000021830F39F78
C 345
R
P 0000021830F39F78
P 0000021833B859C8
C 447
R
P 0000021830F39F78
C 345
R
P 0000021830F39F78
S "-1e1"
P 0000021831BDAB18
C 150
= 0000021831BDAAB8
R
P 0000021830F39F78
C 345
R
P 0000021830F39F78
P 0000021831BDAAB8
C 259
R
P 0000021830F39F78
C 345
R
P 0000021830F39F78
P 0000021831BDAAB8
C 256
= 0000021831BDAB18
R
P 0000021830F39F78
C 345
R
P 0000021830F39F78
P 0000021831BDAB18
C 211
R
P 0000021830F39F78
C 345
R
P 0000021830F39F78
P 0000021831BDAAB8
C 262
R
P 0000021830F39F78
C 345
R
P 0000021830F39F78
P 0000021831BDAAB8
C 261
R
P 0000021830F39F78
C 345
R
P 0000021830F39F78
P 0000021831BDAAB8
C 260
R
P 0000021830F39F78
C 345
R
P 0000021830F39F78
P 0000021831BDAAB8
C 9
R
P 0000021830F39F78
C 345
R
P 0000021830F39F78
S "-1.25p3"
P 0000021831BDAB18
C 150
= 0000021831BDAAB8
R
P 0000021830F39F78
C 345
R
P 0000021830F39F78
P 0000021831BDAAB8
C 259
R
P 0000021830F39F78
C 345
R
P 0000021830F39F78
P 0000021831BDAAB8
C 256
= 0000021831BDAB18
R
P 0000021830F39F78
C 345
R
P 0000021830F39F78
P 0000021831BDAB18
C 211
R
P 0000021830F39F78
C 345
R
P 0000021830F39F78
P 0000021831BDAAB8
C 262
R
P 0000021830F39F78
C 345
R
P 0000021830F39F78
P 0000021831BDAAB8
C 261
R
P 0000021830F39F78
C 345
R
P 0000021830F39F78
P 0000021831BDAAB8
C 260
R
P 0000021830F39F78
C 345
R
P 0000021830F39F78
P 0000021831BDAAB8
C 9
R
P 0000021830F39F78
C 345
R
P 0000021830F39F78
S "x_plus_y"
C 30
R
P 0000021830F39F78
C 345
R
P 0000021830F39F78
$ |x_plus_y|
C 204
R
P 0000021830F39F78
C 345
R
P 0000021830F39F78
$ |x_plus_y|
P 0000021831BDAB18
C 51
= 0000021831BDF4F8
R
P 0000021830F39F78
C 345
R
P 0000021830F39F78
P 0000021831BDF4F8
C 259
R
P 0000021830F39F78
C 345
R
P 0000021830F39F78
P 0000021831BDF4F8
C 256
= 0000021831BDAB18
R
P 0000021830F39F78
C 345
R
P 0000021830F39F78
P 0000021831BDAB18
C 211
R
P 0000021830F39F78
C 345
R
P 0000021830F39F78
P 0000021831BDF4F8
C 262
R
P 0000021830F39F78
C 345
R
P 0000021830F39F78
P 0000021831BDF4F8
C 261
R
P 0000021830F39F78
C 345
R
P 0000021830F39F78
P 0000021831BDF4F8
C 260
R
P 0000021830F39F78
C 345
R
P 0000021830F39F78
P 0000021831BDF4F8
C 9
R
P 0000021830F39F78
C 345
R
P 0000021830F39F78
S "100"
P 0000021831BDAB18
C 150
= 0000021831BDF518
R
P 0000021830F39F78
C 345
R
P 0000021830F39F78
P 0000021831BDF518
C 259
R
P 0000021830F39F78
C 345
R
P 0000021830F39F78
P 0000021831BDF518
C 256
= 0000021831BDAB18
R
P 0000021830F39F78
C 345
R
P 0000021830F39F78
P 0000021831BDAB18
C 211
R
P 0000021830F39F78
C 345
R
P 0000021830F39F78
P 0000021831BDF518
C 262
R
P 0000021830F39F78
C 345
R
P 0000021830F39F78
P 0000021831BDF518
C 261
R
P 0000021830F39F78
C 345
R
P 0000021830F39F78
P 0000021831BDF518
C 260
R
P 0000021830F39F78
C 345
R
P 0000021830F39F78
P 0000021831BDF518
C 9
R
P 0000021830F39F78
C 345
R
P 0000021830F39F78
S "QF_FP"
C 30
R
P 0000021830F39F78
C 345
R
P 0000021830F39F78
$ |QF_FP|
C 204
R
P 0000021830F39F78
C 345
R
P 0000021830F39F78
$ |QF_FP|
C 417
= 0000021834C768A8
R
P 0000021830F39F78
C 345
R
P 0000021830F39F78
P 0000021834C768A8
C 424
R
P 0000021830F39F78
C 345
R
P 0000021830F39F78
C 578
= 0000021831BDF0F8
R
P 0000021830F39F78
C 345
R
P 0000021830F39F78
P 0000021831BDF0F8
C 260
R
P 0000021830F39F78
C 345
R
P 0000021830F39F78
P 0000021831BDF0F8
C 9
R
P 0000021830F39F78
C 345
R
P 0000021830F39F78
P 0000021831BDF0F8
P 0000021831BDAAB8
P 0000021831BDAAB8
C 606
= 0000021831F21178
R
P 0000021830F39F78
C 345
R
P 0000021830F39F78
P 0000021831F21178
C 260
R
P 0000021830F39F78
C 345
R
P 0000021830F39F78
P 0000021831F21178
C 9
R
P 0000021830F39F78
C 345
R
P 0000021830F39F78
P 0000021831BDF4F8
P 0000021831F21178
C 58
= 00000218339F04F8
R
P 0000021830F39F78
C 345
R
P 0000021830F39F78
P 00000218339F04F8
C 260
R
P 0000021830F39F78
C 345
R
P 0000021830F39F78
P 00000218339F04F8
C 9
R
P 0000021830F39F78
C 345
R
P 0000021830F39F78
P 0000021834C768A8
P 00000218339F04F8
C 430
R
P 0000021830F39F78
C 345
R
P 0000021830F39F78
P 0000021831BDF4F8
P 0000021831BDF518
C 620
= 00000218339F0418
R
P 0000021830F39F78
C 345
R
P 0000021830F39F78
P 00000218339F0418
C 260
R
P 0000021830F39F78
C 345
R
P 0000021830F39F78
P 00000218339F0418
C 9
R
P 0000021830F39F78
C 345
R
P 0000021830F39F78
P 00000218339F0418
C 60
= 0000021831951948
R
P 0000021830F39F78
C 345
R
P 0000021830F39F78
P 0000021831951948
C 260
R
P 0000021830F39F78
C 345
R
P 0000021830F39F78
P 0000021831951948
C 9
R
P 0000021830F39F78
C 345
R
P 0000021830F39F78
P 0000021834C768A8
P 0000021831951948
C 430
R
P 0000021830F39F78
C 345
R
P 0000021830F39F78
P 0000021834C768A8
C 437
R
P 0000021830F39F78
C 345
R
P 0000021830F39F78
P 0000021834C768A8
C 447
R
P 0000021830F39F78
C 345
R
C 3
= 0000021834D4A8B8
R
P 0000021834D4A8B8
S "proof"
S "true"
C 5
R
P 0000021834D4A8B8
C 7
= 0000021833AB0388
R
P 0000021834D4A8B8
C 4
R
P 0000021833AB0388
U 2
C 335
R
P 0000021833AB0388
C 345
M "ProveExample1"
R
P 0000021833AB0388
S "U"
C 30
R
P 0000021833AB0388
C 345
R
P 0000021833AB0388
$ |U|
C 204
R
P 0000021833AB0388
C 345
R
P 0000021833AB0388
$ |U|
C 31
= 0000021834D535E8
R
P 0000021833AB0388
C 345
R
P 0000021833AB0388
P 0000021834D535E8
C 259
R
P 0000021833AB0388
C 345
R
P 0000021833AB0388
P 0000021834D535E8
C 9
R
P 0000021833AB0388
C 345
R
P 0000021833AB0388
S "g"
C 30
R
P 0000021833AB0388
C 345
R
P 0000021833AB0388
$ |g|
C 204
R
P 0000021833AB0388
C 345
R
P 0000021833AB0388
$ |g|
U 1
P 0000021834D535E8
p 1
P 0000021834D535E8
C 49
= 0000021834D5B118
R
P 0000021833AB0388
C 345
R
P 0000021833AB0388
P 0000021834D5B118
C 259
R
P 0000021833AB0388
C 345
R
P 0000021833AB0388
P 0000021834D5B118
C 9
R
P 0000021833AB0388
C 345
R
P 0000021833AB0388
S "x"
C 30
R
P 0000021833AB0388
C 345
R
P 0000021833AB0388
$ |x|
C 204
R
P 0000021833AB0388
C 345
R
P 0000021833AB0388
$ |x|
P 0000021834D535E8
C 51
= 0000021834D53608
R
P 0000021833AB0388
C 345
R
P 0000021833AB0388
P 0000021834D53608
C 259
R
P 0000021833AB0388
C 345
R
P 0000021833AB0388
P 0000021834D53608
C 256
= 0000021834D535E8
R
P 0000021833AB0388
C 345
R
P 0000021833AB0388
P 0000021834D535E8
C 211
R
P 0000021833AB0388
C 345
R
P 0000021833AB0388
P 0000021834D53608
C 262
R
P 0000021833AB0388
C 345
R
P 0000021833AB0388
P 0000021834D53608
C 261
R
P 0000021833AB0388
C 345
R
P 0000021833AB0388
P 0000021834D53608
C 260
R
P 0000021833AB0388
C 345
R
P 0000021833AB0388
P 0000021834D53608
C 9
R
P 0000021833AB0388
C 345
R
P 0000021833AB0388
S "y"
C 30
R
P 0000021833AB0388
C 345
R
P 0000021833AB0388
$ |y|
C 204
R
P 0000021833AB0388
C 345
R
P 0000021833AB0388
$ |y|
P 0000021834D535E8
C 51
= 0000021834D53628
R
P 0000021833AB0388
C 345
R
P 0000021833AB0388
P 0000021834D53628
C 259
R
P 0000021833AB0388
C 345
R
P 0000021833AB0388
P 0000021834D53628
C 256
= 0000021834D535E8
R
P 0000021833AB0388
C 345
R
P 0000021833AB0388
P 0000021834D535E8
C 211
R
P 0000021833AB0388
C 345
R
P 0000021833AB0388
P 0000021834D53628
C 262
R
P 0000021833AB0388
C 345
R
P 0000021833AB0388
P 0000021834D53628
C 261
R
P 0000021833AB0388
C 345
R
P 0000021833AB0388
P 0000021834D53628
C 260
R
P 0000021833AB0388
C 345
R
P 0000021833AB0388
P 0000021834D53628
C 9
R
P 0000021833AB0388
C 345
R
P 0000021833AB0388
P 0000021834D5B118
U 1
P 0000021834D53608
p 1
C 50
= 0000021834D5EE18
R
P 0000021833AB0388
C 345
R
P 0000021833AB0388
P 0000021834D5EE18
C 259
R
P 0000021833AB0388
C 345
R
P 0000021833AB0388
P 0000021834D5EE18
C 256
= 0000021834D535E8
R
P 0000021833AB0388
C 345
R
P 0000021833AB0388
P 0000021834D535E8
C 211
R
P 0000021833AB0388
C 345
R
P 0000021833AB0388
P 0000021834D5EE18
C 262
R
P 0000021833AB0388
C 345
R
P 0000021833AB0388
P 0000021834D5EE18
C 261
R
P 0000021833AB0388
C 345
R
P 0000021833AB0388
P 0000021834D5EE18
C 260
R
P 0000021833AB0388
C 345
R
P 0000021833AB0388
P 0000021834D5EE18
C 9
R
P 0000021833AB0388
C 345
R
P 0000021833AB0388
P 0000021834D5B118
U 1
P 0000021834D53628
p 1
C 50
= 0000021834D5EE48
R
P 0000021833AB0388
C 345
R
P 0000021833AB0388
P 0000021834D5EE48
C 259
R
P 0000021833AB0388
C 345
R
P 0000021833AB0388
P 0000021834D5EE48
C 256
= 0000021834D535E8
R
P 0000021833AB0388
C 345
R
P 0000021833AB0388
P 0000021834D535E8
C 211
R
P 0000021833AB0388
C 345
R
P 0000021833AB0388
P 0000021834D5EE48
C 262
R
P 0000021833AB0388
C 345
R
P 0000021833AB0388
P 0000021834D5EE48
C 261
R
P 0000021833AB0388
C 345
R
P 0000021833AB0388
P 0000021834D5EE48
C 260
R
P 0000021833AB0388
C 345
R
P 0000021833AB0388
P 0000021834D5EE48
C 9
R
P 0000021833AB0388
C 345
R
P 0000021833AB0388
P 0000021834D53608
P 0000021834D53628
C 58
= 0000021834D5B150
R
P 0000021833AB0388
C 345
R
P 0000021833AB0388
P 0000021834D5B150
C 260
R
P 0000021833AB0388
C 345
R
P 0000021833AB0388
P 0000021834D5B150
C 9
R
P 0000021833AB0388
C 345
R
P 0000021833AB0388
P 0000021834D5EE18
P 0000021834D5EE48
C 58
= 0000021834D5B188
R
P 0000021833AB0388
C 345
R
P 0000021833AB0388
P 0000021834D5B188
C 260
R
P 0000021833AB0388
C 345
R
P 0000021833AB0388
P 0000021834D5B188
C 9
R
P 0000021833AB0388
C 345
R
P 0000021833AB0388
P 0000021834D5B150
P 0000021834D5B188
C 63
= 0000021834D5B1C0
R
P 0000021833AB0388
C 345
R
P 0000021833AB0388
P 0000021834D5B1C0
C 260
R
P 0000021833AB0388
C 345
R
P 0000021833AB0388
P 0000021834D5B1C0
C 9
R
P 0000021833AB0388
C 345
R
P 0000021833AB0388
P 0000021834D5B1C0
C 336
R
P 0000021833AB0388
C 345
R
P 0000021833AB0388
C 415
= 0000021834C76948
R
P 0000021833AB0388
C 345
R
P 0000021833AB0388
P 0000021834C76948
C 424
R
P 0000021833AB0388
C 345
R
P 0000021833AB0388
C 13
= 0000021833C48D08
R
P 0000021833AB0388
C 345
R
P 0000021833AB0388
P 0000021833C48D08
C 14
R
P 0000021833AB0388
C 345
R
P 0000021833AB0388
S "mbqi"
C 30
R
P 0000021833AB0388
C 345
R
P 0000021833AB0388
$ |mbqi|
C 204
R
P 0000021833AB0388
C 345
R
P 0000021833AB0388
P 0000021833C48D08
$ |mbqi|
I 0
C 16
R
P 0000021833AB0388
C 345
R
P 0000021833AB0388
P 0000021834C76948
P 0000021833C48D08
C 423
R
P 0000021833AB0388
C 345
R
P 0000021833AB0388
P 0000021834D5B1C0
C 60
= 0000021834D5EE78
R
P 0000021833AB0388
C 345
R
P 0000021833AB0388
P 0000021834D5EE78
C 260
R
P 0000021833AB0388
C 345
R
P 0000021833AB0388
P 0000021834D5EE78
C 9
R
P 0000021833AB0388
C 345
R
P 0000021833AB0388
P 0000021834C76948
P 0000021834D5EE78
C 430
R
P 0000021833AB0388
C 345
R
P 0000021833AB0388
P 0000021834C76948
C 437
R
P 0000021833AB0388
C 345
R
P 0000021833AB0388
P 0000021834C76948
C 443
= 0000021834D614B8
R
P 0000021833AB0388
C 345
R
P 0000021833AB0388
P 0000021834D614B8
C 259
R
P 0000021833AB0388
C 345
R
P 0000021833AB0388
P 0000021834D614B8
C 256
= 0000021834D52C28
R
P 0000021833AB0388
C 345
R
P 0000021833AB0388
P 0000021834D52C28
C 211
R
P 0000021833AB0388
C 345
R
P 0000021833AB0388
P 0000021834D614B8
C 262
R
P 0000021833AB0388
C 345
R
P 0000021833AB0388
P 0000021834D614B8
C 261
R
P 0000021833AB0388
C 345
R
P 0000021833AB0388
P 0000021834D614B8
C 260
R
P 0000021833AB0388
C 345
R
P 0000021833AB0388
P 0000021834D614B8
C 9
R
P 0000021833AB0388
C 345
R
P 0000021833AB0388
P 0000021834D614B8
C 336
R
P 0000021833AB0388
C 345
R
P 0000021833AB0388
P 0000021834D5B118
U 1
P 0000021834D5EE18
p 1
C 50
= 0000021834D5F0B8
R
P 0000021833AB0388
C 345
R
P 0000021833AB0388
P 0000021834D5F0B8
C 259
R
P 0000021833AB0388
C 345
R
P 0000021833AB0388
P 0000021834D5F0B8
C 256
= 0000021834D535E8
R
P 0000021833AB0388
C 345
R
P 0000021833AB0388
P 0000021834D535E8
C 211
R
P 0000021833AB0388
C 345
R
P 0000021833AB0388
P 0000021834D5F0B8
C 262
R
P 0000021833AB0388
C 345
R
P 0000021833AB0388
P 0000021834D5F0B8
C 261
R
P 0000021833AB0388
C 345
R
P 0000021833AB0388
P 0000021834D5F0B8
C 260
R
P 0000021833AB0388
C 345
R
P 0000021833AB0388
P 0000021834D5F0B8
C 9
R
P 0000021833AB0388
C 345
R
P 0000021833AB0388
P 0000021834D5F0B8
P 0000021834D5EE48
C 58
= 0000021834D5B738
R
P 0000021833AB0388
C 345
R
P 0000021833AB0388
P 0000021834D5B738
C 260
R
P 0000021833AB0388
C 345
R
P 0000021833AB0388
P 0000021834D5B738
C 9
R
P 0000021833AB0388
C 345
R
P 0000021833AB0388
P 0000021834D5B150
P 0000021834D5B738
C 63
= 0000021834D5B770
R
P 0000021833AB0388
C 345
R
P 0000021833AB0388
P 0000021834D5B770
C 260
R
P 0000021833AB0388
C 345
R
P 0000021833AB0388
P 0000021834D5B770
C 9
R
P 0000021833AB0388
C 345
R
P 0000021833AB0388
P 0000021834D5B770
C 336
R
P 0000021833AB0388
C 345
R
P 0000021833AB0388
C 415
= 0000021834C78018
R
P 0000021833AB0388
C 345
R
P 0000021833AB0388
P 0000021834C78018
C 424
R
P 0000021833AB0388
C 345
R
P 0000021833AB0388
C 13
= 0000021834E2DFB8
R
P 0000021833AB0388
C 345
R
P 0000021833AB0388
P 0000021834E2DFB8
C 14
R
P 0000021833AB0388
C 345
R
P 0000021833AB0388
S "mbqi"
C 30
R
P 0000021833AB0388
C 345
R
P 0000021833AB0388
$ |mbqi|
C 204
R
P 0000021833AB0388
C 345
R
P 0000021833AB0388
P 0000021834E2DFB8
$ |mbqi|
I 0
C 16
R
P 0000021833AB0388
C 345
R
P 0000021833AB0388
P 0000021834C78018
P 0000021834E2DFB8
C 423
R
P 0000021833AB0388
C 345
R
P 0000021833AB0388
P 0000021834D5B770
C 60
= 0000021834D5F0E8
R
P 0000021833AB0388
C 345
R
P 0000021833AB0388
P 0000021834D5F0E8
C 260
R
P 0000021833AB0388
C 345
R
P 0000021833AB0388
P 0000021834D5F0E8
C 9
R
P 0000021833AB0388
C 345
R
P 0000021833AB0388
P 0000021834C78018
P 0000021834D5F0E8
C 430
R
P 0000021833AB0388
C 345
R
P 0000021833AB0388
P 0000021834C78018
C 437
R
P 0000021833AB0388
C 345
R
P 0000021833AB0388
P 0000021834C78018
C 442
= 0000021835278478
R
P 0000021833AB0388
C 345
R
P 0000021833AB0388
P 0000021835278478
C 303
R
P 0000021833AB0388
C 345
R
P 0000021833AB0388
P 0000021835278478
C 340
R
P 0000021833AB0388
C 345
R
P 0000021833AB0388
P 0000021834D5B738
C 60
= 0000021834D5F118
R
P 0000021833AB0388
C 345
R
P 0000021833AB0388
P 0000021834D5F118
C 260
R
P 0000021833AB0388
C 345
R
P 0000021833AB0388
P 0000021834D5F118
C 9
R
P 0000021833AB0388
C 345
R
P 0000021833AB0388
C 415
= 0000021834C80498
R
P 0000021833AB0388
C 345
R
P 0000021833AB0388
P 0000021834C80498
C 424
R
P 0000021833AB0388
C 345
R
P 0000021833AB0388
P 0000021834C80498
P 0000021834D5F118
C 430
R
P 0000021833AB0388
C 345
R
P 0000021833AB0388
P 0000021834C80498
C 437
R
P 0000021833AB0388
C 345
R
P 0000021833AB0388
P 0000021834C80498
C 442
= 00000218355A3A68
R
P 0000021833AB0388
C 345
R
P 0000021833AB0388
P 00000218355A3A68
C 303
R
P 0000021833AB0388
C 345
R
P 0000021833AB0388
P 00000218355A3A68
C 340
R
P 0000021833AB0388
C 345
M "ProveExample2"
R
P 0000021833AB0388
C 33
= 0000021834D52CC8
R
P 0000021833AB0388
C 345
R
P 0000021833AB0388
P 0000021834D52CC8
C 259
R
P 0000021833AB0388
C 345
R
P 0000021833AB0388
P 0000021834D52CC8
C 9
R
P 0000021833AB0388
C 345
R
P 0000021833AB0388
S "g"
C 30
R
P 0000021833AB0388
C 345
R
P 0000021833AB0388
$ |g|
C 204
R
P 0000021833AB0388
C 345
R
P 0000021833AB0388
$ |g|
U 1
P 0000021834D52CC8
p 1
P 0000021834D52CC8
C 49
= 0000021834D5B7A8
R
P 0000021833AB0388
C 345
R
P 0000021833AB0388
P 0000021834D5B7A8
C 259
R
P 0000021833AB0388
C 345
R
P 0000021833AB0388
P 0000021834D5B7A8
C 9
R
P 0000021833AB0388
C 345
R
P 0000021833AB0388
S "x"
C 30
R
P 0000021833AB0388
C 345
R
P 0000021833AB0388
$ |x|
C 204
R
P 0000021833AB0388
C 345
R
P 0000021833AB0388
$ |x|
P 0000021834D52CC8
C 51
= 0000021834D53908
R
P 0000021833AB0388
C 345
R
P 0000021833AB0388
P 0000021834D53908
C 259
R
P 0000021833AB0388
C 345
R
P 0000021833AB0388
P 0000021834D53908
C 256
= 0000021834D52CC8
R
P 0000021833AB0388
C 345
R
P 0000021833AB0388
P 0000021834D52CC8
C 211
R
P 0000021833AB0388
C 345
R
P 0000021833AB0388
P 0000021834D53908
C 262
R
P 0000021833AB0388
C 345
R
P 0000021833AB0388
P 0000021834D53908
C 261
R
P 0000021833AB0388
C 345
R
P 0000021833AB0388
P 0000021834D53908
C 260
R
P 0000021833AB0388
C 345
R
P 0000021833AB0388
P 0000021834D53908
C 9
R
P 0000021833AB0388
C 345
R
P 0000021833AB0388
S "y"
C 30
R
P 0000021833AB0388
C 345
R
P 0000021833AB0388
$ |y|
C 204
R
P 0000021833AB0388
C 345
R
P 0000021833AB0388
$ |y|
P 0000021834D52CC8
C 51
= 0000021834D53928
R
P 0000021833AB0388
C 345
R
P 0000021833AB0388
P 0000021834D53928
C 259
R
P 0000021833AB0388
C 345
R
P 0000021833AB0388
P 0000021834D53928
C 256
= 0000021834D52CC8
R
P 0000021833AB0388
C 345
R
P 0000021833AB0388
P 0000021834D52CC8
C 211
R
P 0000021833AB0388
C 345
R
P 0000021833AB0388
P 0000021834D53928
C 262
R
P 0000021833AB0388
C 345
R
P 0000021833AB0388
P 0000021834D53928
C 261
R
P 0000021833AB0388
C 345
R
P 0000021833AB0388
P 0000021834D53928
C 260
R
P 0000021833AB0388
C 345
R
P 0000021833AB0388
P 0000021834D53928
C 9
R
P 0000021833AB0388
C 345
R
P 0000021833AB0388
S "z"
C 30
R
P 0000021833AB0388
C 345
R
P 0000021833AB0388
$ |z|
C 204
R
P 0000021833AB0388
C 345
R
P 0000021833AB0388
$ |z|
P 0000021834D52CC8
C 51
= 0000021834D53948
R
P 0000021833AB0388
C 345
R
P 0000021833AB0388
P 0000021834D53948
C 259
R
P 0000021833AB0388
C 345
R
P 0000021833AB0388
P 0000021834D53948
C 256
= 0000021834D52CC8
R
P 0000021833AB0388
C 345
R
P 0000021833AB0388
P 0000021834D52CC8
C 211
R
P 0000021833AB0388
C 345
R
P 0000021833AB0388
P 0000021834D53948
C 262
R
P 0000021833AB0388
C 345
R
P 0000021833AB0388
P 0000021834D53948
C 261
R
P 0000021833AB0388
C 345
R
P 0000021833AB0388
P 0000021834D53948
C 260
R
P 0000021833AB0388
C 345
R
P 0000021833AB0388
P 0000021834D53948
C 9
R
P 0000021833AB0388
C 345
R
P 0000021833AB0388
P 0000021834D5B7A8
U 1
P 0000021834D53908
p 1
C 50
= 0000021834D5F2C8
R
P 0000021833AB0388
C 345
R
P 0000021833AB0388
P 0000021834D5F2C8
C 259
R
P 0000021833AB0388
C 345
R
P 0000021833AB0388
P 0000021834D5F2C8
C 256
= 0000021834D52CC8
R
P 0000021833AB0388
C 345
R
P 0000021833AB0388
P 0000021834D52CC8
C 211
R
P 0000021833AB0388
C 345
R
P 0000021833AB0388
P 0000021834D5F2C8
C 262
R
P 0000021833AB0388
C 345
R
P 0000021833AB0388
P 0000021834D5F2C8
C 261
R
P 0000021833AB0388
C 345
R
P 0000021833AB0388
P 0000021834D5F2C8
C 260
R
P 0000021833AB0388
C 345
R
P 0000021833AB0388
P 0000021834D5F2C8
C 9
R
P 0000021833AB0388
C 345
R
P 0000021833AB0388
P 0000021834D5B7A8
U 1
P 0000021834D53928
p 1
C 50
= 0000021834D5F2F8
R
P 0000021833AB0388
C 345
R
P 0000021833AB0388
P 0000021834D5F2F8
C 259
R
P 0000021833AB0388
C 345
R
P 0000021833AB0388
P 0000021834D5F2F8
C 256
= 0000021834D52CC8
R
P 0000021833AB0388
C 345
R
P 0000021833AB0388
P 0000021834D52CC8
C 211
R
P 0000021833AB0388
C 345
R
P 0000021833AB0388
P 0000021834D5F2F8
C 262
R
P 0000021833AB0388
C 345
R
P 0000021833AB0388
P 0000021834D5F2F8
C 261
R
P 0000021833AB0388
C 345
R
P 0000021833AB0388
P 0000021834D5F2F8
C 260
R
P 0000021833AB0388
C 345
R
P 0000021833AB0388
P 0000021834D5F2F8
C 9
R
P 0000021833AB0388
C 345
R
P 0000021833AB0388
P 0000021834D5B7A8
U 1
P 0000021834D53948
p 1
C 50
= 0000021834D5F328
R
P 0000021833AB0388
C 345
R
P 0000021833AB0388
P 0000021834D5F328
C 259
R
P 0000021833AB0388
C 345
R
P 0000021833AB0388
P 0000021834D5F328
C 256
= 0000021834D52CC8
R
P 0000021833AB0388
C 345
R
P 0000021833AB0388
P 0000021834D52CC8
C 211
R
P 0000021833AB0388
C 345
R
P 0000021833AB0388
P 0000021834D5F328
C 262
R
P 0000021833AB0388
C 345
R
P 0000021833AB0388
P 0000021834D5F328
C 261
R
P 0000021833AB0388
C 345
R
P 0000021833AB0388
P 0000021834D5F328
C 260
R
P 0000021833AB0388
C 345
R
P 0000021833AB0388
P 0000021834D5F328
C 9
R
P 0000021833AB0388
C 345
R
P 0000021833AB0388
I 0
P 0000021834D52CC8
C 152
= 0000021834D53968
R
P 0000021833AB0388
C 345
R
P 0000021833AB0388
P 0000021834D53968
C 260
R
P 0000021833AB0388
C 345
R
P 0000021833AB0388
P 0000021834D53968
C 9
R
P 0000021833AB0388
C 345
R
P 0000021833AB0388
U 2
P 0000021834D5F2C8
P 0000021834D5F2F8
p 2
C 69
= 0000021834D5B7E0
R
P 0000021833AB0388
C 345
R
P 0000021833AB0388
P 0000021834D5B7E0
C 259
R
P 0000021833AB0388
C 345
R
P 0000021833AB0388
P 0000021834D5B7E0
C 256
= 0000021834D52CC8
R
P 0000021833AB0388
C 345
R
P 0000021833AB0388
P 0000021834D52CC8
C 211
R
P 0000021833AB0388
C 345
R
P 0000021833AB0388
P 0000021834D5B7E0
C 262
R
P 0000021833AB0388
C 345
R
P 0000021833AB0388
P 0000021834D5B7E0
C 261
R
P 0000021833AB0388
C 345
R
P 0000021833AB0388
P 0000021834D5B7E0
C 260
R
P 0000021833AB0388
C 345
R
P 0000021833AB0388
P 0000021834D5B7E0
C 9
R
P 0000021833AB0388
C 345
R
P 0000021833AB0388
P 0000021834D5B7A8
U 1
P 0000021834D5B7E0
p 1
C 50
= 0000021834D5F388
R
P 0000021833AB0388
C 345
R
P 0000021833AB0388
P 0000021834D5F388
C 259
R
P 0000021833AB0388
C 345
R
P 0000021833AB0388
P 0000021834D5F388
C 256
= 0000021834D52CC8
R
P 0000021833AB0388
C 345
R
P 0000021833AB0388
P 0000021834D52CC8
C 211
R
P 0000021833AB0388
C 345
R
P 0000021833AB0388
P 0000021834D5F388
C 262
R
P 0000021833AB0388
C 345
R
P 0000021833AB0388
P 0000021834D5F388
C 261
R
P 0000021833AB0388
C 345
R
P 0000021833AB0388
P 0000021834D5F388
C 260
R
P 0000021833AB0388
C 345
R
P 0000021833AB0388
P 0000021834D5F388
C 9
R
P 0000021833AB0388
C 345
R
P 0000021833AB0388
P 0000021834D5F388
P 0000021834D5F328
C 58
= 0000021834D5B818
R
P 0000021833AB0388
C 345
R
P 0000021833AB0388
P 0000021834D5B818
C 260
R
P 0000021833AB0388
C 345
R
P 0000021833AB0388
P 0000021834D5B818
C 9
R
P 0000021833AB0388
C 345
R
P 0000021833AB0388
P 0000021834D5B818
C 60
= 0000021834D5F3B8
R
P 0000021833AB0388
C 345
R
P 0000021833AB0388
P 0000021834D5F3B8
C 260
R
P 0000021833AB0388
C 345
R
P 0000021833AB0388
P 0000021834D5F3B8
C 9
R
P 0000021833AB0388
C 345
R
P 0000021833AB0388
U 2
P 0000021834D53908
P 0000021834D53948
p 2
C 67
= 0000021834D5B850
R
P 0000021833AB0388
C 345
R
P 0000021833AB0388
P 0000021834D5B850
C 259
R
P 0000021833AB0388
C 345
R
P 0000021833AB0388
P 0000021834D5B850
C 256
= 0000021834D52CC8
R
P 0000021833AB0388
C 345
R
P 0000021833AB0388
P 0000021834D52CC8
C 211
R
P 0000021833AB0388
C 345
R
P 0000021833AB0388
P 0000021834D5B850
C 262
R
P 0000021833AB0388
C 345
R
P 0000021833AB0388
P 0000021834D5B850
C 261
R
P 0000021833AB0388
C 345
R
P 0000021833AB0388
P 0000021834D5B850
C 260
R
P 0000021833AB0388
C 345
R
P 0000021833AB0388
P 0000021834D5B850
C 9
R
P 0000021833AB0388
C 345
R
P 0000021833AB0388
P 0000021834D5B850
P 0000021834D53928
C 76
= 0000021834D5B8C0
R
P 0000021833AB0388
C 345
R
P 0000021833AB0388
P 0000021834D5B8C0
C 260
R
P 0000021833AB0388
C 345
R
P 0000021833AB0388
P 0000021834D5B8C0
C 9
R
P 0000021833AB0388
C 345
R
P 0000021833AB0388
P 0000021834D53928
P 0000021834D53908
C 76
= 0000021834D5B888
R
P 0000021833AB0388
C 345
R
P 0000021833AB0388
P 0000021834D5B888
C 260
R
P 0000021833AB0388
C 345
R
P 0000021833AB0388
P 0000021834D5B888
C 9
R
P 0000021833AB0388
C 345
R
P 0000021833AB0388
P 0000021834D53948
P 0000021834D53968
C 75
= 0000021834D5B8F8
R
P 0000021833AB0388
C 345
R
P 0000021833AB0388
P 0000021834D5B8F8
C 260
R
P 0000021833AB0388
C 345
R
P 0000021833AB0388
P 0000021834D5B8F8
C 9
R
P 0000021833AB0388
C 345
R
P 0000021833AB0388
P 0000021834D5B8F8
C 336
R
P 0000021833AB0388
C 345
R
P 0000021833AB0388
C 415
= 0000021834C85D08
R
P 0000021833AB0388
C 345
R
P 0000021833AB0388
P 0000021834C85D08
C 424
R
P 0000021833AB0388
C 345
R
P 0000021833AB0388
C 13
= 00000218355A38B8
R
P 0000021833AB0388
C 345
R
P 0000021833AB0388
P 00000218355A38B8
C 14
R
P 0000021833AB0388
C 345
R
P 0000021833AB0388
S "mbqi"
C 30
R
P 0000021833AB0388
C 345
R
P 0000021833AB0388
$ |mbqi|
C 204
R
P 0000021833AB0388
C 345
R
P 0000021833AB0388
P 00000218355A38B8
$ |mbqi|
I 0
C 16
R
P 0000021833AB0388
C 345
R
P 0000021833AB0388
P 0000021834C85D08
P 00000218355A38B8
C 423
R
P 0000021833AB0388
C 345
R
P 0000021833AB0388
P 0000021834C85D08
P 0000021834D5F3B8
C 430
R
P 0000021833AB0388
C 345
R
P 0000021833AB0388
P 0000021834C85D08
P 0000021834D5B8C0
C 430
R
P 0000021833AB0388
C 345
R
P 0000021833AB0388
P 0000021834C85D08
P 0000021834D5B888
C 430
R
P 0000021833AB0388
C 345
R
P 0000021833AB0388
P 0000021834D5B8F8
C 60
= 0000021834D5F3E8
R
P 0000021833AB0388
C 345
R
P 0000021833AB0388
P 0000021834D5F3E8
C 260
R
P 0000021833AB0388
C 345
R
P 0000021833AB0388
P 0000021834D5F3E8
C 9
R
P 0000021833AB0388
C 345
R
P 0000021833AB0388
P 0000021834C85D08
P 0000021834D5F3E8
C 430
R
P 0000021833AB0388
C 345
R
P 0000021833AB0388
P 0000021834C85D08
C 437
R
P 0000021833AB0388
C 345
R
P 0000021833AB0388
P 0000021834C85D08
C 443
= 0000021834D5CFB8
R
P 0000021833AB0388
C 345
R
P 0000021833AB0388
P 0000021834D5CFB8
C 259
R
P 0000021833AB0388
C 345
R
P 0000021833AB0388
P 0000021834D5CFB8
C 256
= 0000021834D52C28
R
P 0000021833AB0388
C 345
R
P 0000021833AB0388
P 0000021834D52C28
C 211
R
P 0000021833AB0388
C 345
R
P 0000021833AB0388
P 0000021834D5CFB8
C 262
R
P 0000021833AB0388
C 345
R
P 0000021833AB0388
P 0000021834D5CFB8
C 261
R
P 0000021833AB0388
C 345
R
P 0000021833AB0388
P 0000021834D5CFB8
C 260
R
P 0000021833AB0388
C 345
R
P 0000021833AB0388
P 0000021834D5CFB8
C 9
R
P 0000021833AB0388
C 345
R
P 0000021833AB0388
P 0000021834D5CFB8
C 336
R
P 0000021833AB0388
C 345
R
P 0000021833AB0388
I -1
P 0000021834D52CC8
C 152
= 0000021834D539A8
R
P 0000021833AB0388
C 345
R
P 0000021833AB0388
P 0000021834D539A8
C 260
R
P 0000021833AB0388
C 345
R
P 0000021833AB0388
P 0000021834D539A8
C 9
R
P 0000021833AB0388
C 345
R
P 0000021833AB0388
P 0000021834D53948
P 0000021834D539A8
C 75
= 0000021834D5BFC0
R
P 0000021833AB0388
C 345
R
P 0000021833AB0388
P 0000021834D5BFC0
C 260
R
P 0000021833AB0388
C 345
R
P 0000021833AB0388
P 0000021834D5BFC0
C 9
R
P 0000021833AB0388
C 345
R
P 0000021833AB0388
P 0000021834D5BFC0
C 336
R
P 0000021833AB0388
C 345
R
P 0000021833AB0388
C 415
= 0000021834C6BFE8
R
P 0000021833AB0388
C 345
R
P 0000021833AB0388
P 0000021834C6BFE8
C 424
R
P 0000021833AB0388
C 345
R
P 0000021833AB0388
C 13
= 000002183561A608
R
P 0000021833AB0388
C 345
R
P 0000021833AB0388
P 000002183561A608
C 14
R
P 0000021833AB0388
C 345
R
P 0000021833AB0388
S "mbqi"
C 30
R
P 0000021833AB0388
C 345
R
P 0000021833AB0388
$ |mbqi|
C 204
R
P 0000021833AB0388
C 345
R
P 0000021833AB0388
P 000002183561A608
$ |mbqi|
I 0
C 16
R
P 0000021833AB0388
C 345
R
P 0000021833AB0388
P 0000021834C6BFE8
P 000002183561A608
C 423
R
P 0000021833AB0388
C 345
R
P 0000021833AB0388
P 0000021834C6BFE8
P 0000021834D5F3B8
C 430
R
P 0000021833AB0388
C 345
R
P 0000021833AB0388
P 0000021834C6BFE8
P 0000021834D5B8C0
C 430
R
P 0000021833AB0388
C 345
R
P 0000021833AB0388
P 0000021834C6BFE8
P 0000021834D5B888
C 430
R
P 0000021833AB0388
C 345
R
P 0000021833AB0388
P 0000021834D5BFC0
C 60
= 0000021834D5F8F8
R
P 0000021833AB0388
C 345
R
P 0000021833AB0388
P 0000021834D5F8F8
C 260
R
P 0000021833AB0388
C 345
R
P 0000021833AB0388
P 0000021834D5F8F8
C 9
R
P 0000021833AB0388
C 345
R
P 0000021833AB0388
P 0000021834C6BFE8
P 0000021834D5F8F8
C 430
R
P 0000021833AB0388
C 345
R
P 0000021833AB0388
P 0000021834C6BFE8
C 437
R
P 0000021833AB0388
C 345
R
P 0000021833AB0388
P 0000021834C6BFE8
C 442
= 0000021835AFE1F8
R
P 0000021833AB0388
C 345
R
P 0000021833AB0388
P 0000021835AFE1F8
C 303
R
P 0000021833AB0388
C 345
R
P 0000021833AB0388
P 0000021835AFE1F8
C 340
R
P 0000021833AB0388
C 345
M "ArrayExample2"
R
P 0000021833AB0388
P 0000021834D52CC8
P 0000021834D52CC8
C 37
= 0000021834D53A28
R
P 0000021833AB0388
C 345
R
P 0000021833AB0388
P 0000021834D53A28
C 259
R
P 0000021833AB0388
C 345
R
P 0000021833AB0388
P 0000021834D53A28
C 9
R
P 0000021833AB0388
C 345
R
P 0000021833AB0388
S "a1"
C 30
R
P 0000021833AB0388
C 345
R
P 0000021833AB0388
$ |a1|
C 204
R
P 0000021833AB0388
C 345
R
P 0000021833AB0388
$ |a1|
P 0000021834D53A28
C 51
= 0000021834D53A08
R
P 0000021833AB0388
C 345
R
P 0000021833AB0388
P 0000021834D53A08
C 259
R
P 0000021833AB0388
C 345
R
P 0000021833AB0388
P 0000021834D53A08
C 256
= 0000021834D53A28
R
P 0000021833AB0388
C 345
R
P 0000021833AB0388
P 0000021834D53A28
C 211
R
P 0000021833AB0388
C 345
R
P 0000021833AB0388
P 0000021834D53A08
C 262
R
P 0000021833AB0388
C 345
R
P 0000021833AB0388
P 0000021834D53A08
C 261
R
P 0000021833AB0388
C 345
R
P 0000021833AB0388
P 0000021834D53A08
C 260
R
P 0000021833AB0388
C 345
R
P 0000021833AB0388
P 0000021834D53A08
C 9
R
P 0000021833AB0388
C 345
R
P 0000021833AB0388
S "a2"
C 30
R
P 0000021833AB0388
C 345
R
P 0000021833AB0388
$ |a2|
C 204
R
P 0000021833AB0388
C 345
R
P 0000021833AB0388
P 0000021834D52CC8
P 0000021834D52CC8
C 37
= 0000021834D53A28
R
P 0000021833AB0388
C 345
R
P 0000021833AB0388
P 0000021834D53A28
C 259
R
P 0000021833AB0388
C 345
R
P 0000021833AB0388
P 0000021834D53A28
C 9
R
P 0000021833AB0388
C 345
R
P 0000021833AB0388
$ |a2|
P 0000021834D53A28
C 51
= 0000021834D53A48
R
P 0000021833AB0388
C 345
R
P 0000021833AB0388
P 0000021834D53A48
C 259
R
P 0000021833AB0388
C 345
R
P 0000021833AB0388
P 0000021834D53A48
C 256
= 0000021834D53A28
R
P 0000021833AB0388
C 345
R
P 0000021833AB0388
P 0000021834D53A28
C 211
R
P 0000021833AB0388
C 345
R
P 0000021833AB0388
P 0000021834D53A48
C 262
R
P 0000021833AB0388
C 345
R
P 0000021833AB0388
P 0000021834D53A48
C 261
R
P 0000021833AB0388
C 345
R
P 0000021833AB0388
P 0000021834D53A48
C 260
R
P 0000021833AB0388
C 345
R
P 0000021833AB0388
P 0000021834D53A48
C 9
R
P 0000021833AB0388
C 345
R
P 0000021833AB0388
S "i1"
C 30
R
P 0000021833AB0388
C 345
R
P 0000021833AB0388
$ |i1|
C 204
R
P 0000021833AB0388
C 345
R
P 0000021833AB0388
$ |i1|
P 0000021834D52CC8
C 51
= 0000021834D53A68
R
P 0000021833AB0388
C 345
R
P 0000021833AB0388
P 0000021834D53A68
C 259
R
P 0000021833AB0388
C 345
R
P 0000021833AB0388
P 0000021834D53A68
C 256
= 0000021834D52CC8
R
P 0000021833AB0388
C 345
R
P 0000021833AB0388
P 0000021834D52CC8
C 211
R
P 0000021833AB0388
C 345
R
P 0000021833AB0388
P 0000021834D53A68
C 262
R
P 0000021833AB0388
C 345
R
P 0000021833AB0388
P 0000021834D53A68
C 261
R
P 0000021833AB0388
C 345
R
P 0000021833AB0388
P 0000021834D53A68
C 260
R
P 0000021833AB0388
C 345
R
P 0000021833AB0388
P 0000021834D53A68
C 9
R
P 0000021833AB0388
C 345
R
P 0000021833AB0388
S "i2"
C 30
R
P 0000021833AB0388
C 345
R
P 0000021833AB0388
$ |i2|
C 204
R
P 0000021833AB0388
C 345
R
P 0000021833AB0388
$ |i2|
P 0000021834D52CC8
C 51
= 0000021834D53BA8
R
P 0000021833AB0388
C 345
R
P 0000021833AB0388
P 0000021834D53BA8
C 259
R
P 0000021833AB0388
C 345
R
P 0000021833AB0388
P 0000021834D53BA8
C 256
= 0000021834D52CC8
R
P 0000021833AB0388
C 345
R
P 0000021833AB0388
P 0000021834D52CC8
C 211
R
P 0000021833AB0388
C 345
R
P 0000021833AB0388
P 0000021834D53BA8
C 262
R
P 0000021833AB0388
C 345
R
P 0000021833AB0388
P 0000021834D53BA8
C 261
R
P 0000021833AB0388
C 345
R
P 0000021833AB0388
P 0000021834D53BA8
C 260
R
P 0000021833AB0388
C 345
R
P 0000021833AB0388
P 0000021834D53BA8
C 9
R
P 0000021833AB0388
C 345
R
P 0000021833AB0388
S "i3"
C 30
R
P 0000021833AB0388
C 345
R
P 0000021833AB0388
$ |i3|
C 204
R
P 0000021833AB0388
C 345
R
P 0000021833AB0388
$ |i3|
P 0000021834D52CC8
C 51
= 0000021834D53BC8
R
P 0000021833AB0388
C 345
R
P 0000021833AB0388
P 0000021834D53BC8
C 259
R
P 0000021833AB0388
C 345
R
P 0000021833AB0388
P 0000021834D53BC8
C 256
= 0000021834D52CC8
R
P 0000021833AB0388
C 345
R
P 0000021833AB0388
P 0000021834D52CC8
C 211
R
P 0000021833AB0388
C 345
R
P 0000021833AB0388
P 0000021834D53BC8
C 262
R
P 0000021833AB0388
C 345
R
P 0000021833AB0388
P 0000021834D53BC8
C 261
R
P 0000021833AB0388
C 345
R
P 0000021833AB0388
P 0000021834D53BC8
C 260
R
P 0000021833AB0388
C 345
R
P 0000021833AB0388
P 0000021834D53BC8
C 9
R
P 0000021833AB0388
C 345
R
P 0000021833AB0388
S "v1"
C 30
R
P 0000021833AB0388
C 345
R
P 0000021833AB0388
$ |v1|
C 204
R
P 0000021833AB0388
C 345
R
P 0000021833AB0388
$ |v1|
P 0000021834D52CC8
C 51
= 0000021834D53BE8
R
P 0000021833AB0388
C 345
R
P 0000021833AB0388
P 0000021834D53BE8
C 259
R
P 0000021833AB0388
C 345
R
P 0000021833AB0388
P 0000021834D53BE8
C 256
= 0000021834D52CC8
R
P 0000021833AB0388
C 345
R
P 0000021833AB0388
P 0000021834D52CC8
C 211
R
P 0000021833AB0388
C 345
R
P 0000021833AB0388
P 0000021834D53BE8
C 262
R
P 0000021833AB0388
C 345
R
P 0000021833AB0388
P 0000021834D53BE8
C 261
R
P 0000021833AB0388
C 345
R
P 0000021833AB0388
P 0000021834D53BE8
C 260
R
P 0000021833AB0388
C 345
R
P 0000021833AB0388
P 0000021834D53BE8
C 9
R
P 0000021833AB0388
C 345
R
P 0000021833AB0388
S "v2"
C 30
R
P 0000021833AB0388
C 345
R
P 0000021833AB0388
$ |v2|
C 204
R
P 0000021833AB0388
C 345
R
P 0000021833AB0388
$ |v2|
P 0000021834D52CC8
C 51
= 0000021834D53C08
R
P 0000021833AB0388
C 345
R
P 0000021833AB0388
P 0000021834D53C08
C 259
R
P 0000021833AB0388
C 345
R
P 0000021833AB0388
P 0000021834D53C08
C 256
= 0000021834D52CC8
R
P 0000021833AB0388
C 345
R
P 0000021833AB0388
P 0000021834D52CC8
C 211
R
P 0000021833AB0388
C 345
R
P 0000021833AB0388
P 0000021834D53C08
C 262
R
P 0000021833AB0388
C 345
R
P 0000021833AB0388
P 0000021834D53C08
C 261
R
P 0000021833AB0388
C 345
R
P 0000021833AB0388
P 0000021834D53C08
C 260
R
P 0000021833AB0388
C 345
R
P 0000021833AB0388
P 0000021834D53C08
C 9
R
P 0000021833AB0388
C 345
R
P 0000021833AB0388
P 0000021834D53A08
P 0000021834D53A68
P 0000021834D53BE8
C 132
= 0000021834D617F8
R
P 0000021833AB0388
C 345
R
P 0000021833AB0388
P 0000021834D617F8
C 260
R
P 0000021833AB0388
C 345
R
P 0000021833AB0388
P 0000021834D617F8
C 9
R
P 0000021833AB0388
C 345
R
P 0000021833AB0388
P 0000021834D53A48
P 0000021834D53BA8
P 0000021834D53C08
C 132
= 0000021834D61838
R
P 0000021833AB0388
C 345
R
P 0000021833AB0388
P 0000021834D61838
C 260
R
P 0000021833AB0388
C 345
R
P 0000021833AB0388
P 0000021834D61838
C 9
R
P 0000021833AB0388
C 345
R
P 0000021833AB0388
P 0000021834D53A08
P 0000021834D53BC8
C 130
= 0000021834D5BFF8
R
P 0000021833AB0388
C 345
R
P 0000021833AB0388
P 0000021834D5BFF8
C 259
R
P 0000021833AB0388
C 345
R
P 0000021833AB0388
P 0000021834D5BFF8
C 256
= 0000021834D52CC8
R
P 0000021833AB0388
C 345
R
P 0000021833AB0388
P 0000021834D52CC8
C 211
R
P 0000021833AB0388
C 345
R
P 0000021833AB0388
P 0000021834D5BFF8
C 262
R
P 0000021833AB0388
C 345
R
P 0000021833AB0388
P 0000021834D5BFF8
C 261
R
P 0000021833AB0388
C 345
R
P 0000021833AB0388
P 0000021834D5BFF8
C 260
R
P 0000021833AB0388
C 345
R
P 0000021833AB0388
P 0000021834D5BFF8
C 9
R
P 0000021833AB0388
C 345
R
P 0000021833AB0388
P 0000021834D53A48
P 0000021834D53BC8
C 130
= 0000021834D5BEE0
R
P 0000021833AB0388
C 345
R
P 0000021833AB0388
P 0000021834D5BEE0
C 259
R
P 0000021833AB0388
C 345
R
P 0000021833AB0388
P 0000021834D5BEE0
C 256
= 0000021834D52CC8
R
P 0000021833AB0388
C 345
R
P 0000021833AB0388
P 0000021834D52CC8
C 211
R
P 0000021833AB0388
C 345
R
P 0000021833AB0388
P 0000021834D5BEE0
C 262
R
P 0000021833AB0388
C 345
R
P 0000021833AB0388
P 0000021834D5BEE0
C 261
R
P 0000021833AB0388
C 345
R
P 0000021833AB0388
P 0000021834D5BEE0
C 260
R
P 0000021833AB0388
C 345
R
P 0000021833AB0388
P 0000021834D5BEE0
C 9
R
P 0000021833AB0388
C 345
R
P 0000021833AB0388
P 0000021834D617F8
P 0000021834D61838
C 58
= 0000021834D5BF18
R
P 0000021833AB0388
C 345
R
P 0000021833AB0388
P 0000021834D5BF18
C 260
R
P 0000021833AB0388
C 345
R
P 0000021833AB0388
P 0000021834D5BF18
C 9
R
P 0000021833AB0388
C 345
R
P 0000021833AB0388
P 0000021834D53A68
P 0000021834D53BC8
C 58
= 0000021834D5BE70
R
P 0000021833AB0388
C 345
R
P 0000021833AB0388
P 0000021834D5BE70
C 260
R
P 0000021833AB0388
C 345
R
P 0000021833AB0388
P 0000021834D5BE70
C 9
R
P 0000021833AB0388
C 345
R
P 0000021833AB0388
P 0000021834D53BA8
P 0000021834D53BC8
C 58
= 0000021834D5BEA8
R
P 0000021833AB0388
C 345
R
P 0000021833AB0388
P 0000021834D5BEA8
C 260
R
P 0000021833AB0388
C 345
R
P 0000021833AB0388
P 0000021834D5BEA8
C 9
R
P 0000021833AB0388
C 345
R
P 0000021833AB0388
P 0000021834D5BFF8
P 0000021834D5BEE0
C 58
= 0000021834D5BF50
R
P 0000021833AB0388
C 345
R
P 0000021833AB0388
P 0000021834D5BF50
C 260
R
P 0000021833AB0388
C 345
R
P 0000021833AB0388
P 0000021834D5BF50
C 9
R
P 0000021833AB0388
C 345
R
P 0000021833AB0388
U 3
P 0000021834D5BE70
P 0000021834D5BEA8
P 0000021834D5BF50
p 3
C 66
= 0000021834D618F8
R
P 0000021833AB0388
C 345
R
P 0000021833AB0388
P 0000021834D618F8
C 260
R
P 0000021833AB0388
C 345
R
P 0000021833AB0388
P 0000021834D618F8
C 9
R
P 0000021833AB0388
C 345
R
P 0000021833AB0388
P 0000021834D5BF18
P 0000021834D618F8
C 63
= 0000021834D5C5A8
R
P 0000021833AB0388
C 345
R
P 0000021833AB0388
P 0000021834D5C5A8
C 260
R
P 0000021833AB0388
C 345
R
P 0000021833AB0388
P 0000021834D5C5A8
C 9
R
P 0000021833AB0388
C 345
R
P 0000021833AB0388
P 0000021834D5C5A8
C 336
R
P 0000021833AB0388
C 345
R
P 0000021833AB0388
P 0000021834D5C5A8
C 336
R
P 0000021833AB0388
C 345
R
P 0000021833AB0388
C 415
= 00000218359FC958
R
P 0000021833AB0388
C 345
R
P 0000021833AB0388
P 00000218359FC958
C 424
R
P 0000021833AB0388
C 345
R
P 0000021833AB0388
C 13
= 0000021835AFE138
R
P 0000021833AB0388
C 345
R
P 0000021833AB0388
P 0000021835AFE138
C 14
R
P 0000021833AB0388
C 345
R
P 0000021833AB0388
S "mbqi"
C 30
R
P 0000021833AB0388
C 345
R
P 0000021833AB0388
$ |mbqi|
C 204
R
P 0000021833AB0388
C 345
R
P 0000021833AB0388
P 0000021835AFE138
$ |mbqi|
I 0
C 16
R
P 0000021833AB0388
C 345
R
P 0000021833AB0388
P 00000218359FC958
P 0000021835AFE138
C 423
R
P 0000021833AB0388
C 345
R
P 0000021833AB0388
P 0000021834D5C5A8
C 60
= 0000021834D5FCE8
R
P 0000021833AB0388
C 345
R
P 0000021833AB0388
P 0000021834D5FCE8
C 260
R
P 0000021833AB0388
C 345
R
P 0000021833AB0388
P 0000021834D5FCE8
C 9
R
P 0000021833AB0388
C 345
R
P 0000021833AB0388
P 00000218359FC958
P 0000021834D5FCE8
C 430
R
P 0000021833AB0388
C 345
R
P 0000021833AB0388
P 00000218359FC958
C 437
R
P 0000021833AB0388
C 345
R
P 0000021833AB0388
P 00000218359FC958
C 443
= 0000021834D5CEE0
R
P 0000021833AB0388
C 345
R
P 0000021833AB0388
P 0000021834D5CEE0
C 259
R
P 0000021833AB0388
C 345
R
P 0000021833AB0388
P 0000021834D5CEE0
C 256
= 0000021834D52C28
R
P 0000021833AB0388
C 345
R
P 0000021833AB0388
P 0000021834D52C28
C 211
R
P 0000021833AB0388
C 345
R
P 0000021833AB0388
P 0000021834D5CEE0
C 262
R
P 0000021833AB0388
C 345
R
P 0000021833AB0388
P 0000021834D5CEE0
C 261
R
P 0000021833AB0388
C 345
R
P 0000021833AB0388
P 0000021834D5CEE0
C 260
R
P 0000021833AB0388
C 345
R
P 0000021833AB0388
P 0000021834D5CEE0
C 9
R
P 0000021833AB0388
C 345
R
P 0000021833AB0388
P 0000021834D5CEE0
C 336
R
P 0000021833AB0388
C 345
M "TupleExample"
R
P 0000021833AB0388
S "mk_tuple"
C 30
R
P 0000021833AB0388
C 345
R
P 0000021833AB0388
$ |mk_tuple|
C 204
R
P 0000021833AB0388
C 345
R
P 0000021833AB0388
S "first"
C 30
R
P 0000021833AB0388
C 345
R
P 0000021833AB0388
$ |first|
C 204
R
P 0000021833AB0388
C 345
R
P 0000021833AB0388
S "second"
C 30
R
P 0000021833AB0388
C 345
R
P 0000021833AB0388
$ |second|
C 204
R
P 0000021833AB0388
C 345
R
P 0000021833AB0388
$ |mk_tuple|
U 2
$ |first|
$ |second|
s 2
P 0000021834D52CC8
P 0000021834D52CC8
p 2
P 0000000000000000
P 0000000000000000
P 0000000000000000
p 2
C 39
= 0000021834D53C48
* 0000021834D619B8 5
@ 0000021834D5C880 6 0
@ 0000021834D5C6F8 6 1
R
P 0000021833AB0388
C 345
R
P 0000021833AB0388
P 0000021834D53C48
C 259
R
P 0000021833AB0388
C 345
R
P 0000021833AB0388
P 0000021834D53C48
C 9
R
P 0000021833AB0388
C 345
R
P 0000021833AB0388
P 0000021834D53C48
C 217
R
P 0000021833AB0388
C 345
R
P 0000021833AB0388
P 0000021834D53C48
U 0
C 218
= 0000021834D5C880
R
P 0000021833AB0388
C 345
R
P 0000021833AB0388
P 0000021834D5C880
C 259
R
P 0000021833AB0388
C 345
R
P 0000021833AB0388
P 0000021834D5C880
C 9
R
P 0000021833AB0388
C 345
R
P 0000021833AB0388
P 0000021834D53C48
U 1
C 218
= 0000021834D5C6F8
R
P 0000021833AB0388
C 345
R
P 0000021833AB0388
P 0000021834D5C6F8
C 259
R
P 0000021833AB0388
C 345
R
P 0000021833AB0388
P 0000021834D5C6F8
C 9
R
P 0000021833AB0388
C 345
R
P 0000021833AB0388
P 0000021834D53C48
C 217
R
P 0000021833AB0388
C 345
R
P 0000021833AB0388
P 0000021834D53C48
U 0
C 218
= 0000021834D5C880
R
P 0000021833AB0388
C 345
R
P 0000021833AB0388
P 0000021834D5C880
C 259
R
P 0000021833AB0388
C 345
R
P 0000021833AB0388
P 0000021834D5C880
C 9
R
P 0000021833AB0388
C 345
R
P 0000021833AB0388
P 0000021834D53C48
U 1
C 218
= 0000021834D5C6F8
R
P 0000021833AB0388
C 345
R
P 0000021833AB0388
P 0000021834D5C6F8
C 259
R
P 0000021833AB0388
C 345
R
P 0000021833AB0388
P 0000021834D5C6F8
C 9
R
P 0000021833AB0388
C 345
R
P 0000021833AB0388
S "x"
C 30
R
P 0000021833AB0388
C 345
R
P 0000021833AB0388
$ |x|
C 204
R
P 0000021833AB0388
C 345
R
P 0000021833AB0388
$ |x|
P 0000021834D52CC8
C 51
= 0000021834D53908
R
P 0000021833AB0388
C 345
R
P 0000021833AB0388
P 0000021834D53908
C 259
R
P 0000021833AB0388
C 345
R
P 0000021833AB0388
P 0000021834D53908
C 256
= 0000021834D52CC8
R
P 0000021833AB0388
C 345
R
P 0000021833AB0388
P 0000021834D52CC8
C 211
R
P 0000021833AB0388
C 345
R
P 0000021833AB0388
P 0000021834D53908
C 262
R
P 0000021833AB0388
C 345
R
P 0000021833AB0388
P 0000021834D53908
C 261
R
P 0000021833AB0388
C 345
R
P 0000021833AB0388
P 0000021834D53908
C 260
R
P 0000021833AB0388
C 345
R
P 0000021833AB0388
P 0000021834D53908
C 9
R
P 0000021833AB0388
C 345
R
P 0000021833AB0388
S "y"
C 30
R
P 0000021833AB0388
C 345
R
P 0000021833AB0388
$ |y|
C 204
R
P 0000021833AB0388
C 345
R
P 0000021833AB0388
$ |y|
P 0000021834D52CC8
C 51
= 0000021834D53928
R
P 0000021833AB0388
C 345
R
P 0000021833AB0388
P 0000021834D53928
C 259
R
P 0000021833AB0388
C 345
R
P 0000021833AB0388
P 0000021834D53928
C 256
= 0000021834D52CC8
R
P 0000021833AB0388
C 345
R
P 0000021833AB0388
P 0000021834D52CC8
C 211
R
P 0000021833AB0388
C 345
R
P 0000021833AB0388
P 0000021834D53928
C 262
R
P 0000021833AB0388
C 345
R
P 0000021833AB0388
P 0000021834D53928
C 261
R
P 0000021833AB0388
C 345
R
P 0000021833AB0388
P 0000021834D53928
C 260
R
P 0000021833AB0388
C 345
R
P 0000021833AB0388
P 0000021834D53928
C 9
R
P 0000021833AB0388
C 345
R
P 0000021833AB0388
P 0000021834D53C48
C 216
= 0000021834D619B8
R
P 0000021833AB0388
C 345
R
P 0000021833AB0388
P 0000021834D619B8
C 259
R
P 0000021833AB0388
C 345
R
P 0000021833AB0388
P 0000021834D619B8
C 9
R
P 0000021833AB0388
C 345
R
P 0000021833AB0388
P 0000021834D619B8
U 2
P 0000021834D53908
P 0000021834D53928
p 2
C 50
= 0000021834D5C848
R
P 0000021833AB0388
C 345
R
P 0000021833AB0388
P 0000021834D5C848
C 259
R
P 0000021833AB0388
C 345
R
P 0000021833AB0388
P 0000021834D5C848
C 256
= 0000021834D53C48
R
P 0000021833AB0388
C 345
R
P 0000021833AB0388
P 0000021834D53C48
C 211
R
P 0000021833AB0388
C 345
R
P 0000021833AB0388
P 0000021834D5C848
C 262
R
P 0000021833AB0388
C 345
R
P 0000021833AB0388
P 0000021834D5C848
C 261
R
P 0000021833AB0388
C 345
R
P 0000021833AB0388
P 0000021834D5C848
C 260
R
P 0000021833AB0388
C 345
R
P 0000021833AB0388
P 0000021834D5C848
C 9
R
P 0000021833AB0388
C 345
R
P 0000021833AB0388
P 0000021834D5C880
U 1
P 0000021834D5C848
p 1
C 50
= 0000021834D5F928
R
P 0000021833AB0388
C 345
R
P 0000021833AB0388
P 0000021834D5F928
C 259
R
P 0000021833AB0388
C 345
R
P 0000021833AB0388
P 0000021834D5F928
C 256
= 0000021834D52CC8
R
P 0000021833AB0388
C 345
R
P 0000021833AB0388
P 0000021834D52CC8
C 211
R
P 0000021833AB0388
C 345
R
P 0000021833AB0388
P 0000021834D5F928
C 262
R
P 0000021833AB0388
C 345
R
P 0000021833AB0388
P 0000021834D5F928
C 261
R
P 0000021833AB0388
C 345
R
P 0000021833AB0388
P 0000021834D5F928
C 260
R
P 0000021833AB0388
C 345
R
P 0000021833AB0388
P 0000021834D5F928
C 9
R
P 0000021833AB0388
C 345
R
P 0000021833AB0388
P 0000021834D53908
P 0000021834D5F928
C 58
= 0000021834D5C8B8
R
P 0000021833AB0388
C 345
R
P 0000021833AB0388
P 0000021834D5C8B8
C 260
R
P 0000021833AB0388
C 345
R
P 0000021833AB0388
P 0000021834D5C8B8
C 9
R
P 0000021833AB0388
C 345
R
P 0000021833AB0388
P 0000021834D5C8B8
C 336
R
P 0000021833AB0388
C 345
R
P 0000021833AB0388
P 0000021834D5C8B8
C 336
R
P 0000021833AB0388
C 345
R
P 0000021833AB0388
C 415
= 00000218359FE9D8
R
P 0000021833AB0388
C 345
R
P 0000021833AB0388
P 00000218359FE9D8
C 424
R
P 0000021833AB0388
C 345
R
P 0000021833AB0388
C 13
= 0000021835E9DA98
R
P 0000021833AB0388
C 345
R
P 0000021833AB0388
P 0000021835E9DA98
C 14
R
P 0000021833AB0388
C 345
R
P 0000021833AB0388
S "mbqi"
C 30
R
P 0000021833AB0388
C 345
R
P 0000021833AB0388
$ |mbqi|
C 204
R
P 0000021833AB0388
C 345
R
P 0000021833AB0388
P 0000021835E9DA98
$ |mbqi|
I 0
C 16
R
P 0000021833AB0388
C 345
R
P 0000021833AB0388
P 00000218359FE9D8
P 0000021835E9DA98
C 423
R
P 0000021833AB0388
C 345
R
P 0000021833AB0388
P 0000021834D5C8B8
C 60
= 0000021834D5FC28
R
P 0000021833AB0388
C 345
R
P 0000021833AB0388
P 0000021834D5FC28
C 260
R
P 0000021833AB0388
C 345
R
P 0000021833AB0388
P 0000021834D5FC28
C 9
R
P 0000021833AB0388
C 345
R
P 0000021833AB0388
P 00000218359FE9D8
P 0000021834D5FC28
C 430
R
P 0000021833AB0388
C 345
R
P 0000021833AB0388
P 00000218359FE9D8
C 437
R
P 0000021833AB0388
C 345
R
P 0000021833AB0388
P 00000218359FE9D8
C 443
= 0000021834D61CB8
R
P 0000021833AB0388
C 345
R
P 0000021833AB0388
P 0000021834D61CB8
C 259
R
P 0000021833AB0388
C 345
R
P 0000021833AB0388
P 0000021834D61CB8
C 256
= 0000021834D52C28
R
P 0000021833AB0388
C 345
R
P 0000021833AB0388
P 0000021834D52C28
C 211
R
P 0000021833AB0388
C 345
R
P 0000021833AB0388
P 0000021834D61CB8
C 262
R
P 0000021833AB0388
C 345
R
P 0000021833AB0388
P 0000021834D61CB8
C 261
R
P 0000021833AB0388
C 345
R
P 0000021833AB0388
P 0000021834D61CB8
C 260
R
P 0000021833AB0388
C 345
R
P 0000021833AB0388
P 0000021834D61CB8
C 9
R
P 0000021833AB0388
C 345
R
P 0000021833AB0388
P 0000021834D61CB8
C 336
R
P 0000021833AB0388
C 345
M "EnumExample"
R
P 0000021833AB0388
S "fruit"
C 30
R
P 0000021833AB0388
C 345
R
P 0000021833AB0388
$ |fruit|
C 204
R
P 0000021833AB0388
C 345
R
P 0000021833AB0388
S "apple"
C 30
R
P 0000021833AB0388
C 345
R
P 0000021833AB0388
$ |apple|
C 204
R
P 0000021833AB0388
C 345
R
P 0000021833AB0388
S "banana"
C 30
R
P 0000021833AB0388
C 345
R
P 0000021833AB0388
$ |banana|
C 204
R
P 0000021833AB0388
C 345
R
P 0000021833AB0388
S "orange"
C 30
R
P 0000021833AB0388
C 345
R
P 0000021833AB0388
$ |orange|
C 204
R
P 0000021833AB0388
C 345
R
P 0000021833AB0388
$ |fruit|
U 3
$ |apple|
$ |banana|
$ |orange|
s 3
P 0000000000000000
P 0000000000000000
P 0000000000000000
p 3
P 0000000000000000
P 0000000000000000
P 0000000000000000
p 3
C 40
= 0000021834D53C28
@ 0000021834D600A8 4 0
@ 0000021834D600D8 4 1
@ 0000021834D60108 4 2
@ 0000021834D5C730 5 0
@ 0000021834D5C768 5 1
@ 0000021834D5C378 5 2
R
P 0000021833AB0388
C 345
R
P 0000021833AB0388
P 0000021834D53C28
C 259
R
P 0000021833AB0388
C 345
R
P 0000021833AB0388
P 0000021834D53C28
C 9
R
P 0000021833AB0388
C 345
R
P 0000021833AB0388
P 0000021834D53C28
C 219
R
P 0000021833AB0388
C 345
R
P 0000021833AB0388
P 0000021834D53C28
U 0
C 220
= 0000021834D600A8
R
P 0000021833AB0388
C 345
R
P 0000021833AB0388
P 0000021834D600A8
C 259
R
P 0000021833AB0388
C 345
R
P 0000021833AB0388
P 0000021834D600A8
C 9
R
P 0000021833AB0388
C 345
R
P 0000021833AB0388
P 0000021834D53C28
U 1
C 220
= 0000021834D600D8
R
P 0000021833AB0388
C 345
R
P 0000021833AB0388
P 0000021834D600D8
C 259
R
P 0000021833AB0388
C 345
R
P 0000021833AB0388
P 0000021834D600D8
C 9
R
P 0000021833AB0388
C 345
R
P 0000021833AB0388
P 0000021834D53C28
U 2
C 220
= 0000021834D60108
R
P 0000021833AB0388
C 345
R
P 0000021833AB0388
P 0000021834D60108
C 259
R
P 0000021833AB0388
C 345
R
P 0000021833AB0388
P 0000021834D60108
C 9
R
P 0000021833AB0388
C 345
R
P 0000021833AB0388
P 0000021834D600A8
U 0
p 0
C 50
= 0000021834D53C68
R
P 0000021833AB0388
C 345
R
P 0000021833AB0388
P 0000021834D53C68
C 259
R
P 0000021833AB0388
C 345
R
P 0000021833AB0388
P 0000021834D53C68
C 256
= 0000021834D53C28
R
P 0000021833AB0388
C 345
R
P 0000021833AB0388
P 0000021834D53C28
C 211
R
P 0000021833AB0388
C 345
R
P 0000021833AB0388
P 0000021834D53C68
C 262
R
P 0000021833AB0388
C 345
R
P 0000021833AB0388
P 0000021834D53C68
C 261
R
P 0000021833AB0388
C 345
R
P 0000021833AB0388
P 0000021834D53C68
C 260
R
P 0000021833AB0388
C 345
R
P 0000021833AB0388
P 0000021834D53C68
C 9
R
P 0000021833AB0388
C 345
R
P 0000021833AB0388
P 0000021834D600D8
U 0
p 0
C 50
= 0000021834D53C88
R
P 0000021833AB0388
C 345
R
P 0000021833AB0388
P 0000021834D53C88
C 259
R
P 0000021833AB0388
C 345
R
P 0000021833AB0388
P 0000021834D53C88
C 256
= 0000021834D53C28
R
P 0000021833AB0388
C 345
R
P 0000021833AB0388
P 0000021834D53C28
C 211
R
P 0000021833AB0388
C 345
R
P 0000021833AB0388
P 0000021834D53C88
C 262
R
P 0000021833AB0388
C 345
R
P 0000021833AB0388
P 0000021834D53C88
C 261
R
P 0000021833AB0388
C 345
R
P 0000021833AB0388
P 0000021834D53C88
C 260
R
P 0000021833AB0388
C 345
R
P 0000021833AB0388
P 0000021834D53C88
C 9
R
P 0000021833AB0388
C 345
R
P 0000021833AB0388
P 0000021834D60108
U 0
p 0
C 50
= 0000021834D53CA8
R
P 0000021833AB0388
C 345
R
P 0000021833AB0388
P 0000021834D53CA8
C 259
R
P 0000021833AB0388
C 345
R
P 0000021833AB0388
P 0000021834D53CA8
C 256
= 0000021834D53C28
R
P 0000021833AB0388
C 345
R
P 0000021833AB0388
P 0000021834D53C28
C 211
R
P 0000021833AB0388
C 345
R
P 0000021833AB0388
P 0000021834D53CA8
C 262
R
P 0000021833AB0388
C 345
R
P 0000021833AB0388
P 0000021834D53CA8
C 261
R
P 0000021833AB0388
C 345
R
P 0000021833AB0388
P 0000021834D53CA8
C 260
R
P 0000021833AB0388
C 345
R
P 0000021833AB0388
P 0000021834D53CA8
C 9
R
P 0000021833AB0388
C 345
R
P 0000021833AB0388
P 0000021834D53C68
C 336
R
P 0000021833AB0388
C 345
R
P 0000021833AB0388
P 0000021834D53C28
C 219
R
P 0000021833AB0388
C 345
R
P 0000021833AB0388
P 0000021834D53C28
U 0
C 220
= 0000021834D600A8
R
P 0000021833AB0388
C 345
R
P 0000021833AB0388
P 0000021834D600A8
C 259
R
P 0000021833AB0388
C 345
R
P 0000021833AB0388
P 0000021834D600A8
C 9
R
P 0000021833AB0388
C 345
R
P 0000021833AB0388
P 0000021834D53C28
U 1
C 220
= 0000021834D600D8
R
P 0000021833AB0388
C 345
R
P 0000021833AB0388
P 0000021834D600D8
C 259
R
P 0000021833AB0388
C 345
R
P 0000021833AB0388
P 0000021834D600D8
C 9
R
P 0000021833AB0388
C 345
R
P 0000021833AB0388
P 0000021834D53C28
U 2
C 220
= 0000021834D60108
R
P 0000021833AB0388
C 345
R
P 0000021833AB0388
P 0000021834D60108
C 259
R
P 0000021833AB0388
C 345
R
P 0000021833AB0388
P 0000021834D60108
C 9
R
P 0000021833AB0388
C 345
R
P 0000021833AB0388
P 0000021834D600A8
U 0
p 0
C 50
= 0000021834D53C68
R
P 0000021833AB0388
C 345
R
P 0000021833AB0388
P 0000021834D53C68
C 259
R
P 0000021833AB0388
C 345
R
P 0000021833AB0388
P 0000021834D53C68
C 256
= 0000021834D53C28
R
P 0000021833AB0388
C 345
R
P 0000021833AB0388
P 0000021834D53C28
C 211
R
P 0000021833AB0388
C 345
R
P 0000021833AB0388
P 0000021834D53C68
C 262
R
P 0000021833AB0388
C 345
R
P 0000021833AB0388
P 0000021834D53C68
C 261
R
P 0000021833AB0388
C 345
R
P 0000021833AB0388
P 0000021834D53C68
C 260
R
P 0000021833AB0388
C 345
R
P 0000021833AB0388
P 0000021834D53C68
C 9
R
P 0000021833AB0388
C 345
R
P 0000021833AB0388
P 0000021834D600D8
U 0
p 0
C 50
= 0000021834D53C88
R
P 0000021833AB0388
C 345
R
P 0000021833AB0388
P 0000021834D53C88
C 259
R
P 0000021833AB0388
C 345
R
P 0000021833AB0388
P 0000021834D53C88
C 256
= 0000021834D53C28
R
P 0000021833AB0388
C 345
R
P 0000021833AB0388
P 0000021834D53C28
C 211
R
P 0000021833AB0388
C 345
R
P 0000021833AB0388
P 0000021834D53C88
C 262
R
P 0000021833AB0388
C 345
R
P 0000021833AB0388
P 0000021834D53C88
C 261
R
P 0000021833AB0388
C 345
R
P 0000021833AB0388
P 0000021834D53C88
C 260
R
P 0000021833AB0388
C 345
R
P 0000021833AB0388
P 0000021834D53C88
C 9
R
P 0000021833AB0388
C 345
R
P 0000021833AB0388
P 0000021834D60108
U 0
p 0
C 50
= 0000021834D53CA8
R
P 0000021833AB0388
C 345
R
P 0000021833AB0388
P 0000021834D53CA8
C 259
R
P 0000021833AB0388
C 345
R
P 0000021833AB0388
P 0000021834D53CA8
C 256
= 0000021834D53C28
R
P 0000021833AB0388
C 345
R
P 0000021833AB0388
P 0000021834D53C28
C 211
R
P 0000021833AB0388
C 345
R
P 0000021833AB0388
P 0000021834D53CA8
C 262
R
P 0000021833AB0388
C 345
R
P 0000021833AB0388
P 0000021834D53CA8
C 261
R
P 0000021833AB0388
C 345
R
P 0000021833AB0388
P 0000021834D53CA8
C 260
R
P 0000021833AB0388
C 345
R
P 0000021833AB0388
P 0000021834D53CA8
C 9
R
P 0000021833AB0388
C 345
R
P 0000021833AB0388
P 0000021834D53C88
C 336
R
P 0000021833AB0388
C 345
R
P 0000021833AB0388
P 0000021834D53C28
C 219
R
P 0000021833AB0388
C 345
R
P 0000021833AB0388
P 0000021834D53C28
U 0
C 220
= 0000021834D600A8
R
P 0000021833AB0388
C 345
R
P 0000021833AB0388
P 0000021834D600A8
C 259
R
P 0000021833AB0388
C 345
R
P 0000021833AB0388
P 0000021834D600A8
C 9
R
P 0000021833AB0388
C 345
R
P 0000021833AB0388
P 0000021834D53C28
U 1
C 220
= 0000021834D600D8
R
P 0000021833AB0388
C 345
R
P 0000021833AB0388
P 0000021834D600D8
C 259
R
P 0000021833AB0388
C 345
R
P 0000021833AB0388
P 0000021834D600D8
C 9
R
P 0000021833AB0388
C 345
R
P 0000021833AB0388
P 0000021834D53C28
U 2
C 220
= 0000021834D60108
R
P 0000021833AB0388
C 345
R
P 0000021833AB0388
P 0000021834D60108
C 259
R
P 0000021833AB0388
C 345
R
P 0000021833AB0388
P 0000021834D60108
C 9
R
P 0000021833AB0388
C 345
R
P 0000021833AB0388
P 0000021834D600A8
U 0
p 0
C 50
= 0000021834D53C68
R
P 0000021833AB0388
C 345
R
P 0000021833AB0388
P 0000021834D53C68
C 259
R
P 0000021833AB0388
C 345
R
P 0000021833AB0388
P 0000021834D53C68
C 256
= 0000021834D53C28
R
P 0000021833AB0388
C 345
R
P 0000021833AB0388
P 0000021834D53C28
C 211
R
P 0000021833AB0388
C 345
R
P 0000021833AB0388
P 0000021834D53C68
C 262
R
P 0000021833AB0388
C 345
R
P 0000021833AB0388
P 0000021834D53C68
C 261
R
P 0000021833AB0388
C 345
R
P 0000021833AB0388
P 0000021834D53C68
C 260
R
P 0000021833AB0388
C 345
R
P 0000021833AB0388
P 0000021834D53C68
C 9
R
P 0000021833AB0388
C 345
R
P 0000021833AB0388
P 0000021834D600D8
U 0
p 0
C 50
= 0000021834D53C88
R
P 0000021833AB0388
C 345
R
P 0000021833AB0388
P 0000021834D53C88
C 259
R
P 0000021833AB0388
C 345
R
P 0000021833AB0388
P 0000021834D53C88
C 256
= 0000021834D53C28
R
P 0000021833AB0388
C 345
R
P 0000021833AB0388
P 0000021834D53C28
C 211
R
P 0000021833AB0388
C 345
R
P 0000021833AB0388
P 0000021834D53C88
C 262
R
P 0000021833AB0388
C 345
R
P 0000021833AB0388
P 0000021834D53C88
C 261
R
P 0000021833AB0388
C 345
R
P 0000021833AB0388
P 0000021834D53C88
C 260
R
P 0000021833AB0388
C 345
R
P 0000021833AB0388
P 0000021834D53C88
C 9
R
P 0000021833AB0388
C 345
R
P 0000021833AB0388
P 0000021834D60108
U 0
p 0
C 50
= 0000021834D53CA8
R
P 0000021833AB0388
C 345
R
P 0000021833AB0388
P 0000021834D53CA8
C 259
R
P 0000021833AB0388
C 345
R
P 0000021833AB0388
P 0000021834D53CA8
C 256
= 0000021834D53C28
R
P 0000021833AB0388
C 345
R
P 0000021833AB0388
P 0000021834D53C28
C 211
R
P 0000021833AB0388
C 345
R
P 0000021833AB0388
P 0000021834D53CA8
C 262
R
P 0000021833AB0388
C 345
R
P 0000021833AB0388
P 0000021834D53CA8
C 261
R
P 0000021833AB0388
C 345
R
P 0000021833AB0388
P 0000021834D53CA8
C 260
R
P 0000021833AB0388
C 345
R
P 0000021833AB0388
P 0000021834D53CA8
C 9
R
P 0000021833AB0388
C 345
R
P 0000021833AB0388
P 0000021834D53CA8
C 336
R
P 0000021833AB0388
C 345
R
P 0000021833AB0388
P 0000021834D53C28
C 219
R
P 0000021833AB0388
C 345
R
P 0000021833AB0388
P 0000021834D53C28
U 0
C 221
= 0000021834D5C378
R
P 0000021833AB0388
C 345
R
P 0000021833AB0388
P 0000021834D5C378
C 259
R
P 0000021833AB0388
C 345
R
P 0000021833AB0388
P 0000021834D5C378
C 9
R
P 0000021833AB0388
C 345
R
P 0000021833AB0388
P 0000021834D53C28
U 1
C 221
= 0000021834D5C768
R
P 0000021833AB0388
C 345
R
P 0000021833AB0388
P 0000021834D5C768
C 259
R
P 0000021833AB0388
C 345
R
P 0000021833AB0388
P 0000021834D5C768
C 9
R
P 0000021833AB0388
C 345
R
P 0000021833AB0388
P 0000021834D53C28
U 2
C 221
= 0000021834D5C730
R
P 0000021833AB0388
C 345
R
P 0000021833AB0388
P 0000021834D5C730
C 259
R
P 0000021833AB0388
C 345
R
P 0000021833AB0388
P 0000021834D5C730
C 9
R
P 0000021833AB0388
C 345
R
P 0000021833AB0388
P 0000021834D5C378
C 336
R
P 0000021833AB0388
C 345
R
P 0000021833AB0388
P 0000021834D53C28
C 219
R
P 0000021833AB0388
C 345
R
P 0000021833AB0388
P 0000021834D53C28
U 0
C 221
= 0000021834D5C378
R
P 0000021833AB0388
C 345
R
P 0000021833AB0388
P 0000021834D5C378
C 259
R
P 0000021833AB0388
C 345
R
P 0000021833AB0388
P 0000021834D5C378
C 9
R
P 0000021833AB0388
C 345
R
P 0000021833AB0388
P 0000021834D53C28
U 1
C 221
= 0000021834D5C768
R
P 0000021833AB0388
C 345
R
P 0000021833AB0388
P 0000021834D5C768
C 259
R
P 0000021833AB0388
C 345
R
P 0000021833AB0388
P 0000021834D5C768
C 9
R
P 0000021833AB0388
C 345
R
P 0000021833AB0388
P 0000021834D53C28
U 2
C 221
= 0000021834D5C730
R
P 0000021833AB0388
C 345
R
P 0000021833AB0388
P 0000021834D5C730
C 259
R
P 0000021833AB0388
C 345
R
P 0000021833AB0388
P 0000021834D5C730
C 9
R
P 0000021833AB0388
C 345
R
P 0000021833AB0388
P 0000021834D5C768
C 336
R
P 0000021833AB0388
C 345
R
P 0000021833AB0388
P 0000021834D53C28
C 219
R
P 0000021833AB0388
C 345
R
P 0000021833AB0388
P 0000021834D53C28
U 0
C 221
= 0000021834D5C378
R
P 0000021833AB0388
C 345
R
P 0000021833AB0388
P 0000021834D5C378
C 259
R
P 0000021833AB0388
C 345
R
P 0000021833AB0388
P 0000021834D5C378
C 9
R
P 0000021833AB0388
C 345
R
P 0000021833AB0388
P 0000021834D53C28
U 1
C 221
= 0000021834D5C768
R
P 0000021833AB0388
C 345
R
P 0000021833AB0388
P 0000021834D5C768
C 259
R
P 0000021833AB0388
C 345
R
P 0000021833AB0388
P 0000021834D5C768
C 9
R
P 0000021833AB0388
C 345
R
P 0000021833AB0388
P 0000021834D53C28
U 2
C 221
= 0000021834D5C730
R
P 0000021833AB0388
C 345
R
P 0000021833AB0388
P 0000021834D5C730
C 259
R
P 0000021833AB0388
C 345
R
P 0000021833AB0388
P 0000021834D5C730
C 9
R
P 0000021833AB0388
C 345
R
P 0000021833AB0388
P 0000021834D5C730
C 336
R
P 0000021833AB0388
C 345
R
P 0000021833AB0388
P 0000021834D53C28
C 219
R
P 0000021833AB0388
C 345
R
P 0000021833AB0388
P 0000021834D53C28
U 0
C 220
= 0000021834D600A8
R
P 0000021833AB0388
C 345
R
P 0000021833AB0388
P 0000021834D600A8
C 259
R
P 0000021833AB0388
C 345
R
P 0000021833AB0388
P 0000021834D600A8
C 9
R
P 0000021833AB0388
C 345
R
P 0000021833AB0388
P 0000021834D53C28
U 1
C 220
= 0000021834D600D8
R
P 0000021833AB0388
C 345
R
P 0000021833AB0388
P 0000021834D600D8
C 259
R
P 0000021833AB0388
C 345
R
P 0000021833AB0388
P 0000021834D600D8
C 9
R
P 0000021833AB0388
C 345
R
P 0000021833AB0388
P 0000021834D53C28
U 2
C 220
= 0000021834D60108
R
P 0000021833AB0388
C 345
R
P 0000021833AB0388
P 0000021834D60108
C 259
R
P 0000021833AB0388
C 345
R
P 0000021833AB0388
P 0000021834D60108
C 9
R
P 0000021833AB0388
C 345
R
P 0000021833AB0388
P 0000021834D600A8
U 0
p 0
C 50
= 0000021834D53C68
R
P 0000021833AB0388
C 345
R
P 0000021833AB0388
P 0000021834D53C68
C 259
R
P 0000021833AB0388
C 345
R
P 0000021833AB0388
P 0000021834D53C68
C 256
= 0000021834D53C28
R
P 0000021833AB0388
C 345
R
P 0000021833AB0388
P 0000021834D53C28
C 211
R
P 0000021833AB0388
C 345
R
P 0000021833AB0388
P 0000021834D53C68
C 262
R
P 0000021833AB0388
C 345
R
P 0000021833AB0388
P 0000021834D53C68
C 261
R
P 0000021833AB0388
C 345
R
P 0000021833AB0388
P 0000021834D53C68
C 260
R
P 0000021833AB0388
C 345
R
P 0000021833AB0388
P 0000021834D53C68
C 9
R
P 0000021833AB0388
C 345
R
P 0000021833AB0388
P 0000021834D600D8
U 0
p 0
C 50
= 0000021834D53C88
R
P 0000021833AB0388
C 345
R
P 0000021833AB0388
P 0000021834D53C88
C 259
R
P 0000021833AB0388
C 345
R
P 0000021833AB0388
P 0000021834D53C88
C 256
= 0000021834D53C28
R
P 0000021833AB0388
C 345
R
P 0000021833AB0388
P 0000021834D53C28
C 211
R
P 0000021833AB0388
C 345
R
P 0000021833AB0388
P 0000021834D53C88
C 262
R
P 0000021833AB0388
C 345
R
P 0000021833AB0388
P 0000021834D53C88
C 261
R
P 0000021833AB0388
C 345
R
P 0000021833AB0388
P 0000021834D53C88
C 260
R
P 0000021833AB0388
C 345
R
P 0000021833AB0388
P 0000021834D53C88
C 9
R
P 0000021833AB0388
C 345
R
P 0000021833AB0388
P 0000021834D60108
U 0
p 0
C 50
= 0000021834D53CA8
R
P 0000021833AB0388
C 345
R
P 0000021833AB0388
P 0000021834D53CA8
C 259
R
P 0000021833AB0388
C 345
R
P 0000021833AB0388
P 0000021834D53CA8
C 256
= 0000021834D53C28
R
P 0000021833AB0388
C 345
R
P 0000021833AB0388
P 0000021834D53C28
C 211
R
P 0000021833AB0388
C 345
R
P 0000021833AB0388
P 0000021834D53CA8
C 262
R
P 0000021833AB0388
C 345
R
P 0000021833AB0388
P 0000021834D53CA8
C 261
R
P 0000021833AB0388
C 345
R
P 0000021833AB0388
P 0000021834D53CA8
C 260
R
P 0000021833AB0388
C 345
R
P 0000021833AB0388
P 0000021834D53CA8
C 9
R
P 0000021833AB0388
C 345
R
P 0000021833AB0388
P 0000021834D53C28
C 219
R
P 0000021833AB0388
C 345
R
P 0000021833AB0388
P 0000021834D53C28
U 0
C 220
= 0000021834D600A8
R
P 0000021833AB0388
C 345
R
P 0000021833AB0388
P 0000021834D600A8
C 259
R
P 0000021833AB0388
C 345
R
P 0000021833AB0388
P 0000021834D600A8
C 9
R
P 0000021833AB0388
C 345
R
P 0000021833AB0388
P 0000021834D53C28
U 1
C 220
= 0000021834D600D8
R
P 0000021833AB0388
C 345
R
P 0000021833AB0388
P 0000021834D600D8
C 259
R
P 0000021833AB0388
C 345
R
P 0000021833AB0388
P 0000021834D600D8
C 9
R
P 0000021833AB0388
C 345
R
P 0000021833AB0388
P 0000021834D53C28
U 2
C 220
= 0000021834D60108
R
P 0000021833AB0388
C 345
R
P 0000021833AB0388
P 0000021834D60108
C 259
R
P 0000021833AB0388
C 345
R
P 0000021833AB0388
P 0000021834D60108
C 9
R
P 0000021833AB0388
C 345
R
P 0000021833AB0388
P 0000021834D600A8
U 0
p 0
C 50
= 0000021834D53C68
R
P 0000021833AB0388
C 345
R
P 0000021833AB0388
P 0000021834D53C68
C 259
R
P 0000021833AB0388
C 345
R
P 0000021833AB0388
P 0000021834D53C68
C 256
= 0000021834D53C28
R
P 0000021833AB0388
C 345
R
P 0000021833AB0388
P 0000021834D53C28
C 211
R
P 0000021833AB0388
C 345
R
P 0000021833AB0388
P 0000021834D53C68
C 262
R
P 0000021833AB0388
C 345
R
P 0000021833AB0388
P 0000021834D53C68
C 261
R
P 0000021833AB0388
C 345
R
P 0000021833AB0388
P 0000021834D53C68
C 260
R
P 0000021833AB0388
C 345
R
P 0000021833AB0388
P 0000021834D53C68
C 9
R
P 0000021833AB0388
C 345
R
P 0000021833AB0388
P 0000021834D600D8
U 0
p 0
C 50
= 0000021834D53C88
R
P 0000021833AB0388
C 345
R
P 0000021833AB0388
P 0000021834D53C88
C 259
R
P 0000021833AB0388
C 345
R
P 0000021833AB0388
P 0000021834D53C88
C 256
= 0000021834D53C28
R
P 0000021833AB0388
C 345
R
P 0000021833AB0388
P 0000021834D53C28
C 211
R
P 0000021833AB0388
C 345
R
P 0000021833AB0388
P 0000021834D53C88
C 262
R
P 0000021833AB0388
C 345
R
P 0000021833AB0388
P 0000021834D53C88
C 261
R
P 0000021833AB0388
C 345
R
P 0000021833AB0388
P 0000021834D53C88
C 260
R
P 0000021833AB0388
C 345
R
P 0000021833AB0388
P 0000021834D53C88
C 9
R
P 0000021833AB0388
C 345
R
P 0000021833AB0388
P 0000021834D60108
U 0
p 0
C 50
= 0000021834D53CA8
R
P 0000021833AB0388
C 345
R
P 0000021833AB0388
P 0000021834D53CA8
C 259
R
P 0000021833AB0388
C 345
R
P 0000021833AB0388
P 0000021834D53CA8
C 256
= 0000021834D53C28
R
P 0000021833AB0388
C 345
R
P 0000021833AB0388
P 0000021834D53C28
C 211
R
P 0000021833AB0388
C 345
R
P 0000021833AB0388
P 0000021834D53CA8
C 262
R
P 0000021833AB0388
C 345
R
P 0000021833AB0388
P 0000021834D53CA8
C 261
R
P 0000021833AB0388
C 345
R
P 0000021833AB0388
P 0000021834D53CA8
C 260
R
P 0000021833AB0388
C 345
R
P 0000021833AB0388
P 0000021834D53CA8
C 9
R
P 0000021833AB0388
C 345
R
P 0000021833AB0388
P 0000021834D53C28
C 219
R
P 0000021833AB0388
C 345
R
P 0000021833AB0388
P 0000021834D53C28
U 0
C 220
= 0000021834D600A8
R
P 0000021833AB0388
C 345
R
P 0000021833AB0388
P 0000021834D600A8
C 259
R
P 0000021833AB0388
C 345
R
P 0000021833AB0388
P 0000021834D600A8
C 9
R
P 0000021833AB0388
C 345
R
P 0000021833AB0388
P 0000021834D53C28
U 1
C 220
= 0000021834D600D8
R
P 0000021833AB0388
C 345
R
P 0000021833AB0388
P 0000021834D600D8
C 259
R
P 0000021833AB0388
C 345
R
P 0000021833AB0388
P 0000021834D600D8
C 9
R
P 0000021833AB0388
C 345
R
P 0000021833AB0388
P 0000021834D53C28
U 2
C 220
= 0000021834D60108
R
P 0000021833AB0388
C 345
R
P 0000021833AB0388
P 0000021834D60108
C 259
R
P 0000021833AB0388
C 345
R
P 0000021833AB0388
P 0000021834D60108
C 9
R
P 0000021833AB0388
C 345
R
P 0000021833AB0388
P 0000021834D600A8
U 0
p 0
C 50
= 0000021834D53C68
R
P 0000021833AB0388
C 345
R
P 0000021833AB0388
P 0000021834D53C68
C 259
R
P 0000021833AB0388
C 345
R
P 0000021833AB0388
P 0000021834D53C68
C 256
= 0000021834D53C28
R
P 0000021833AB0388
C 345
R
P 0000021833AB0388
P 0000021834D53C28
C 211
R
P 0000021833AB0388
C 345
R
P 0000021833AB0388
P 0000021834D53C68
C 262
R
P 0000021833AB0388
C 345
R
P 0000021833AB0388
P 0000021834D53C68
C 261
R
P 0000021833AB0388
C 345
R
P 0000021833AB0388
P 0000021834D53C68
C 260
R
P 0000021833AB0388
C 345
R
P 0000021833AB0388
P 0000021834D53C68
C 9
R
P 0000021833AB0388
C 345
R
P 0000021833AB0388
P 0000021834D600D8
U 0
p 0
C 50
= 0000021834D53C88
R
P 0000021833AB0388
C 345
R
P 0000021833AB0388
P 0000021834D53C88
C 259
R
P 0000021833AB0388
C 345
R
P 0000021833AB0388
P 0000021834D53C88
C 256
= 0000021834D53C28
R
P 0000021833AB0388
C 345
R
P 0000021833AB0388
P 0000021834D53C28
C 211
R
P 0000021833AB0388
C 345
R
P 0000021833AB0388
P 0000021834D53C88
C 262
R
P 0000021833AB0388
C 345
R
P 0000021833AB0388
P 0000021834D53C88
C 261
R
P 0000021833AB0388
C 345
R
P 0000021833AB0388
P 0000021834D53C88
C 260
R
P 0000021833AB0388
C 345
R
P 0000021833AB0388
P 0000021834D53C88
C 9
R
P 0000021833AB0388
C 345
R
P 0000021833AB0388
P 0000021834D60108
U 0
p 0
C 50
= 0000021834D53CA8
R
P 0000021833AB0388
C 345
R
P 0000021833AB0388
P 0000021834D53CA8
C 259
R
P 0000021833AB0388
C 345
R
P 0000021833AB0388
P 0000021834D53CA8
C 256
= 0000021834D53C28
R
P 0000021833AB0388
C 345
R
P 0000021833AB0388
P 0000021834D53C28
C 211
R
P 0000021833AB0388
C 345
R
P 0000021833AB0388
P 0000021834D53CA8
C 262
R
P 0000021833AB0388
C 345
R
P 0000021833AB0388
P 0000021834D53CA8
C 261
R
P 0000021833AB0388
C 345
R
P 0000021833AB0388
P 0000021834D53CA8
C 260
R
P 0000021833AB0388
C 345
R
P 0000021833AB0388
P 0000021834D53CA8
C 9
R
P 0000021833AB0388
C 345
R
P 0000021833AB0388
P 0000021834D53C68
P 0000021834D53CA8
C 58
= 0000021834D5C688
R
P 0000021833AB0388
C 345
R
P 0000021833AB0388
P 0000021834D5C688
C 260
R
P 0000021833AB0388
C 345
R
P 0000021833AB0388
P 0000021834D5C688
C 9
R
P 0000021833AB0388
C 345
R
P 0000021833AB0388
P 0000021834D5C688
C 60
= 0000021834D60138
R
P 0000021833AB0388
C 345
R
P 0000021833AB0388
P 0000021834D60138
C 260
R
P 0000021833AB0388
C 345
R
P 0000021833AB0388
P 0000021834D60138
C 9
R
P 0000021833AB0388
C 345
R
P 0000021833AB0388
P 0000021834D60138
C 336
R
P 0000021833AB0388
C 345
R
P 0000021833AB0388
C 415
= 0000021835A05F58
R
P 0000021833AB0388
C 345
R
P 0000021833AB0388
P 0000021835A05F58
C 424
R
P 0000021833AB0388
C 345
R
P 0000021833AB0388
C 13
= 0000021835EEEC18
R
P 0000021833AB0388
C 345
R
P 0000021833AB0388
P 0000021835EEEC18
C 14
R
P 0000021833AB0388
C 345
R
P 0000021833AB0388
S "mbqi"
C 30
R
P 0000021833AB0388
C 345
R
P 0000021833AB0388
$ |mbqi|
C 204
R
P 0000021833AB0388
C 345
R
P 0000021833AB0388
P 0000021835EEEC18
$ |mbqi|
I 0
C 16
R
P 0000021833AB0388
C 345
R
P 0000021833AB0388
P 0000021835A05F58
P 0000021835EEEC18
C 423
R
P 0000021833AB0388
C 345
R
P 0000021833AB0388
P 0000021834D60138
C 60
= 0000021834D60168
R
P 0000021833AB0388
C 345
R
P 0000021833AB0388
P 0000021834D60168
C 260
R
P 0000021833AB0388
C 345
R
P 0000021833AB0388
P 0000021834D60168
C 9
R
P 0000021833AB0388
C 345
R
P 0000021833AB0388
P 0000021835A05F58
P 0000021834D60168
C 430
R
P 0000021833AB0388
C 345
R
P 0000021833AB0388
P 0000021835A05F58
C 437
R
P 0000021833AB0388
C 345
R
P 0000021833AB0388
P 0000021835A05F58
C 443
= 0000021834D61DB8
R
P 0000021833AB0388
C 345
R
P 0000021833AB0388
P 0000021834D61DB8
C 259
R
P 0000021833AB0388
C 345
R
P 0000021833AB0388
P 0000021834D61DB8
C 256
= 0000021834D52C28
R
P 0000021833AB0388
C 345
R
P 0000021833AB0388
P 0000021834D52C28
C 211
R
P 0000021833AB0388
C 345
R
P 0000021833AB0388
P 0000021834D61DB8
C 262
R
P 0000021833AB0388
C 345
R
P 0000021833AB0388
P 0000021834D61DB8
C 261
R
P 0000021833AB0388
C 345
R
P 0000021833AB0388
P 0000021834D61DB8
C 260
R
P 0000021833AB0388
C 345
R
P 0000021833AB0388
P 0000021834D61DB8
C 9
R
P 0000021833AB0388
C 345
R
P 0000021833AB0388
P 0000021834D61DB8
C 336
R
P 0000021833AB0388
C 345
R
P 0000021833AB0388
P 0000021834D53C28
C 219
R
P 0000021833AB0388
C 345
R
P 0000021833AB0388
P 0000021834D53C28
U 0
C 221
= 0000021834D5C378
R
P 0000021833AB0388
C 345
R
P 0000021833AB0388
P 0000021834D5C378
C 259
R
P 0000021833AB0388
C 345
R
P 0000021833AB0388
P 0000021834D5C378
C 9
R
P 0000021833AB0388
C 345
R
P 0000021833AB0388
P 0000021834D53C28
U 1
C 221
= 0000021834D5C768
R
P 0000021833AB0388
C 345
R
P 0000021833AB0388
P 0000021834D5C768
C 259
R
P 0000021833AB0388
C 345
R
P 0000021833AB0388
P 0000021834D5C768
C 9
R
P 0000021833AB0388
C 345
R
P 0000021833AB0388
P 0000021834D53C28
U 2
C 221
= 0000021834D5C730
R
P 0000021833AB0388
C 345
R
P 0000021833AB0388
P 0000021834D5C730
C 259
R
P 0000021833AB0388
C 345
R
P 0000021833AB0388
P 0000021834D5C730
C 9
R
P 0000021833AB0388
C 345
R
P 0000021833AB0388
P 0000021834D5C378
U 1
P 0000021834D53C68
p 1
C 50
= 0000021834D60258
R
P 0000021833AB0388
C 345
R
P 0000021833AB0388
P 0000021834D60258
C 259
R
P 0000021833AB0388
C 345
R
P 0000021833AB0388
P 0000021834D60258
C 256
= 0000021834D52C08
R
P 0000021833AB0388
C 345
R
P 0000021833AB0388
P 0000021834D52C08
C 211
R
P 0000021833AB0388
C 345
R
P 0000021833AB0388
P 0000021834D60258
C 262
R
P 0000021833AB0388
C 345
R
P 0000021833AB0388
P 0000021834D60258
C 261
R
P 0000021833AB0388
C 345
R
P 0000021833AB0388
P 0000021834D60258
C 260
R
P 0000021833AB0388
C 345
R
P 0000021833AB0388
P 0000021834D60258
C 9
R
P 0000021833AB0388
C 345
R
P 0000021833AB0388
P 0000021834D60258
C 336
R
P 0000021833AB0388
C 345
R
P 0000021833AB0388
C 415
= 00000218359EBEC8
R
P 0000021833AB0388
C 345
R
P 0000021833AB0388
P 00000218359EBEC8
C 424
R
P 0000021833AB0388
C 345
R
P 0000021833AB0388
C 13
= 00000218363710B8
R
P 0000021833AB0388
C 345
R
P 0000021833AB0388
P 00000218363710B8
C 14
R
P 0000021833AB0388
C 345
R
P 0000021833AB0388
S "mbqi"
C 30
R
P 0000021833AB0388
C 345
R
P 0000021833AB0388
$ |mbqi|
C 204
R
P 0000021833AB0388
C 345
R
P 0000021833AB0388
P 00000218363710B8
$ |mbqi|
I 0
C 16
R
P 0000021833AB0388
C 345
R
P 0000021833AB0388
P 00000218359EBEC8
P 00000218363710B8
C 423
R
P 0000021833AB0388
C 345
R
P 0000021833AB0388
P 0000021834D60258
C 60
= 0000021834D60288
R
P 0000021833AB0388
C 345
R
P 0000021833AB0388
P 0000021834D60288
C 260
R
P 0000021833AB0388
C 345
R
P 0000021833AB0388
P 0000021834D60288
C 9
R
P 0000021833AB0388
C 345
R
P 0000021833AB0388
P 00000218359EBEC8
P 0000021834D60288
C 430
R
P 0000021833AB0388
C 345
R
P 0000021833AB0388
P 00000218359EBEC8
C 437
R
P 0000021833AB0388
C 345
R
P 0000021833AB0388
P 00000218359EBEC8
C 443
= 0000021834D61E38
R
P 0000021833AB0388
C 345
R
P 0000021833AB0388
P 0000021834D61E38
C 259
R
P 0000021833AB0388
C 345
R
P 0000021833AB0388
P 0000021834D61E38
C 256
= 0000021834D52C28
R
P 0000021833AB0388
C 345
R
P 0000021833AB0388
P 0000021834D52C28
C 211
R
P 0000021833AB0388
C 345
R
P 0000021833AB0388
P 0000021834D61E38
C 262
R
P 0000021833AB0388
C 345
R
P 0000021833AB0388
P 0000021834D61E38
C 261
R
P 0000021833AB0388
C 345
R
P 0000021833AB0388
P 0000021834D61E38
C 260
R
P 0000021833AB0388
C 345
R
P 0000021833AB0388
P 0000021834D61E38
C 9
R
P 0000021833AB0388
C 345
R
P 0000021833AB0388
P 0000021834D61E38
C 336
R
P 0000021833AB0388
C 345
R
P 0000021833AB0388
P 0000021834D53C28
C 219
R
P 0000021833AB0388
C 345
R
P 0000021833AB0388
P 0000021834D53C28
U 0
C 221
= 0000021834D5C378
R
P 0000021833AB0388
C 345
R
P 0000021833AB0388
P 0000021834D5C378
C 259
R
P 0000021833AB0388
C 345
R
P 0000021833AB0388
P 0000021834D5C378
C 9
R
P 0000021833AB0388
C 345
R
P 0000021833AB0388
P 0000021834D53C28
U 1
C 221
= 0000021834D5C768
R
P 0000021833AB0388
C 345
R
P 0000021833AB0388
P 0000021834D5C768
C 259
R
P 0000021833AB0388
C 345
R
P 0000021833AB0388
P 0000021834D5C768
C 9
R
P 0000021833AB0388
C 345
R
P 0000021833AB0388
P 0000021834D53C28
U 2
C 221
= 0000021834D5C730
R
P 0000021833AB0388
C 345
R
P 0000021833AB0388
P 0000021834D5C730
C 259
R
P 0000021833AB0388
C 345
R
P 0000021833AB0388
P 0000021834D5C730
C 9
R
P 0000021833AB0388
C 345
R
P 0000021833AB0388
P 0000021834D5C378
U 1
P 0000021834D53CA8
p 1
C 50
= 0000021834D60318
R
P 0000021833AB0388
C 345
R
P 0000021833AB0388
P 0000021834D60318
C 259
R
P 0000021833AB0388
C 345
R
P 0000021833AB0388
P 0000021834D60318
C 256
= 0000021834D52C08
R
P 0000021833AB0388
C 345
R
P 0000021833AB0388
P 0000021834D52C08
C 211
R
P 0000021833AB0388
C 345
R
P 0000021833AB0388
P 0000021834D60318
C 262
R
P 0000021833AB0388
C 345
R
P 0000021833AB0388
P 0000021834D60318
C 261
R
P 0000021833AB0388
C 345
R
P 0000021833AB0388
P 0000021834D60318
C 260
R
P 0000021833AB0388
C 345
R
P 0000021833AB0388
P 0000021834D60318
C 9
R
P 0000021833AB0388
C 345
R
P 0000021833AB0388
P 0000021834D60318
C 336
R
P 0000021833AB0388
C 345
R
P 0000021833AB0388
C 415
= 0000021836704DF8
R
P 0000021833AB0388
C 345
R
P 0000021833AB0388
P 0000021836704DF8
C 424
R
P 0000021833AB0388
C 345
R
P 0000021833AB0388
C 13
= 00000218366EE998
R
P 0000021833AB0388
C 345
R
P 0000021833AB0388
P 00000218366EE998
C 14
R
P 0000021833AB0388
C 345
R
P 0000021833AB0388
S "mbqi"
C 30
R
P 0000021833AB0388
C 345
R
P 0000021833AB0388
$ |mbqi|
C 204
R
P 0000021833AB0388
C 345
R
P 0000021833AB0388
P 00000218366EE998
$ |mbqi|
I 0
C 16
R
P 0000021833AB0388
C 345
R
P 0000021833AB0388
P 0000021836704DF8
P 00000218366EE998
C 423
R
P 0000021833AB0388
C 345
R
P 0000021833AB0388
P 0000021834D60318
C 60
= 0000021834D60348
R
P 0000021833AB0388
C 345
R
P 0000021833AB0388
P 0000021834D60348
C 260
R
P 0000021833AB0388
C 345
R
P 0000021833AB0388
P 0000021834D60348
C 9
R
P 0000021833AB0388
C 345
R
P 0000021833AB0388
P 0000021836704DF8
P 0000021834D60348
C 430
R
P 0000021833AB0388
C 345
R
P 0000021833AB0388
P 0000021836704DF8
C 437
R
P 0000021833AB0388
C 345
R
P 0000021833AB0388
P 0000021836704DF8
C 442
= 000002183682BA08
R
P 0000021833AB0388
C 345
R
P 0000021833AB0388
P 000002183682BA08
C 303
R
P 0000021833AB0388
C 345
R
P 0000021833AB0388
P 000002183682BA08
C 340
R
P 0000021833AB0388
C 345
R
P 0000021833AB0388
P 0000021834D53C28
C 219
R
P 0000021833AB0388
C 345
R
P 0000021833AB0388
P 0000021834D53C28
U 0
C 221
= 0000021834D5C378
R
P 0000021833AB0388
C 345
R
P 0000021833AB0388
P 0000021834D5C378
C 259
R
P 0000021833AB0388
C 345
R
P 0000021833AB0388
P 0000021834D5C378
C 9
R
P 0000021833AB0388
C 345
R
P 0000021833AB0388
P 0000021834D53C28
U 1
C 221
= 0000021834D5C768
R
P 0000021833AB0388
C 345
R
P 0000021833AB0388
P 0000021834D5C768
C 259
R
P 0000021833AB0388
C 345
R
P 0000021833AB0388
P 0000021834D5C768
C 9
R
P 0000021833AB0388
C 345
R
P 0000021833AB0388
P 0000021834D53C28
U 2
C 221
= 0000021834D5C730
R
P 0000021833AB0388
C 345
R
P 0000021833AB0388
P 0000021834D5C730
C 259
R
P 0000021833AB0388
C 345
R
P 0000021833AB0388
P 0000021834D5C730
C 9
R
P 0000021833AB0388
C 345
R
P 0000021833AB0388
P 0000021834D5C378
U 1
P 0000021834D53CA8
p 1
C 50
= 0000021834D60318
R
P 0000021833AB0388
C 345
R
P 0000021833AB0388
P 0000021834D60318
C 259
R
P 0000021833AB0388
C 345
R
P 0000021833AB0388
P 0000021834D60318
C 256
= 0000021834D52C08
R
P 0000021833AB0388
C 345
R
P 0000021833AB0388
P 0000021834D52C08
C 211
R
P 0000021833AB0388
C 345
R
P 0000021833AB0388
P 0000021834D60318
C 262
R
P 0000021833AB0388
C 345
R
P 0000021833AB0388
P 0000021834D60318
C 261
R
P 0000021833AB0388
C 345
R
P 0000021833AB0388
P 0000021834D60318
C 260
R
P 0000021833AB0388
C 345
R
P 0000021833AB0388
P 0000021834D60318
C 9
R
P 0000021833AB0388
C 345
R
P 0000021833AB0388
P 0000021834D60318
C 60
= 0000021834D60348
R
P 0000021833AB0388
C 345
R
P 0000021833AB0388
P 0000021834D60348
C 260
R
P 0000021833AB0388
C 345
R
P 0000021833AB0388
P 0000021834D60348
C 9
R
P 0000021833AB0388
C 345
R
P 0000021833AB0388
P 0000021834D60348
C 336
R
P 0000021833AB0388
C 345
R
P 0000021833AB0388
C 415
= 0000021836706108
R
P 0000021833AB0388
C 345
R
P 0000021833AB0388
P 0000021836706108
C 424
R
P 0000021833AB0388
C 345
R
P 0000021833AB0388
C 13
= 000002183682CBA8
R
P 0000021833AB0388
C 345
R
P 0000021833AB0388
P 000002183682CBA8
C 14
R
P 0000021833AB0388
C 345
R
P 0000021833AB0388
S "mbqi"
C 30
R
P 0000021833AB0388
C 345
R
P 0000021833AB0388
$ |mbqi|
C 204
R
P 0000021833AB0388
C 345
R
P 0000021833AB0388
P 000002183682CBA8
$ |mbqi|
I 0
C 16
R
P 0000021833AB0388
C 345
R
P 0000021833AB0388
P 0000021836706108
P 000002183682CBA8
C 423
R
P 0000021833AB0388
C 345
R
P 0000021833AB0388
P 0000021834D60348
C 60
= 0000021834D603A8
R
P 0000021833AB0388
C 345
R
P 0000021833AB0388
P 0000021834D603A8
C 260
R
P 0000021833AB0388
C 345
R
P 0000021833AB0388
P 0000021834D603A8
C 9
R
P 0000021833AB0388
C 345
R
P 0000021833AB0388
P 0000021836706108
P 0000021834D603A8
C 430
R
P 0000021833AB0388
C 345
R
P 0000021833AB0388
P 0000021836706108
C 437
R
P 0000021833AB0388
C 345
R
P 0000021833AB0388
P 0000021836706108
C 443
= 0000021834D61EF8
R
P 0000021833AB0388
C 345
R
P 0000021833AB0388
P 0000021834D61EF8
C 259
R
P 0000021833AB0388
C 345
R
P 0000021833AB0388
P 0000021834D61EF8
C 256
= 0000021834D52C28
R
P 0000021833AB0388
C 345
R
P 0000021833AB0388
P 0000021834D52C28
C 211
R
P 0000021833AB0388
C 345
R
P 0000021833AB0388
P 0000021834D61EF8
C 262
R
P 0000021833AB0388
C 345
R
P 0000021833AB0388
P 0000021834D61EF8
C 261
R
P 0000021833AB0388
C 345
R
P 0000021833AB0388
P 0000021834D61EF8
C 260
R
P 0000021833AB0388
C 345
R
P 0000021833AB0388
P 0000021834D61EF8
C 9
R
P 0000021833AB0388
C 345
R
P 0000021833AB0388
P 0000021834D61EF8
C 336
R
P 0000021833AB0388
C 345
R
P 0000021833AB0388
S "fruity"
C 30
R
P 0000021833AB0388
C 345
R
P 0000021833AB0388
$ |fruity|
C 204
R
P 0000021833AB0388
C 345
R
P 0000021833AB0388
$ |fruity|
P 0000021834D53C28
C 51
= 0000021834D53CC8
R
P 0000021833AB0388
C 345
R
P 0000021833AB0388
P 0000021834D53CC8
C 259
R
P 0000021833AB0388
C 345
R
P 0000021833AB0388
P 0000021834D53CC8
C 256
= 0000021834D53C28
R
P 0000021833AB0388
C 345
R
P 0000021833AB0388
P 0000021834D53C28
C 211
R
P 0000021833AB0388
C 345
R
P 0000021833AB0388
P 0000021834D53CC8
C 262
R
P 0000021833AB0388
C 345
R
P 0000021833AB0388
P 0000021834D53CC8
C 261
R
P 0000021833AB0388
C 345
R
P 0000021833AB0388
P 0000021834D53CC8
C 260
R
P 0000021833AB0388
C 345
R
P 0000021833AB0388
P 0000021834D53CC8
C 9
R
P 0000021833AB0388
C 345
R
P 0000021833AB0388
P 0000021834D53CC8
P 0000021834D53C68
C 58
= 00000218358D5068
R
P 0000021833AB0388
C 345
R
P 0000021833AB0388
P 00000218358D5068
C 260
R
P 0000021833AB0388
C 345
R
P 0000021833AB0388
P 00000218358D5068
C 9
R
P 0000021833AB0388
C 345
R
P 0000021833AB0388
P 0000021834D53CC8
P 0000021834D53C88
C 58
= 00000218358D50A0
R
P 0000021833AB0388
C 345
R
P 0000021833AB0388
P 00000218358D50A0
C 260
R
P 0000021833AB0388
C 345
R
P 0000021833AB0388
P 00000218358D50A0
C 9
R
P 0000021833AB0388
C 345
R
P 0000021833AB0388
P 0000021834D53CC8
P 0000021834D53CA8
C 58
= 00000218358D50D8
R
P 0000021833AB0388
C 345
R
P 0000021833AB0388
P 00000218358D50D8
C 260
R
P 0000021833AB0388
C 345
R
P 0000021833AB0388
P 00000218358D50D8
C 9
R
P 0000021833AB0388
C 345
R
P 0000021833AB0388
U 3
P 00000218358D5068
P 00000218358D50A0
P 00000218358D50D8
p 3
C 66
= 0000021834D61F38
R
P 0000021833AB0388
C 345
R
P 0000021833AB0388
P 0000021834D61F38
C 260
R
P 0000021833AB0388
C 345
R
P 0000021833AB0388
P 0000021834D61F38
C 9
R
P 0000021833AB0388
C 345
R
P 0000021833AB0388
P 0000021834D61F38
C 336
R
P 0000021833AB0388
C 345
R
P 0000021833AB0388
C 415
= 000002183670CF58
R
P 0000021833AB0388
C 345
R
P 0000021833AB0388
P 000002183670CF58
C 424
R
P 0000021833AB0388
C 345
R
P 0000021833AB0388
C 13
= 0000021836C7FC88
R
P 0000021833AB0388
C 345
R
P 0000021833AB0388
P 0000021836C7FC88
C 14
R
P 0000021833AB0388
C 345
R
P 0000021833AB0388
S "mbqi"
C 30
R
P 0000021833AB0388
C 345
R
P 0000021833AB0388
$ |mbqi|
C 204
R
P 0000021833AB0388
C 345
R
P 0000021833AB0388
P 0000021836C7FC88
$ |mbqi|
I 0
C 16
R
P 0000021833AB0388
C 345
R
P 0000021833AB0388
P 000002183670CF58
P 0000021836C7FC88
C 423
R
P 0000021833AB0388
C 345
R
P 0000021833AB0388
P 0000021834D61F38
C 60
= 0000021834D60438
R
P 0000021833AB0388
C 345
R
P 0000021833AB0388
P 0000021834D60438
C 260
R
P 0000021833AB0388
C 345
R
P 0000021833AB0388
P 0000021834D60438
C 9
R
P 0000021833AB0388
C 345
R
P 0000021833AB0388
P 000002183670CF58
P 0000021834D60438
C 430
R
P 0000021833AB0388
C 345
R
P 0000021833AB0388
P 000002183670CF58
C 437
R
P 0000021833AB0388
C 345
R
P 0000021833AB0388
P 000002183670CF58
C 443
= 0000021834D62078
R
P 0000021833AB0388
C 345
R
P 0000021833AB0388
P 0000021834D62078
C 259
R
P 0000021833AB0388
C 345
R
P 0000021833AB0388
P 0000021834D62078
C 256
= 0000021834D52C28
R
P 0000021833AB0388
C 345
R
P 0000021833AB0388
P 0000021834D52C28
C 211
R
P 0000021833AB0388
C 345
R
P 0000021833AB0388
P 0000021834D62078
C 262
R
P 0000021833AB0388
C 345
R
P 0000021833AB0388
P 0000021834D62078
C 261
R
P 0000021833AB0388
C 345
R
P 0000021833AB0388
P 0000021834D62078
C 260
R
P 0000021833AB0388
C 345
R
P 0000021833AB0388
P 0000021834D62078
C 9
R
P 0000021833AB0388
C 345
R
P 0000021833AB0388
P 0000021834D62078
C 336
R
P 0000021833AB0388
C 345
M "ListExample"
R
P 0000021833AB0388
C 33
= 0000021834D52CC8
R
P 0000021833AB0388
C 345
R
P 0000021833AB0388
P 0000021834D52CC8
C 259
R
P 0000021833AB0388
C 345
R
P 0000021833AB0388
P 0000021834D52CC8
C 9
R
P 0000021833AB0388
C 345
R
P 0000021833AB0388
S "int_list"
C 30
R
P 0000021833AB0388
C 345
R
P 0000021833AB0388
$ |int_list|
C 204
R
P 0000021833AB0388
C 345
R
P 0000021833AB0388
$ |int_list|
P 0000021834D52CC8
P 0000000000000000
P 0000000000000000
P 0000000000000000
P 0000000000000000
P 0000000000000000
P 0000000000000000
C 41
= 0000021834D53D08
* 0000021834D607F8 3
* 00000218358D5298 4
* 0000021834D620B8 5
* 00000218358D52D0 6
* 00000218358D5228 7
* 00000218358D5260 8
R
P 0000021833AB0388
C 345
R
P 0000021833AB0388
P 0000021834D53D08
C 259
R
P 0000021833AB0388
C 345
R
P 0000021833AB0388
P 0000021834D53D08
C 9
R
P 0000021833AB0388
C 345
R
P 0000021833AB0388
P 0000021834D53D08
U 0
C 220
= 0000021834D607F8
R
P 0000021833AB0388
C 345
R
P 0000021833AB0388
P 0000021834D607F8
C 259
R
P 0000021833AB0388
C 345
R
P 0000021833AB0388
P 0000021834D607F8
C 9
R
P 0000021833AB0388
C 345
R
P 0000021833AB0388
P 0000021834D607F8
U 0
p 0
C 50
= 0000021834D53CE8
R
P 0000021833AB0388
C 345
R
P 0000021833AB0388
P 0000021834D53CE8
C 259
R
P 0000021833AB0388
C 345
R
P 0000021833AB0388
P 0000021834D53CE8
C 256
= 0000021834D53D08
R
P 0000021833AB0388
C 345
R
P 0000021833AB0388
P 0000021834D53D08
C 211
R
P 0000021833AB0388
C 345
R
P 0000021833AB0388
P 0000021834D53CE8
C 262
R
P 0000021833AB0388
C 345
R
P 0000021833AB0388
P 0000021834D53CE8
C 261
R
P 0000021833AB0388
C 345
R
P 0000021833AB0388
P 0000021834D53CE8
C 260
R
P 0000021833AB0388
C 345
R
P 0000021833AB0388
P 0000021834D53CE8
C 9
R
P 0000021833AB0388
C 345
R
P 0000021833AB0388
P 0000021834D53D08
U 1
C 220
= 0000021834D620B8
R
P 0000021833AB0388
C 345
R
P 0000021833AB0388
P 0000021834D620B8
C 259
R
P 0000021833AB0388
C 345
R
P 0000021833AB0388
P 0000021834D620B8
C 9
R
P 0000021833AB0388
C 345
R
P 0000021833AB0388
I 1
P 0000021834D52CC8
C 152
= 0000021834D53988
R
P 0000021833AB0388
C 345
R
P 0000021833AB0388
P 0000021834D53988
C 260
R
P 0000021833AB0388
C 345
R
P 0000021833AB0388
P 0000021834D53988
C 9
R
P 0000021833AB0388
C 345
R
P 0000021833AB0388
P 0000021834D620B8
U 2
P 0000021834D53988
P 0000021834D53CE8
p 2
C 50
= 00000218358D5260
R
P 0000021833AB0388
C 345
R
P 0000021833AB0388
P 00000218358D5260
C 259
R
P 0000021833AB0388
C 345
R
P 0000021833AB0388
P 00000218358D5260
C 256
= 0000021834D53D08
R
P 0000021833AB0388
C 345
R
P 0000021833AB0388
P 0000021834D53D08
C 211
R
P 0000021833AB0388
C 345
R
P 0000021833AB0388
P 00000218358D5260
C 262
R
P 0000021833AB0388
C 345
R
P 0000021833AB0388
P 00000218358D5260
C 261
R
P 0000021833AB0388
C 345
R
P 0000021833AB0388
P 00000218358D5260
C 260
R
P 0000021833AB0388
C 345
R
P 0000021833AB0388
P 00000218358D5260
C 9
R
P 0000021833AB0388
C 345
R
P 0000021833AB0388
P 0000021834D53D08
U 1
C 220
= 0000021834D620B8
R
P 0000021833AB0388
C 345
R
P 0000021833AB0388
P 0000021834D620B8
C 259
R
P 0000021833AB0388
C 345
R
P 0000021833AB0388
P 0000021834D620B8
C 9
R
P 0000021833AB0388
C 345
R
P 0000021833AB0388
I 2
P 0000021834D52CC8
C 152
= 0000021834D53B08
R
P 0000021833AB0388
C 345
R
P 0000021833AB0388
P 0000021834D53B08
C 260
R
P 0000021833AB0388
C 345
R
P 0000021833AB0388
P 0000021834D53B08
C 9
R
P 0000021833AB0388
C 345
R
P 0000021833AB0388
P 0000021834D620B8
U 2
P 0000021834D53B08
P 0000021834D53CE8
p 2
C 50
= 00000218358D5228
R
P 0000021833AB0388
C 345
R
P 0000021833AB0388
P 00000218358D5228
C 259
R
P 0000021833AB0388
C 345
R
P 0000021833AB0388
P 00000218358D5228
C 256
= 0000021834D53D08
R
P 0000021833AB0388
C 345
R
P 0000021833AB0388
P 0000021834D53D08
C 211
R
P 0000021833AB0388
C 345
R
P 0000021833AB0388
P 00000218358D5228
C 262
R
P 0000021833AB0388
C 345
R
P 0000021833AB0388
P 00000218358D5228
C 261
R
P 0000021833AB0388
C 345
R
P 0000021833AB0388
P 00000218358D5228
C 260
R
P 0000021833AB0388
C 345
R
P 0000021833AB0388
P 00000218358D5228
C 9
R
P 0000021833AB0388
C 345
R
P 0000021833AB0388
P 0000021834D53CE8
P 00000218358D5260
C 58
= 00000218358D52D0
R
P 0000021833AB0388
C 345
R
P 0000021833AB0388
P 00000218358D52D0
C 260
R
P 0000021833AB0388
C 345
R
P 0000021833AB0388
P 00000218358D52D0
C 9
R
P 0000021833AB0388
C 345
R
P 0000021833AB0388
P 00000218358D52D0
C 60
= 0000021834D60828
R
P 0000021833AB0388
C 345
R
P 0000021833AB0388
P 0000021834D60828
C 260
R
P 0000021833AB0388
C 345
R
P 0000021833AB0388
P 0000021834D60828
C 9
R
P 0000021833AB0388
C 345
R
P 0000021833AB0388
P 0000021834D60828
C 336
R
P 0000021833AB0388
C 345
R
P 0000021833AB0388
C 415
= 0000021836714848
R
P 0000021833AB0388
C 345
R
P 0000021833AB0388
P 0000021836714848
C 424
R
P 0000021833AB0388
C 345
R
P 0000021833AB0388
C 13
= 0000021836FD3C18
R
P 0000021833AB0388
C 345
R
P 0000021833AB0388
P 0000021836FD3C18
C 14
R
P 0000021833AB0388
C 345
R
P 0000021833AB0388
S "mbqi"
C 30
R
P 0000021833AB0388
C 345
R
P 0000021833AB0388
$ |mbqi|
C 204
R
P 0000021833AB0388
C 345
R
P 0000021833AB0388
P 0000021836FD3C18
$ |mbqi|
I 0
C 16
R
P 0000021833AB0388
C 345
R
P 0000021833AB0388
P 0000021836714848
P 0000021836FD3C18
C 423
R
P 0000021833AB0388
C 345
R
P 0000021833AB0388
P 0000021834D60828
C 60
= 0000021834D60858
R
P 0000021833AB0388
C 345
R
P 0000021833AB0388
P 0000021834D60858
C 260
R
P 0000021833AB0388
C 345
R
P 0000021833AB0388
P 0000021834D60858
C 9
R
P 0000021833AB0388
C 345
R
P 0000021833AB0388
P 0000021836714848
P 0000021834D60858
C 430
R
P 0000021833AB0388
C 345
R
P 0000021833AB0388
P 0000021836714848
C 437
R
P 0000021833AB0388
C 345
R
P 0000021833AB0388
P 0000021836714848
C 443
= 0000021834D621B8
R
P 0000021833AB0388
C 345
R
P 0000021833AB0388
P 0000021834D621B8
C 259
R
P 0000021833AB0388
C 345
R
P 0000021833AB0388
P 0000021834D621B8
C 256
= 0000021834D52C28
R
P 0000021833AB0388
C 345
R
P 0000021833AB0388
P 0000021834D52C28
C 211
R
P 0000021833AB0388
C 345
R
P 0000021833AB0388
P 0000021834D621B8
C 262
R
P 0000021833AB0388
C 345
R
P 0000021833AB0388
P 0000021834D621B8
C 261
R
P 0000021833AB0388
C 345
R
P 0000021833AB0388
P 0000021834D621B8
C 260
R
P 0000021833AB0388
C 345
R
P 0000021833AB0388
P 0000021834D621B8
C 9
R
P 0000021833AB0388
C 345
R
P 0000021833AB0388
P 0000021834D621B8
C 336
R
P 0000021833AB0388
C 345
R
P 0000021833AB0388
P 00000218358D5260
P 00000218358D5228
C 58
= 00000218358D56F8
R
P 0000021833AB0388
C 345
R
P 0000021833AB0388
P 00000218358D56F8
C 260
R
P 0000021833AB0388
C 345
R
P 0000021833AB0388
P 00000218358D56F8
C 9
R
P 0000021833AB0388
C 345
R
P 0000021833AB0388
P 00000218358D56F8
C 60
= 0000021834D608E8
R
P 0000021833AB0388
C 345
R
P 0000021833AB0388
P 0000021834D608E8
C 260
R
P 0000021833AB0388
C 345
R
P 0000021833AB0388
P 0000021834D608E8
C 9
R
P 0000021833AB0388
C 345
R
P 0000021833AB0388
P 0000021834D608E8
C 336
R
P 0000021833AB0388
C 345
R
P 0000021833AB0388
C 415
= 000002183671C228
R
P 0000021833AB0388
C 345
R
P 0000021833AB0388
P 000002183671C228
C 424
R
P 0000021833AB0388
C 345
R
P 0000021833AB0388
C 13
= 0000021837214198
R
P 0000021833AB0388
C 345
R
P 0000021833AB0388
P 0000021837214198
C 14
R
P 0000021833AB0388
C 345
R
P 0000021833AB0388
S "mbqi"
C 30
R
P 0000021833AB0388
C 345
R
P 0000021833AB0388
$ |mbqi|
C 204
R
P 0000021833AB0388
C 345
R
P 0000021833AB0388
P 0000021837214198
$ |mbqi|
I 0
C 16
R
P 0000021833AB0388
C 345
R
P 0000021833AB0388
P 000002183671C228
P 0000021837214198
C 423
R
P 0000021833AB0388
C 345
R
P 0000021833AB0388
P 0000021834D608E8
C 60
= 0000021834D60918
R
P 0000021833AB0388
C 345
R
P 0000021833AB0388
P 0000021834D60918
C 260
R
P 0000021833AB0388
C 345
R
P 0000021833AB0388
P 0000021834D60918
C 9
R
P 0000021833AB0388
C 345
R
P 0000021833AB0388
P 000002183671C228
P 0000021834D60918
C 430
R
P 0000021833AB0388
C 345
R
P 0000021833AB0388
P 000002183671C228
C 437
R
P 0000021833AB0388
C 345
R
P 0000021833AB0388
P 000002183671C228
C 443
= 0000021834D62378
R
P 0000021833AB0388
C 345
R
P 0000021833AB0388
P 0000021834D62378
C 259
R
P 0000021833AB0388
C 345
R
P 0000021833AB0388
P 0000021834D62378
C 256
= 0000021834D52C28
R
P 0000021833AB0388
C 345
R
P 0000021833AB0388
P 0000021834D52C28
C 211
R
P 0000021833AB0388
C 345
R
P 0000021833AB0388
P 0000021834D62378
C 262
R
P 0000021833AB0388
C 345
R
P 0000021833AB0388
P 0000021834D62378
C 261
R
P 0000021833AB0388
C 345
R
P 0000021833AB0388
P 0000021834D62378
C 260
R
P 0000021833AB0388
C 345
R
P 0000021833AB0388
P 0000021834D62378
C 9
R
P 0000021833AB0388
C 345
R
P 0000021833AB0388
P 0000021834D62378
C 336
R
P 0000021833AB0388
C 345
R
P 0000021833AB0388
S "x"
C 30
R
P 0000021833AB0388
C 345
R
P 0000021833AB0388
$ |x|
C 204
R
P 0000021833AB0388
C 345
R
P 0000021833AB0388
$ |x|
P 0000021834D52CC8
C 51
= 0000021834D53908
R
P 0000021833AB0388
C 345
R
P 0000021833AB0388
P 0000021834D53908
C 259
R
P 0000021833AB0388
C 345
R
P 0000021833AB0388
P 0000021834D53908
C 256
= 0000021834D52CC8
R
P 0000021833AB0388
C 345
R
P 0000021833AB0388
P 0000021834D52CC8
C 211
R
P 0000021833AB0388
C 345
R
P 0000021833AB0388
P 0000021834D53908
C 262
R
P 0000021833AB0388
C 345
R
P 0000021833AB0388
P 0000021834D53908
C 261
R
P 0000021833AB0388
C 345
R
P 0000021833AB0388
P 0000021834D53908
C 260
R
P 0000021833AB0388
C 345
R
P 0000021833AB0388
P 0000021834D53908
C 9
R
P 0000021833AB0388
C 345
R
P 0000021833AB0388
S "y"
C 30
R
P 0000021833AB0388
C 345
R
P 0000021833AB0388
$ |y|
C 204
R
P 0000021833AB0388
C 345
R
P 0000021833AB0388
$ |y|
P 0000021834D52CC8
C 51
= 0000021834D53928
R
P 0000021833AB0388
C 345
R
P 0000021833AB0388
P 0000021834D53928
C 259
R
P 0000021833AB0388
C 345
R
P 0000021833AB0388
P 0000021834D53928
C 256
= 0000021834D52CC8
R
P 0000021833AB0388
C 345
R
P 0000021833AB0388
P 0000021834D52CC8
C 211
R
P 0000021833AB0388
C 345
R
P 0000021833AB0388
P 0000021834D53928
C 262
R
P 0000021833AB0388
C 345
R
P 0000021833AB0388
P 0000021834D53928
C 261
R
P 0000021833AB0388
C 345
R
P 0000021833AB0388
P 0000021834D53928
C 260
R
P 0000021833AB0388
C 345
R
P 0000021833AB0388
P 0000021834D53928
C 9
R
P 0000021833AB0388
C 345
R
P 0000021833AB0388
P 0000021834D53D08
U 1
C 220
= 0000021834D620B8
R
P 0000021833AB0388
C 345
R
P 0000021833AB0388
P 0000021834D620B8
C 259
R
P 0000021833AB0388
C 345
R
P 0000021833AB0388
P 0000021834D620B8
C 9
R
P 0000021833AB0388
C 345
R
P 0000021833AB0388
P 0000021834D620B8
U 2
P 0000021834D53908
P 0000021834D53CE8
p 2
C 50
= 00000218358D5B58
R
P 0000021833AB0388
C 345
R
P 0000021833AB0388
P 00000218358D5B58
C 259
R
P 0000021833AB0388
C 345
R
P 0000021833AB0388
P 00000218358D5B58
C 256
= 0000021834D53D08
R
P 0000021833AB0388
C 345
R
P 0000021833AB0388
P 0000021834D53D08
C 211
R
P 0000021833AB0388
C 345
R
P 0000021833AB0388
P 00000218358D5B58
C 262
R
P 0000021833AB0388
C 345
R
P 0000021833AB0388
P 00000218358D5B58
C 261
R
P 0000021833AB0388
C 345
R
P 0000021833AB0388
P 00000218358D5B58
C 260
R
P 0000021833AB0388
C 345
R
P 0000021833AB0388
P 00000218358D5B58
C 9
R
P 0000021833AB0388
C 345
R
P 0000021833AB0388
P 0000021834D53D08
U 1
C 220
= 0000021834D620B8
R
P 0000021833AB0388
C 345
R
P 0000021833AB0388
P 0000021834D620B8
C 259
R
P 0000021833AB0388
C 345
R
P 0000021833AB0388
P 0000021834D620B8
C 9
R
P 0000021833AB0388
C 345
R
P 0000021833AB0388
P 0000021834D620B8
U 2
P 0000021834D53928
P 0000021834D53CE8
p 2
C 50
= 00000218358D5B90
R
P 0000021833AB0388
C 345
R
P 0000021833AB0388
P 00000218358D5B90
C 259
R
P 0000021833AB0388
C 345
R
P 0000021833AB0388
P 00000218358D5B90
C 256
= 0000021834D53D08
R
P 0000021833AB0388
C 345
R
P 0000021833AB0388
P 0000021834D53D08
C 211
R
P 0000021833AB0388
C 345
R
P 0000021833AB0388
P 00000218358D5B90
C 262
R
P 0000021833AB0388
C 345
R
P 0000021833AB0388
P 00000218358D5B90
C 261
R
P 0000021833AB0388
C 345
R
P 0000021833AB0388
P 00000218358D5B90
C 260
R
P 0000021833AB0388
C 345
R
P 0000021833AB0388
P 00000218358D5B90
C 9
R
P 0000021833AB0388
C 345
R
P 0000021833AB0388
P 00000218358D5B58
P 00000218358D5B90
C 58
= 00000218358D5BC8
R
P 0000021833AB0388
C 345
R
P 0000021833AB0388
P 00000218358D5BC8
C 260
R
P 0000021833AB0388
C 345
R
P 0000021833AB0388
P 00000218358D5BC8
C 9
R
P 0000021833AB0388
C 345
R
P 0000021833AB0388
P 0000021834D53908
P 0000021834D53928
C 58
= 0000021834D5CA40
R
P 0000021833AB0388
C 345
R
P 0000021833AB0388
P 0000021834D5CA40
C 260
R
P 0000021833AB0388
C 345
R
P 0000021833AB0388
P 0000021834D5CA40
C 9
R
P 0000021833AB0388
C 345
R
P 0000021833AB0388
P 00000218358D5BC8
P 0000021834D5CA40
C 63
= 00000218358D5C00
R
P 0000021833AB0388
C 345
R
P 0000021833AB0388
P 00000218358D5C00
C 260
R
P 0000021833AB0388
C 345
R
P 0000021833AB0388
P 00000218358D5C00
C 9
R
P 0000021833AB0388
C 345
R
P 0000021833AB0388
P 00000218358D5C00
C 336
R
P 0000021833AB0388
C 345
R
P 0000021833AB0388
C 415
= 00000218374C1E18
R
P 0000021833AB0388
C 345
R
P 0000021833AB0388
P 00000218374C1E18
C 424
R
P 0000021833AB0388
C 345
R
P 0000021833AB0388
C 13
= 0000021837545E28
R
P 0000021833AB0388
C 345
R
P 0000021833AB0388
P 0000021837545E28
C 14
R
P 0000021833AB0388
C 345
R
P 0000021833AB0388
S "mbqi"
C 30
R
P 0000021833AB0388
C 345
R
P 0000021833AB0388
$ |mbqi|
C 204
R
P 0000021833AB0388
C 345
R
P 0000021833AB0388
P 0000021837545E28
$ |mbqi|
I 0
C 16
R
P 0000021833AB0388
C 345
R
P 0000021833AB0388
P 00000218374C1E18
P 0000021837545E28
C 423
R
P 0000021833AB0388
C 345
R
P 0000021833AB0388
P 00000218358D5C00
C 60
= 0000021834D60A68
R
P 0000021833AB0388
C 345
R
P 0000021833AB0388
P 0000021834D60A68
C 260
R
P 0000021833AB0388
C 345
R
P 0000021833AB0388
P 0000021834D60A68
C 9
R
P 0000021833AB0388
C 345
R
P 0000021833AB0388
P 00000218374C1E18
P 0000021834D60A68
C 430
R
P 0000021833AB0388
C 345
R
P 0000021833AB0388
P 00000218374C1E18
C 437
R
P 0000021833AB0388
C 345
R
P 0000021833AB0388
P 00000218374C1E18
C 443
= 0000021834D624B8
R
P 0000021833AB0388
C 345
R
P 0000021833AB0388
P 0000021834D624B8
C 259
R
P 0000021833AB0388
C 345
R
P 0000021833AB0388
P 0000021834D624B8
C 256
= 0000021834D52C28
R
P 0000021833AB0388
C 345
R
P 0000021833AB0388
P 0000021834D52C28
C 211
R
P 0000021833AB0388
C 345
R
P 0000021833AB0388
P 0000021834D624B8
C 262
R
P 0000021833AB0388
C 345
R
P 0000021833AB0388
P 0000021834D624B8
C 261
R
P 0000021833AB0388
C 345
R
P 0000021833AB0388
P 0000021834D624B8
C 260
R
P 0000021833AB0388
C 345
R
P 0000021833AB0388
P 0000021834D624B8
C 9
R
P 0000021833AB0388
C 345
R
P 0000021833AB0388
P 0000021834D624B8
C 336
R
P 0000021833AB0388
C 345
R
P 0000021833AB0388
S "u"
C 30
R
P 0000021833AB0388
C 345
R
P 0000021833AB0388
$ |u|
C 204
R
P 0000021833AB0388
C 345
R
P 0000021833AB0388
$ |u|
P 0000021834D53D08
C 51
= 0000021834D53D48
R
P 0000021833AB0388
C 345
R
P 0000021833AB0388
P 0000021834D53D48
C 259
R
P 0000021833AB0388
C 345
R
P 0000021833AB0388
P 0000021834D53D48
C 256
= 0000021834D53D08
R
P 0000021833AB0388
C 345
R
P 0000021833AB0388
P 0000021834D53D08
C 211
R
P 0000021833AB0388
C 345
R
P 0000021833AB0388
P 0000021834D53D48
C 262
R
P 0000021833AB0388
C 345
R
P 0000021833AB0388
P 0000021834D53D48
C 261
R
P 0000021833AB0388
C 345
R
P 0000021833AB0388
P 0000021834D53D48
C 260
R
P 0000021833AB0388
C 345
R
P 0000021833AB0388
P 0000021834D53D48
C 9
R
P 0000021833AB0388
C 345
R
P 0000021833AB0388
S "v"
C 30
R
P 0000021833AB0388
C 345
R
P 0000021833AB0388
$ |v|
C 204
R
P 0000021833AB0388
C 345
R
P 0000021833AB0388
$ |v|
P 0000021834D53D08
C 51
= 0000021834D53D68
R
P 0000021833AB0388
C 345
R
P 0000021833AB0388
P 0000021834D53D68
C 259
R
P 0000021833AB0388
C 345
R
P 0000021833AB0388
P 0000021834D53D68
C 256
= 0000021834D53D08
R
P 0000021833AB0388
C 345
R
P 0000021833AB0388
P 0000021834D53D08
C 211
R
P 0000021833AB0388
C 345
R
P 0000021833AB0388
P 0000021834D53D68
C 262
R
P 0000021833AB0388
C 345
R
P 0000021833AB0388
P 0000021834D53D68
C 261
R
P 0000021833AB0388
C 345
R
P 0000021833AB0388
P 0000021834D53D68
C 260
R
P 0000021833AB0388
C 345
R
P 0000021833AB0388
P 0000021834D53D68
C 9
R
P 0000021833AB0388
C 345
R
P 0000021833AB0388
P 0000021834D53D08
U 1
C 220
= 0000021834D620B8
R
P 0000021833AB0388
C 345
R
P 0000021833AB0388
P 0000021834D620B8
C 259
R
P 0000021833AB0388
C 345
R
P 0000021833AB0388
P 0000021834D620B8
C 9
R
P 0000021833AB0388
C 345
R
P 0000021833AB0388
P 0000021834D620B8
U 2
P 0000021834D53908
P 0000021834D53D48
p 2
C 50
= 00000218358D5FB8
R
P 0000021833AB0388
C 345
R
P 0000021833AB0388
P 00000218358D5FB8
C 259
R
P 0000021833AB0388
C 345
R
P 0000021833AB0388
P 00000218358D5FB8
C 256
= 0000021834D53D08
R
P 0000021833AB0388
C 345
R
P 0000021833AB0388
P 0000021834D53D08
C 211
R
P 0000021833AB0388
C 345
R
P 0000021833AB0388
P 00000218358D5FB8
C 262
R
P 0000021833AB0388
C 345
R
P 0000021833AB0388
P 00000218358D5FB8
C 261
R
P 0000021833AB0388
C 345
R
P 0000021833AB0388
P 00000218358D5FB8
C 260
R
P 0000021833AB0388
C 345
R
P 0000021833AB0388
P 00000218358D5FB8
C 9
R
P 0000021833AB0388
C 345
R
P 0000021833AB0388
P 0000021834D53D08
U 1
C 220
= 0000021834D620B8
R
P 0000021833AB0388
C 345
R
P 0000021833AB0388
P 0000021834D620B8
C 259
R
P 0000021833AB0388
C 345
R
P 0000021833AB0388
P 0000021834D620B8
C 9
R
P 0000021833AB0388
C 345
R
P 0000021833AB0388
P 0000021834D620B8
U 2
P 0000021834D53928
P 0000021834D53D68
p 2
C 50
= 00000218358D5FF0
R
P 0000021833AB0388
C 345
R
P 0000021833AB0388
P 00000218358D5FF0
C 259
R
P 0000021833AB0388
C 345
R
P 0000021833AB0388
P 00000218358D5FF0
C 256
= 0000021834D53D08
R
P 0000021833AB0388
C 345
R
P 0000021833AB0388
P 0000021834D53D08
C 211
R
P 0000021833AB0388
C 345
R
P 0000021833AB0388
P 00000218358D5FF0
C 262
R
P 0000021833AB0388
C 345
R
P 0000021833AB0388
P 00000218358D5FF0
C 261
R
P 0000021833AB0388
C 345
R
P 0000021833AB0388
P 00000218358D5FF0
C 260
R
P 0000021833AB0388
C 345
R
P 0000021833AB0388
P 00000218358D5FF0
C 9
R
P 0000021833AB0388
C 345
R
P 0000021833AB0388
P 00000218358D5FB8
P 00000218358D5FF0
C 58
= 00000218358D6028
R
P 0000021833AB0388
C 345
R
P 0000021833AB0388
P 00000218358D6028
C 260
R
P 0000021833AB0388
C 345
R
P 0000021833AB0388
P 00000218358D6028
C 9
R
P 0000021833AB0388
C 345
R
P 0000021833AB0388
P 0000021834D53D48
P 0000021834D53D68
C 58
= 00000218358D6060
R
P 0000021833AB0388
C 345
R
P 0000021833AB0388
P 00000218358D6060
C 260
R
P 0000021833AB0388
C 345
R
P 0000021833AB0388
P 00000218358D6060
C 9
R
P 0000021833AB0388
C 345
R
P 0000021833AB0388
P 00000218358D6028
P 00000218358D6060
C 63
= 00000218358D6098
R
P 0000021833AB0388
C 345
R
P 0000021833AB0388
P 00000218358D6098
C 260
R
P 0000021833AB0388
C 345
R
P 0000021833AB0388
P 00000218358D6098
C 9
R
P 0000021833AB0388
C 345
R
P 0000021833AB0388
P 00000218358D6098
C 336
R
P 0000021833AB0388
C 345
R
P 0000021833AB0388
C 415
= 00000218374C2CC8
R
P 0000021833AB0388
C 345
R
P 0000021833AB0388
P 00000218374C2CC8
C 424
R
P 0000021833AB0388
C 345
R
P 0000021833AB0388
C 13
= 000002183781C9C8
R
P 0000021833AB0388
C 345
R
P 0000021833AB0388
P 000002183781C9C8
C 14
R
P 0000021833AB0388
C 345
R
P 0000021833AB0388
S "mbqi"
C 30
R
P 0000021833AB0388
C 345
R
P 0000021833AB0388
$ |mbqi|
C 204
R
P 0000021833AB0388
C 345
R
P 0000021833AB0388
P 000002183781C9C8
$ |mbqi|
I 0
C 16
R
P 0000021833AB0388
C 345
R
P 0000021833AB0388
P 00000218374C2CC8
P 000002183781C9C8
C 423
R
P 0000021833AB0388
C 345
R
P 0000021833AB0388
P 00000218358D6098
C 60
= 0000021834D60BB8
R
P 0000021833AB0388
C 345
R
P 0000021833AB0388
P 0000021834D60BB8
C 260
R
P 0000021833AB0388
C 345
R
P 0000021833AB0388
P 0000021834D60BB8
C 9
R
P 0000021833AB0388
C 345
R
P 0000021833AB0388
P 00000218374C2CC8
P 0000021834D60BB8
C 430
R
P 0000021833AB0388
C 345
R
P 0000021833AB0388
P 00000218374C2CC8
C 437
R
P 0000021833AB0388
C 345
R
P 0000021833AB0388
P 00000218374C2CC8
C 443
= 0000021834D625B8
R
P 0000021833AB0388
C 345
R
P 0000021833AB0388
P 0000021834D625B8
C 259
R
P 0000021833AB0388
C 345
R
P 0000021833AB0388
P 0000021834D625B8
C 256
= 0000021834D52C28
R
P 0000021833AB0388
C 345
R
P 0000021833AB0388
P 0000021834D52C28
C 211
R
P 0000021833AB0388
C 345
R
P 0000021833AB0388
P 0000021834D625B8
C 262
R
P 0000021833AB0388
C 345
R
P 0000021833AB0388
P 0000021834D625B8
C 261
R
P 0000021833AB0388
C 345
R
P 0000021833AB0388
P 0000021834D625B8
C 260
R
P 0000021833AB0388
C 345
R
P 0000021833AB0388
P 0000021834D625B8
C 9
R
P 0000021833AB0388
C 345
R
P 0000021833AB0388
P 0000021834D625B8
C 336
R
P 0000021833AB0388
C 345
R
P 0000021833AB0388
P 00000218358D5FB8
P 00000218358D5FF0
C 58
= 00000218358D6028
R
P 0000021833AB0388
C 345
R
P 0000021833AB0388
P 00000218358D6028
C 260
R
P 0000021833AB0388
C 345
R
P 0000021833AB0388
P 00000218358D6028
C 9
R
P 0000021833AB0388
C 345
R
P 0000021833AB0388
P 0000021834D53908
P 0000021834D53928
C 58
= 0000021834D5CA40
R
P 0000021833AB0388
C 345
R
P 0000021833AB0388
P 0000021834D5CA40
C 260
R
P 0000021833AB0388
C 345
R
P 0000021833AB0388
P 0000021834D5CA40
C 9
R
P 0000021833AB0388
C 345
R
P 0000021833AB0388
P 00000218358D6028
P 0000021834D5CA40
C 63
= 00000218358D6338
R
P 0000021833AB0388
C 345
R
P 0000021833AB0388
P 00000218358D6338
C 260
R
P 0000021833AB0388
C 345
R
P 0000021833AB0388
P 00000218358D6338
C 9
R
P 0000021833AB0388
C 345
R
P 0000021833AB0388
P 00000218358D6338
C 336
R
P 0000021833AB0388
C 345
R
P 0000021833AB0388
C 415
= 00000218374C9938
R
P 0000021833AB0388
C 345
R
P 0000021833AB0388
P 00000218374C9938
C 424
R
P 0000021833AB0388
C 345
R
P 0000021833AB0388
C 13
= 0000021837A835B8
R
P 0000021833AB0388
C 345
R
P 0000021833AB0388
P 0000021837A835B8
C 14
R
P 0000021833AB0388
C 345
R
P 0000021833AB0388
S "mbqi"
C 30
R
P 0000021833AB0388
C 345
R
P 0000021833AB0388
$ |mbqi|
C 204
R
P 0000021833AB0388
C 345
R
P 0000021833AB0388
P 0000021837A835B8
$ |mbqi|
I 0
C 16
R
P 0000021833AB0388
C 345
R
P 0000021833AB0388
P 00000218374C9938
P 0000021837A835B8
C 423
R
P 0000021833AB0388
C 345
R
P 0000021833AB0388
P 00000218358D6338
C 60
= 00000218379F0298
R
P 0000021833AB0388
C 345
R
P 0000021833AB0388
P 00000218379F0298
C 260
R
P 0000021833AB0388
C 345
R
P 0000021833AB0388
P 00000218379F0298
C 9
R
P 0000021833AB0388
C 345
R
P 0000021833AB0388
P 00000218374C9938
P 00000218379F0298
C 430
R
P 0000021833AB0388
C 345
R
P 0000021833AB0388
P 00000218374C9938
C 437
R
P 0000021833AB0388
C 345
R
P 0000021833AB0388
P 00000218374C9938
C 443
= 0000021834D62678
R
P 0000021833AB0388
C 345
R
P 0000021833AB0388
P 0000021834D62678
C 259
R
P 0000021833AB0388
C 345
R
P 0000021833AB0388
P 0000021834D62678
C 256
= 0000021834D52C28
R
P 0000021833AB0388
C 345
R
P 0000021833AB0388
P 0000021834D52C28
C 211
R
P 0000021833AB0388
C 345
R
P 0000021833AB0388
P 0000021834D62678
C 262
R
P 0000021833AB0388
C 345
R
P 0000021833AB0388
P 0000021834D62678
C 261
R
P 0000021833AB0388
C 345
R
P 0000021833AB0388
P 0000021834D62678
C 260
R
P 0000021833AB0388
C 345
R
P 0000021833AB0388
P 0000021834D62678
C 9
R
P 0000021833AB0388
C 345
R
P 0000021833AB0388
P 0000021834D62678
C 336
R
P 0000021833AB0388
C 345
R
P 0000021833AB0388
P 0000021834D53D08
U 0
C 221
= 00000218358D6610
R
P 0000021833AB0388
C 345
R
P 0000021833AB0388
P 00000218358D6610
C 259
R
P 0000021833AB0388
C 345
R
P 0000021833AB0388
P 00000218358D6610
C 9
R
P 0000021833AB0388
C 345
R
P 0000021833AB0388
P 00000218358D6610
U 1
P 0000021834D53D48
p 1
C 50
= 00000218379F0388
R
P 0000021833AB0388
C 345
R
P 0000021833AB0388
P 00000218379F0388
C 259
R
P 0000021833AB0388
C 345
R
P 0000021833AB0388
P 00000218379F0388
C 256
= 0000021834D52C08
R
P 0000021833AB0388
C 345
R
P 0000021833AB0388
P 0000021834D52C08
C 211
R
P 0000021833AB0388
C 345
R
P 0000021833AB0388
P 00000218379F0388
C 262
R
P 0000021833AB0388
C 345
R
P 0000021833AB0388
P 00000218379F0388
C 261
R
P 0000021833AB0388
C 345
R
P 0000021833AB0388
P 00000218379F0388
C 260
R
P 0000021833AB0388
C 345
R
P 0000021833AB0388
P 00000218379F0388
C 9
R
P 0000021833AB0388
C 345
R
P 0000021833AB0388
P 0000021834D53D08
U 1
C 221
= 00000218358D6680
R
P 0000021833AB0388
C 345
R
P 0000021833AB0388
P 00000218358D6680
C 259
R
P 0000021833AB0388
C 345
R
P 0000021833AB0388
P 00000218358D6680
C 9
R
P 0000021833AB0388
C 345
R
P 0000021833AB0388
P 00000218358D6680
U 1
P 0000021834D53D48
p 1
C 50
= 00000218379F03B8
R
P 0000021833AB0388
C 345
R
P 0000021833AB0388
P 00000218379F03B8
C 259
R
P 0000021833AB0388
C 345
R
P 0000021833AB0388
P 00000218379F03B8
C 256
= 0000021834D52C08
R
P 0000021833AB0388
C 345
R
P 0000021833AB0388
P 0000021834D52C08
C 211
R
P 0000021833AB0388
C 345
R
P 0000021833AB0388
P 00000218379F03B8
C 262
R
P 0000021833AB0388
C 345
R
P 0000021833AB0388
P 00000218379F03B8
C 261
R
P 0000021833AB0388
C 345
R
P 0000021833AB0388
P 00000218379F03B8
C 260
R
P 0000021833AB0388
C 345
R
P 0000021833AB0388
P 00000218379F03B8
C 9
R
P 0000021833AB0388
C 345
R
P 0000021833AB0388
U 2
P 00000218379F0388
P 00000218379F03B8
p 2
C 66
= 00000218358D66B8
R
P 0000021833AB0388
C 345
R
P 0000021833AB0388
P 00000218358D66B8
C 260
R
P 0000021833AB0388
C 345
R
P 0000021833AB0388
P 00000218358D66B8
C 9
R
P 0000021833AB0388
C 345
R
P 0000021833AB0388
P 00000218358D66B8
C 336
R
P 0000021833AB0388
C 345
R
P 0000021833AB0388
C 415
= 00000218374D1728
R
P 0000021833AB0388
C 345
R
P 0000021833AB0388
P 00000218374D1728
C 424
R
P 0000021833AB0388
C 345
R
P 0000021833AB0388
C 13
= 0000021837D926C8
R
P 0000021833AB0388
C 345
R
P 0000021833AB0388
P 0000021837D926C8
C 14
R
P 0000021833AB0388
C 345
R
P 0000021833AB0388
S "mbqi"
C 30
R
P 0000021833AB0388
C 345
R
P 0000021833AB0388
$ |mbqi|
C 204
R
P 0000021833AB0388
C 345
R
P 0000021833AB0388
P 0000021837D926C8
$ |mbqi|
I 0
C 16
R
P 0000021833AB0388
C 345
R
P 0000021833AB0388
P 00000218374D1728
P 0000021837D926C8
C 423
R
P 0000021833AB0388
C 345
R
P 0000021833AB0388
P 00000218358D66B8
C 60
= 00000218379F03E8
R
P 0000021833AB0388
C 345
R
P 0000021833AB0388
P 00000218379F03E8
C 260
R
P 0000021833AB0388
C 345
R
P 0000021833AB0388
P 00000218379F03E8
C 9
R
P 0000021833AB0388
C 345
R
P 0000021833AB0388
P 00000218374D1728
P 00000218379F03E8
C 430
R
P 0000021833AB0388
C 345
R
P 0000021833AB0388
P 00000218374D1728
C 437
R
P 0000021833AB0388
C 345
R
P 0000021833AB0388
P 00000218374D1728
C 443
= 0000021834D626F8
R
P 0000021833AB0388
C 345
R
P 0000021833AB0388
P 0000021834D626F8
C 259
R
P 0000021833AB0388
C 345
R
P 0000021833AB0388
P 0000021834D626F8
C 256
= 0000021834D52C28
R
P 0000021833AB0388
C 345
R
P 0000021833AB0388
P 0000021834D52C28
C 211
R
P 0000021833AB0388
C 345
R
P 0000021833AB0388
P 0000021834D626F8
C 262
R
P 0000021833AB0388
C 345
R
P 0000021833AB0388
P 0000021834D626F8
C 261
R
P 0000021833AB0388
C 345
R
P 0000021833AB0388
P 0000021834D626F8
C 260
R
P 0000021833AB0388
C 345
R
P 0000021833AB0388
P 0000021834D626F8
C 9
R
P 0000021833AB0388
C 345
R
P 0000021833AB0388
P 0000021834D626F8
C 336
R
P 0000021833AB0388
C 345
R
P 0000021833AB0388
P 0000021834D53D48
P 00000218358D5FB8
C 58
= 00000218358D67D0
R
P 0000021833AB0388
C 345
R
P 0000021833AB0388
P 00000218358D67D0
C 260
R
P 0000021833AB0388
C 345
R
P 0000021833AB0388
P 00000218358D67D0
C 9
R
P 0000021833AB0388
C 345
R
P 0000021833AB0388
P 00000218358D67D0
C 60
= 00000218379F04A8
R
P 0000021833AB0388
C 345
R
P 0000021833AB0388
P 00000218379F04A8
C 260
R
P 0000021833AB0388
C 345
R
P 0000021833AB0388
P 00000218379F04A8
C 9
R
P 0000021833AB0388
C 345
R
P 0000021833AB0388
P 00000218379F04A8
C 336
R
P 0000021833AB0388
C 345
R
P 0000021833AB0388
C 415
= 00000218374D8E88
R
P 0000021833AB0388
C 345
R
P 0000021833AB0388
P 00000218374D8E88
C 424
R
P 0000021833AB0388
C 345
R
P 0000021833AB0388
C 13
= 000002183802D968
R
P 0000021833AB0388
C 345
R
P 0000021833AB0388
P 000002183802D968
C 14
R
P 0000021833AB0388
C 345
R
P 0000021833AB0388
S "mbqi"
C 30
R
P 0000021833AB0388
C 345
R
P 0000021833AB0388
$ |mbqi|
C 204
R
P 0000021833AB0388
C 345
R
P 0000021833AB0388
P 000002183802D968
$ |mbqi|
I 0
C 16
R
P 0000021833AB0388
C 345
R
P 0000021833AB0388
P 00000218374D8E88
P 000002183802D968
C 423
R
P 0000021833AB0388
C 345
R
P 0000021833AB0388
P 00000218379F04A8
C 60
= 00000218379F04D8
R
P 0000021833AB0388
C 345
R
P 0000021833AB0388
P 00000218379F04D8
C 260
R
P 0000021833AB0388
C 345
R
P 0000021833AB0388
P 00000218379F04D8
C 9
R
P 0000021833AB0388
C 345
R
P 0000021833AB0388
P 00000218374D8E88
P 00000218379F04D8
C 430
R
P 0000021833AB0388
C 345
R
P 0000021833AB0388
P 00000218374D8E88
C 437
R
P 0000021833AB0388
C 345
R
P 0000021833AB0388
P 00000218374D8E88
C 443
= 00000218358D6958
R
P 0000021833AB0388
C 345
R
P 0000021833AB0388
P 00000218358D6958
C 259
R
P 0000021833AB0388
C 345
R
P 0000021833AB0388
P 00000218358D6958
C 256
= 0000021834D52C28
R
P 0000021833AB0388
C 345
R
P 0000021833AB0388
P 0000021834D52C28
C 211
R
P 0000021833AB0388
C 345
R
P 0000021833AB0388
P 00000218358D6958
C 262
R
P 0000021833AB0388
C 345
R
P 0000021833AB0388
P 00000218358D6958
C 261
R
P 0000021833AB0388
C 345
R
P 0000021833AB0388
P 00000218358D6958
C 260
R
P 0000021833AB0388
C 345
R
P 0000021833AB0388
P 00000218358D6958
C 9
R
P 0000021833AB0388
C 345
R
P 0000021833AB0388
P 00000218358D6958
C 336
R
P 0000021833AB0388
C 345
R
P 0000021833AB0388
P 0000021834D53D08
U 1
C 220
= 0000021834D620B8
R
P 0000021833AB0388
C 345
R
P 0000021833AB0388
P 0000021834D620B8
C 259
R
P 0000021833AB0388
C 345
R
P 0000021833AB0388
P 0000021834D620B8
C 9
R
P 0000021833AB0388
C 345
R
P 0000021833AB0388
P 0000021834D53D08
U 1
U 0
C 222
= 00000218358D6798
R
P 0000021833AB0388
C 345
R
P 0000021833AB0388
P 00000218358D6798
C 259
R
P 0000021833AB0388
C 345
R
P 0000021833AB0388
P 00000218358D6798
C 9
R
P 0000021833AB0388
C 345
R
P 0000021833AB0388
P 00000218358D6798
U 1
P 0000021834D53D48
p 1
C 50
= 00000218379F0568
R
P 0000021833AB0388
C 345
R
P 0000021833AB0388
P 00000218379F0568
C 259
R
P 0000021833AB0388
C 345
R
P 0000021833AB0388
P 00000218379F0568
C 256
= 0000021834D52CC8
R
P 0000021833AB0388
C 345
R
P 0000021833AB0388
P 0000021834D52CC8
C 211
R
P 0000021833AB0388
C 345
R
P 0000021833AB0388
P 00000218379F0568
C 262
R
P 0000021833AB0388
C 345
R
P 0000021833AB0388
P 00000218379F0568
C 261
R
P 0000021833AB0388
C 345
R
P 0000021833AB0388
P 00000218379F0568
C 260
R
P 0000021833AB0388
C 345
R
P 0000021833AB0388
P 00000218379F0568
C 9
R
P 0000021833AB0388
C 345
R
P 0000021833AB0388
P 0000021834D53D08
U 1
U 1
C 222
= 00000218358D6760
R
P 0000021833AB0388
C 345
R
P 0000021833AB0388
P 00000218358D6760
C 259
R
P 0000021833AB0388
C 345
R
P 0000021833AB0388
P 00000218358D6760
C 9
R
P 0000021833AB0388
C 345
R
P 0000021833AB0388
P 00000218358D6760
U 1
P 0000021834D53D48
p 1
C 50
= 00000218379F0598
R
P 0000021833AB0388
C 345
R
P 0000021833AB0388
P 00000218379F0598
C 259
R
P 0000021833AB0388
C 345
R
P 0000021833AB0388
P 00000218379F0598
C 256
= 0000021834D53D08
R
P 0000021833AB0388
C 345
R
P 0000021833AB0388
P 0000021834D53D08
C 211
R
P 0000021833AB0388
C 345
R
P 0000021833AB0388
P 00000218379F0598
C 262
R
P 0000021833AB0388
C 345
R
P 0000021833AB0388
P 00000218379F0598
C 261
R
P 0000021833AB0388
C 345
R
P 0000021833AB0388
P 00000218379F0598
C 260
R
P 0000021833AB0388
C 345
R
P 0000021833AB0388
P 00000218379F0598
C 9
R
P 0000021833AB0388
C 345
R
P 0000021833AB0388
P 0000021834D620B8
U 2
P 00000218379F0568
P 00000218379F0598
p 2
C 50
= 00000218358D6878
R
P 0000021833AB0388
C 345
R
P 0000021833AB0388
P 00000218358D6878
C 259
R
P 0000021833AB0388
C 345
R
P 0000021833AB0388
P 00000218358D6878
C 256
= 0000021834D53D08
R
P 0000021833AB0388
C 345
R
P 0000021833AB0388
P 0000021834D53D08
C 211
R
P 0000021833AB0388
C 345
R
P 0000021833AB0388
P 00000218358D6878
C 262
R
P 0000021833AB0388
C 345
R
P 0000021833AB0388
P 00000218358D6878
C 261
R
P 0000021833AB0388
C 345
R
P 0000021833AB0388
P 00000218358D6878
C 260
R
P 0000021833AB0388
C 345
R
P 0000021833AB0388
P 00000218358D6878
C 9
R
P 0000021833AB0388
C 345
R
P 0000021833AB0388
P 0000021834D53D48
P 00000218358D6878
C 58
= 00000218358D68B0
R
P 0000021833AB0388
C 345
R
P 0000021833AB0388
P 00000218358D68B0
C 260
R
P 0000021833AB0388
C 345
R
P 0000021833AB0388
P 00000218358D68B0
C 9
R
P 0000021833AB0388
C 345
R
P 0000021833AB0388
P 0000021834D53D08
U 1
C 221
= 00000218358D6680
R
P 0000021833AB0388
C 345
R
P 0000021833AB0388
P 00000218358D6680
C 259
R
P 0000021833AB0388
C 345
R
P 0000021833AB0388
P 00000218358D6680
C 9
R
P 0000021833AB0388
C 345
R
P 0000021833AB0388
P 00000218358D6680
U 1
P 0000021834D53D48
p 1
C 50
= 00000218379F03B8
R
P 0000021833AB0388
C 345
R
P 0000021833AB0388
P 00000218379F03B8
C 259
R
P 0000021833AB0388
C 345
R
P 0000021833AB0388
P 00000218379F03B8
C 256
= 0000021834D52C08
R
P 0000021833AB0388
C 345
R
P 0000021833AB0388
P 0000021834D52C08
C 211
R
P 0000021833AB0388
C 345
R
P 0000021833AB0388
P 00000218379F03B8
C 262
R
P 0000021833AB0388
C 345
R
P 0000021833AB0388
P 00000218379F03B8
C 261
R
P 0000021833AB0388
C 345
R
P 0000021833AB0388
P 00000218379F03B8
C 260
R
P 0000021833AB0388
C 345
R
P 0000021833AB0388
P 00000218379F03B8
C 9
R
P 0000021833AB0388
C 345
R
P 0000021833AB0388
P 00000218379F03B8
P 00000218358D68B0
C 63
= 00000218358D6990
R
P 0000021833AB0388
C 345
R
P 0000021833AB0388
P 00000218358D6990
C 260
R
P 0000021833AB0388
C 345
R
P 0000021833AB0388
P 00000218358D6990
C 9
R
P 0000021833AB0388
C 345
R
P 0000021833AB0388
P 00000218358D6990
C 336
R
P 0000021833AB0388
C 345
R
P 0000021833AB0388
P 00000218358D6990
C 336
R
P 0000021833AB0388
C 345
R
P 0000021833AB0388
C 415
= 00000218380F71F8
R
P 0000021833AB0388
C 345
R
P 0000021833AB0388
P 00000218380F71F8
C 424
R
P 0000021833AB0388
C 345
R
P 0000021833AB0388
C 13
= 00000218383269F8
R
P 0000021833AB0388
C 345
R
P 0000021833AB0388
P 00000218383269F8
C 14
R
P 0000021833AB0388
C 345
R
P 0000021833AB0388
S "mbqi"
C 30
R
P 0000021833AB0388
C 345
R
P 0000021833AB0388
$ |mbqi|
C 204
R
P 0000021833AB0388
C 345
R
P 0000021833AB0388
P 00000218383269F8
$ |mbqi|
I 0
C 16
R
P 0000021833AB0388
C 345
R
P 0000021833AB0388
P 00000218380F71F8
P 00000218383269F8
C 423
R
P 0000021833AB0388
C 345
R
P 0000021833AB0388
P 00000218358D6990
C 60
= 00000218379F05C8
R
P 0000021833AB0388
C 345
R
P 0000021833AB0388
P 00000218379F05C8
C 260
R
P 0000021833AB0388
C 345
R
P 0000021833AB0388
P 00000218379F05C8
C 9
R
P 0000021833AB0388
C 345
R
P 0000021833AB0388
P 00000218380F71F8
P 00000218379F05C8
C 430
R
P 0000021833AB0388
C 345
R
P 0000021833AB0388
P 00000218380F71F8
C 437
R
P 0000021833AB0388
C 345
R
P 0000021833AB0388
P 00000218380F71F8
C 443
= 0000021834D5D120
R
P 0000021833AB0388
C 345
R
P 0000021833AB0388
P 0000021834D5D120
C 259
R
P 0000021833AB0388
C 345
R
P 0000021833AB0388
P 0000021834D5D120
C 256
= 0000021834D52C28
R
P 0000021833AB0388
C 345
R
P 0000021833AB0388
P 0000021834D52C28
C 211
R
P 0000021833AB0388
C 345
R
P 0000021833AB0388
P 0000021834D5D120
C 262
R
P 0000021833AB0388
C 345
R
P 0000021833AB0388
P 0000021834D5D120
C 261
R
P 0000021833AB0388
C 345
R
P 0000021833AB0388
P 0000021834D5D120
C 260
R
P 0000021833AB0388
C 345
R
P 0000021833AB0388
P 0000021834D5D120
C 9
R
P 0000021833AB0388
C 345
R
P 0000021833AB0388
P 0000021834D5D120
C 336
R
P 0000021833AB0388
C 345
R
P 0000021833AB0388
P 00000218358D68B0
C 336
R
P 0000021833AB0388
C 345
R
P 0000021833AB0388
C 415
= 00000218380F76F8
R
P 0000021833AB0388
C 345
R
P 0000021833AB0388
P 00000218380F76F8
C 424
R
P 0000021833AB0388
C 345
R
P 0000021833AB0388
C 13
= 0000021838687808
R
P 0000021833AB0388
C 345
R
P 0000021833AB0388
P 0000021838687808
C 14
R
P 0000021833AB0388
C 345
R
P 0000021833AB0388
S "mbqi"
C 30
R
P 0000021833AB0388
C 345
R
P 0000021833AB0388
$ |mbqi|
C 204
R
P 0000021833AB0388
C 345
R
P 0000021833AB0388
P 0000021838687808
$ |mbqi|
I 0
C 16
R
P 0000021833AB0388
C 345
R
P 0000021833AB0388
P 00000218380F76F8
P 0000021838687808
C 423
R
P 0000021833AB0388
C 345
R
P 0000021833AB0388
P 00000218358D68B0
C 60
= 00000218379F0688
R
P 0000021833AB0388
C 345
R
P 0000021833AB0388
P 00000218379F0688
C 260
R
P 0000021833AB0388
C 345
R
P 0000021833AB0388
P 00000218379F0688
C 9
R
P 0000021833AB0388
C 345
R
P 0000021833AB0388
P 00000218380F76F8
P 00000218379F0688
C 430
R
P 0000021833AB0388
C 345
R
P 0000021833AB0388
P 00000218380F76F8
C 437
R
P 0000021833AB0388
C 345
R
P 0000021833AB0388
P 00000218380F76F8
C 442
= 00000218388B4FA8
R
P 0000021833AB0388
C 345
R
P 0000021833AB0388
P 00000218388B4FA8
C 303
R
P 0000021833AB0388
C 345
R
P 0000021833AB0388
P 00000218388B4FA8
C 340
R
P 0000021833AB0388
C 345
M "TreeExample"
R
P 0000021833AB0388
S "nil"
C 30
R
P 0000021833AB0388
C 345
R
P 0000021833AB0388
$ |nil|
C 204
R
P 0000021833AB0388
C 345
R
P 0000021833AB0388
S "is_nil"
C 30
R
P 0000021833AB0388
C 345
R
P 0000021833AB0388
$ |is_nil|
C 204
R
P 0000021833AB0388
C 345
R
P 0000021833AB0388
$ |nil|
$ |is_nil|
U 0
s 0
p 0
u 0
C 42
= 00000218380FE3B8
R
P 0000021833AB0388
C 345
R
P 0000021833AB0388
S "cons"
C 30
R
P 0000021833AB0388
C 345
R
P 0000021833AB0388
$ |cons|
C 204
R
P 0000021833AB0388
C 345
R
P 0000021833AB0388
S "is_cons"
C 30
R
P 0000021833AB0388
C 345
R
P 0000021833AB0388
$ |is_cons|
C 204
R
P 0000021833AB0388
C 345
R
P 0000021833AB0388
S "car"
C 30
R
P 0000021833AB0388
C 345
R
P 0000021833AB0388
$ |car|
C 204
R
P 0000021833AB0388
C 345
R
P 0000021833AB0388
S "cdr"
C 30
R
P 0000021833AB0388
C 345
R
P 0000021833AB0388
$ |cdr|
C 204
R
P 0000021833AB0388
C 345
R
P 0000021833AB0388
$ |cons|
$ |is_cons|
U 2
$ |car|
$ |cdr|
s 2
P 0000000000000000
P 0000000000000000
p 2
U 0
U 0
u 2
C 42
= 00000218380FE5E8
R
P 0000021833AB0388
C 345
R
P 0000021833AB0388
S "cell"
C 30
R
P 0000021833AB0388
C 345
R
P 0000021833AB0388
$ |cell|
C 204
R
P 0000021833AB0388
C 345
R
P 0000021833AB0388
$ |cell|
U 2
P 00000218380FE3B8
P 00000218380FE5E8
p 2
C 44
= 0000021834D53D88
@ 00000218380FE3B8 3 0
@ 00000218380FE5E8 3 1
R
P 0000021833AB0388
C 345
R
P 0000021833AB0388
P 0000021834D53D88
C 259
R
P 0000021833AB0388
C 345
R
P 0000021833AB0388
P 0000021834D53D88
C 9
R
P 0000021833AB0388
C 345
R
P 0000021833AB0388
P 00000218380FE3B8
U 0
P 0000000000000000
P 0000000000000000
p 0
C 48
* 00000218379F06B8 3
* 0000021838554830 4
R
P 0000021833AB0388
C 345
R
P 0000021833AB0388
P 00000218379F06B8
C 259
R
P 0000021833AB0388
C 345
R
P 0000021833AB0388
P 00000218379F06B8
C 9
R
P 0000021833AB0388
C 345
R
P 0000021833AB0388
P 00000218380FE3B8
U 0
P 0000000000000000
P 0000000000000000
p 0
C 48
* 00000218379F06B8 3
* 0000021838554830 4
R
P 0000021833AB0388
C 345
R
P 0000021833AB0388
P 0000021838554830
C 259
R
P 0000021833AB0388
C 345
R
P 0000021833AB0388
P 0000021838554830
C 9
R
P 0000021833AB0388
C 345
R
P 0000021833AB0388
P 00000218380FE5E8
U 2
P 0000000000000000
P 0000000000000000
P 0000000000000000
P 0000000000000000
p 2
C 48
* 0000021834D627B8 3
* 0000021838554868 4
@ 00000218385548A0 5 0
@ 00000218385548D8 5 1
R
P 0000021833AB0388
C 345
R
P 0000021833AB0388
P 0000021834D627B8
C 259
R
P 0000021833AB0388
C 345
R
P 0000021833AB0388
P 0000021834D627B8
C 9
R
P 0000021833AB0388
C 345
R
P 0000021833AB0388
P 00000218380FE5E8
U 2
P 0000000000000000
P 0000000000000000
P 0000000000000000
P 0000000000000000
p 2
C 48
* 0000021834D627B8 3
* 00000218385548D8 4
@ 00000218385548A0 5 0
@ 0000021838554868 5 1
R
P 0000021833AB0388
C 345
R
P 0000021833AB0388
P 00000218385548D8
C 259
R
P 0000021833AB0388
C 345
R
P 0000021833AB0388
P 00000218385548D8
C 9
R
P 0000021833AB0388
C 345
R
P 0000021833AB0388
P 00000218380FE5E8
U 2
P 0000000000000000
P 0000000000000000
P 0000000000000000
P 0000000000000000
p 2
C 48
* 0000021834D627B8 3
* 00000218385548D8 4
@ 0000021838554868 5 0
@ 00000218385548A0 5 1
R
P 0000021833AB0388
C 345
R
P 0000021833AB0388
P 0000021838554868
C 259
R
P 0000021833AB0388
C 345
R
P 0000021833AB0388
P 0000021838554868
C 9
R
P 0000021833AB0388
C 345
R
P 0000021833AB0388
P 00000218385548A0
C 259
R
P 0000021833AB0388
C 345
R
P 0000021833AB0388
P 00000218385548A0
C 9
R
P 0000021833AB0388
C 345
R
P 0000021833AB0388
P 00000218379F06B8
U 0
p 0
C 50
= 0000021834D53DA8
R
P 0000021833AB0388
C 345
R
P 0000021833AB0388
P 0000021834D53DA8
C 259
R
P 0000021833AB0388
C 345
R
P 0000021833AB0388
P 0000021834D53DA8
C 256
= 0000021834D53D88
R
P 0000021833AB0388
C 345
R
P 0000021833AB0388
P 0000021834D53D88
C 211
R
P 0000021833AB0388
C 345
R
P 0000021833AB0388
P 0000021834D53DA8
C 262
R
P 0000021833AB0388
C 345
R
P 0000021833AB0388
P 0000021834D53DA8
C 261
R
P 0000021833AB0388
C 345
R
P 0000021833AB0388
P 0000021834D53DA8
C 260
R
P 0000021833AB0388
C 345
R
P 0000021833AB0388
P 0000021834D53DA8
C 9
R
P 0000021833AB0388
C 345
R
P 0000021833AB0388
P 0000021834D627B8
U 2
P 0000021834D53DA8
P 0000021834D53DA8
p 2
C 50
= 00000218385547C0
R
P 0000021833AB0388
C 345
R
P 0000021833AB0388
P 00000218385547C0
C 259
R
P 0000021833AB0388
C 345
R
P 0000021833AB0388
P 00000218385547C0
C 256
= 0000021834D53D88
R
P 0000021833AB0388
C 345
R
P 0000021833AB0388
P 0000021834D53D88
C 211
R
P 0000021833AB0388
C 345
R
P 0000021833AB0388
P 00000218385547C0
C 262
R
P 0000021833AB0388
C 345
R
P 0000021833AB0388
P 00000218385547C0
C 261
R
P 0000021833AB0388
C 345
R
P 0000021833AB0388
P 00000218385547C0
C 260
R
P 0000021833AB0388
C 345
R
P 0000021833AB0388
P 00000218385547C0
C 9
R
P 0000021833AB0388
C 345
R
P 0000021833AB0388
P 0000021834D627B8
U 2
P 00000218385547C0
P 0000021834D53DA8
p 2
C 50
= 00000218385547F8
R
P 0000021833AB0388
C 345
R
P 0000021833AB0388
P 00000218385547F8
C 259
R
P 0000021833AB0388
C 345
R
P 0000021833AB0388
P 00000218385547F8
C 256
= 0000021834D53D88
R
P 0000021833AB0388
C 345
R
P 0000021833AB0388
P 0000021834D53D88
C 211
R
P 0000021833AB0388
C 345
R
P 0000021833AB0388
P 00000218385547F8
C 262
R
P 0000021833AB0388
C 345
R
P 0000021833AB0388
P 00000218385547F8
C 261
R
P 0000021833AB0388
C 345
R
P 0000021833AB0388
P 00000218385547F8
C 260
R
P 0000021833AB0388
C 345
R
P 0000021833AB0388
P 00000218385547F8
C 9
R
P 0000021833AB0388
C 345
R
P 0000021833AB0388
P 0000021834D53DA8
P 00000218385547C0
C 58
= 0000021838554948
R
P 0000021833AB0388
C 345
R
P 0000021833AB0388
P 0000021838554948
C 260
R
P 0000021833AB0388
C 345
R
P 0000021833AB0388
P 0000021838554948
C 9
R
P 0000021833AB0388
C 345
R
P 0000021833AB0388
P 0000021838554948
C 60
= 00000218379F06E8
R
P 0000021833AB0388
C 345
R
P 0000021833AB0388
P 00000218379F06E8
C 260
R
P 0000021833AB0388
C 345
R
P 0000021833AB0388
P 00000218379F06E8
C 9
R
P 0000021833AB0388
C 345
R
P 0000021833AB0388
P 00000218379F06E8
C 336
R
P 0000021833AB0388
C 345
R
P 0000021833AB0388
C 415
= 00000218380FEA48
R
P 0000021833AB0388
C 345
R
P 0000021833AB0388
P 00000218380FEA48
C 424
R
P 0000021833AB0388
C 345
R
P 0000021833AB0388
C 13
= 00000218388A4A78
R
P 0000021833AB0388
C 345
R
P 0000021833AB0388
P 00000218388A4A78
C 14
R
P 0000021833AB0388
C 345
R
P 0000021833AB0388
S "mbqi"
C 30
R
P 0000021833AB0388
C 345
R
P 0000021833AB0388
$ |mbqi|
C 204
R
P 0000021833AB0388
C 345
R
P 0000021833AB0388
P 00000218388A4A78
$ |mbqi|
I 0
C 16
R
P 0000021833AB0388
C 345
R
P 0000021833AB0388
P 00000218380FEA48
P 00000218388A4A78
C 423
R
P 0000021833AB0388
C 345
R
P 0000021833AB0388
P 00000218379F06E8
C 60
= 00000218379F0748
R
P 0000021833AB0388
C 345
R
P 0000021833AB0388
P 00000218379F0748
C 260
R
P 0000021833AB0388
C 345
R
P 0000021833AB0388
P 00000218379F0748
C 9
R
P 0000021833AB0388
C 345
R
P 0000021833AB0388
P 00000218380FEA48
P 00000218379F0748
C 430
R
P 0000021833AB0388
C 345
R
P 0000021833AB0388
P 00000218380FEA48
C 437
R
P 0000021833AB0388
C 345
R
P 0000021833AB0388
P 00000218380FEA48
C 443
= 0000021834D628B8
R
P 0000021833AB0388
C 345
R
P 0000021833AB0388
P 0000021834D628B8
C 259
R
P 0000021833AB0388
C 345
R
P 0000021833AB0388
P 0000021834D628B8
C 256
= 0000021834D52C28
R
P 0000021833AB0388
C 345
R
P 0000021833AB0388
P 0000021834D52C28
C 211
R
P 0000021833AB0388
C 345
R
P 0000021833AB0388
P 0000021834D628B8
C 262
R
P 0000021833AB0388
C 345
R
P 0000021833AB0388
P 0000021834D628B8
C 261
R
P 0000021833AB0388
C 345
R
P 0000021833AB0388
P 0000021834D628B8
C 260
R
P 0000021833AB0388
C 345
R
P 0000021833AB0388
P 0000021834D628B8
C 9
R
P 0000021833AB0388
C 345
R
P 0000021833AB0388
P 0000021834D628B8
C 336
R
P 0000021833AB0388
C 345
R
P 0000021833AB0388
S "u"
C 30
R
P 0000021833AB0388
C 345
R
P 0000021833AB0388
$ |u|
C 204
R
P 0000021833AB0388
C 345
R
P 0000021833AB0388
$ |u|
P 0000021834D53D88
C 51
= 0000021834D53DC8
R
P 0000021833AB0388
C 345
R
P 0000021833AB0388
P 0000021834D53DC8
C 259
R
P 0000021833AB0388
C 345
R
P 0000021833AB0388
P 0000021834D53DC8
C 256
= 0000021834D53D88
R
P 0000021833AB0388
C 345
R
P 0000021833AB0388
P 0000021834D53D88
C 211
R
P 0000021833AB0388
C 345
R
P 0000021833AB0388
P 0000021834D53DC8
C 262
R
P 0000021833AB0388
C 345
R
P 0000021833AB0388
P 0000021834D53DC8
C 261
R
P 0000021833AB0388
C 345
R
P 0000021833AB0388
P 0000021834D53DC8
C 260
R
P 0000021833AB0388
C 345
R
P 0000021833AB0388
P 0000021834D53DC8
C 9
R
P 0000021833AB0388
C 345
R
P 0000021833AB0388
S "v"
C 30
R
P 0000021833AB0388
C 345
R
P 0000021833AB0388
$ |v|
C 204
R
P 0000021833AB0388
C 345
R
P 0000021833AB0388
$ |v|
P 0000021834D53D88
C 51
= 0000021834D53DE8
R
P 0000021833AB0388
C 345
R
P 0000021833AB0388
P 0000021834D53DE8
C 259
R
P 0000021833AB0388
C 345
R
P 0000021833AB0388
P 0000021834D53DE8
C 256
= 0000021834D53D88
R
P 0000021833AB0388
C 345
R
P 0000021833AB0388
P 0000021834D53D88
C 211
R
P 0000021833AB0388
C 345
R
P 0000021833AB0388
P 0000021834D53DE8
C 262
R
P 0000021833AB0388
C 345
R
P 0000021833AB0388
P 0000021834D53DE8
C 261
R
P 0000021833AB0388
C 345
R
P 0000021833AB0388
P 0000021834D53DE8
C 260
R
P 0000021833AB0388
C 345
R
P 0000021833AB0388
P 0000021834D53DE8
C 9
R
P 0000021833AB0388
C 345
R
P 0000021833AB0388
S "x"
C 30
R
P 0000021833AB0388
C 345
R
P 0000021833AB0388
$ |x|
C 204
R
P 0000021833AB0388
C 345
R
P 0000021833AB0388
$ |x|
P 0000021834D53D88
C 51
= 0000021834D53E08
R
P 0000021833AB0388
C 345
R
P 0000021833AB0388
P 0000021834D53E08
C 259
R
P 0000021833AB0388
C 345
R
P 0000021833AB0388
P 0000021834D53E08
C 256
= 0000021834D53D88
R
P 0000021833AB0388
C 345
R
P 0000021833AB0388
P 0000021834D53D88
C 211
R
P 0000021833AB0388
C 345
R
P 0000021833AB0388
P 0000021834D53E08
C 262
R
P 0000021833AB0388
C 345
R
P 0000021833AB0388
P 0000021834D53E08
C 261
R
P 0000021833AB0388
C 345
R
P 0000021833AB0388
P 0000021834D53E08
C 260
R
P 0000021833AB0388
C 345
R
P 0000021833AB0388
P 0000021834D53E08
C 9
R
P 0000021833AB0388
C 345
R
P 0000021833AB0388
S "y"
C 30
R
P 0000021833AB0388
C 345
R
P 0000021833AB0388
$ |y|
C 204
R
P 0000021833AB0388
C 345
R
P 0000021833AB0388
$ |y|
P 0000021834D53D88
C 51
= 0000021834D53E28
R
P 0000021833AB0388
C 345
R
P 0000021833AB0388
P 0000021834D53E28
C 259
R
P 0000021833AB0388
C 345
R
P 0000021833AB0388
P 0000021834D53E28
C 256
= 0000021834D53D88
R
P 0000021833AB0388
C 345
R
P 0000021833AB0388
P 0000021834D53D88
C 211
R
P 0000021833AB0388
C 345
R
P 0000021833AB0388
P 0000021834D53E28
C 262
R
P 0000021833AB0388
C 345
R
P 0000021833AB0388
P 0000021834D53E28
C 261
R
P 0000021833AB0388
C 345
R
P 0000021833AB0388
P 0000021834D53E28
C 260
R
P 0000021833AB0388
C 345
R
P 0000021833AB0388
P 0000021834D53E28
C 9
R
P 0000021833AB0388
C 345
R
P 0000021833AB0388
P 0000021834D627B8
U 2
P 0000021834D53E08
P 0000021834D53DC8
p 2
C 50
= 0000021838554B08
R
P 0000021833AB0388
C 345
R
P 0000021833AB0388
P 0000021838554B08
C 259
R
P 0000021833AB0388
C 345
R
P 0000021833AB0388
P 0000021838554B08
C 256
= 0000021834D53D88
R
P 0000021833AB0388
C 345
R
P 0000021833AB0388
P 0000021834D53D88
C 211
R
P 0000021833AB0388
C 345
R
P 0000021833AB0388
P 0000021838554B08
C 262
R
P 0000021833AB0388
C 345
R
P 0000021833AB0388
P 0000021838554B08
C 261
R
P 0000021833AB0388
C 345
R
P 0000021833AB0388
P 0000021838554B08
C 260
R
P 0000021833AB0388
C 345
R
P 0000021833AB0388
P 0000021838554B08
C 9
R
P 0000021833AB0388
C 345
R
P 0000021833AB0388
P 0000021834D627B8
U 2
P 0000021834D53E28
P 0000021834D53DE8
p 2
C 50
= 0000021838554B40
R
P 0000021833AB0388
C 345
R
P 0000021833AB0388
P 0000021838554B40
C 259
R
P 0000021833AB0388
C 345
R
P 0000021833AB0388
P 0000021838554B40
C 256
= 0000021834D53D88
R
P 0000021833AB0388
C 345
R
P 0000021833AB0388
P 0000021834D53D88
C 211
R
P 0000021833AB0388
C 345
R
P 0000021833AB0388
P 0000021838554B40
C 262
R
P 0000021833AB0388
C 345
R
P 0000021833AB0388
P 0000021838554B40
C 261
R
P 0000021833AB0388
C 345
R
P 0000021833AB0388
P 0000021838554B40
C 260
R
P 0000021833AB0388
C 345
R
P 0000021833AB0388
P 0000021838554B40
C 9
R
P 0000021833AB0388
C 345
R
P 0000021833AB0388
P 0000021838554B08
P 0000021838554B40
C 58
= 0000021838554B78
R
P 0000021833AB0388
C 345
R
P 0000021833AB0388
P 0000021838554B78
C 260
R
P 0000021833AB0388
C 345
R
P 0000021833AB0388
P 0000021838554B78
C 9
R
P 0000021833AB0388
C 345
R
P 0000021833AB0388
P 0000021834D53DC8
P 0000021834D53DE8
C 58
= 0000021838554BB0
R
P 0000021833AB0388
C 345
R
P 0000021833AB0388
P 0000021838554BB0
C 260
R
P 0000021833AB0388
C 345
R
P 0000021833AB0388
P 0000021838554BB0
C 9
R
P 0000021833AB0388
C 345
R
P 0000021833AB0388
P 0000021838554B78
P 0000021838554BB0
C 63
= 0000021838554BE8
R
P 0000021833AB0388
C 345
R
P 0000021833AB0388
P 0000021838554BE8
C 260
R
P 0000021833AB0388
C 345
R
P 0000021833AB0388
P 0000021838554BE8
C 9
R
P 0000021833AB0388
C 345
R
P 0000021833AB0388
P 0000021838554BE8
C 336
R
P 0000021833AB0388
C 345
R
P 0000021833AB0388
C 415
= 0000021838104A38
R
P 0000021833AB0388
C 345
R
P 0000021833AB0388
P 0000021838104A38
C 424
R
P 0000021833AB0388
C 345
R
P 0000021833AB0388
C 13
= 0000021838C344F8
R
P 0000021833AB0388
C 345
R
P 0000021833AB0388
P 0000021838C344F8
C 14
R
P 0000021833AB0388
C 345
R
P 0000021833AB0388
S "mbqi"
C 30
R
P 0000021833AB0388
C 345
R
P 0000021833AB0388
$ |mbqi|
C 204
R
P 0000021833AB0388
C 345
R
P 0000021833AB0388
P 0000021838C344F8
$ |mbqi|
I 0
C 16
R
P 0000021833AB0388
C 345
R
P 0000021833AB0388
P 0000021838104A38
P 0000021838C344F8
C 423
R
P 0000021833AB0388
C 345
R
P 0000021833AB0388
P 0000021838554BE8
C 60
= 00000218379F0898
R
P 0000021833AB0388
C 345
R
P 0000021833AB0388
P 00000218379F0898
C 260
R
P 0000021833AB0388
C 345
R
P 0000021833AB0388
P 00000218379F0898
C 9
R
P 0000021833AB0388
C 345
R
P 0000021833AB0388
P 0000021838104A38
P 00000218379F0898
C 430
R
P 0000021833AB0388
C 345
R
P 0000021833AB0388
P 0000021838104A38
C 437
R
P 0000021833AB0388
C 345
R
P 0000021833AB0388
P 0000021838104A38
C 443
= 0000021834D62978
R
P 0000021833AB0388
C 345
R
P 0000021833AB0388
P 0000021834D62978
C 259
R
P 0000021833AB0388
C 345
R
P 0000021833AB0388
P 0000021834D62978
C 256
= 0000021834D52C28
R
P 0000021833AB0388
C 345
R
P 0000021833AB0388
P 0000021834D52C28
C 211
R
P 0000021833AB0388
C 345
R
P 0000021833AB0388
P 0000021834D62978
C 262
R
P 0000021833AB0388
C 345
R
P 0000021833AB0388
P 0000021834D62978
C 261
R
P 0000021833AB0388
C 345
R
P 0000021833AB0388
P 0000021834D62978
C 260
R
P 0000021833AB0388
C 345
R
P 0000021833AB0388
P 0000021834D62978
C 9
R
P 0000021833AB0388
C 345
R
P 0000021833AB0388
P 0000021834D62978
C 336
R
P 0000021833AB0388
C 345
R
P 0000021833AB0388
P 0000021838554B08
P 0000021838554B40
C 58
= 0000021838554B78
R
P 0000021833AB0388
C 345
R
P 0000021833AB0388
P 0000021838554B78
C 260
R
P 0000021833AB0388
C 345
R
P 0000021833AB0388
P 0000021838554B78
C 9
R
P 0000021833AB0388
C 345
R
P 0000021833AB0388
P 0000021834D53E08
P 0000021834D53E28
C 58
= 0000021838554C20
R
P 0000021833AB0388
C 345
R
P 0000021833AB0388
P 0000021838554C20
C 260
R
P 0000021833AB0388
C 345
R
P 0000021833AB0388
P 0000021838554C20
C 9
R
P 0000021833AB0388
C 345
R
P 0000021833AB0388
P 0000021838554B78
P 0000021838554C20
C 63
= 0000021838554EC0
R
P 0000021833AB0388
C 345
R
P 0000021833AB0388
P 0000021838554EC0
C 260
R
P 0000021833AB0388
C 345
R
P 0000021833AB0388
P 0000021838554EC0
C 9
R
P 0000021833AB0388
C 345
R
P 0000021833AB0388
P 0000021838554EC0
C 336
R
P 0000021833AB0388
C 345
R
P 0000021833AB0388
C 415
= 0000021838ECE6A8
R
P 0000021833AB0388
C 345
R
P 0000021833AB0388
P 0000021838ECE6A8
C 424
R
P 0000021833AB0388
C 345
R
P 0000021833AB0388
C 13
= 0000021838D4F838
R
P 0000021833AB0388
C 345
R
P 0000021833AB0388
P 0000021838D4F838
C 14
R
P 0000021833AB0388
C 345
R
P 0000021833AB0388
S "mbqi"
C 30
R
P 0000021833AB0388
C 345
R
P 0000021833AB0388
$ |mbqi|
C 204
R
P 0000021833AB0388
C 345
R
P 0000021833AB0388
P 0000021838D4F838
$ |mbqi|
I 0
C 16
R
P 0000021833AB0388
C 345
R
P 0000021833AB0388
P 0000021838ECE6A8
P 0000021838D4F838
C 423
R
P 0000021833AB0388
C 345
R
P 0000021833AB0388
P 0000021838554EC0
C 60
= 00000218379F09E8
R
P 0000021833AB0388
C 345
R
P 0000021833AB0388
P 00000218379F09E8
C 260
R
P 0000021833AB0388
C 345
R
P 0000021833AB0388
P 00000218379F09E8
C 9
R
P 0000021833AB0388
C 345
R
P 0000021833AB0388
P 0000021838ECE6A8
P 00000218379F09E8
C 430
R
P 0000021833AB0388
C 345
R
P 0000021833AB0388
P 0000021838ECE6A8
C 437
R
P 0000021833AB0388
C 345
R
P 0000021833AB0388
P 0000021838ECE6A8
C 443
= 0000021834D62A38
R
P 0000021833AB0388
C 345
R
P 0000021833AB0388
P 0000021834D62A38
C 259
R
P 0000021833AB0388
C 345
R
P 0000021833AB0388
P 0000021834D62A38
C 256
= 0000021834D52C28
R
P 0000021833AB0388
C 345
R
P 0000021833AB0388
P 0000021834D52C28
C 211
R
P 0000021833AB0388
C 345
R
P 0000021833AB0388
P 0000021834D62A38
C 262
R
P 0000021833AB0388
C 345
R
P 0000021833AB0388
P 0000021834D62A38
C 261
R
P 0000021833AB0388
C 345
R
P 0000021833AB0388
P 0000021834D62A38
C 260
R
P 0000021833AB0388
C 345
R
P 0000021833AB0388
P 0000021834D62A38
C 9
R
P 0000021833AB0388
C 345
R
P 0000021833AB0388
P 0000021834D62A38
C 336
R
P 0000021833AB0388
C 345
R
P 0000021833AB0388
P 0000021838554830
U 1
P 0000021834D53DC8
p 1
C 50
= 00000218379F0AD8
R
P 0000021833AB0388
C 345
R
P 0000021833AB0388
P 00000218379F0AD8
C 259
R
P 0000021833AB0388
C 345
R
P 0000021833AB0388
P 00000218379F0AD8
C 256
= 0000021834D52C08
R
P 0000021833AB0388
C 345
R
P 0000021833AB0388
P 0000021834D52C08
C 211
R
P 0000021833AB0388
C 345
R
P 0000021833AB0388
P 00000218379F0AD8
C 262
R
P 0000021833AB0388
C 345
R
P 0000021833AB0388
P 00000218379F0AD8
C 261
R
P 0000021833AB0388
C 345
R
P 0000021833AB0388
P 00000218379F0AD8
C 260
R
P 0000021833AB0388
C 345
R
P 0000021833AB0388
P 00000218379F0AD8
C 9
R
P 0000021833AB0388
C 345
R
P 0000021833AB0388
P 00000218385548D8
U 1
P 0000021834D53DC8
p 1
C 50
= 00000218379F0B08
R
P 0000021833AB0388
C 345
R
P 0000021833AB0388
P 00000218379F0B08
C 259
R
P 0000021833AB0388
C 345
R
P 0000021833AB0388
P 00000218379F0B08
C 256
= 0000021834D52C08
R
P 0000021833AB0388
C 345
R
P 0000021833AB0388
P 0000021834D52C08
C 211
R
P 0000021833AB0388
C 345
R
P 0000021833AB0388
P 00000218379F0B08
C 262
R
P 0000021833AB0388
C 345
R
P 0000021833AB0388
P 00000218379F0B08
C 261
R
P 0000021833AB0388
C 345
R
P 0000021833AB0388
P 00000218379F0B08
C 260
R
P 0000021833AB0388
C 345
R
P 0000021833AB0388
P 00000218379F0B08
C 9
R
P 0000021833AB0388
C 345
R
P 0000021833AB0388
U 2
P 00000218379F0AD8
P 00000218379F0B08
p 2
C 66
= 0000021838555198
R
P 0000021833AB0388
C 345
R
P 0000021833AB0388
P 0000021838555198
C 260
R
P 0000021833AB0388
C 345
R
P 0000021833AB0388
P 0000021838555198
C 9
R
P 0000021833AB0388
C 345
R
P 0000021833AB0388
P 0000021838555198
C 336
R
P 0000021833AB0388
C 345
R
P 0000021833AB0388
C 415
= 0000021838ECE158
R
P 0000021833AB0388
C 345
R
P 0000021833AB0388
P 0000021838ECE158
C 424
R
P 0000021833AB0388
C 345
R
P 0000021833AB0388
C 13
= 000002183910E668
R
P 0000021833AB0388
C 345
R
P 0000021833AB0388
P 000002183910E668
C 14
R
P 0000021833AB0388
C 345
R
P 0000021833AB0388
S "mbqi"
C 30
R
P 0000021833AB0388
C 345
R
P 0000021833AB0388
$ |mbqi|
C 204
R
P 0000021833AB0388
C 345
R
P 0000021833AB0388
P 000002183910E668
$ |mbqi|
I 0
C 16
R
P 0000021833AB0388
C 345
R
P 0000021833AB0388
P 0000021838ECE158
P 000002183910E668
C 423
R
P 0000021833AB0388
C 345
R
P 0000021833AB0388
P 0000021838555198
C 60
= 00000218379F0B38
R
P 0000021833AB0388
C 345
R
P 0000021833AB0388
P 00000218379F0B38
C 260
R
P 0000021833AB0388
C 345
R
P 0000021833AB0388
P 00000218379F0B38
C 9
R
P 0000021833AB0388
C 345
R
P 0000021833AB0388
P 0000021838ECE158
P 00000218379F0B38
C 430
R
P 0000021833AB0388
C 345
R
P 0000021833AB0388
P 0000021838ECE158
C 437
R
P 0000021833AB0388
C 345
R
P 0000021833AB0388
P 0000021838ECE158
C 443
= 0000021834D62A78
R
P 0000021833AB0388
C 345
R
P 0000021833AB0388
P 0000021834D62A78
C 259
R
P 0000021833AB0388
C 345
R
P 0000021833AB0388
P 0000021834D62A78
C 256
= 0000021834D52C28
R
P 0000021833AB0388
C 345
R
P 0000021833AB0388
P 0000021834D52C28
C 211
R
P 0000021833AB0388
C 345
R
P 0000021833AB0388
P 0000021834D62A78
C 262
R
P 0000021833AB0388
C 345
R
P 0000021833AB0388
P 0000021834D62A78
C 261
R
P 0000021833AB0388
C 345
R
P 0000021833AB0388
P 0000021834D62A78
C 260
R
P 0000021833AB0388
C 345
R
P 0000021833AB0388
P 0000021834D62A78
C 9
R
P 0000021833AB0388
C 345
R
P 0000021833AB0388
P 0000021834D62A78
C 336
R
P 0000021833AB0388
C 345
R
P 0000021833AB0388
P 0000021834D53DC8
P 0000021838554B08
C 58
= 00000218385552E8
R
P 0000021833AB0388
C 345
R
P 0000021833AB0388
P 00000218385552E8
C 260
R
P 0000021833AB0388
C 345
R
P 0000021833AB0388
P 00000218385552E8
C 9
R
P 0000021833AB0388
C 345
R
P 0000021833AB0388
P 00000218385552E8
C 60
= 00000218379F0BF8
R
P 0000021833AB0388
C 345
R
P 0000021833AB0388
P 00000218379F0BF8
C 260
R
P 0000021833AB0388
C 345
R
P 0000021833AB0388
P 00000218379F0BF8
C 9
R
P 0000021833AB0388
C 345
R
P 0000021833AB0388
P 00000218379F0BF8
C 336
R
P 0000021833AB0388
C 345
R
P 0000021833AB0388
C 415
= 0000021838ED5548
R
P 0000021833AB0388
C 345
R
P 0000021833AB0388
P 0000021838ED5548
C 424
R
P 0000021833AB0388
C 345
R
P 0000021833AB0388
C 13
= 0000021839448E28
R
P 0000021833AB0388
C 345
R
P 0000021833AB0388
P 0000021839448E28
C 14
R
P 0000021833AB0388
C 345
R
P 0000021833AB0388
S "mbqi"
C 30
R
P 0000021833AB0388
C 345
R
P 0000021833AB0388
$ |mbqi|
C 204
R
P 0000021833AB0388
C 345
R
P 0000021833AB0388
P 0000021839448E28
$ |mbqi|
I 0
C 16
R
P 0000021833AB0388
C 345
R
P 0000021833AB0388
P 0000021838ED5548
P 0000021839448E28
C 423
R
P 0000021833AB0388
C 345
R
P 0000021833AB0388
P 00000218379F0BF8
C 60
= 00000218379F0C28
R
P 0000021833AB0388
C 345
R
P 0000021833AB0388
P 00000218379F0C28
C 260
R
P 0000021833AB0388
C 345
R
P 0000021833AB0388
P 00000218379F0C28
C 9
R
P 0000021833AB0388
C 345
R
P 0000021833AB0388
P 0000021838ED5548
P 00000218379F0C28
C 430
R
P 0000021833AB0388
C 345
R
P 0000021833AB0388
P 0000021838ED5548
C 437
R
P 0000021833AB0388
C 345
R
P 0000021833AB0388
P 0000021838ED5548
C 443
= 0000021838555400
R
P 0000021833AB0388
C 345
R
P 0000021833AB0388
P 0000021838555400
C 259
R
P 0000021833AB0388
C 345
R
P 0000021833AB0388
P 0000021838555400
C 256
= 0000021834D52C28
R
P 0000021833AB0388
C 345
R
P 0000021833AB0388
P 0000021834D52C28
C 211
R
P 0000021833AB0388
C 345
R
P 0000021833AB0388
P 0000021838555400
C 262
R
P 0000021833AB0388
C 345
R
P 0000021833AB0388
P 0000021838555400
C 261
R
P 0000021833AB0388
C 345
R
P 0000021833AB0388
P 0000021838555400
C 260
R
P 0000021833AB0388
C 345
R
P 0000021833AB0388
P 0000021838555400
C 9
R
P 0000021833AB0388
C 345
R
P 0000021833AB0388
P 0000021838555400
C 336
R
P 0000021833AB0388
C 345
R
P 0000021833AB0388
P 0000021838554868
U 1
P 0000021834D53DC8
p 1
C 50
= 00000218379F0CB8
R
P 0000021833AB0388
C 345
R
P 0000021833AB0388
P 00000218379F0CB8
C 259
R
P 0000021833AB0388
C 345
R
P 0000021833AB0388
P 00000218379F0CB8
C 256
= 0000021834D53D88
R
P 0000021833AB0388
C 345
R
P 0000021833AB0388
P 0000021834D53D88
C 211
R
P 0000021833AB0388
C 345
R
P 0000021833AB0388
P 00000218379F0CB8
C 262
R
P 0000021833AB0388
C 345
R
P 0000021833AB0388
P 00000218379F0CB8
C 261
R
P 0000021833AB0388
C 345
R
P 0000021833AB0388
P 00000218379F0CB8
C 260
R
P 0000021833AB0388
C 345
R
P 0000021833AB0388
P 00000218379F0CB8
C 9
R
P 0000021833AB0388
C 345
R
P 0000021833AB0388
P 00000218385548A0
U 1
P 0000021834D53DC8
p 1
C 50
= 00000218379F0CE8
R
P 0000021833AB0388
C 345
R
P 0000021833AB0388
P 00000218379F0CE8
C 259
R
P 0000021833AB0388
C 345
R
P 0000021833AB0388
P 00000218379F0CE8
C 256
= 0000021834D53D88
R
P 0000021833AB0388
C 345
R
P 0000021833AB0388
P 0000021834D53D88
C 211
R
P 0000021833AB0388
C 345
R
P 0000021833AB0388
P 00000218379F0CE8
C 262
R
P 0000021833AB0388
C 345
R
P 0000021833AB0388
P 00000218379F0CE8
C 261
R
P 0000021833AB0388
C 345
R
P 0000021833AB0388
P 00000218379F0CE8
C 260
R
P 0000021833AB0388
C 345
R
P 0000021833AB0388
P 00000218379F0CE8
C 9
R
P 0000021833AB0388
C 345
R
P 0000021833AB0388
P 0000021834D627B8
U 2
P 00000218379F0CB8
P 00000218379F0CE8
p 2
C 50
= 0000021838555278
R
P 0000021833AB0388
C 345
R
P 0000021833AB0388
P 0000021838555278
C 259
R
P 0000021833AB0388
C 345
R
P 0000021833AB0388
P 0000021838555278
C 256
= 0000021834D53D88
R
P 0000021833AB0388
C 345
R
P 0000021833AB0388
P 0000021834D53D88
C 211
R
P 0000021833AB0388
C 345
R
P 0000021833AB0388
P 0000021838555278
C 262
R
P 0000021833AB0388
C 345
R
P 0000021833AB0388
P 0000021838555278
C 261
R
P 0000021833AB0388
C 345
R
P 0000021833AB0388
P 0000021838555278
C 260
R
P 0000021833AB0388
C 345
R
P 0000021833AB0388
P 0000021838555278
C 9
R
P 0000021833AB0388
C 345
R
P 0000021833AB0388
P 0000021834D53DC8
P 0000021838555278
C 58
= 00000218385552B0
R
P 0000021833AB0388
C 345
R
P 0000021833AB0388
P 00000218385552B0
C 260
R
P 0000021833AB0388
C 345
R
P 0000021833AB0388
P 00000218385552B0
C 9
R
P 0000021833AB0388
C 345
R
P 0000021833AB0388
P 00000218385548D8
U 1
P 0000021834D53DC8
p 1
C 50
= 00000218379F0B08
R
P 0000021833AB0388
C 345
R
P 0000021833AB0388
P 00000218379F0B08
C 259
R
P 0000021833AB0388
C 345
R
P 0000021833AB0388
P 00000218379F0B08
C 256
= 0000021834D52C08
R
P 0000021833AB0388
C 345
R
P 0000021833AB0388
P 0000021834D52C08
C 211
R
P 0000021833AB0388
C 345
R
P 0000021833AB0388
P 00000218379F0B08
C 262
R
P 0000021833AB0388
C 345
R
P 0000021833AB0388
P 00000218379F0B08
C 261
R
P 0000021833AB0388
C 345
R
P 0000021833AB0388
P 00000218379F0B08
C 260
R
P 0000021833AB0388
C 345
R
P 0000021833AB0388
P 00000218379F0B08
C 9
R
P 0000021833AB0388
C 345
R
P 0000021833AB0388
P 00000218379F0B08
P 00000218385552B0
C 63
= 0000021838555438
R
P 0000021833AB0388
C 345
R
P 0000021833AB0388
P 0000021838555438
C 260
R
P 0000021833AB0388
C 345
R
P 0000021833AB0388
P 0000021838555438
C 9
R
P 0000021833AB0388
C 345
R
P 0000021833AB0388
P 0000021838555438
C 336
R
P 0000021833AB0388
C 345
R
P 0000021833AB0388
P 0000021838555438
C 336
R
P 0000021833AB0388
C 345
R
P 0000021833AB0388
C 415
= 0000021838EDD4C8
R
P 0000021833AB0388
C 345
R
P 0000021833AB0388
P 0000021838EDD4C8
C 424
R
P 0000021833AB0388
C 345
R
P 0000021833AB0388
C 13
= 000002183978FDB8
R
P 0000021833AB0388
C 345
R
P 0000021833AB0388
P 000002183978FDB8
C 14
R
P 0000021833AB0388
C 345
R
P 0000021833AB0388
S "mbqi"
C 30
R
P 0000021833AB0388
C 345
R
P 0000021833AB0388
$ |mbqi|
C 204
R
P 0000021833AB0388
C 345
R
P 0000021833AB0388
P 000002183978FDB8
$ |mbqi|
I 0
C 16
R
P 0000021833AB0388
C 345
R
P 0000021833AB0388
P 0000021838EDD4C8
P 000002183978FDB8
C 423
R
P 0000021833AB0388
C 345
R
P 0000021833AB0388
P 0000021838555438
C 60
= 00000218379F0D18
R
P 0000021833AB0388
C 345
R
P 0000021833AB0388
P 00000218379F0D18
C 260
R
P 0000021833AB0388
C 345
R
P 0000021833AB0388
P 00000218379F0D18
C 9
R
P 0000021833AB0388
C 345
R
P 0000021833AB0388
P 0000021838EDD4C8
P 00000218379F0D18
C 430
R
P 0000021833AB0388
C 345
R
P 0000021833AB0388
P 0000021838EDD4C8
C 437
R
P 0000021833AB0388
C 345
R
P 0000021833AB0388
P 0000021838EDD4C8
C 443
= 0000021834D5D168
R
P 0000021833AB0388
C 345
R
P 0000021833AB0388
P 0000021834D5D168
C 259
R
P 0000021833AB0388
C 345
R
P 0000021833AB0388
P 0000021834D5D168
C 256
= 0000021834D52C28
R
P 0000021833AB0388
C 345
R
P 0000021833AB0388
P 0000021834D52C28
C 211
R
P 0000021833AB0388
C 345
R
P 0000021833AB0388
P 0000021834D5D168
C 262
R
P 0000021833AB0388
C 345
R
P 0000021833AB0388
P 0000021834D5D168
C 261
R
P 0000021833AB0388
C 345
R
P 0000021833AB0388
P 0000021834D5D168
C 260
R
P 0000021833AB0388
C 345
R
P 0000021833AB0388
P 0000021834D5D168
C 9
R
P 0000021833AB0388
C 345
R
P 0000021833AB0388
P 0000021834D5D168
C 336
R
P 0000021833AB0388
C 345
R
P 0000021833AB0388
P 00000218385552B0
C 336
R
P 0000021833AB0388
C 345
R
P 0000021833AB0388
C 415
= 0000021838110518
R
P 0000021833AB0388
C 345
R
P 0000021833AB0388
P 0000021838110518
C 424
R
P 0000021833AB0388
C 345
R
P 0000021833AB0388
C 13
= 0000021839A260D8
R
P 0000021833AB0388
C 345
R
P 0000021833AB0388
P 0000021839A260D8
C 14
R
P 0000021833AB0388
C 345
R
P 0000021833AB0388
S "mbqi"
C 30
R
P 0000021833AB0388
C 345
R
P 0000021833AB0388
$ |mbqi|
C 204
R
P 0000021833AB0388
C 345
R
P 0000021833AB0388
P 0000021839A260D8
$ |mbqi|
I 0
C 16
R
P 0000021833AB0388
C 345
R
P 0000021833AB0388
P 0000021838110518
P 0000021839A260D8
C 423
R
P 0000021833AB0388
C 345
R
P 0000021833AB0388
P 00000218385552B0
C 60
= 00000218379F0DD8
R
P 0000021833AB0388
C 345
R
P 0000021833AB0388
P 00000218379F0DD8
C 260
R
P 0000021833AB0388
C 345
R
P 0000021833AB0388
P 00000218379F0DD8
C 9
R
P 0000021833AB0388
C 345
R
P 0000021833AB0388
P 0000021838110518
P 00000218379F0DD8
C 430
R
P 0000021833AB0388
C 345
R
P 0000021833AB0388
P 0000021838110518
C 437
R
P 0000021833AB0388
C 345
R
P 0000021833AB0388
P 0000021838110518
C 442
= 0000021839BD5AA8
R
P 0000021833AB0388
C 345
R
P 0000021833AB0388
P 0000021839BD5AA8
C 303
R
P 0000021833AB0388
C 345
R
P 0000021833AB0388
P 0000021839BD5AA8
C 340
R
P 0000021833AB0388
C 345
M "ForestExample"
R
P 0000021833AB0388
S "head"
C 30
R
P 0000021833AB0388
C 345
R
P 0000021833AB0388
$ |head|
C 204
R
P 0000021833AB0388
C 345
R
P 0000021833AB0388
S "tail"
C 30
R
P 0000021833AB0388
C 345
R
P 0000021833AB0388
$ |tail|
C 204
R
P 0000021833AB0388
C 345
R
P 0000021833AB0388
S "car"
C 30
R
P 0000021833AB0388
C 345
R
P 0000021833AB0388
$ |car|
C 204
R
P 0000021833AB0388
C 345
R
P 0000021833AB0388
S "cdr"
C 30
R
P 0000021833AB0388
C 345
R
P 0000021833AB0388
$ |cdr|
C 204
R
P 0000021833AB0388
C 345
R
P 0000021833AB0388
S "forest"
C 30
R
P 0000021833AB0388
C 345
R
P 0000021833AB0388
$ |forest|
C 204
R
P 0000021833AB0388
C 345
R
P 0000021833AB0388
S "tree"
C 30
R
P 0000021833AB0388
C 345
R
P 0000021833AB0388
$ |tree|
C 204
R
P 0000021833AB0388
C 345
R
P 0000021833AB0388
S "nil"
C 30
R
P 0000021833AB0388
C 345
R
P 0000021833AB0388
$ |nil|
C 204
R
P 0000021833AB0388
C 345
R
P 0000021833AB0388
S "is_nil"
C 30
R
P 0000021833AB0388
C 345
R
P 0000021833AB0388
$ |is_nil|
C 204
R
P 0000021833AB0388
C 345
R
P 0000021833AB0388
$ |nil|
$ |is_nil|
U 0
s 0
p 0
u 0
C 42
= 000002183965CDB8
R
P 0000021833AB0388
C 345
R
P 0000021833AB0388
S "cons1"
C 30
R
P 0000021833AB0388
C 345
R
P 0000021833AB0388
$ |cons1|
C 204
R
P 0000021833AB0388
C 345
R
P 0000021833AB0388
S "is_cons1"
C 30
R
P 0000021833AB0388
C 345
R
P 0000021833AB0388
$ |is_cons1|
C 204
R
P 0000021833AB0388
C 345
R
P 0000021833AB0388
$ |cons1|
$ |is_cons1|
U 2
$ |head|
$ |tail|
s 2
P 0000000000000000
P 0000000000000000
p 2
U 1
U 0
u 2
C 42
= 000002183965CE58
R
P 0000021833AB0388
C 345
R
P 0000021833AB0388
S "nil2"
C 30
R
P 0000021833AB0388
C 345
R
P 0000021833AB0388
$ |nil2|
C 204
R
P 0000021833AB0388
C 345
R
P 0000021833AB0388
S "is_nil2"
C 30
R
P 0000021833AB0388
C 345
R
P 0000021833AB0388
$ |is_nil2|
C 204
R
P 0000021833AB0388
C 345
R
P 0000021833AB0388
$ |nil2|
$ |is_nil2|
U 0
s 0
p 0
u 0
C 42
= 000002183965D268
R
P 0000021833AB0388
C 345
R
P 0000021833AB0388
S "cons2"
C 30
R
P 0000021833AB0388
C 345
R
P 0000021833AB0388
$ |cons2|
C 204
R
P 0000021833AB0388
C 345
R
P 0000021833AB0388
S "is_cons2"
C 30
R
P 0000021833AB0388
C 345
R
P 0000021833AB0388
$ |is_cons2|
C 204
R
P 0000021833AB0388
C 345
R
P 0000021833AB0388
$ |cons2|
$ |is_cons2|
U 2
$ |car|
$ |cdr|
s 2
P 0000000000000000
P 0000000000000000
p 2
U 0
U 0
u 2
C 42
= 000002183965DB78
R
P 0000021833AB0388
C 345
R
P 0000021833AB0388
U 2
P 000002183965CDB8
P 000002183965CE58
p 2
C 45
= 00000218391AC0A8
R
P 0000021833AB0388
C 345
R
P 0000021833AB0388
U 2
P 000002183965D268
P 000002183965DB78
p 2
C 45
= 00000218391ABA68
R
P 0000021833AB0388
C 345
R
P 0000021833AB0388
U 2
$ |forest|
$ |tree|
s 2
P 0000000000000000
P 0000000000000000
p 2
P 00000218391AC0A8
P 00000218391ABA68
p 2
C 47
@ 0000021834D53E48 3 0
@ 0000021834D53E68 3 1
@ 00000218391AC0A8 4 0
@ 00000218391ABA68 4 1
R
P 0000021833AB0388
C 345
R
P 0000021833AB0388
P 0000021834D53E48
C 259
R
P 0000021833AB0388
C 345
R
P 0000021833AB0388
P 0000021834D53E48
C 9
R
P 0000021833AB0388
C 345
R
P 0000021833AB0388
P 0000021834D53E68
C 259
R
P 0000021833AB0388
C 345
R
P 0000021833AB0388
P 0000021834D53E68
C 9
R
P 0000021833AB0388
C 345
R
P 0000021833AB0388
P 000002183965CDB8
U 0
P 0000000000000000
P 0000000000000000
p 0
C 48
* 00000218379F0E08 3
* 00000218385556A0 4
R
P 0000021833AB0388
C 345
R
P 0000021833AB0388
P 00000218379F0E08
C 259
R
P 0000021833AB0388
C 345
R
P 0000021833AB0388
P 00000218379F0E08
C 9
R
P 0000021833AB0388
C 345
R
P 0000021833AB0388
P 000002183965CDB8
U 0
P 0000000000000000
P 0000000000000000
p 0
C 48
* 00000218379F0E08 3
* 00000218385556A0 4
R
P 0000021833AB0388
C 345
R
P 0000021833AB0388
P 00000218385556A0
C 259
R
P 0000021833AB0388
C 345
R
P 0000021833AB0388
P 00000218385556A0
C 9
R
P 0000021833AB0388
C 345
R
P 0000021833AB0388
P 000002183965CE58
U 2
P 0000000000000000
P 0000000000000000
P 0000000000000000
P 0000000000000000
p 2
C 48
* 0000021834D62B38 3
* 00000218385556D8 4
@ 0000021838555630 5 0
@ 0000021838555668 5 1
R
P 0000021833AB0388
C 345
R
P 0000021833AB0388
P 0000021834D62B38
C 259
R
P 0000021833AB0388
C 345
R
P 0000021833AB0388
P 0000021834D62B38
C 9
R
P 0000021833AB0388
C 345
R
P 0000021833AB0388
P 000002183965CE58
U 2
P 0000000000000000
P 0000000000000000
P 0000000000000000
P 0000000000000000
p 2
C 48
* 0000021834D62B38 3
* 0000021838555668 4
@ 0000021838555630 5 0
@ 00000218385556D8 5 1
R
P 0000021833AB0388
C 345
R
P 0000021833AB0388
P 0000021838555668
C 259
R
P 0000021833AB0388
C 345
R
P 0000021833AB0388
P 0000021838555668
C 9
R
P 0000021833AB0388
C 345
R
P 0000021833AB0388
P 000002183965CE58
U 2
P 0000000000000000
P 0000000000000000
P 0000000000000000
P 0000000000000000
p 2
C 48
* 0000021834D62B38 3
* 0000021838555668 4
@ 00000218385556D8 5 0
@ 0000021838555630 5 1
R
P 0000021833AB0388
C 345
R
P 0000021833AB0388
P 00000218385556D8
C 259
R
P 0000021833AB0388
C 345
R
P 0000021833AB0388
P 00000218385556D8
C 9
R
P 0000021833AB0388
C 345
R
P 0000021833AB0388
P 0000021838555630
C 259
R
P 0000021833AB0388
C 345
R
P 0000021833AB0388
P 0000021838555630
C 9
R
P 0000021833AB0388
C 345
R
P 0000021833AB0388
P 000002183965D268
U 0
P 0000000000000000
P 0000000000000000
p 0
C 48
* 00000218379F0E38 3
* 00000218385555C0 4
R
P 0000021833AB0388
C 345
R
P 0000021833AB0388
P 00000218379F0E38
C 259
R
P 0000021833AB0388
C 345
R
P 0000021833AB0388
P 00000218379F0E38
C 9
R
P 0000021833AB0388
C 345
R
P 0000021833AB0388
P 000002183965D268
U 0
P 0000000000000000
P 0000000000000000
p 0
C 48
* 00000218379F0E38 3
* 00000218385555C0 4
R
P 0000021833AB0388
C 345
R
P 0000021833AB0388
P 00000218385555C0
C 259
R
P 0000021833AB0388
C 345
R
P 0000021833AB0388
P 00000218385555C0
C 9
R
P 0000021833AB0388
C 345
R
P 0000021833AB0388
P 000002183965DB78
U 2
P 0000000000000000
P 0000000000000000
P 0000000000000000
P 0000000000000000
p 2
C 48
* 0000021834D62B78 3
* 00000218385555F8 4
@ 0000021838555748 5 0
@ 0000021838555780 5 1
R
P 0000021833AB0388
C 345
R
P 0000021833AB0388
P 0000021834D62B78
C 259
R
P 0000021833AB0388
C 345
R
P 0000021833AB0388
P 0000021834D62B78
C 9
R
P 0000021833AB0388
C 345
R
P 0000021833AB0388
P 000002183965DB78
U 2
P 0000000000000000
P 0000000000000000
P 0000000000000000
P 0000000000000000
p 2
C 48
* 0000021834D62B78 3
* 0000021838555780 4
@ 0000021838555748 5 0
@ 00000218385555F8 5 1
R
P 0000021833AB0388
C 345
R
P 0000021833AB0388
P 0000021838555780
C 259
R
P 0000021833AB0388
C 345
R
P 0000021833AB0388
P 0000021838555780
C 9
R
P 0000021833AB0388
C 345
R
P 0000021833AB0388
P 000002183965DB78
U 2
P 0000000000000000
P 0000000000000000
P 0000000000000000
P 0000000000000000
p 2
C 48
* 0000021834D62B78 3
* 0000021838555780 4
@ 00000218385555F8 5 0
@ 0000021838555748 5 1
R
P 0000021833AB0388
C 345
R
P 0000021833AB0388
P 00000218385555F8
C 259
R
P 0000021833AB0388
C 345
R
P 0000021833AB0388
P 00000218385555F8
C 9
R
P 0000021833AB0388
C 345
R
P 0000021833AB0388
P 0000021838555748
C 259
R
P 0000021833AB0388
C 345
R
P 0000021833AB0388
P 0000021838555748
C 9
R
P 0000021833AB0388
C 345
R
P 0000021833AB0388
P 00000218379F0E08
U 0
p 0
C 50
= 0000021834D53E88
R
P 0000021833AB0388
C 345
R
P 0000021833AB0388
P 0000021834D53E88
C 259
R
P 0000021833AB0388
C 345
R
P 0000021833AB0388
P 0000021834D53E88
C 256
= 0000021834D53E48
R
P 0000021833AB0388
C 345
R
P 0000021833AB0388
P 0000021834D53E48
C 211
R
P 0000021833AB0388
C 345
R
P 0000021833AB0388
P 0000021834D53E88
C 262
R
P 0000021833AB0388
C 345
R
P 0000021833AB0388
P 0000021834D53E88
C 261
R
P 0000021833AB0388
C 345
R
P 0000021833AB0388
P 0000021834D53E88
C 260
R
P 0000021833AB0388
C 345
R
P 0000021833AB0388
P 0000021834D53E88
C 9
R
P 0000021833AB0388
C 345
R
P 0000021833AB0388
P 00000218379F0E38
U 0
p 0
C 50
= 0000021834D53EA8
R
P 0000021833AB0388
C 345
R
P 0000021833AB0388
P 0000021834D53EA8
C 259
R
P 0000021833AB0388
C 345
R
P 0000021833AB0388
P 0000021834D53EA8
C 256
= 0000021834D53E68
R
P 0000021833AB0388
C 345
R
P 0000021833AB0388
P 0000021834D53E68
C 211
R
P 0000021833AB0388
C 345
R
P 0000021833AB0388
P 0000021834D53EA8
C 262
R
P 0000021833AB0388
C 345
R
P 0000021833AB0388
P 0000021834D53EA8
C 261
R
P 0000021833AB0388
C 345
R
P 0000021833AB0388
P 0000021834D53EA8
C 260
R
P 0000021833AB0388
C 345
R
P 0000021833AB0388
P 0000021834D53EA8
C 9
R
P 0000021833AB0388
C 345
R
P 0000021833AB0388
P 0000021834D62B38
U 2
P 0000021834D53EA8
P 0000021834D53E88
p 2
C 50
= 00000218385557B8
R
P 0000021833AB0388
C 345
R
P 0000021833AB0388
P 00000218385557B8
C 259
R
P 0000021833AB0388
C 345
R
P 0000021833AB0388
P 00000218385557B8
C 256
= 0000021834D53E48
R
P 0000021833AB0388
C 345
R
P 0000021833AB0388
P 0000021834D53E48
C 211
R
P 0000021833AB0388
C 345
R
P 0000021833AB0388
P 00000218385557B8
C 262
R
P 0000021833AB0388
C 345
R
P 0000021833AB0388
P 00000218385557B8
C 261
R
P 0000021833AB0388
C 345
R
P 0000021833AB0388
P 00000218385557B8
C 260
R
P 0000021833AB0388
C 345
R
P 0000021833AB0388
P 00000218385557B8
C 9
R
P 0000021833AB0388
C 345
R
P 0000021833AB0388
P 0000021834D62B78
U 2
P 0000021834D53E88
P 0000021834D53E88
p 2
C 50
= 00000218385557F0
R
P 0000021833AB0388
C 345
R
P 0000021833AB0388
P 00000218385557F0
C 259
R
P 0000021833AB0388
C 345
R
P 0000021833AB0388
P 00000218385557F0
C 256
= 0000021834D53E68
R
P 0000021833AB0388
C 345
R
P 0000021833AB0388
P 0000021834D53E68
C 211
R
P 0000021833AB0388
C 345
R
P 0000021833AB0388
P 00000218385557F0
C 262
R
P 0000021833AB0388
C 345
R
P 0000021833AB0388
P 00000218385557F0
C 261
R
P 0000021833AB0388
C 345
R
P 0000021833AB0388
P 00000218385557F0
C 260
R
P 0000021833AB0388
C 345
R
P 0000021833AB0388
P 00000218385557F0
C 9
R
P 0000021833AB0388
C 345
R
P 0000021833AB0388
P 0000021834D62B78
U 2
P 00000218385557B8
P 0000021834D53E88
p 2
C 50
= 0000021838555828
R
P 0000021833AB0388
C 345
R
P 0000021833AB0388
P 0000021838555828
C 259
R
P 0000021833AB0388
C 345
R
P 0000021833AB0388
P 0000021838555828
C 256
= 0000021834D53E68
R
P 0000021833AB0388
C 345
R
P 0000021833AB0388
P 0000021834D53E68
C 211
R
P 0000021833AB0388
C 345
R
P 0000021833AB0388
P 0000021838555828
C 262
R
P 0000021833AB0388
C 345
R
P 0000021833AB0388
P 0000021838555828
C 261
R
P 0000021833AB0388
C 345
R
P 0000021833AB0388
P 0000021838555828
C 260
R
P 0000021833AB0388
C 345
R
P 0000021833AB0388
P 0000021838555828
C 9
R
P 0000021833AB0388
C 345
R
P 0000021833AB0388
P 0000021834D62B78
U 2
P 00000218385557B8
P 00000218385557B8
p 2
C 50
= 0000021838555860
R
P 0000021833AB0388
C 345
R
P 0000021833AB0388
P 0000021838555860
C 259
R
P 0000021833AB0388
C 345
R
P 0000021833AB0388
P 0000021838555860
C 256
= 0000021834D53E68
R
P 0000021833AB0388
C 345
R
P 0000021833AB0388
P 0000021834D53E68
C 211
R
P 0000021833AB0388
C 345
R
P 0000021833AB0388
P 0000021838555860
C 262
R
P 0000021833AB0388
C 345
R
P 0000021833AB0388
P 0000021838555860
C 261
R
P 0000021833AB0388
C 345
R
P 0000021833AB0388
P 0000021838555860
C 260
R
P 0000021833AB0388
C 345
R
P 0000021833AB0388
P 0000021838555860
C 9
R
P 0000021833AB0388
C 345
R
P 0000021833AB0388
P 0000021834D62B78
U 2
P 0000021834D53E88
P 00000218385557B8
p 2
C 50
= 0000021838555898
R
P 0000021833AB0388
C 345
R
P 0000021833AB0388
P 0000021838555898
C 259
R
P 0000021833AB0388
C 345
R
P 0000021833AB0388
P 0000021838555898
C 256
= 0000021834D53E68
R
P 0000021833AB0388
C 345
R
P 0000021833AB0388
P 0000021834D53E68
C 211
R
P 0000021833AB0388
C 345
R
P 0000021833AB0388
P 0000021838555898
C 262
R
P 0000021833AB0388
C 345
R
P 0000021833AB0388
P 0000021838555898
C 261
R
P 0000021833AB0388
C 345
R
P 0000021833AB0388
P 0000021838555898
C 260
R
P 0000021833AB0388
C 345
R
P 0000021833AB0388
P 0000021838555898
C 9
R
P 0000021833AB0388
C 345
R
P 0000021833AB0388
P 0000021834D62B38
U 2
P 00000218385557F0
P 0000021834D53E88
p 2
C 50
= 00000218385558D0
R
P 0000021833AB0388
C 345
R
P 0000021833AB0388
P 00000218385558D0
C 259
R
P 0000021833AB0388
C 345
R
P 0000021833AB0388
P 00000218385558D0
C 256
= 0000021834D53E48
R
P 0000021833AB0388
C 345
R
P 0000021833AB0388
P 0000021834D53E48
C 211
R
P 0000021833AB0388
C 345
R
P 0000021833AB0388
P 00000218385558D0
C 262
R
P 0000021833AB0388
C 345
R
P 0000021833AB0388
P 00000218385558D0
C 261
R
P 0000021833AB0388
C 345
R
P 0000021833AB0388
P 00000218385558D0
C 260
R
P 0000021833AB0388
C 345
R
P 0000021833AB0388
P 00000218385558D0
C 9
R
P 0000021833AB0388
C 345
R
P 0000021833AB0388
P 0000021834D62B38
U 2
P 00000218385557F0
P 00000218385557B8
p 2
C 50
= 0000021838555908
R
P 0000021833AB0388
C 345
R
P 0000021833AB0388
P 0000021838555908
C 259
R
P 0000021833AB0388
C 345
R
P 0000021833AB0388
P 0000021838555908
C 256
= 0000021834D53E48
R
P 0000021833AB0388
C 345
R
P 0000021833AB0388
P 0000021834D53E48
C 211
R
P 0000021833AB0388
C 345
R
P 0000021833AB0388
P 0000021838555908
C 262
R
P 0000021833AB0388
C 345
R
P 0000021833AB0388
P 0000021838555908
C 261
R
P 0000021833AB0388
C 345
R
P 0000021833AB0388
P 0000021838555908
C 260
R
P 0000021833AB0388
C 345
R
P 0000021833AB0388
P 0000021838555908
C 9
R
P 0000021833AB0388
C 345
R
P 0000021833AB0388
P 0000021834D53E88
P 00000218385557B8
C 58
= 0000021838555940
R
P 0000021833AB0388
C 345
R
P 0000021833AB0388
P 0000021838555940
C 260
R
P 0000021833AB0388
C 345
R
P 0000021833AB0388
P 0000021838555940
C 9
R
P 0000021833AB0388
C 345
R
P 0000021833AB0388
P 0000021838555940
C 60
= 00000218379F0E98
R
P 0000021833AB0388
C 345
R
P 0000021833AB0388
P 00000218379F0E98
C 260
R
P 0000021833AB0388
C 345
R
P 0000021833AB0388
P 00000218379F0E98
C 9
R
P 0000021833AB0388
C 345
R
P 0000021833AB0388
P 00000218379F0E98
C 336
R
P 0000021833AB0388
C 345
R
P 0000021833AB0388
C 415
= 000002183965E1B8
R
P 0000021833AB0388
C 345
R
P 0000021833AB0388
P 000002183965E1B8
C 424
R
P 0000021833AB0388
C 345
R
P 0000021833AB0388
C 13
= 0000021839BD5E98
R
P 0000021833AB0388
C 345
R
P 0000021833AB0388
P 0000021839BD5E98
C 14
R
P 0000021833AB0388
C 345
R
P 0000021833AB0388
S "mbqi"
C 30
R
P 0000021833AB0388
C 345
R
P 0000021833AB0388
$ |mbqi|
C 204
R
P 0000021833AB0388
C 345
R
P 0000021833AB0388
P 0000021839BD5E98
$ |mbqi|
I 0
C 16
R
P 0000021833AB0388
C 345
R
P 0000021833AB0388
P 000002183965E1B8
P 0000021839BD5E98
C 423
R
P 0000021833AB0388
C 345
R
P 0000021833AB0388
P 00000218379F0E98
C 60
= 00000218379F0EC8
R
P 0000021833AB0388
C 345
R
P 0000021833AB0388
P 00000218379F0EC8
C 260
R
P 0000021833AB0388
C 345
R
P 0000021833AB0388
P 00000218379F0EC8
C 9
R
P 0000021833AB0388
C 345
R
P 0000021833AB0388
P 000002183965E1B8
P 00000218379F0EC8
C 430
R
P 0000021833AB0388
C 345
R
P 0000021833AB0388
P 000002183965E1B8
C 437
R
P 0000021833AB0388
C 345
R
P 0000021833AB0388
P 000002183965E1B8
C 443
= 0000021839E5A838
R
P 0000021833AB0388
C 345
R
P 0000021833AB0388
P 0000021839E5A838
C 259
R
P 0000021833AB0388
C 345
R
P 0000021833AB0388
P 0000021839E5A838
C 256
= 0000021834D52C28
R
P 0000021833AB0388
C 345
R
P 0000021833AB0388
P 0000021834D52C28
C 211
R
P 0000021833AB0388
C 345
R
P 0000021833AB0388
P 0000021839E5A838
C 262
R
P 0000021833AB0388
C 345
R
P 0000021833AB0388
P 0000021839E5A838
C 261
R
P 0000021833AB0388
C 345
R
P 0000021833AB0388
P 0000021839E5A838
C 260
R
P 0000021833AB0388
C 345
R
P 0000021833AB0388
P 0000021839E5A838
C 9
R
P 0000021833AB0388
C 345
R
P 0000021833AB0388
P 0000021839E5A838
C 336
R
P 0000021833AB0388
C 345
R
P 0000021833AB0388
P 0000021834D53EA8
P 00000218385557F0
C 58
= 0000021838555B00
R
P 0000021833AB0388
C 345
R
P 0000021833AB0388
P 0000021838555B00
C 260
R
P 0000021833AB0388
C 345
R
P 0000021833AB0388
P 0000021838555B00
C 9
R
P 0000021833AB0388
C 345
R
P 0000021833AB0388
P 0000021838555B00
C 60
= 00000218379F0F58
R
P 0000021833AB0388
C 345
R
P 0000021833AB0388
P 00000218379F0F58
C 260
R
P 0000021833AB0388
C 345
R
P 0000021833AB0388
P 00000218379F0F58
C 9
R
P 0000021833AB0388
C 345
R
P 0000021833AB0388
P 00000218379F0F58
C 336
R
P 0000021833AB0388
C 345
R
P 0000021833AB0388
C 415
= 000002183965E898
R
P 0000021833AB0388
C 345
R
P 0000021833AB0388
P 000002183965E898
C 424
R
P 0000021833AB0388
C 345
R
P 0000021833AB0388
C 13
= 0000021839C7CD58
R
P 0000021833AB0388
C 345
R
P 0000021833AB0388
P 0000021839C7CD58
C 14
R
P 0000021833AB0388
C 345
R
P 0000021833AB0388
S "mbqi"
C 30
R
P 0000021833AB0388
C 345
R
P 0000021833AB0388
$ |mbqi|
C 204
R
P 0000021833AB0388
C 345
R
P 0000021833AB0388
P 0000021839C7CD58
$ |mbqi|
I 0
C 16
R
P 0000021833AB0388
C 345
R
P 0000021833AB0388
P 000002183965E898
P 0000021839C7CD58
C 423
R
P 0000021833AB0388
C 345
R
P 0000021833AB0388
P 00000218379F0F58
C 60
= 00000218379F0F88
R
P 0000021833AB0388
C 345
R
P 0000021833AB0388
P 00000218379F0F88
C 260
R
P 0000021833AB0388
C 345
R
P 0000021833AB0388
P 00000218379F0F88
C 9
R
P 0000021833AB0388
C 345
R
P 0000021833AB0388
P 000002183965E898
P 00000218379F0F88
C 430
R
P 0000021833AB0388
C 345
R
P 0000021833AB0388
P 000002183965E898
C 437
R
P 0000021833AB0388
C 345
R
P 0000021833AB0388
P 000002183965E898
C 443
= 0000021839E5A938
R
P 0000021833AB0388
C 345
R
P 0000021833AB0388
P 0000021839E5A938
C 259
R
P 0000021833AB0388
C 345
R
P 0000021833AB0388
P 0000021839E5A938
C 256
= 0000021834D52C28
R
P 0000021833AB0388
C 345
R
P 0000021833AB0388
P 0000021834D52C28
C 211
R
P 0000021833AB0388
C 345
R
P 0000021833AB0388
P 0000021839E5A938
C 262
R
P 0000021833AB0388
C 345
R
P 0000021833AB0388
P 0000021839E5A938
C 261
R
P 0000021833AB0388
C 345
R
P 0000021833AB0388
P 0000021839E5A938
C 260
R
P 0000021833AB0388
C 345
R
P 0000021833AB0388
P 0000021839E5A938
C 9
R
P 0000021833AB0388
C 345
R
P 0000021833AB0388
P 0000021839E5A938
C 336
R
P 0000021833AB0388
C 345
R
P 0000021833AB0388
S "u"
C 30
R
P 0000021833AB0388
C 345
R
P 0000021833AB0388
$ |u|
C 204
R
P 0000021833AB0388
C 345
R
P 0000021833AB0388
$ |u|
P 0000021834D53E48
C 51
= 0000021834D53EC8
R
P 0000021833AB0388
C 345
R
P 0000021833AB0388
P 0000021834D53EC8
C 259
R
P 0000021833AB0388
C 345
R
P 0000021833AB0388
P 0000021834D53EC8
C 256
= 0000021834D53E48
R
P 0000021833AB0388
C 345
R
P 0000021833AB0388
P 0000021834D53E48
C 211
R
P 0000021833AB0388
C 345
R
P 0000021833AB0388
P 0000021834D53EC8
C 262
R
P 0000021833AB0388
C 345
R
P 0000021833AB0388
P 0000021834D53EC8
C 261
R
P 0000021833AB0388
C 345
R
P 0000021833AB0388
P 0000021834D53EC8
C 260
R
P 0000021833AB0388
C 345
R
P 0000021833AB0388
P 0000021834D53EC8
C 9
R
P 0000021833AB0388
C 345
R
P 0000021833AB0388
S "v"
C 30
R
P 0000021833AB0388
C 345
R
P 0000021833AB0388
$ |v|
C 204
R
P 0000021833AB0388
C 345
R
P 0000021833AB0388
$ |v|
P 0000021834D53E48
C 51
= 0000021834D53EE8
R
P 0000021833AB0388
C 345
R
P 0000021833AB0388
P 0000021834D53EE8
C 259
R
P 0000021833AB0388
C 345
R
P 0000021833AB0388
P 0000021834D53EE8
C 256
= 0000021834D53E48
R
P 0000021833AB0388
C 345
R
P 0000021833AB0388
P 0000021834D53E48
C 211
R
P 0000021833AB0388
C 345
R
P 0000021833AB0388
P 0000021834D53EE8
C 262
R
P 0000021833AB0388
C 345
R
P 0000021833AB0388
P 0000021834D53EE8
C 261
R
P 0000021833AB0388
C 345
R
P 0000021833AB0388
P 0000021834D53EE8
C 260
R
P 0000021833AB0388
C 345
R
P 0000021833AB0388
P 0000021834D53EE8
C 9
R
P 0000021833AB0388
C 345
R
P 0000021833AB0388
S "x"
C 30
R
P 0000021833AB0388
C 345
R
P 0000021833AB0388
$ |x|
C 204
R
P 0000021833AB0388
C 345
R
P 0000021833AB0388
$ |x|
P 0000021834D53E68
C 51
= 0000021834D53F08
R
P 0000021833AB0388
C 345
R
P 0000021833AB0388
P 0000021834D53F08
C 259
R
P 0000021833AB0388
C 345
R
P 0000021833AB0388
P 0000021834D53F08
C 256
= 0000021834D53E68
R
P 0000021833AB0388
C 345
R
P 0000021833AB0388
P 0000021834D53E68
C 211
R
P 0000021833AB0388
C 345
R
P 0000021833AB0388
P 0000021834D53F08
C 262
R
P 0000021833AB0388
C 345
R
P 0000021833AB0388
P 0000021834D53F08
C 261
R
P 0000021833AB0388
C 345
R
P 0000021833AB0388
P 0000021834D53F08
C 260
R
P 0000021833AB0388
C 345
R
P 0000021833AB0388
P 0000021834D53F08
C 9
R
P 0000021833AB0388
C 345
R
P 0000021833AB0388
S "y"
C 30
R
P 0000021833AB0388
C 345
R
P 0000021833AB0388
$ |y|
C 204
R
P 0000021833AB0388
C 345
R
P 0000021833AB0388
$ |y|
P 0000021834D53E68
C 51
= 0000021834D53F28
R
P 0000021833AB0388
C 345
R
P 0000021833AB0388
P 0000021834D53F28
C 259
R
P 0000021833AB0388
C 345
R
P 0000021833AB0388
P 0000021834D53F28
C 256
= 0000021834D53E68
R
P 0000021833AB0388
C 345
R
P 0000021833AB0388
P 0000021834D53E68
C 211
R
P 0000021833AB0388
C 345
R
P 0000021833AB0388
P 0000021834D53F28
C 262
R
P 0000021833AB0388
C 345
R
P 0000021833AB0388
P 0000021834D53F28
C 261
R
P 0000021833AB0388
C 345
R
P 0000021833AB0388
P 0000021834D53F28
C 260
R
P 0000021833AB0388
C 345
R
P 0000021833AB0388
P 0000021834D53F28
C 9
R
P 0000021833AB0388
C 345
R
P 0000021833AB0388
P 0000021834D62B38
U 2
P 0000021834D53F08
P 0000021834D53EC8
p 2
C 50
= 0000021838555CC0
R
P 0000021833AB0388
C 345
R
P 0000021833AB0388
P 0000021838555CC0
C 259
R
P 0000021833AB0388
C 345
R
P 0000021833AB0388
P 0000021838555CC0
C 256
= 0000021834D53E48
R
P 0000021833AB0388
C 345
R
P 0000021833AB0388
P 0000021834D53E48
C 211
R
P 0000021833AB0388
C 345
R
P 0000021833AB0388
P 0000021838555CC0
C 262
R
P 0000021833AB0388
C 345
R
P 0000021833AB0388
P 0000021838555CC0
C 261
R
P 0000021833AB0388
C 345
R
P 0000021833AB0388
P 0000021838555CC0
C 260
R
P 0000021833AB0388
C 345
R
P 0000021833AB0388
P 0000021838555CC0
C 9
R
P 0000021833AB0388
C 345
R
P 0000021833AB0388
P 0000021834D62B38
U 2
P 0000021834D53F28
P 0000021834D53EE8
p 2
C 50
= 0000021838555CF8
R
P 0000021833AB0388
C 345
R
P 0000021833AB0388
P 0000021838555CF8
C 259
R
P 0000021833AB0388
C 345
R
P 0000021833AB0388
P 0000021838555CF8
C 256
= 0000021834D53E48
R
P 0000021833AB0388
C 345
R
P 0000021833AB0388
P 0000021834D53E48
C 211
R
P 0000021833AB0388
C 345
R
P 0000021833AB0388
P 0000021838555CF8
C 262
R
P 0000021833AB0388
C 345
R
P 0000021833AB0388
P 0000021838555CF8
C 261
R
P 0000021833AB0388
C 345
R
P 0000021833AB0388
P 0000021838555CF8
C 260
R
P 0000021833AB0388
C 345
R
P 0000021833AB0388
P 0000021838555CF8
C 9
R
P 0000021833AB0388
C 345
R
P 0000021833AB0388
P 0000021838555CC0
P 0000021838555CF8
C 58
= 0000021838555D30
R
P 0000021833AB0388
C 345
R
P 0000021833AB0388
P 0000021838555D30
C 260
R
P 0000021833AB0388
C 345
R
P 0000021833AB0388
P 0000021838555D30
C 9
R
P 0000021833AB0388
C 345
R
P 0000021833AB0388
P 0000021834D53EC8
P 0000021834D53EE8
C 58
= 0000021838555D68
R
P 0000021833AB0388
C 345
R
P 0000021833AB0388
P 0000021838555D68
C 260
R
P 0000021833AB0388
C 345
R
P 0000021833AB0388
P 0000021838555D68
C 9
R
P 0000021833AB0388
C 345
R
P 0000021833AB0388
P 0000021838555D30
P 0000021838555D68
C 63
= 0000021838555DA0
R
P 0000021833AB0388
C 345
R
P 0000021833AB0388
P 0000021838555DA0
C 260
R
P 0000021833AB0388
C 345
R
P 0000021833AB0388
P 0000021838555DA0
C 9
R
P 0000021833AB0388
C 345
R
P 0000021833AB0388
P 0000021838555DA0
C 336
R
P 0000021833AB0388
C 345
R
P 0000021833AB0388
C 415
= 00000218396650F8
R
P 0000021833AB0388
C 345
R
P 0000021833AB0388
P 00000218396650F8
C 424
R
P 0000021833AB0388
C 345
R
P 0000021833AB0388
C 13
= 000002183A33E228
R
P 0000021833AB0388
C 345
R
P 0000021833AB0388
P 000002183A33E228
C 14
R
P 0000021833AB0388
C 345
R
P 0000021833AB0388
S "mbqi"
C 30
R
P 0000021833AB0388
C 345
R
P 0000021833AB0388
$ |mbqi|
C 204
R
P 0000021833AB0388
C 345
R
P 0000021833AB0388
P 000002183A33E228
$ |mbqi|
I 0
C 16
R
P 0000021833AB0388
C 345
R
P 0000021833AB0388
P 00000218396650F8
P 000002183A33E228
C 423
R
P 0000021833AB0388
C 345
R
P 0000021833AB0388
P 0000021838555DA0
C 60
= 00000218379F10D8
R
P 0000021833AB0388
C 345
R
P 0000021833AB0388
P 00000218379F10D8
C 260
R
P 0000021833AB0388
C 345
R
P 0000021833AB0388
P 00000218379F10D8
C 9
R
P 0000021833AB0388
C 345
R
P 0000021833AB0388
P 00000218396650F8
P 00000218379F10D8
C 430
R
P 0000021833AB0388
C 345
R
P 0000021833AB0388
P 00000218396650F8
C 437
R
P 0000021833AB0388
C 345
R
P 0000021833AB0388
P 00000218396650F8
C 443
= 0000021839E5A9F8
R
P 0000021833AB0388
C 345
R
P 0000021833AB0388
P 0000021839E5A9F8
C 259
R
P 0000021833AB0388
C 345
R
P 0000021833AB0388
P 0000021839E5A9F8
C 256
= 0000021834D52C28
R
P 0000021833AB0388
C 345
R
P 0000021833AB0388
P 0000021834D52C28
C 211
R
P 0000021833AB0388
C 345
R
P 0000021833AB0388
P 0000021839E5A9F8
C 262
R
P 0000021833AB0388
C 345
R
P 0000021833AB0388
P 0000021839E5A9F8
C 261
R
P 0000021833AB0388
C 345
R
P 0000021833AB0388
P 0000021839E5A9F8
C 260
R
P 0000021833AB0388
C 345
R
P 0000021833AB0388
P 0000021839E5A9F8
C 9
R
P 0000021833AB0388
C 345
R
P 0000021833AB0388
P 0000021839E5A9F8
C 336
R
P 0000021833AB0388
C 345
R
P 0000021833AB0388
P 0000021838555CC0
P 0000021838555CF8
C 58
= 0000021838555D30
R
P 0000021833AB0388
C 345
R
P 0000021833AB0388
P 0000021838555D30
C 260
R
P 0000021833AB0388
C 345
R
P 0000021833AB0388
P 0000021838555D30
C 9
R
P 0000021833AB0388
C 345
R
P 0000021833AB0388
P 0000021834D53F08
P 0000021834D53F28
C 58
= 0000021838555DD8
R
P 0000021833AB0388
C 345
R
P 0000021833AB0388
P 0000021838555DD8
C 260
R
P 0000021833AB0388
C 345
R
P 0000021833AB0388
P 0000021838555DD8
C 9
R
P 0000021833AB0388
C 345
R
P 0000021833AB0388
P 0000021838555D30
P 0000021838555DD8
C 63
= 0000021838556078
R
P 0000021833AB0388
C 345
R
P 0000021833AB0388
P 0000021838556078
C 260
R
P 0000021833AB0388
C 345
R
P 0000021833AB0388
P 0000021838556078
C 9
R
P 0000021833AB0388
C 345
R
P 0000021833AB0388
P 0000021838556078
C 336
R
P 0000021833AB0388
C 345
R
P 0000021833AB0388
C 415
= 000002183964B798
R
P 0000021833AB0388
C 345
R
P 0000021833AB0388
P 000002183964B798
C 424
R
P 0000021833AB0388
C 345
R
P 0000021833AB0388
C 13
= 000002183A3D8BD8
R
P 0000021833AB0388
C 345
R
P 0000021833AB0388
P 000002183A3D8BD8
C 14
R
P 0000021833AB0388
C 345
R
P 0000021833AB0388
S "mbqi"
C 30
R
P 0000021833AB0388
C 345
R
P 0000021833AB0388
$ |mbqi|
C 204
R
P 0000021833AB0388
C 345
R
P 0000021833AB0388
P 000002183A3D8BD8
$ |mbqi|
I 0
C 16
R
P 0000021833AB0388
C 345
R
P 0000021833AB0388
P 000002183964B798
P 000002183A3D8BD8
C 423
R
P 0000021833AB0388
C 345
R
P 0000021833AB0388
P 0000021838556078
C 60
= 00000218379F1228
R
P 0000021833AB0388
C 345
R
P 0000021833AB0388
P 00000218379F1228
C 260
R
P 0000021833AB0388
C 345
R
P 0000021833AB0388
P 00000218379F1228
C 9
R
P 0000021833AB0388
C 345
R
P 0000021833AB0388
P 000002183964B798
P 00000218379F1228
C 430
R
P 0000021833AB0388
C 345
R
P 0000021833AB0388
P 000002183964B798
C 437
R
P 0000021833AB0388
C 345
R
P 0000021833AB0388
P 000002183964B798
C 443
= 0000021839E5AAB8
R
P 0000021833AB0388
C 345
R
P 0000021833AB0388
P 0000021839E5AAB8
C 259
R
P 0000021833AB0388
C 345
R
P 0000021833AB0388
P 0000021839E5AAB8
C 256
= 0000021834D52C28
R
P 0000021833AB0388
C 345
R
P 0000021833AB0388
P 0000021834D52C28
C 211
R
P 0000021833AB0388
C 345
R
P 0000021833AB0388
P 0000021839E5AAB8
C 262
R
P 0000021833AB0388
C 345
R
P 0000021833AB0388
P 0000021839E5AAB8
C 261
R
P 0000021833AB0388
C 345
R
P 0000021833AB0388
P 0000021839E5AAB8
C 260
R
P 0000021833AB0388
C 345
R
P 0000021833AB0388
P 0000021839E5AAB8
C 9
R
P 0000021833AB0388
C 345
R
P 0000021833AB0388
P 0000021839E5AAB8
C 336
R
P 0000021833AB0388
C 345
R
P 0000021833AB0388
P 00000218385556A0
U 1
P 0000021834D53EC8
p 1
C 50
= 00000218379F1318
R
P 0000021833AB0388
C 345
R
P 0000021833AB0388
P 00000218379F1318
C 259
R
P 0000021833AB0388
C 345
R
P 0000021833AB0388
P 00000218379F1318
C 256
= 0000021834D52C08
R
P 0000021833AB0388
C 345
R
P 0000021833AB0388
P 0000021834D52C08
C 211
R
P 0000021833AB0388
C 345
R
P 0000021833AB0388
P 00000218379F1318
C 262
R
P 0000021833AB0388
C 345
R
P 0000021833AB0388
P 00000218379F1318
C 261
R
P 0000021833AB0388
C 345
R
P 0000021833AB0388
P 00000218379F1318
C 260
R
P 0000021833AB0388
C 345
R
P 0000021833AB0388
P 00000218379F1318
C 9
R
P 0000021833AB0388
C 345
R
P 0000021833AB0388
P 0000021838555668
U 1
P 0000021834D53EC8
p 1
C 50
= 00000218379F1348
R
P 0000021833AB0388
C 345
R
P 0000021833AB0388
P 00000218379F1348
C 259
R
P 0000021833AB0388
C 345
R
P 0000021833AB0388
P 00000218379F1348
C 256
= 0000021834D52C08
R
P 0000021833AB0388
C 345
R
P 0000021833AB0388
P 0000021834D52C08
C 211
R
P 0000021833AB0388
C 345
R
P 0000021833AB0388
P 00000218379F1348
C 262
R
P 0000021833AB0388
C 345
R
P 0000021833AB0388
P 00000218379F1348
C 261
R
P 0000021833AB0388
C 345
R
P 0000021833AB0388
P 00000218379F1348
C 260
R
P 0000021833AB0388
C 345
R
P 0000021833AB0388
P 00000218379F1348
C 9
R
P 0000021833AB0388
C 345
R
P 0000021833AB0388
U 2
P 00000218379F1318
P 00000218379F1348
p 2
C 66
= 0000021838556350
R
P 0000021833AB0388
C 345
R
P 0000021833AB0388
P 0000021838556350
C 260
R
P 0000021833AB0388
C 345
R
P 0000021833AB0388
P 0000021838556350
C 9
R
P 0000021833AB0388
C 345
R
P 0000021833AB0388
P 0000021838556350
C 336
R
P 0000021833AB0388
C 345
R
P 0000021833AB0388
C 415
= 000002183A850B38
R
P 0000021833AB0388
C 345
R
P 0000021833AB0388
P 000002183A850B38
C 424
R
P 0000021833AB0388
C 345
R
P 0000021833AB0388
C 13
= 000002183A8496D8
R
P 0000021833AB0388
C 345
R
P 0000021833AB0388
P 000002183A8496D8
C 14
R
P 0000021833AB0388
C 345
R
P 0000021833AB0388
S "mbqi"
C 30
R
P 0000021833AB0388
C 345
R
P 0000021833AB0388
$ |mbqi|
C 204
R
P 0000021833AB0388
C 345
R
P 0000021833AB0388
P 000002183A8496D8
$ |mbqi|
I 0
C 16
R
P 0000021833AB0388
C 345
R
P 0000021833AB0388
P 000002183A850B38
P 000002183A8496D8
C 423
R
P 0000021833AB0388
C 345
R
P 0000021833AB0388
P 0000021838556350
C 60
= 00000218379F1378
R
P 0000021833AB0388
C 345
R
P 0000021833AB0388
P 00000218379F1378
C 260
R
P 0000021833AB0388
C 345
R
P 0000021833AB0388
P 00000218379F1378
C 9
R
P 0000021833AB0388
C 345
R
P 0000021833AB0388
P 000002183A850B38
P 00000218379F1378
C 430
R
P 0000021833AB0388
C 345
R
P 0000021833AB0388
P 000002183A850B38
C 437
R
P 0000021833AB0388
C 345
R
P 0000021833AB0388
P 000002183A850B38
C 443
= 0000021839E5AAF8
R
P 0000021833AB0388
C 345
R
P 0000021833AB0388
P 0000021839E5AAF8
C 259
R
P 0000021833AB0388
C 345
R
P 0000021833AB0388
P 0000021839E5AAF8
C 256
= 0000021834D52C28
R
P 0000021833AB0388
C 345
R
P 0000021833AB0388
P 0000021834D52C28
C 211
R
P 0000021833AB0388
C 345
R
P 0000021833AB0388
P 0000021839E5AAF8
C 262
R
P 0000021833AB0388
C 345
R
P 0000021833AB0388
P 0000021839E5AAF8
C 261
R
P 0000021833AB0388
C 345
R
P 0000021833AB0388
P 0000021839E5AAF8
C 260
R
P 0000021833AB0388
C 345
R
P 0000021833AB0388
P 0000021839E5AAF8
C 9
R
P 0000021833AB0388
C 345
R
P 0000021833AB0388
P 0000021839E5AAF8
C 336
R
P 0000021833AB0388
C 345
R
P 0000021833AB0388
P 0000021834D53EC8
P 0000021838555CC0
C 58
= 00000218385564A0
R
P 0000021833AB0388
C 345
R
P 0000021833AB0388
P 00000218385564A0
C 260
R
P 0000021833AB0388
C 345
R
P 0000021833AB0388
P 00000218385564A0
C 9
R
P 0000021833AB0388
C 345
R
P 0000021833AB0388
P 00000218385564A0
C 60
= 00000218379F1438
R
P 0000021833AB0388
C 345
R
P 0000021833AB0388
P 00000218379F1438
C 260
R
P 0000021833AB0388
C 345
R
P 0000021833AB0388
P 00000218379F1438
C 9
R
P 0000021833AB0388
C 345
R
P 0000021833AB0388
P 00000218379F1438
C 336
R
P 0000021833AB0388
C 345
R
P 0000021833AB0388
C 415
= 000002183A851678
R
P 0000021833AB0388
C 345
R
P 0000021833AB0388
P 000002183A851678
C 424
R
P 0000021833AB0388
C 345
R
P 0000021833AB0388
C 13
= 000002183AB8D998
R
P 0000021833AB0388
C 345
R
P 0000021833AB0388
P 000002183AB8D998
C 14
R
P 0000021833AB0388
C 345
R
P 0000021833AB0388
S "mbqi"
C 30
R
P 0000021833AB0388
C 345
R
P 0000021833AB0388
$ |mbqi|
C 204
R
P 0000021833AB0388
C 345
R
P 0000021833AB0388
P 000002183AB8D998
$ |mbqi|
I 0
C 16
R
P 0000021833AB0388
C 345
R
P 0000021833AB0388
P 000002183A851678
P 000002183AB8D998
C 423
R
P 0000021833AB0388
C 345
R
P 0000021833AB0388
P 00000218379F1438
C 60
= 00000218379F1468
R
P 0000021833AB0388
C 345
R
P 0000021833AB0388
P 00000218379F1468
C 260
R
P 0000021833AB0388
C 345
R
P 0000021833AB0388
P 00000218379F1468
C 9
R
P 0000021833AB0388
C 345
R
P 0000021833AB0388
P 000002183A851678
P 00000218379F1468
C 430
R
P 0000021833AB0388
C 345
R
P 0000021833AB0388
P 000002183A851678
C 437
R
P 0000021833AB0388
C 345
R
P 0000021833AB0388
P 000002183A851678
C 443
= 00000218385565B8
R
P 0000021833AB0388
C 345
R
P 0000021833AB0388
P 00000218385565B8
C 259
R
P 0000021833AB0388
C 345
R
P 0000021833AB0388
P 00000218385565B8
C 256
= 0000021834D52C28
R
P 0000021833AB0388
C 345
R
P 0000021833AB0388
P 0000021834D52C28
C 211
R
P 0000021833AB0388
C 345
R
P 0000021833AB0388
P 00000218385565B8
C 262
R
P 0000021833AB0388
C 345
R
P 0000021833AB0388
P 00000218385565B8
C 261
R
P 0000021833AB0388
C 345
R
P 0000021833AB0388
P 00000218385565B8
C 260
R
P 0000021833AB0388
C 345
R
P 0000021833AB0388
P 00000218385565B8
C 9
R
P 0000021833AB0388
C 345
R
P 0000021833AB0388
P 00000218385565B8
C 336
R
P 0000021833AB0388
C 345
M "UnsatCoreAndProofExample"
R
P 0000021833AB0388
C 415
= 000002183A858568
R
P 0000021833AB0388
C 345
R
P 0000021833AB0388
P 000002183A858568
C 424
R
P 0000021833AB0388
C 345
R
P 0000021833AB0388
S "PredA"
C 30
R
P 0000021833AB0388
C 345
R
P 0000021833AB0388
$ |PredA|
C 204
R
P 0000021833AB0388
C 345
R
P 0000021833AB0388
C 32
= 0000021834D52C08
R
P 0000021833AB0388
C 345
R
P 0000021833AB0388
P 0000021834D52C08
C 259
R
P 0000021833AB0388
C 345
R
P 0000021833AB0388
P 0000021834D52C08
C 9
R
P 0000021833AB0388
C 345
R
P 0000021833AB0388
$ |PredA|
P 0000021834D52C08
C 51
= 0000021834D53F48
R
P 0000021833AB0388
C 345
R
P 0000021833AB0388
P 0000021834D53F48
C 259
R
P 0000021833AB0388
C 345
R
P 0000021833AB0388
P 0000021834D53F48
C 256
= 0000021834D52C08
R
P 0000021833AB0388
C 345
R
P 0000021833AB0388
P 0000021834D52C08
C 211
R
P 0000021833AB0388
C 345
R
P 0000021833AB0388
P 0000021834D53F48
C 262
R
P 0000021833AB0388
C 345
R
P 0000021833AB0388
P 0000021834D53F48
C 261
R
P 0000021833AB0388
C 345
R
P 0000021833AB0388
P 0000021834D53F48
C 260
R
P 0000021833AB0388
C 345
R
P 0000021833AB0388
P 0000021834D53F48
C 9
R
P 0000021833AB0388
C 345
R
P 0000021833AB0388
S "PredB"
C 30
R
P 0000021833AB0388
C 345
R
P 0000021833AB0388
$ |PredB|
C 204
R
P 0000021833AB0388
C 345
R
P 0000021833AB0388
$ |PredB|
P 0000021834D52C08
C 51
= 0000021834D53F68
R
P 0000021833AB0388
C 345
R
P 0000021833AB0388
P 0000021834D53F68
C 259
R
P 0000021833AB0388
C 345
R
P 0000021833AB0388
P 0000021834D53F68
C 256
= 0000021834D52C08
R
P 0000021833AB0388
C 345
R
P 0000021833AB0388
P 0000021834D52C08
C 211
R
P 0000021833AB0388
C 345
R
P 0000021833AB0388
P 0000021834D53F68
C 262
R
P 0000021833AB0388
C 345
R
P 0000021833AB0388
P 0000021834D53F68
C 261
R
P 0000021833AB0388
C 345
R
P 0000021833AB0388
P 0000021834D53F68
C 260
R
P 0000021833AB0388
C 345
R
P 0000021833AB0388
P 0000021834D53F68
C 9
R
P 0000021833AB0388
C 345
R
P 0000021833AB0388
S "PredC"
C 30
R
P 0000021833AB0388
C 345
R
P 0000021833AB0388
$ |PredC|
C 204
R
P 0000021833AB0388
C 345
R
P 0000021833AB0388
$ |PredC|
P 0000021834D52C08
C 51
= 0000021834D53F88
R
P 0000021833AB0388
C 345
R
P 0000021833AB0388
P 0000021834D53F88
C 259
R
P 0000021833AB0388
C 345
R
P 0000021833AB0388
P 0000021834D53F88
C 256
= 0000021834D52C08
R
P 0000021833AB0388
C 345
R
P 0000021833AB0388
P 0000021834D52C08
C 211
R
P 0000021833AB0388
C 345
R
P 0000021833AB0388
P 0000021834D53F88
C 262
R
P 0000021833AB0388
C 345
R
P 0000021833AB0388
P 0000021834D53F88
C 261
R
P 0000021833AB0388
C 345
R
P 0000021833AB0388
P 0000021834D53F88
C 260
R
P 0000021833AB0388
C 345
R
P 0000021833AB0388
P 0000021834D53F88
C 9
R
P 0000021833AB0388
C 345
R
P 0000021833AB0388
S "PredD"
C 30
R
P 0000021833AB0388
C 345
R
P 0000021833AB0388
$ |PredD|
C 204
R
P 0000021833AB0388
C 345
R
P 0000021833AB0388
$ |PredD|
P 0000021834D52C08
C 51
= 0000021834D53FA8
R
P 0000021833AB0388
C 345
R
P 0000021833AB0388
P 0000021834D53FA8
C 259
R
P 0000021833AB0388
C 345
R
P 0000021833AB0388
P 0000021834D53FA8
C 256
= 0000021834D52C08
R
P 0000021833AB0388
C 345
R
P 0000021833AB0388
P 0000021834D52C08
C 211
R
P 0000021833AB0388
C 345
R
P 0000021833AB0388
P 0000021834D53FA8
C 262
R
P 0000021833AB0388
C 345
R
P 0000021833AB0388
P 0000021834D53FA8
C 261
R
P 0000021833AB0388
C 345
R
P 0000021833AB0388
P 0000021834D53FA8
C 260
R
P 0000021833AB0388
C 345
R
P 0000021833AB0388
P 0000021834D53FA8
C 9
R
P 0000021833AB0388
C 345
R
P 0000021833AB0388
S "P1"
C 30
R
P 0000021833AB0388
C 345
R
P 0000021833AB0388
$ |P1|
C 204
R
P 0000021833AB0388
C 345
R
P 0000021833AB0388
$ |P1|
P 0000021834D52C08
C 51
= 0000021834D53FC8
R
P 0000021833AB0388
C 345
R
P 0000021833AB0388
P 0000021834D53FC8
C 259
R
P 0000021833AB0388
C 345
R
P 0000021833AB0388
P 0000021834D53FC8
C 256
= 0000021834D52C08
R
P 0000021833AB0388
C 345
R
P 0000021833AB0388
P 0000021834D52C08
C 211
R
P 0000021833AB0388
C 345
R
P 0000021833AB0388
P 0000021834D53FC8
C 262
R
P 0000021833AB0388
C 345
R
P 0000021833AB0388
P 0000021834D53FC8
C 261
R
P 0000021833AB0388
C 345
R
P 0000021833AB0388
P 0000021834D53FC8
C 260
R
P 0000021833AB0388
C 345
R
P 0000021833AB0388
P 0000021834D53FC8
C 9
R
P 0000021833AB0388
C 345
R
P 0000021833AB0388
S "P2"
C 30
R
P 0000021833AB0388
C 345
R
P 0000021833AB0388
$ |P2|
C 204
R
P 0000021833AB0388
C 345
R
P 0000021833AB0388
$ |P2|
P 0000021834D52C08
C 51
= 0000021834D53FE8
R
P 0000021833AB0388
C 345
R
P 0000021833AB0388
P 0000021834D53FE8
C 259
R
P 0000021833AB0388
C 345
R
P 0000021833AB0388
P 0000021834D53FE8
C 256
= 0000021834D52C08
R
P 0000021833AB0388
C 345
R
P 0000021833AB0388
P 0000021834D52C08
C 211
R
P 0000021833AB0388
C 345
R
P 0000021833AB0388
P 0000021834D53FE8
C 262
R
P 0000021833AB0388
C 345
R
P 0000021833AB0388
P 0000021834D53FE8
C 261
R
P 0000021833AB0388
C 345
R
P 0000021833AB0388
P 0000021834D53FE8
C 260
R
P 0000021833AB0388
C 345
R
P 0000021833AB0388
P 0000021834D53FE8
C 9
R
P 0000021833AB0388
C 345
R
P 0000021833AB0388
S "P3"
C 30
R
P 0000021833AB0388
C 345
R
P 0000021833AB0388
$ |P3|
C 204
R
P 0000021833AB0388
C 345
R
P 0000021833AB0388
$ |P3|
P 0000021834D52C08
C 51
= 0000021834D54008
R
P 0000021833AB0388
C 345
R
P 0000021833AB0388
P 0000021834D54008
C 259
R
P 0000021833AB0388
C 345
R
P 0000021833AB0388
P 0000021834D54008
C 256
= 0000021834D52C08
R
P 0000021833AB0388
C 345
R
P 0000021833AB0388
P 0000021834D52C08
C 211
R
P 0000021833AB0388
C 345
R
P 0000021833AB0388
P 0000021834D54008
C 262
R
P 0000021833AB0388
C 345
R
P 0000021833AB0388
P 0000021834D54008
C 261
R
P 0000021833AB0388
C 345
R
P 0000021833AB0388
P 0000021834D54008
C 260
R
P 0000021833AB0388
C 345
R
P 0000021833AB0388
P 0000021834D54008
C 9
R
P 0000021833AB0388
C 345
R
P 0000021833AB0388
S "P4"
C 30
R
P 0000021833AB0388
C 345
R
P 0000021833AB0388
$ |P4|
C 204
R
P 0000021833AB0388
C 345
R
P 0000021833AB0388
$ |P4|
P 0000021834D52C08
C 51
= 0000021834D54028
R
P 0000021833AB0388
C 345
R
P 0000021833AB0388
P 0000021834D54028
C 259
R
P 0000021833AB0388
C 345
R
P 0000021833AB0388
P 0000021834D54028
C 256
= 0000021834D52C08
R
P 0000021833AB0388
C 345
R
P 0000021833AB0388
P 0000021834D52C08
C 211
R
P 0000021833AB0388
C 345
R
P 0000021833AB0388
P 0000021834D54028
C 262
R
P 0000021833AB0388
C 345
R
P 0000021833AB0388
P 0000021834D54028
C 261
R
P 0000021833AB0388
C 345
R
P 0000021833AB0388
P 0000021834D54028
C 260
R
P 0000021833AB0388
C 345
R
P 0000021833AB0388
P 0000021834D54028
C 9
R
P 0000021833AB0388
C 345
R
P 0000021833AB0388
P 0000021834D53FC8
C 60
= 00000218379F1678
R
P 0000021833AB0388
C 345
R
P 0000021833AB0388
P 00000218379F1678
C 260
R
P 0000021833AB0388
C 345
R
P 0000021833AB0388
P 00000218379F1678
C 9
R
P 0000021833AB0388
C 345
R
P 0000021833AB0388
P 0000021834D53FE8
C 60
= 00000218379F16A8
R
P 0000021833AB0388
C 345
R
P 0000021833AB0388
P 00000218379F16A8
C 260
R
P 0000021833AB0388
C 345
R
P 0000021833AB0388
P 00000218379F16A8
C 9
R
P 0000021833AB0388
C 345
R
P 0000021833AB0388
P 0000021834D54008
C 60
= 00000218379F16D8
R
P 0000021833AB0388
C 345
R
P 0000021833AB0388
P 00000218379F16D8
C 260
R
P 0000021833AB0388
C 345
R
P 0000021833AB0388
P 00000218379F16D8
C 9
R
P 0000021833AB0388
C 345
R
P 0000021833AB0388
P 0000021834D54028
C 60
= 00000218379F1708
R
P 0000021833AB0388
C 345
R
P 0000021833AB0388
P 00000218379F1708
C 260
R
P 0000021833AB0388
C 345
R
P 0000021833AB0388
P 00000218379F1708
C 9
R
P 0000021833AB0388
C 345
R
P 0000021833AB0388
U 3
P 0000021834D53F48
P 0000021834D53F68
P 0000021834D53F88
p 3
C 65
= 0000021839E5AB78
R
P 0000021833AB0388
C 345
R
P 0000021833AB0388
P 0000021839E5AB78
C 260
R
P 0000021833AB0388
C 345
R
P 0000021833AB0388
P 0000021839E5AB78
C 9
R
P 0000021833AB0388
C 345
R
P 0000021833AB0388
P 0000021834D53F68
C 60
= 00000218379F1738
R
P 0000021833AB0388
C 345
R
P 0000021833AB0388
P 00000218379F1738
C 260
R
P 0000021833AB0388
C 345
R
P 0000021833AB0388
P 00000218379F1738
C 9
R
P 0000021833AB0388
C 345
R
P 0000021833AB0388
U 3
P 0000021834D53F48
P 00000218379F1738
P 0000021834D53F88
p 3
C 65
= 0000021839E5ABB8
R
P 0000021833AB0388
C 345
R
P 0000021833AB0388
P 0000021839E5ABB8
C 260
R
P 0000021833AB0388
C 345
R
P 0000021833AB0388
P 0000021839E5ABB8
C 9
R
P 0000021833AB0388
C 345
R
P 0000021833AB0388
P 0000021834D53F48
C 60
= 00000218379F1768
R
P 0000021833AB0388
C 345
R
P 0000021833AB0388
P 00000218379F1768
C 260
R
P 0000021833AB0388
C 345
R
P 0000021833AB0388
P 00000218379F1768
C 9
R
P 0000021833AB0388
C 345
R
P 0000021833AB0388
P 0000021834D53F88
C 60
= 00000218379F1798
R
P 0000021833AB0388
C 345
R
P 0000021833AB0388
P 00000218379F1798
C 260
R
P 0000021833AB0388
C 345
R
P 0000021833AB0388
P 00000218379F1798
C 9
R
P 0000021833AB0388
C 345
R
P 0000021833AB0388
U 2
P 00000218379F1768
P 00000218379F1798
p 2
C 66
= 0000021838556430
R
P 0000021833AB0388
C 345
R
P 0000021833AB0388
P 0000021838556430
C 260
R
P 0000021833AB0388
C 345
R
P 0000021833AB0388
P 0000021838556430
C 9
R
P 0000021833AB0388
C 345
R
P 0000021833AB0388
U 2
P 0000021839E5AB78
P 0000021834D53FC8
p 2
C 66
= 0000021838556468
R
P 0000021833AB0388
C 345
R
P 0000021833AB0388
P 0000021838556468
C 260
R
P 0000021833AB0388
C 345
R
P 0000021833AB0388
P 0000021838556468
C 9
R
P 0000021833AB0388
C 345
R
P 0000021833AB0388
P 000002183A858568
P 0000021838556468
C 430
R
P 0000021833AB0388
C 345
R
P 0000021833AB0388
U 2
P 0000021839E5ABB8
P 0000021834D53FE8
p 2
C 66
= 00000218385565F0
R
P 0000021833AB0388
C 345
R
P 0000021833AB0388
P 00000218385565F0
C 260
R
P 0000021833AB0388
C 345
R
P 0000021833AB0388
P 00000218385565F0
C 9
R
P 0000021833AB0388
C 345
R
P 0000021833AB0388
P 000002183A858568
P 00000218385565F0
C 430
R
P 0000021833AB0388
C 345
R
P 0000021833AB0388
U 2
P 0000021838556430
P 0000021834D54008
p 2
C 66
= 0000021838556628
R
P 0000021833AB0388
C 345
R
P 0000021833AB0388
P 0000021838556628
C 260
R
P 0000021833AB0388
C 345
R
P 0000021833AB0388
P 0000021838556628
C 9
R
P 0000021833AB0388
C 345
R
P 0000021833AB0388
P 000002183A858568
P 0000021838556628
C 430
R
P 0000021833AB0388
C 345
R
P 0000021833AB0388
U 2
P 0000021834D53FA8
P 0000021834D54028
p 2
C 66
= 000002183B1406B8
R
P 0000021833AB0388
C 345
R
P 0000021833AB0388
P 000002183B1406B8
C 260
R
P 0000021833AB0388
C 345
R
P 0000021833AB0388
P 000002183B1406B8
C 9
R
P 0000021833AB0388
C 345
R
P 0000021833AB0388
P 000002183A858568
P 000002183B1406B8
C 430
R
P 0000021833AB0388
C 345
R
P 0000021833AB0388
P 000002183A858568
U 4
P 00000218379F1678
P 00000218379F16A8
P 00000218379F16D8
P 00000218379F1708
p 4
C 438
R
P 0000021833AB0388
C 345
R
P 0000021833AB0388
P 000002183A858568
C 443
= 0000021834D5D240
R
P 0000021833AB0388
C 345
R
P 0000021833AB0388
P 0000021834D5D240
C 259
R
P 0000021833AB0388
C 345
R
P 0000021833AB0388
P 0000021834D5D240
C 256
= 0000021834D52C28
R
P 0000021833AB0388
C 345
R
P 0000021833AB0388
P 0000021834D52C28
C 211
R
P 0000021833AB0388
C 345
R
P 0000021833AB0388
P 0000021834D5D240
C 262
R
P 0000021833AB0388
C 345
R
P 0000021833AB0388
P 0000021834D5D240
C 261
R
P 0000021833AB0388
C 345
R
P 0000021833AB0388
P 0000021834D5D240
C 260
R
P 0000021833AB0388
C 345
R
P 0000021833AB0388
P 0000021834D5D240
C 9
R
P 0000021833AB0388
C 345
R
P 0000021833AB0388
P 0000021834D5D240
C 336
R
P 0000021833AB0388
C 345
R
P 0000021833AB0388
P 000002183A858568
C 444
= 0000021839D74928
R
P 0000021833AB0388
C 345
R
P 0000021833AB0388
P 0000021839D74928
C 459
R
P 0000021833AB0388
C 345
R
P 0000021833AB0388
P 0000021839D74928
C 461
R
P 0000021833AB0388
C 345
R
P 0000021833AB0388
P 0000021839D74928
U 0
C 462
= 00000218379F1678
R
P 0000021833AB0388
C 345
R
P 0000021833AB0388
P 00000218379F1678
C 9
R
P 0000021833AB0388
C 345
R
P 0000021833AB0388
P 00000218379F1678
C 259
R
P 0000021833AB0388
C 345
R
P 0000021833AB0388
P 00000218379F1678
C 256
= 0000021834D52C08
R
P 0000021833AB0388
C 345
R
P 0000021833AB0388
P 0000021834D52C08
C 211
R
P 0000021833AB0388
C 345
R
P 0000021833AB0388
P 00000218379F1678
C 262
R
P 0000021833AB0388
C 345
R
P 0000021833AB0388
P 00000218379F1678
C 261
R
P 0000021833AB0388
C 345
R
P 0000021833AB0388
P 00000218379F1678
C 260
R
P 0000021833AB0388
C 345
R
P 0000021833AB0388
P 00000218379F1678
C 9
R
P 0000021833AB0388
C 345
R
P 0000021833AB0388
P 0000021839D74928
U 1
C 462
= 00000218379F16A8
R
P 0000021833AB0388
C 345
R
P 0000021833AB0388
P 00000218379F16A8
C 9
R
P 0000021833AB0388
C 345
R
P 0000021833AB0388
P 00000218379F16A8
C 259
R
P 0000021833AB0388
C 345
R
P 0000021833AB0388
P 00000218379F16A8
C 256
= 0000021834D52C08
R
P 0000021833AB0388
C 345
R
P 0000021833AB0388
P 0000021834D52C08
C 211
R
P 0000021833AB0388
C 345
R
P 0000021833AB0388
P 00000218379F16A8
C 262
R
P 0000021833AB0388
C 345
R
P 0000021833AB0388
P 00000218379F16A8
C 261
R
P 0000021833AB0388
C 345
R
P 0000021833AB0388
P 00000218379F16A8
C 260
R
P 0000021833AB0388
C 345
R
P 0000021833AB0388
P 00000218379F16A8
C 9
R
P 0000021833AB0388
C 345
R
P 0000021833AB0388
P 00000218379F1678
C 336
R
P 0000021833AB0388
C 345
R
P 0000021833AB0388
P 00000218379F16A8
C 336
R
P 0000021833AB0388
C 345
M "UnsatCoreAndProofExample2"
R
P 0000021833AB0388
C 415
= 000002183A866BB8
R
P 0000021833AB0388
C 345
R
P 0000021833AB0388
P 000002183A866BB8
C 424
R
P 0000021833AB0388
C 345
R
P 0000021833AB0388
S "PredA"
C 30
R
P 0000021833AB0388
C 345
R
P 0000021833AB0388
$ |PredA|
C 204
R
P 0000021833AB0388
C 345
R
P 0000021833AB0388
$ |PredA|
P 0000021834D52C08
C 51
= 0000021834D53F48
R
P 0000021833AB0388
C 345
R
P 0000021833AB0388
P 0000021834D53F48
C 259
R
P 0000021833AB0388
C 345
R
P 0000021833AB0388
P 0000021834D53F48
C 256
= 0000021834D52C08
R
P 0000021833AB0388
C 345
R
P 0000021833AB0388
P 0000021834D52C08
C 211
R
P 0000021833AB0388
C 345
R
P 0000021833AB0388
P 0000021834D53F48
C 262
R
P 0000021833AB0388
C 345
R
P 0000021833AB0388
P 0000021834D53F48
C 261
R
P 0000021833AB0388
C 345
R
P 0000021833AB0388
P 0000021834D53F48
C 260
R
P 0000021833AB0388
C 345
R
P 0000021833AB0388
P 0000021834D53F48
C 9
R
P 0000021833AB0388
C 345
R
P 0000021833AB0388
S "PredB"
C 30
R
P 0000021833AB0388
C 345
R
P 0000021833AB0388
$ |PredB|
C 204
R
P 0000021833AB0388
C 345
R
P 0000021833AB0388
$ |PredB|
P 0000021834D52C08
C 51
= 0000021834D53F68
R
P 0000021833AB0388
C 345
R
P 0000021833AB0388
P 0000021834D53F68
C 259
R
P 0000021833AB0388
C 345
R
P 0000021833AB0388
P 0000021834D53F68
C 256
= 0000021834D52C08
R
P 0000021833AB0388
C 345
R
P 0000021833AB0388
P 0000021834D52C08
C 211
R
P 0000021833AB0388
C 345
R
P 0000021833AB0388
P 0000021834D53F68
C 262
R
P 0000021833AB0388
C 345
R
P 0000021833AB0388
P 0000021834D53F68
C 261
R
P 0000021833AB0388
C 345
R
P 0000021833AB0388
P 0000021834D53F68
C 260
R
P 0000021833AB0388
C 345
R
P 0000021833AB0388
P 0000021834D53F68
C 9
R
P 0000021833AB0388
C 345
R
P 0000021833AB0388
S "PredC"
C 30
R
P 0000021833AB0388
C 345
R
P 0000021833AB0388
$ |PredC|
C 204
R
P 0000021833AB0388
C 345
R
P 0000021833AB0388
$ |PredC|
P 0000021834D52C08
C 51
= 0000021834D53F88
R
P 0000021833AB0388
C 345
R
P 0000021833AB0388
P 0000021834D53F88
C 259
R
P 0000021833AB0388
C 345
R
P 0000021833AB0388
P 0000021834D53F88
C 256
= 0000021834D52C08
R
P 0000021833AB0388
C 345
R
P 0000021833AB0388
P 0000021834D52C08
C 211
R
P 0000021833AB0388
C 345
R
P 0000021833AB0388
P 0000021834D53F88
C 262
R
P 0000021833AB0388
C 345
R
P 0000021833AB0388
P 0000021834D53F88
C 261
R
P 0000021833AB0388
C 345
R
P 0000021833AB0388
P 0000021834D53F88
C 260
R
P 0000021833AB0388
C 345
R
P 0000021833AB0388
P 0000021834D53F88
C 9
R
P 0000021833AB0388
C 345
R
P 0000021833AB0388
S "PredD"
C 30
R
P 0000021833AB0388
C 345
R
P 0000021833AB0388
$ |PredD|
C 204
R
P 0000021833AB0388
C 345
R
P 0000021833AB0388
$ |PredD|
P 0000021834D52C08
C 51
= 0000021834D53FA8
R
P 0000021833AB0388
C 345
R
P 0000021833AB0388
P 0000021834D53FA8
C 259
R
P 0000021833AB0388
C 345
R
P 0000021833AB0388
P 0000021834D53FA8
C 256
= 0000021834D52C08
R
P 0000021833AB0388
C 345
R
P 0000021833AB0388
P 0000021834D52C08
C 211
R
P 0000021833AB0388
C 345
R
P 0000021833AB0388
P 0000021834D53FA8
C 262
R
P 0000021833AB0388
C 345
R
P 0000021833AB0388
P 0000021834D53FA8
C 261
R
P 0000021833AB0388
C 345
R
P 0000021833AB0388
P 0000021834D53FA8
C 260
R
P 0000021833AB0388
C 345
R
P 0000021833AB0388
P 0000021834D53FA8
C 9
R
P 0000021833AB0388
C 345
R
P 0000021833AB0388
U 3
P 0000021834D53F48
P 0000021834D53F68
P 0000021834D53F88
p 3
C 65
= 0000021839E5AB78
R
P 0000021833AB0388
C 345
R
P 0000021833AB0388
P 0000021839E5AB78
C 260
R
P 0000021833AB0388
C 345
R
P 0000021833AB0388
P 0000021839E5AB78
C 9
R
P 0000021833AB0388
C 345
R
P 0000021833AB0388
P 0000021834D53F68
C 60
= 00000218379F1738
R
P 0000021833AB0388
C 345
R
P 0000021833AB0388
P 00000218379F1738
C 260
R
P 0000021833AB0388
C 345
R
P 0000021833AB0388
P 00000218379F1738
C 9
R
P 0000021833AB0388
C 345
R
P 0000021833AB0388
U 3
P 0000021834D53F48
P 00000218379F1738
P 0000021834D53F88
p 3
C 65
= 0000021839E5ABB8
R
P 0000021833AB0388
C 345
R
P 0000021833AB0388
P 0000021839E5ABB8
C 260
R
P 0000021833AB0388
C 345
R
P 0000021833AB0388
P 0000021839E5ABB8
C 9
R
P 0000021833AB0388
C 345
R
P 0000021833AB0388
P 0000021834D53F48
C 60
= 00000218379F1768
R
P 0000021833AB0388
C 345
R
P 0000021833AB0388
P 00000218379F1768
C 260
R
P 0000021833AB0388
C 345
R
P 0000021833AB0388
P 00000218379F1768
C 9
R
P 0000021833AB0388
C 345
R
P 0000021833AB0388
P 0000021834D53F88
C 60
= 00000218379F1798
R
P 0000021833AB0388
C 345
R
P 0000021833AB0388
P 00000218379F1798
C 260
R
P 0000021833AB0388
C 345
R
P 0000021833AB0388
P 00000218379F1798
C 9
R
P 0000021833AB0388
C 345
R
P 0000021833AB0388
U 2
P 00000218379F1768
P 00000218379F1798
p 2
C 66
= 0000021838556430
R
P 0000021833AB0388
C 345
R
P 0000021833AB0388
P 0000021838556430
C 260
R
P 0000021833AB0388
C 345
R
P 0000021833AB0388
P 0000021838556430
C 9
R
P 0000021833AB0388
C 345
R
P 0000021833AB0388
S "P1"
C 30
R
P 0000021833AB0388
C 345
R
P 0000021833AB0388
$ |P1|
C 204
R
P 0000021833AB0388
C 345
R
P 0000021833AB0388
$ |P1|
P 0000021834D52C08
C 51
= 0000021834D53FC8
R
P 0000021833AB0388
C 345
R
P 0000021833AB0388
P 0000021834D53FC8
C 259
R
P 0000021833AB0388
C 345
R
P 0000021833AB0388
P 0000021834D53FC8
C 256
= 0000021834D52C08
R
P 0000021833AB0388
C 345
R
P 0000021833AB0388
P 0000021834D52C08
C 211
R
P 0000021833AB0388
C 345
R
P 0000021833AB0388
P 0000021834D53FC8
C 262
R
P 0000021833AB0388
C 345
R
P 0000021833AB0388
P 0000021834D53FC8
C 261
R
P 0000021833AB0388
C 345
R
P 0000021833AB0388
P 0000021834D53FC8
C 260
R
P 0000021833AB0388
C 345
R
P 0000021833AB0388
P 0000021834D53FC8
C 9
R
P 0000021833AB0388
C 345
R
P 0000021833AB0388
S "P2"
C 30
R
P 0000021833AB0388
C 345
R
P 0000021833AB0388
$ |P2|
C 204
R
P 0000021833AB0388
C 345
R
P 0000021833AB0388
$ |P2|
P 0000021834D52C08
C 51
= 0000021834D53FE8
R
P 0000021833AB0388
C 345
R
P 0000021833AB0388
P 0000021834D53FE8
C 259
R
P 0000021833AB0388
C 345
R
P 0000021833AB0388
P 0000021834D53FE8
C 256
= 0000021834D52C08
R
P 0000021833AB0388
C 345
R
P 0000021833AB0388
P 0000021834D52C08
C 211
R
P 0000021833AB0388
C 345
R
P 0000021833AB0388
P 0000021834D53FE8
C 262
R
P 0000021833AB0388
C 345
R
P 0000021833AB0388
P 0000021834D53FE8
C 261
R
P 0000021833AB0388
C 345
R
P 0000021833AB0388
P 0000021834D53FE8
C 260
R
P 0000021833AB0388
C 345
R
P 0000021833AB0388
P 0000021834D53FE8
C 9
R
P 0000021833AB0388
C 345
R
P 0000021833AB0388
S "P3"
C 30
R
P 0000021833AB0388
C 345
R
P 0000021833AB0388
$ |P3|
C 204
R
P 0000021833AB0388
C 345
R
P 0000021833AB0388
$ |P3|
P 0000021834D52C08
C 51
= 0000021834D54008
R
P 0000021833AB0388
C 345
R
P 0000021833AB0388
P 0000021834D54008
C 259
R
P 0000021833AB0388
C 345
R
P 0000021833AB0388
P 0000021834D54008
C 256
= 0000021834D52C08
R
P 0000021833AB0388
C 345
R
P 0000021833AB0388
P 0000021834D52C08
C 211
R
P 0000021833AB0388
C 345
R
P 0000021833AB0388
P 0000021834D54008
C 262
R
P 0000021833AB0388
C 345
R
P 0000021833AB0388
P 0000021834D54008
C 261
R
P 0000021833AB0388
C 345
R
P 0000021833AB0388
P 0000021834D54008
C 260
R
P 0000021833AB0388
C 345
R
P 0000021833AB0388
P 0000021834D54008
C 9
R
P 0000021833AB0388
C 345
R
P 0000021833AB0388
S "P4"
C 30
R
P 0000021833AB0388
C 345
R
P 0000021833AB0388
$ |P4|
C 204
R
P 0000021833AB0388
C 345
R
P 0000021833AB0388
$ |P4|
P 0000021834D52C08
C 51
= 0000021834D54028
R
P 0000021833AB0388
C 345
R
P 0000021833AB0388
P 0000021834D54028
C 259
R
P 0000021833AB0388
C 345
R
P 0000021833AB0388
P 0000021834D54028
C 256
= 0000021834D52C08
R
P 0000021833AB0388
C 345
R
P 0000021833AB0388
P 0000021834D52C08
C 211
R
P 0000021833AB0388
C 345
R
P 0000021833AB0388
P 0000021834D54028
C 262
R
P 0000021833AB0388
C 345
R
P 0000021833AB0388
P 0000021834D54028
C 261
R
P 0000021833AB0388
C 345
R
P 0000021833AB0388
P 0000021834D54028
C 260
R
P 0000021833AB0388
C 345
R
P 0000021833AB0388
P 0000021834D54028
C 9
R
P 0000021833AB0388
C 345
R
P 0000021833AB0388
P 000002183A866BB8
P 0000021839E5AB78
P 0000021834D53FC8
C 431
R
P 0000021833AB0388
C 345
R
P 0000021833AB0388
P 000002183A866BB8
P 0000021839E5ABB8
P 0000021834D53FE8
C 431
R
P 0000021833AB0388
C 345
R
P 0000021833AB0388
P 000002183A866BB8
P 0000021838556430
P 0000021834D54008
C 431
R
P 0000021833AB0388
C 345
R
P 0000021833AB0388
P 000002183A866BB8
P 0000021834D53FA8
P 0000021834D54028
C 431
R
P 0000021833AB0388
C 345
R
P 0000021833AB0388
P 000002183A866BB8
C 437
R
P 0000021833AB0388
C 345
R
P 0000021833AB0388
P 000002183A866BB8
C 444
= 0000021839D768E8
R
P 0000021833AB0388
C 345
R
P 0000021833AB0388
P 0000021839D768E8
C 459
R
P 0000021833AB0388
C 345
R
P 0000021833AB0388
P 0000021839D768E8
C 461
R
P 0000021833AB0388
C 345
R
P 0000021833AB0388
P 0000021839D768E8
U 0
C 462
= 0000021834D53FC8
R
P 0000021833AB0388
C 345
R
P 0000021833AB0388
P 0000021834D53FC8
C 9
R
P 0000021833AB0388
C 345
R
P 0000021833AB0388
P 0000021834D53FC8
C 259
R
P 0000021833AB0388
C 345
R
P 0000021833AB0388
P 0000021834D53FC8
C 256
= 0000021834D52C08
R
P 0000021833AB0388
C 345
R
P 0000021833AB0388
P 0000021834D52C08
C 211
R
P 0000021833AB0388
C 345
R
P 0000021833AB0388
P 0000021834D53FC8
C 262
R
P 0000021833AB0388
C 345
R
P 0000021833AB0388
P 0000021834D53FC8
C 261
R
P 0000021833AB0388
C 345
R
P 0000021833AB0388
P 0000021834D53FC8
C 260
R
P 0000021833AB0388
C 345
R
P 0000021833AB0388
P 0000021834D53FC8
C 9
R
P 0000021833AB0388
C 345
R
P 0000021833AB0388
P 0000021839D768E8
U 1
C 462
= 0000021834D53FE8
R
P 0000021833AB0388
C 345
R
P 0000021833AB0388
P 0000021834D53FE8
C 9
R
P 0000021833AB0388
C 345
R
P 0000021833AB0388
P 0000021834D53FE8
C 259
R
P 0000021833AB0388
C 345
R
P 0000021833AB0388
P 0000021834D53FE8
C 256
= 0000021834D52C08
R
P 0000021833AB0388
C 345
R
P 0000021833AB0388
P 0000021834D52C08
C 211
R
P 0000021833AB0388
C 345
R
P 0000021833AB0388
P 0000021834D53FE8
C 262
R
P 0000021833AB0388
C 345
R
P 0000021833AB0388
P 0000021834D53FE8
C 261
R
P 0000021833AB0388
C 345
R
P 0000021833AB0388
P 0000021834D53FE8
C 260
R
P 0000021833AB0388
C 345
R
P 0000021833AB0388
P 0000021834D53FE8
C 9
R
P 0000021833AB0388
C 345
R
P 0000021833AB0388
P 0000021834D53FC8
C 336
R
P 0000021833AB0388
C 345
R
P 0000021833AB0388
P 0000021834D53FE8
C 336
R
P 0000021833AB0388
C 345
R
C 3
= 000002183ABC61C8
R
P 000002183ABC61C8
S "auto-config"
S "false"
C 5
R
P 000002183ABC61C8
S "proof"
S "true"
C 5
R
P 000002183ABC61C8
C 7
= 0000021833BF2028
R
P 000002183ABC61C8
C 4
R
P 0000021833BF2028
U 2
C 335
R
P 0000021833BF2028
C 345
M "QuantifierExample3"
R
P 0000021833BF2028
C 33
= 000002183B4724C8
R
P 0000021833BF2028
C 345
R
P 0000021833BF2028
P 000002183B4724C8
C 259
R
P 0000021833BF2028
C 345
R
P 0000021833BF2028
P 000002183B4724C8
C 9
R
P 0000021833BF2028
C 345
R
P 0000021833BF2028
S "f"
C 30
R
P 0000021833BF2028
C 345
R
P 0000021833BF2028
$ |f|
C 204
R
P 0000021833BF2028
C 345
R
P 0000021833BF2028
$ |f|
U 2
P 000002183B4724C8
P 000002183B4724C8
p 2
P 000002183B4724C8
C 49
= 000002183B47AA88
R
P 0000021833BF2028
C 345
R
P 0000021833BF2028
P 000002183B47AA88
C 259
R
P 0000021833BF2028
C 345
R
P 0000021833BF2028
P 000002183B47AA88
C 9
R
P 0000021833BF2028
C 345
R
P 0000021833BF2028
P 000002183B47AA88
C 236
R
P 0000021833BF2028
C 345
R
P 0000021833BF2028
P 000002183B47AA88
U 0
C 238
= 000002183B4724C8
R
P 0000021833BF2028
C 345
R
P 0000021833BF2028
P 000002183B4724C8
C 211
R
P 0000021833BF2028
C 345
R
P 0000021833BF2028
P 000002183B4724C8
C 259
R
P 0000021833BF2028
C 345
R
P 0000021833BF2028
P 000002183B4724C8
C 9
R
P 0000021833BF2028
C 345
R
P 0000021833BF2028
P 000002183B47AA88
U 1
C 238
= 000002183B4724C8
R
P 0000021833BF2028
C 345
R
P 0000021833BF2028
P 000002183B4724C8
C 211
R
P 0000021833BF2028
C 345
R
P 0000021833BF2028
P 000002183B4724C8
C 259
R
P 0000021833BF2028
C 345
R
P 0000021833BF2028
P 000002183B4724C8
C 9
R
P 0000021833BF2028
C 345
R
P 0000021833BF2028
P 000002183B47AA88
C 236
R
P 0000021833BF2028
C 345
R
P 0000021833BF2028
P 000002183B47AA88
C 239
= 000002183B4724C8
R
P 0000021833BF2028
C 345
R
P 0000021833BF2028
P 000002183B4724C8
C 211
R
P 0000021833BF2028
C 345
R
P 0000021833BF2028
P 000002183B4724C8
C 259
R
P 0000021833BF2028
C 345
R
P 0000021833BF2028
P 000002183B4724C8
C 9
R
P 0000021833BF2028
C 345
R
P 0000021833BF2028
S "f_fresh"
C 30
R
P 0000021833BF2028
C 345
R
P 0000021833BF2028
$ |f_fresh|
C 204
R
P 0000021833BF2028
C 345
R
P 0000021833BF2028
$ |f_fresh|
U 1
P 000002183B4724C8
p 1
P 000002183B4724C8
C 49
= 000002183B46C8A8
R
P 0000021833BF2028
C 345
R
P 0000021833BF2028
P 000002183B46C8A8
C 259
R
P 0000021833BF2028
C 345
R
P 0000021833BF2028
P 000002183B46C8A8
C 9
R
P 0000021833BF2028
C 345
R
P 0000021833BF2028
S "x_0"
C 30
R
P 0000021833BF2028
C 345
R
P 0000021833BF2028
$ |x_0|
C 204
R
P 0000021833BF2028
C 345
R
P 0000021833BF2028
U 0
P 000002183B4724C8
C 193
= 000002183B472DE8
R
P 0000021833BF2028
C 345
R
P 0000021833BF2028
P 000002183B472DE8
C 259
R
P 0000021833BF2028
C 345
R
P 0000021833BF2028
P 000002183B472DE8
C 256
= 000002183B4724C8
R
P 0000021833BF2028
C 345
R
P 0000021833BF2028
P 000002183B4724C8
C 211
R
P 0000021833BF2028
C 345
R
P 0000021833BF2028
P 000002183B472DE8
C 262
R
P 0000021833BF2028
C 345
R
P 0000021833BF2028
P 000002183B472DE8
C 261
R
P 0000021833BF2028
C 345
R
P 0000021833BF2028
P 000002183B472DE8
C 260
R
P 0000021833BF2028
C 345
R
P 0000021833BF2028
P 000002183B472DE8
C 259
R
P 0000021833BF2028
C 345
R
P 0000021833BF2028
P 000002183B472DE8
C 9
R
P 0000021833BF2028
C 345
R
P 0000021833BF2028
S "x_1"
C 30
R
P 0000021833BF2028
C 345
R
P 0000021833BF2028
$ |x_1|
C 204
R
P 0000021833BF2028
C 345
R
P 0000021833BF2028
U 1
P 000002183B4724C8
C 193
= 000002183B472E08
R
P 0000021833BF2028
C 345
R
P 0000021833BF2028
P 000002183B472E08
C 259
R
P 0000021833BF2028
C 345
R
P 0000021833BF2028
P 000002183B472E08
C 256
= 000002183B4724C8
R
P 0000021833BF2028
C 345
R
P 0000021833BF2028
P 000002183B4724C8
C 211
R
P 0000021833BF2028
C 345
R
P 0000021833BF2028
P 000002183B472E08
C 262
R
P 0000021833BF2028
C 345
R
P 0000021833BF2028
P 000002183B472E08
C 261
R
P 0000021833BF2028
C 345
R
P 0000021833BF2028
P 000002183B472E08
C 260
R
P 0000021833BF2028
C 345
R
P 0000021833BF2028
P 000002183B472E08
C 259
R
P 0000021833BF2028
C 345
R
P 0000021833BF2028
P 000002183B472E08
C 9
R
P 0000021833BF2028
C 345
R
P 0000021833BF2028
P 000002183B47AA88
U 2
P 000002183B472DE8
P 000002183B472E08
p 2
C 50
= 000002183B46C8E0
R
P 0000021833BF2028
C 345
R
P 0000021833BF2028
P 000002183B46C8E0
C 259
R
P 0000021833BF2028
C 345
R
P 0000021833BF2028
P 000002183B46C8E0
C 256
= 000002183B4724C8
R
P 0000021833BF2028
C 345
R
P 0000021833BF2028
P 000002183B4724C8
C 211
R
P 0000021833BF2028
C 345
R
P 0000021833BF2028
P 000002183B46C8E0
C 262
R
P 0000021833BF2028
C 345
R
P 0000021833BF2028
P 000002183B46C8E0
C 261
R
P 0000021833BF2028
C 345
R
P 0000021833BF2028
P 000002183B46C8E0
C 260
R
P 0000021833BF2028
C 345
R
P 0000021833BF2028
P 000002183B46C8E0
C 9
R
P 0000021833BF2028
C 345
R
P 0000021833BF2028
P 000002183B46C8A8
U 1
P 000002183B46C8E0
p 1
C 50
= 000002183B476578
R
P 0000021833BF2028
C 345
R
P 0000021833BF2028
P 000002183B476578
C 259
R
P 0000021833BF2028
C 345
R
P 0000021833BF2028
P 000002183B476578
C 256
= 000002183B4724C8
R
P 0000021833BF2028
C 345
R
P 0000021833BF2028
P 000002183B4724C8
C 211
R
P 0000021833BF2028
C 345
R
P 0000021833BF2028
P 000002183B476578
C 262
R
P 0000021833BF2028
C 345
R
P 0000021833BF2028
P 000002183B476578
C 261
R
P 0000021833BF2028
C 345
R
P 0000021833BF2028
P 000002183B476578
C 260
R
P 0000021833BF2028
C 345
R
P 0000021833BF2028
P 000002183B476578
C 9
R
P 0000021833BF2028
C 345
R
P 0000021833BF2028
P 000002183B476578
P 000002183B472E08
C 58
= 000002183B46C918
R
P 0000021833BF2028
C 345
R
P 0000021833BF2028
P 000002183B46C918
C 260
R
P 0000021833BF2028
C 345
R
P 0000021833BF2028
P 000002183B46C918
C 9
R
P 0000021833BF2028
C 345
R
P 0000021833BF2028
U 1
P 000002183B46C8E0
p 1
C 192
= 000002183B4765A8
R
P 0000021833BF2028
C 345
R
P 0000021833BF2028
P 000002183B4765A8
C 9
R
P 0000021833BF2028
C 345
R
P 0000021833BF2028
I 1
U 1
N
N
U 1
P 000002183B4765A8
p 1
U 0
p 0
U 2
P 000002183B4724C8
P 000002183B4724C8
p 2
$ |x_0|
$ |x_1|
s 2
P 000002183B46C918
C 197
= 000002183B484498
R
P 0000021833BF2028
C 345
R
P 0000021833BF2028
P 000002183B484498
C 259
R
P 0000021833BF2028
C 345
R
P 0000021833BF2028
P 000002183B484498
C 260
R
P 0000021833BF2028
C 345
R
P 0000021833BF2028
P 000002183B484498
C 259
R
P 0000021833BF2028
C 345
R
P 0000021833BF2028
P 000002183B484498
C 259
R
P 0000021833BF2028
C 345
R
P 0000021833BF2028
P 000002183B484498
C 9
R
P 0000021833BF2028
C 345
R
P 0000021833BF2028
S "x"
C 30
R
P 0000021833BF2028
C 345
R
P 0000021833BF2028
$ |x|
C 204
R
P 0000021833BF2028
C 345
R
P 0000021833BF2028
$ |x|
P 000002183B4724C8
C 51
= 000002183B472E28
R
P 0000021833BF2028
C 345
R
P 0000021833BF2028
P 000002183B472E28
C 259
R
P 0000021833BF2028
C 345
R
P 0000021833BF2028
P 000002183B472E28
C 256
= 000002183B4724C8
R
P 0000021833BF2028
C 345
R
P 0000021833BF2028
P 000002183B4724C8
C 211
R
P 0000021833BF2028
C 345
R
P 0000021833BF2028
P 000002183B472E28
C 262
R
P 0000021833BF2028
C 345
R
P 0000021833BF2028
P 000002183B472E28
C 261
R
P 0000021833BF2028
C 345
R
P 0000021833BF2028
P 000002183B472E28
C 260
R
P 0000021833BF2028
C 345
R
P 0000021833BF2028
P 000002183B472E28
C 9
R
P 0000021833BF2028
C 345
R
P 0000021833BF2028
S "y"
C 30
R
P 0000021833BF2028
C 345
R
P 0000021833BF2028
$ |y|
C 204
R
P 0000021833BF2028
C 345
R
P 0000021833BF2028
$ |y|
P 000002183B4724C8
C 51
= 000002183B472E48
R
P 0000021833BF2028
C 345
R
P 0000021833BF2028
P 000002183B472E48
C 259
R
P 0000021833BF2028
C 345
R
P 0000021833BF2028
P 000002183B472E48
C 256
= 000002183B4724C8
R
P 0000021833BF2028
C 345
R
P 0000021833BF2028
P 000002183B4724C8
C 211
R
P 0000021833BF2028
C 345
R
P 0000021833BF2028
P 000002183B472E48
C 262
R
P 0000021833BF2028
C 345
R
P 0000021833BF2028
P 000002183B472E48
C 261
R
P 0000021833BF2028
C 345
R
P 0000021833BF2028
P 000002183B472E48
C 260
R
P 0000021833BF2028
C 345
R
P 0000021833BF2028
P 000002183B472E48
C 9
R
P 0000021833BF2028
C 345
R
P 0000021833BF2028
S "v"
C 30
R
P 0000021833BF2028
C 345
R
P 0000021833BF2028
$ |v|
C 204
R
P 0000021833BF2028
C 345
R
P 0000021833BF2028
$ |v|
P 000002183B4724C8
C 51
= 000002183B472E68
R
P 0000021833BF2028
C 345
R
P 0000021833BF2028
P 000002183B472E68
C 259
R
P 0000021833BF2028
C 345
R
P 0000021833BF2028
P 000002183B472E68
C 256
= 000002183B4724C8
R
P 0000021833BF2028
C 345
R
P 0000021833BF2028
P 000002183B4724C8
C 211
R
P 0000021833BF2028
C 345
R
P 0000021833BF2028
P 000002183B472E68
C 262
R
P 0000021833BF2028
C 345
R
P 0000021833BF2028
P 000002183B472E68
C 261
R
P 0000021833BF2028
C 345
R
P 0000021833BF2028
P 000002183B472E68
C 260
R
P 0000021833BF2028
C 345
R
P 0000021833BF2028
P 000002183B472E68
C 9
R
P 0000021833BF2028
C 345
R
P 0000021833BF2028
S "w"
C 30
R
P 0000021833BF2028
C 345
R
P 0000021833BF2028
$ |w|
C 204
R
P 0000021833BF2028
C 345
R
P 0000021833BF2028
$ |w|
P 000002183B4724C8
C 51
= 000002183B472E88
R
P 0000021833BF2028
C 345
R
P 0000021833BF2028
P 000002183B472E88
C 259
R
P 0000021833BF2028
C 345
R
P 0000021833BF2028
P 000002183B472E88
C 256
= 000002183B4724C8
R
P 0000021833BF2028
C 345
R
P 0000021833BF2028
P 000002183B4724C8
C 211
R
P 0000021833BF2028
C 345
R
P 0000021833BF2028
P 000002183B472E88
C 262
R
P 0000021833BF2028
C 345
R
P 0000021833BF2028
P 000002183B472E88
C 261
R
P 0000021833BF2028
C 345
R
P 0000021833BF2028
P 000002183B472E88
C 260
R
P 0000021833BF2028
C 345
R
P 0000021833BF2028
P 000002183B472E88
C 9
R
P 0000021833BF2028
C 345
R
P 0000021833BF2028
P 000002183B47AA88
U 2
P 000002183B472E28
P 000002183B472E48
p 2
C 50
= 000002183B46C988
R
P 0000021833BF2028
C 345
R
P 0000021833BF2028
P 000002183B46C988
C 259
R
P 0000021833BF2028
C 345
R
P 0000021833BF2028
P 000002183B46C988
C 256
= 000002183B4724C8
R
P 0000021833BF2028
C 345
R
P 0000021833BF2028
P 000002183B4724C8
C 211
R
P 0000021833BF2028
C 345
R
P 0000021833BF2028
P 000002183B46C988
C 262
R
P 0000021833BF2028
C 345
R
P 0000021833BF2028
P 000002183B46C988
C 261
R
P 0000021833BF2028
C 345
R
P 0000021833BF2028
P 000002183B46C988
C 260
R
P 0000021833BF2028
C 345
R
P 0000021833BF2028
P 000002183B46C988
C 9
R
P 0000021833BF2028
C 345
R
P 0000021833BF2028
P 000002183B47AA88
U 2
P 000002183B472E88
P 000002183B472E68
p 2
C 50
= 000002183B46C9C0
R
P 0000021833BF2028
C 345
R
P 0000021833BF2028
P 000002183B46C9C0
C 259
R
P 0000021833BF2028
C 345
R
P 0000021833BF2028
P 000002183B46C9C0
C 256
= 000002183B4724C8
R
P 0000021833BF2028
C 345
R
P 0000021833BF2028
P 000002183B4724C8
C 211
R
P 0000021833BF2028
C 345
R
P 0000021833BF2028
P 000002183B46C9C0
C 262
R
P 0000021833BF2028
C 345
R
P 0000021833BF2028
P 000002183B46C9C0
C 261
R
P 0000021833BF2028
C 345
R
P 0000021833BF2028
P 000002183B46C9C0
C 260
R
P 0000021833BF2028
C 345
R
P 0000021833BF2028
P 000002183B46C9C0
C 9
R
P 0000021833BF2028
C 345
R
P 0000021833BF2028
P 000002183B46C988
P 000002183B46C9C0
C 58
= 000002183B46C9F8
R
P 0000021833BF2028
C 345
R
P 0000021833BF2028
P 000002183B46C9F8
C 260
R
P 0000021833BF2028
C 345
R
P 0000021833BF2028
P 000002183B46C9F8
C 9
R
P 0000021833BF2028
C 345
R
P 0000021833BF2028
P 000002183B472E48
P 000002183B472E68
C 58
= 000002183B46CA30
R
P 0000021833BF2028
C 345
R
P 0000021833BF2028
P 000002183B46CA30
C 260
R
P 0000021833BF2028
C 345
R
P 0000021833BF2028
P 000002183B46CA30
C 9
R
P 0000021833BF2028
C 345
R
P 0000021833BF2028
P 000002183B46CA30
C 336
R
P 0000021833BF2028
C 345
R
P 0000021833BF2028
C 415
= 0000021839653628
R
P 0000021833BF2028
C 345
R
P 0000021833BF2028
P 0000021839653628
C 424
R
P 0000021833BF2028
C 345
R
P 0000021833BF2028
C 13
= 000002183B38D398
R
P 0000021833BF2028
C 345
R
P 0000021833BF2028
P 000002183B38D398
C 14
R
P 0000021833BF2028
C 345
R
P 0000021833BF2028
S "mbqi"
C 30
R
P 0000021833BF2028
C 345
R
P 0000021833BF2028
$ |mbqi|
C 204
R
P 0000021833BF2028
C 345
R
P 0000021833BF2028
P 000002183B38D398
$ |mbqi|
I 0
C 16
R
P 0000021833BF2028
C 345
R
P 0000021833BF2028
P 0000021839653628
P 000002183B38D398
C 423
R
P 0000021833BF2028
C 345
R
P 0000021833BF2028
P 0000021839653628
P 000002183B484498
C 430
R
P 0000021833BF2028
C 345
R
P 0000021833BF2028
P 0000021839653628
P 000002183B46C9F8
C 430
R
P 0000021833BF2028
C 345
R
P 0000021833BF2028
P 000002183B46CA30
C 60
= 000002183B476728
R
P 0000021833BF2028
C 345
R
P 0000021833BF2028
P 000002183B476728
C 260
R
P 0000021833BF2028
C 345
R
P 0000021833BF2028
P 000002183B476728
C 9
R
P 0000021833BF2028
C 345
R
P 0000021833BF2028
P 0000021839653628
P 000002183B476728
C 430
R
P 0000021833BF2028
C 345
R
P 0000021833BF2028
P 0000021839653628
C 437
R
P 0000021833BF2028
C 345
R
P 0000021833BF2028
P 0000021839653628
C 443
= 000002183B47AE48
R
P 0000021833BF2028
C 345
R
P 0000021833BF2028
P 000002183B47AE48
C 259
R
P 0000021833BF2028
C 345
R
P 0000021833BF2028
P 000002183B47AE48
C 256
= 000002183B472428
R
P 0000021833BF2028
C 345
R
P 0000021833BF2028
P 000002183B472428
C 211
R
P 0000021833BF2028
C 345
R
P 0000021833BF2028
P 000002183B47AE48
C 262
R
P 0000021833BF2028
C 345
R
P 0000021833BF2028
P 000002183B47AE48
C 261
R
P 0000021833BF2028
C 345
R
P 0000021833BF2028
P 000002183B47AE48
C 260
R
P 0000021833BF2028
C 345
R
P 0000021833BF2028
P 000002183B47AE48
C 9
R
P 0000021833BF2028
C 345
R
P 0000021833BF2028
P 000002183B47AE48
C 336
R
P 0000021833BF2028
C 345
R
P 0000021833BF2028
P 000002183B472E28
P 000002183B472E88
C 58
= 000002183B46CC28
R
P 0000021833BF2028
C 345
R
P 0000021833BF2028
P 000002183B46CC28
C 260
R
P 0000021833BF2028
C 345
R
P 0000021833BF2028
P 000002183B46CC28
C 9
R
P 0000021833BF2028
C 345
R
P 0000021833BF2028
P 000002183B46CC28
C 336
R
P 0000021833BF2028
C 345
R
P 0000021833BF2028
C 415
= 000002183B5CE948
R
P 0000021833BF2028
C 345
R
P 0000021833BF2028
P 000002183B5CE948
C 424
R
P 0000021833BF2028
C 345
R
P 0000021833BF2028
C 13
= 000002183B6B1508
R
P 0000021833BF2028
C 345
R
P 0000021833BF2028
P 000002183B6B1508
C 14
R
P 0000021833BF2028
C 345
R
P 0000021833BF2028
S "mbqi"
C 30
R
P 0000021833BF2028
C 345
R
P 0000021833BF2028
$ |mbqi|
C 204
R
P 0000021833BF2028
C 345
R
P 0000021833BF2028
P 000002183B6B1508
$ |mbqi|
I 0
C 16
R
P 0000021833BF2028
C 345
R
P 0000021833BF2028
P 000002183B5CE948
P 000002183B6B1508
C 423
R
P 0000021833BF2028
C 345
R
P 0000021833BF2028
P 000002183B5CE948
P 000002183B484498
C 430
R
P 0000021833BF2028
C 345
R
P 0000021833BF2028
P 000002183B5CE948
P 000002183B46C9F8
C 430
R
P 0000021833BF2028
C 345
R
P 0000021833BF2028
P 000002183B46CC28
C 60
= 000002183B476968
R
P 0000021833BF2028
C 345
R
P 0000021833BF2028
P 000002183B476968
C 260
R
P 0000021833BF2028
C 345
R
P 0000021833BF2028
P 000002183B476968
C 9
R
P 0000021833BF2028
C 345
R
P 0000021833BF2028
P 000002183B5CE948
P 000002183B476968
C 430
R
P 0000021833BF2028
C 345
R
P 0000021833BF2028
P 000002183B5CE948
C 437
R
P 0000021833BF2028
C 345
R
P 0000021833BF2028
P 000002183B5CE948
C 445
R
P 0000021833BF2028
C 345
M "QuantifierExample4"
R
P 0000021833BF2028
S "f"
C 30
R
P 0000021833BF2028
C 345
R
P 0000021833BF2028
$ |f|
C 204
R
P 0000021833BF2028
C 345
R
P 0000021833BF2028
$ |f|
U 2
P 000002183B4724C8
P 000002183B4724C8
p 2
P 000002183B4724C8
C 49
= 000002183B47AA88
R
P 0000021833BF2028
C 345
R
P 0000021833BF2028
P 000002183B47AA88
C 259
R
P 0000021833BF2028
C 345
R
P 0000021833BF2028
P 000002183B47AA88
C 9
R
P 0000021833BF2028
C 345
R
P 0000021833BF2028
P 000002183B47AA88
C 236
R
P 0000021833BF2028
C 345
R
P 0000021833BF2028
P 000002183B47AA88
U 0
C 238
= 000002183B4724C8
R
P 0000021833BF2028
C 345
R
P 0000021833BF2028
P 000002183B4724C8
C 211
R
P 0000021833BF2028
C 345
R
P 0000021833BF2028
P 000002183B4724C8
C 259
R
P 0000021833BF2028
C 345
R
P 0000021833BF2028
P 000002183B4724C8
C 9
R
P 0000021833BF2028
C 345
R
P 0000021833BF2028
P 000002183B47AA88
U 1
C 238
= 000002183B4724C8
R
P 0000021833BF2028
C 345
R
P 0000021833BF2028
P 000002183B4724C8
C 211
R
P 0000021833BF2028
C 345
R
P 0000021833BF2028
P 000002183B4724C8
C 259
R
P 0000021833BF2028
C 345
R
P 0000021833BF2028
P 000002183B4724C8
C 9
R
P 0000021833BF2028
C 345
R
P 0000021833BF2028
P 000002183B47AA88
C 236
R
P 0000021833BF2028
C 345
R
P 0000021833BF2028
P 000002183B47AA88
C 239
= 000002183B4724C8
R
P 0000021833BF2028
C 345
R
P 0000021833BF2028
P 000002183B4724C8
C 211
R
P 0000021833BF2028
C 345
R
P 0000021833BF2028
P 000002183B4724C8
C 259
R
P 0000021833BF2028
C 345
R
P 0000021833BF2028
P 000002183B4724C8
C 9
R
P 0000021833BF2028
C 345
R
P 0000021833BF2028
S "f_fresh"
C 30
R
P 0000021833BF2028
C 345
R
P 0000021833BF2028
$ |f_fresh|
C 204
R
P 0000021833BF2028
C 345
R
P 0000021833BF2028
$ |f_fresh|
U 1
P 000002183B4724C8
p 1
P 000002183B4724C8
C 49
= 000002183B46C8A8
R
P 0000021833BF2028
C 345
R
P 0000021833BF2028
P 000002183B46C8A8
C 259
R
P 0000021833BF2028
C 345
R
P 0000021833BF2028
P 000002183B46C8A8
C 9
R
P 0000021833BF2028
C 345
R
P 0000021833BF2028
S "x_0"
C 30
R
P 0000021833BF2028
C 345
R
P 0000021833BF2028
$ |x_0|
C 204
R
P 0000021833BF2028
C 345
R
P 0000021833BF2028
$ |x_0|
P 000002183B4724C8
C 51
= 000002183B4730C8
R
P 0000021833BF2028
C 345
R
P 0000021833BF2028
P 000002183B4730C8
C 259
R
P 0000021833BF2028
C 345
R
P 0000021833BF2028
P 000002183B4730C8
C 256
= 000002183B4724C8
R
P 0000021833BF2028
C 345
R
P 0000021833BF2028
P 000002183B4724C8
C 211
R
P 0000021833BF2028
C 345
R
P 0000021833BF2028
P 000002183B4730C8
C 262
R
P 0000021833BF2028
C 345
R
P 0000021833BF2028
P 000002183B4730C8
C 261
R
P 0000021833BF2028
C 345
R
P 0000021833BF2028
P 000002183B4730C8
C 260
R
P 0000021833BF2028
C 345
R
P 0000021833BF2028
P 000002183B4730C8
C 9
R
P 0000021833BF2028
C 345
R
P 0000021833BF2028
S "x_1"
C 30
R
P 0000021833BF2028
C 345
R
P 0000021833BF2028
$ |x_1|
C 204
R
P 0000021833BF2028
C 345
R
P 0000021833BF2028
$ |x_1|
P 000002183B4724C8
C 51
= 000002183B4730E8
R
P 0000021833BF2028
C 345
R
P 0000021833BF2028
P 000002183B4730E8
C 259
R
P 0000021833BF2028
C 345
R
P 0000021833BF2028
P 000002183B4730E8
C 256
= 000002183B4724C8
R
P 0000021833BF2028
C 345
R
P 0000021833BF2028
P 000002183B4724C8
C 211
R
P 0000021833BF2028
C 345
R
P 0000021833BF2028
P 000002183B4730E8
C 262
R
P 0000021833BF2028
C 345
R
P 0000021833BF2028
P 000002183B4730E8
C 261
R
P 0000021833BF2028
C 345
R
P 0000021833BF2028
P 000002183B4730E8
C 260
R
P 0000021833BF2028
C 345
R
P 0000021833BF2028
P 000002183B4730E8
C 9
R
P 0000021833BF2028
C 345
R
P 0000021833BF2028
P 000002183B47AA88
U 2
P 000002183B4730C8
P 000002183B4730E8
p 2
C 50
= 000002183B46CC98
R
P 0000021833BF2028
C 345
R
P 0000021833BF2028
P 000002183B46CC98
C 259
R
P 0000021833BF2028
C 345
R
P 0000021833BF2028
P 000002183B46CC98
C 256
= 000002183B4724C8
R
P 0000021833BF2028
C 345
R
P 0000021833BF2028
P 000002183B4724C8
C 211
R
P 0000021833BF2028
C 345
R
P 0000021833BF2028
P 000002183B46CC98
C 262
R
P 0000021833BF2028
C 345
R
P 0000021833BF2028
P 000002183B46CC98
C 261
R
P 0000021833BF2028
C 345
R
P 0000021833BF2028
P 000002183B46CC98
C 260
R
P 0000021833BF2028
C 345
R
P 0000021833BF2028
P 000002183B46CC98
C 9
R
P 0000021833BF2028
C 345
R
P 0000021833BF2028
P 000002183B46C8A8
U 1
P 000002183B46CC98
p 1
C 50
= 000002183B476AB8
R
P 0000021833BF2028
C 345
R
P 0000021833BF2028
P 000002183B476AB8
C 259
R
P 0000021833BF2028
C 345
R
P 0000021833BF2028
P 000002183B476AB8
C 256
= 000002183B4724C8
R
P 0000021833BF2028
C 345
R
P 0000021833BF2028
P 000002183B4724C8
C 211
R
P 0000021833BF2028
C 345
R
P 0000021833BF2028
P 000002183B476AB8
C 262
R
P 0000021833BF2028
C 345
R
P 0000021833BF2028
P 000002183B476AB8
C 261
R
P 0000021833BF2028
C 345
R
P 0000021833BF2028
P 000002183B476AB8
C 260
R
P 0000021833BF2028
C 345
R
P 0000021833BF2028
P 000002183B476AB8
C 9
R
P 0000021833BF2028
C 345
R
P 0000021833BF2028
P 000002183B476AB8
P 000002183B4730E8
C 58
= 000002183B46CD40
R
P 0000021833BF2028
C 345
R
P 0000021833BF2028
P 000002183B46CD40
C 260
R
P 0000021833BF2028
C 345
R
P 0000021833BF2028
P 000002183B46CD40
C 9
R
P 0000021833BF2028
C 345
R
P 0000021833BF2028
U 1
P 000002183B46CC98
p 1
C 192
= 000002183B476AE8
R
P 0000021833BF2028
C 345
R
P 0000021833BF2028
P 000002183B476AE8
C 9
R
P 0000021833BF2028
C 345
R
P 0000021833BF2028
I 1
U 1
N
N
U 2
P 000002183B4730C8
P 000002183B4730E8
p 2
U 1
P 000002183B476AE8
p 1
U 0
p 0
P 000002183B46CD40
C 201
= 000002183B484510
R
P 0000021833BF2028
C 345
R
P 0000021833BF2028
P 000002183B484510
C 259
R
P 0000021833BF2028
C 345
R
P 0000021833BF2028
P 000002183B484510
C 260
R
P 0000021833BF2028
C 345
R
P 0000021833BF2028
P 000002183B484510
C 259
R
P 0000021833BF2028
C 345
R
P 0000021833BF2028
P 000002183B484510
C 259
R
P 0000021833BF2028
C 345
R
P 0000021833BF2028
P 000002183B484510
C 9
R
P 0000021833BF2028
C 345
R
P 0000021833BF2028
S "x"
C 30
R
P 0000021833BF2028
C 345
R
P 0000021833BF2028
$ |x|
C 204
R
P 0000021833BF2028
C 345
R
P 0000021833BF2028
$ |x|
P 000002183B4724C8
C 51
= 000002183B472E28
R
P 0000021833BF2028
C 345
R
P 0000021833BF2028
P 000002183B472E28
C 259
R
P 0000021833BF2028
C 345
R
P 0000021833BF2028
P 000002183B472E28
C 256
= 000002183B4724C8
R
P 0000021833BF2028
C 345
R
P 0000021833BF2028
P 000002183B4724C8
C 211
R
P 0000021833BF2028
C 345
R
P 0000021833BF2028
P 000002183B472E28
C 262
R
P 0000021833BF2028
C 345
R
P 0000021833BF2028
P 000002183B472E28
C 261
R
P 0000021833BF2028
C 345
R
P 0000021833BF2028
P 000002183B472E28
C 260
R
P 0000021833BF2028
C 345
R
P 0000021833BF2028
P 000002183B472E28
C 9
R
P 0000021833BF2028
C 345
R
P 0000021833BF2028
S "y"
C 30
R
P 0000021833BF2028
C 345
R
P 0000021833BF2028
$ |y|
C 204
R
P 0000021833BF2028
C 345
R
P 0000021833BF2028
$ |y|
P 000002183B4724C8
C 51
= 000002183B472E48
R
P 0000021833BF2028
C 345
R
P 0000021833BF2028
P 000002183B472E48
C 259
R
P 0000021833BF2028
C 345
R
P 0000021833BF2028
P 000002183B472E48
C 256
= 000002183B4724C8
R
P 0000021833BF2028
C 345
R
P 0000021833BF2028
P 000002183B4724C8
C 211
R
P 0000021833BF2028
C 345
R
P 0000021833BF2028
P 000002183B472E48
C 262
R
P 0000021833BF2028
C 345
R
P 0000021833BF2028
P 000002183B472E48
C 261
R
P 0000021833BF2028
C 345
R
P 0000021833BF2028
P 000002183B472E48
C 260
R
P 0000021833BF2028
C 345
R
P 0000021833BF2028
P 000002183B472E48
C 9
R
P 0000021833BF2028
C 345
R
P 0000021833BF2028
S "v"
C 30
R
P 0000021833BF2028
C 345
R
P 0000021833BF2028
$ |v|
C 204
R
P 0000021833BF2028
C 345
R
P 0000021833BF2028
$ |v|
P 000002183B4724C8
C 51
= 000002183B472E68
R
P 0000021833BF2028
C 345
R
P 0000021833BF2028
P 000002183B472E68
C 259
R
P 0000021833BF2028
C 345
R
P 0000021833BF2028
P 000002183B472E68
C 256
= 000002183B4724C8
R
P 0000021833BF2028
C 345
R
P 0000021833BF2028
P 000002183B4724C8
C 211
R
P 0000021833BF2028
C 345
R
P 0000021833BF2028
P 000002183B472E68
C 262
R
P 0000021833BF2028
C 345
R
P 0000021833BF2028
P 000002183B472E68
C 261
R
P 0000021833BF2028
C 345
R
P 0000021833BF2028
P 000002183B472E68
C 260
R
P 0000021833BF2028
C 345
R
P 0000021833BF2028
P 000002183B472E68
C 9
R
P 0000021833BF2028
C 345
R
P 0000021833BF2028
S "w"
C 30
R
P 0000021833BF2028
C 345
R
P 0000021833BF2028
$ |w|
C 204
R
P 0000021833BF2028
C 345
R
P 0000021833BF2028
$ |w|
P 000002183B4724C8
C 51
= 000002183B472E88
R
P 0000021833BF2028
C 345
R
P 0000021833BF2028
P 000002183B472E88
C 259
R
P 0000021833BF2028
C 345
R
P 0000021833BF2028
P 000002183B472E88
C 256
= 000002183B4724C8
R
P 0000021833BF2028
C 345
R
P 0000021833BF2028
P 000002183B4724C8
C 211
R
P 0000021833BF2028
C 345
R
P 0000021833BF2028
P 000002183B472E88
C 262
R
P 0000021833BF2028
C 345
R
P 0000021833BF2028
P 000002183B472E88
C 261
R
P 0000021833BF2028
C 345
R
P 0000021833BF2028
P 000002183B472E88
C 260
R
P 0000021833BF2028
C 345
R
P 0000021833BF2028
P 000002183B472E88
C 9
R
P 0000021833BF2028
C 345
R
P 0000021833BF2028
P 000002183B47AA88
U 2
P 000002183B472E28
P 000002183B472E48
p 2
C 50
= 000002183B46C988
R
P 0000021833BF2028
C 345
R
P 0000021833BF2028
P 000002183B46C988
C 259
R
P 0000021833BF2028
C 345
R
P 0000021833BF2028
P 000002183B46C988
C 256
= 000002183B4724C8
R
P 0000021833BF2028
C 345
R
P 0000021833BF2028
P 000002183B4724C8
C 211
R
P 0000021833BF2028
C 345
R
P 0000021833BF2028
P 000002183B46C988
C 262
R
P 0000021833BF2028
C 345
R
P 0000021833BF2028
P 000002183B46C988
C 261
R
P 0000021833BF2028
C 345
R
P 0000021833BF2028
P 000002183B46C988
C 260
R
P 0000021833BF2028
C 345
R
P 0000021833BF2028
P 000002183B46C988
C 9
R
P 0000021833BF2028
C 345
R
P 0000021833BF2028
P 000002183B47AA88
U 2
P 000002183B472E88
P 000002183B472E68
p 2
C 50
= 000002183B46C9C0
R
P 0000021833BF2028
C 345
R
P 0000021833BF2028
P 000002183B46C9C0
C 259
R
P 0000021833BF2028
C 345
R
P 0000021833BF2028
P 000002183B46C9C0
C 256
= 000002183B4724C8
R
P 0000021833BF2028
C 345
R
P 0000021833BF2028
P 000002183B4724C8
C 211
R
P 0000021833BF2028
C 345
R
P 0000021833BF2028
P 000002183B46C9C0
C 262
R
P 0000021833BF2028
C 345
R
P 0000021833BF2028
P 000002183B46C9C0
C 261
R
P 0000021833BF2028
C 345
R
P 0000021833BF2028
P 000002183B46C9C0
C 260
R
P 0000021833BF2028
C 345
R
P 0000021833BF2028
P 000002183B46C9C0
C 9
R
P 0000021833BF2028
C 345
R
P 0000021833BF2028
P 000002183B46C988
P 000002183B46C9C0
C 58
= 000002183B46C9F8
R
P 0000021833BF2028
C 345
R
P 0000021833BF2028
P 000002183B46C9F8
C 260
R
P 0000021833BF2028
C 345
R
P 0000021833BF2028
P 000002183B46C9F8
C 9
R
P 0000021833BF2028
C 345
R
P 0000021833BF2028
P 000002183B472E48
P 000002183B472E68
C 58
= 000002183B46CA30
R
P 0000021833BF2028
C 345
R
P 0000021833BF2028
P 000002183B46CA30
C 260
R
P 0000021833BF2028
C 345
R
P 0000021833BF2028
P 000002183B46CA30
C 9
R
P 0000021833BF2028
C 345
R
P 0000021833BF2028
P 000002183B46CA30
C 336
R
P 0000021833BF2028
C 345
R
P 0000021833BF2028
C 415
= 000002183B5D0BF8
R
P 0000021833BF2028
C 345
R
P 0000021833BF2028
P 000002183B5D0BF8
C 424
R
P 0000021833BF2028
C 345
R
P 0000021833BF2028
C 13
= 000002183B8F5DA8
R
P 0000021833BF2028
C 345
R
P 0000021833BF2028
P 000002183B8F5DA8
C 14
R
P 0000021833BF2028
C 345
R
P 0000021833BF2028
S "mbqi"
C 30
R
P 0000021833BF2028
C 345
R
P 0000021833BF2028
$ |mbqi|
C 204
R
P 0000021833BF2028
C 345
R
P 0000021833BF2028
P 000002183B8F5DA8
$ |mbqi|
I 0
C 16
R
P 0000021833BF2028
C 345
R
P 0000021833BF2028
P 000002183B5D0BF8
P 000002183B8F5DA8
C 423
R
P 0000021833BF2028
C 345
R
P 0000021833BF2028
P 000002183B5D0BF8
P 000002183B484510
C 430
R
P 0000021833BF2028
C 345
R
P 0000021833BF2028
P 000002183B5D0BF8
P 000002183B46C9F8
C 430
R
P 0000021833BF2028
C 345
R
P 0000021833BF2028
P 000002183B46CA30
C 60
= 000002183B476728
R
P 0000021833BF2028
C 345
R
P 0000021833BF2028
P 000002183B476728
C 260
R
P 0000021833BF2028
C 345
R
P 0000021833BF2028
P 000002183B476728
C 9
R
P 0000021833BF2028
C 345
R
P 0000021833BF2028
P 000002183B5D0BF8
P 000002183B476728
C 430
R
P 0000021833BF2028
C 345
R
P 0000021833BF2028
P 000002183B5D0BF8
C 437
R
P 0000021833BF2028
C 345
R
P 0000021833BF2028
P 000002183B5D0BF8
C 443
= 000002183B47B008
R
P 0000021833BF2028
C 345
R
P 0000021833BF2028
P 000002183B47B008
C 259
R
P 0000021833BF2028
C 345
R
P 0000021833BF2028
P 000002183B47B008
C 256
= 000002183B472428
R
P 0000021833BF2028
C 345
R
P 0000021833BF2028
P 000002183B472428
C 211
R
P 0000021833BF2028
C 345
R
P 0000021833BF2028
P 000002183B47B008
C 262
R
P 0000021833BF2028
C 345
R
P 0000021833BF2028
P 000002183B47B008
C 261
R
P 0000021833BF2028
C 345
R
P 0000021833BF2028
P 000002183B47B008
C 260
R
P 0000021833BF2028
C 345
R
P 0000021833BF2028
P 000002183B47B008
C 9
R
P 0000021833BF2028
C 345
R
P 0000021833BF2028
P 000002183B47B008
C 336
R
P 0000021833BF2028
C 345
R
P 0000021833BF2028
P 000002183B472E28
P 000002183B472E88
C 58
= 000002183B46CC28
R
P 0000021833BF2028
C 345
R
P 0000021833BF2028
P 000002183B46CC28
C 260
R
P 0000021833BF2028
C 345
R
P 0000021833BF2028
P 000002183B46CC28
C 9
R
P 0000021833BF2028
C 345
R
P 0000021833BF2028
P 000002183B46CC28
C 336
R
P 0000021833BF2028
C 345
R
P 0000021833BF2028
C 415
= 000002183B5D6288
R
P 0000021833BF2028
C 345
R
P 0000021833BF2028
P 000002183B5D6288
C 424
R
P 0000021833BF2028
C 345
R
P 0000021833BF2028
C 13
= 000002183B12FB38
R
P 0000021833BF2028
C 345
R
P 0000021833BF2028
P 000002183B12FB38
C 14
R
P 0000021833BF2028
C 345
R
P 0000021833BF2028
S "mbqi"
C 30
R
P 0000021833BF2028
C 345
R
P 0000021833BF2028
$ |mbqi|
C 204
R
P 0000021833BF2028
C 345
R
P 0000021833BF2028
P 000002183B12FB38
$ |mbqi|
I 0
C 16
R
P 0000021833BF2028
C 345
R
P 0000021833BF2028
P 000002183B5D6288
P 000002183B12FB38
C 423
R
P 0000021833BF2028
C 345
R
P 0000021833BF2028
P 000002183B5D6288
P 000002183B484510
C 430
R
P 0000021833BF2028
C 345
R
P 0000021833BF2028
P 000002183B5D6288
P 000002183B46C9F8
C 430
R
P 0000021833BF2028
C 345
R
P 0000021833BF2028
P 000002183B46CC28
C 60
= 000002183B476968
R
P 0000021833BF2028
C 345
R
P 0000021833BF2028
P 000002183B476968
C 260
R
P 0000021833BF2028
C 345
R
P 0000021833BF2028
P 000002183B476968
C 9
R
P 0000021833BF2028
C 345
R
P 0000021833BF2028
P 000002183B5D6288
P 000002183B476968
C 430
R
P 0000021833BF2028
C 345
R
P 0000021833BF2028
P 000002183B5D6288
C 437
R
P 0000021833BF2028
C 345
R
P 0000021833BF2028
P 000002183B5D6288
C 445
R
P 0000021833BF2028
C 345
R
P 0000000000000000
C 7
= 00000218390CA038
R
P 00000218390CA038
U 2
C 335
R
P 00000218390CA038
C 345
R
P 0000000000000000
C 7
= 0000021839CA42F8
R
P 0000021839CA42F8
U 2
C 335
R
P 0000021839CA42F8
C 345
R
P 00000218390CA038
C 33
= 000002183BDA28A8
R
P 00000218390CA038
C 345
R
P 00000218390CA038
P 000002183BDA28A8
C 259
R
P 00000218390CA038
C 345
R
P 00000218390CA038
P 000002183BDA28A8
C 9
R
P 00000218390CA038
C 345
R
P 0000021839CA42F8
C 33
= 000002183C096718
R
P 0000021839CA42F8
C 345
R
P 0000021839CA42F8
P 000002183C096718
C 259
R
P 0000021839CA42F8
C 345
R
P 0000021839CA42F8
P 000002183C096718
C 9
R
P 0000021839CA42F8
C 345
R
P 00000218390CA038
P 000002183BDA28A8
P 0000021839CA42F8
C 301
= 000002183C096718
R
P 00000218390CA038
C 345
R
P 0000021839CA42F8
P 000002183C096718
C 259
R
P 0000021839CA42F8
C 345
R
P 0000021839CA42F8
P 000002183C096718
C 211
R
P 0000021839CA42F8
C 345
R
P 0000021839CA42F8
P 000002183C096718
C 259
R
P 0000021839CA42F8
C 345
R
P 0000021839CA42F8
P 000002183C096718
C 9
R
P 0000021839CA42F8
C 345
R
P 0000021839CA42F8
C 345
R
P 00000218390CA038
S "e1"
C 30
R
P 00000218390CA038
C 345
R
P 00000218390CA038
$ |e1|
C 204
R
P 00000218390CA038
C 345
R
P 00000218390CA038
$ |e1|
P 000002183BDA28A8
C 51
= 000002183BDA31C8
R
P 00000218390CA038
C 345
R
P 00000218390CA038
P 000002183BDA31C8
C 259
R
P 00000218390CA038
C 345
R
P 00000218390CA038
P 000002183BDA31C8
C 256
= 000002183BDA28A8
R
P 00000218390CA038
C 345
R
P 00000218390CA038
P 000002183BDA28A8
C 211
R
P 00000218390CA038
C 345
R
P 00000218390CA038
P 000002183BDA31C8
C 262
R
P 00000218390CA038
C 345
R
P 00000218390CA038
P 000002183BDA31C8
C 261
R
P 00000218390CA038
C 345
R
P 00000218390CA038
P 000002183BDA31C8
C 260
R
P 00000218390CA038
C 345
R
P 00000218390CA038
P 000002183BDA31C8
C 9
R
P 00000218390CA038
C 345
R
P 0000021839CA42F8
S "e1"
C 30
R
P 0000021839CA42F8
C 345
R
P 0000021839CA42F8
$ |e1|
C 204
R
P 0000021839CA42F8
C 345
R
P 0000021839CA42F8
$ |e1|
P 000002183C096718
C 51
= 000002183C097038
R
P 0000021839CA42F8
C 345
R
P 0000021839CA42F8
P 000002183C097038
C 259
R
P 0000021839CA42F8
C 345
R
P 0000021839CA42F8
P 000002183C097038
C 256
= 000002183C096718
R
P 0000021839CA42F8
C 345
R
P 0000021839CA42F8
P 000002183C096718
C 211
R
P 0000021839CA42F8
C 345
R
P 0000021839CA42F8
P 000002183C097038
C 262
R
P 0000021839CA42F8
C 345
R
P 0000021839CA42F8
P 000002183C097038
C 261
R
P 0000021839CA42F8
C 345
R
P 0000021839CA42F8
P 000002183C097038
C 260
R
P 0000021839CA42F8
C 345
R
P 0000021839CA42F8
P 000002183C097038
C 9
R
P 0000021839CA42F8
C 345
R
P 00000218390CA038
P 000002183BDA31C8
P 0000021839CA42F8
C 301
= 000002183C097038
R
P 00000218390CA038
C 345
R
P 0000021839CA42F8
P 000002183C097038
C 259
R
P 0000021839CA42F8
C 345
R
P 0000021839CA42F8
P 000002183C097038
C 259
R
P 0000021839CA42F8
C 345
R
P 0000021839CA42F8
P 000002183C097038
C 256
= 000002183C096718
R
P 0000021839CA42F8
C 345
R
P 0000021839CA42F8
P 000002183C096718
C 211
R
P 0000021839CA42F8
C 345
R
P 0000021839CA42F8
P 000002183C097038
C 262
R
P 0000021839CA42F8
C 345
R
P 0000021839CA42F8
P 000002183C097038
C 261
R
P 0000021839CA42F8
C 345
R
P 0000021839CA42F8
P 000002183C097038
C 260
R
P 0000021839CA42F8
C 345
R
P 0000021839CA42F8
P 000002183C097038
C 9
R
P 0000021839CA42F8
C 345
R
P 0000021839CA42F8
C 345
